Lab Assignments/Lab-tidyr-Avocados/avocado.csv
"X1","Date","AveragePrice","Total Volume","4046","4225","4770","Total Bags","Small Bags","Large Bags","XLarge Bags","type","year","region"
5,2015-11-22,0.98,215985.17,87241.86,91574.86,3926.84,33241.61,31653.96,1587.65,0,"conventional",2015,"LasVegas"
4,2017-12-03,1.01,315521,66925,127968,4488,116140,47447,68396,297,"conventional",2017,"LasVegas"
37,2016-04-10,0.87,354098.37,151862.79,91833.73,6305.12,104096.73,48046.6,56050.13,0,"conventional",2016,"LasVegas"
24,2016-07-10,1,357786.69,153905.64,69545.22,7716.52,126619.31,78101.14,47342.89,1175.28,"conventional",2016,"LasVegas"
31,2017-05-28,1.06,364486.68,130568.12,50153.97,10114.51,173650.08,62414,111236.08,0,"conventional",2017,"LasVegas"
29,2015-06-07,1.02,335693.08,146782.32,112611.12,5234.25,71065.39,47209.35,23856.04,0,"conventional",2015,"LasVegas"
36,2016-04-17,0.81,379464.47,143900.7,110596.26,6531.44,118436.07,44934.52,73501.55,0,"conventional",2016,"LasVegas"
9,2018-01-21,1.05,364155.28,78984.26,100813.61,6256.28,178101.13,69513.95,108140.51,446.67,"conventional",2018,"LasVegas"
14,2015-09-20,0.97,284247.2,70945.65,163822.19,5225.21,44254.15,35941.12,8313.03,0,"conventional",2015,"LasVegas"
19,2017-08-20,1.26,261684.23,109201.66,44715.5,7342.47,100424.6,34087.48,65960.46,376.66,"conventional",2017,"LasVegas"
8,2016-10-30,1.16,223089.05,79018.69,31778.97,7157.69,105133.7,42630.66,62503.04,0,"conventional",2016,"LasVegas"
5,2018-02-18,1.13,325042.62,60956.79,107433.65,6230.52,150421.66,74636.88,75331.45,453.33,"conventional",2018,"LasVegas"
39,2017-04-02,1.04,329722.62,118797.68,41149.92,11317.61,158457.41,63726.92,94730.49,0,"conventional",2017,"LasVegas"
32,2016-05-15,0.86,317621.52,131370.13,107124.85,1468.26,77658.28,41031.25,36627.03,0,"conventional",2016,"LasVegas"
51,2017-01-08,0.81,411218.71,112947.03,77763.79,7983.56,212524.33,71141.24,141383.09,0,"conventional",2017,"LasVegas"
10,2017-10-22,1.37,204094.51,61741.1,74165.15,682.14,67506.12,46482.24,21023.88,0,"conventional",2017,"LasVegas"
2,2016-12-11,0.83,339328.92,83682.89,55352.63,6832.2,193461.2,68316.82,125144.38,0,"conventional",2016,"LasVegas"
35,2015-04-26,0.88,334718.74,133307.7,132942.52,5032.11,63436.41,39250.19,24170.94,15.28,"conventional",2015,"LasVegas"
25,2016-07-03,1,362136.8,135214.32,82726.73,9480.92,134714.83,88177.14,46537.69,0,"conventional",2016,"LasVegas"
32,2015-05-17,0.95,279843.22,144311.49,84178.93,3609.37,47743.43,34337.21,13406.22,0,"conventional",2015,"LasVegas"
13,2015-09-27,0.97,272925.76,63209.79,170341.44,4057.49,35317.04,31037.22,4279.82,0,"conventional",2015,"LasVegas"
14,2017-09-24,1.61,192284.92,59560,62383.75,66.23,70274.94,42658.17,27616.77,0,"conventional",2017,"LasVegas"
16,2017-09-10,1.49,215393.25,116267.62,26602.41,5997.25,66525.97,43187.87,23218.1,120,"conventional",2017,"LasVegas"
46,2017-02-12,0.72,406866.03,128160.12,59930.14,8137.14,210638.63,53528.96,157109.67,0,"conventional",2017,"LasVegas"
27,2017-06-25,1.03,362489.51,130867.46,49034.77,6653.42,175933.86,53411.08,122522.78,0,"conventional",2017,"LasVegas"
42,2017-03-12,0.99,315445.03,114790.55,38280.91,8807.29,153566.28,72719.62,80846.66,0,"conventional",2017,"LasVegas"
10,2016-10-16,1.08,315743.92,88625.1,51473.72,5356.91,170288.19,74347.08,95941.11,0,"conventional",2016,"LasVegas"
0,2017-12-31,1.04,291922.57,57663.71,111439.26,6018.29,116801.31,49190.85,67480.46,130,"conventional",2017,"LasVegas"
38,2015-04-05,0.81,360356.29,226614.58,76597.83,6194.31,50949.57,38773.41,12176.16,0,"conventional",2015,"LasVegas"
11,2017-10-15,1.45,202735.87,57479.41,76990.78,60.64,68205.04,44183.98,24021.06,0,"conventional",2017,"LasVegas"
33,2016-05-08,0.83,427575.05,170359.46,144990.1,8687.46,103538.03,46595.95,56942.08,0,"conventional",2016,"LasVegas"
12,2016-10-02,1.22,246512.99,93430.04,45096.89,5876.68,102109.38,58716.07,43393.31,0,"conventional",2016,"LasVegas"
7,2017-11-12,1.56,19100.44,204.09,163.45,6.77,18726.13,18711.27,14.86,0,"organic",2017,"HarrisburgScranton"
4,2018-02-25,1.42,18414.33,330.05,369.57,5.01,17709.7,17706.37,3.33,0,"organic",2018,"HarrisburgScranton"
8,2015-11-01,2.02,971.81,148.85,142.9,20.91,659.15,427.6,231.55,0,"organic",2015,"HarrisburgScranton"
20,2016-08-07,1.72,6079.97,250.68,286.28,16.12,5526.89,5514.53,12.36,0,"organic",2016,"HarrisburgScranton"
48,2017-01-29,1.72,9254.53,364.78,195.77,10.16,8683.82,8622.95,60.87,0,"organic",2017,"HarrisburgScranton"
17,2016-08-28,1.69,3284.45,214.69,298.76,18.72,2752.28,2752.28,0,0,"organic",2016,"HarrisburgScranton"
29,2017-06-11,2.27,12229,395.39,228.26,1254.41,10350.94,10298.77,52.17,0,"organic",2017,"HarrisburgScranton"
10,2018-01-14,1.45,23826.74,175.52,199.52,5.07,23446.63,23446.63,0,0,"organic",2018,"HarrisburgScranton"
45,2015-02-15,1.65,4701.71,49.13,261.1,16.03,4375.45,4375.45,0,0,"organic",2015,"HarrisburgScranton"
24,2015-07-12,1.92,1267.44,124.64,166.18,6.53,970.09,970.09,0,0,"organic",2015,"HarrisburgScranton"
13,2017-10-01,1.5,22744.08,259.99,164.27,6.71,22313.11,22313.11,0,0,"organic",2017,"HarrisburgScranton"
2,2015-12-13,2,4330.23,68.06,235.65,19.56,4006.96,1597.46,2409.5,0,"organic",2015,"HarrisburgScranton"
12,2017-10-08,1.44,25995.93,236.33,183.12,12.04,25564.44,25562.8,1.64,0,"organic",2017,"HarrisburgScranton"
10,2016-10-16,1.79,5193.18,135.24,192.75,11.95,4853.24,4853.24,0,0,"organic",2016,"HarrisburgScranton"
37,2016-04-10,1.83,6966,93.75,191.64,11.15,6669.46,5468.47,1200.99,0,"organic",2016,"HarrisburgScranton"
50,2017-01-15,1.88,8630.41,308.39,178.54,9.18,8134.3,8134.3,0,0,"organic",2017,"HarrisburgScranton"
22,2017-07-30,1.59,14096.72,231.38,177.87,9.09,13678.38,13673.94,4.44,0,"organic",2017,"HarrisburgScranton"
26,2017-07-02,2.15,9015.26,377.25,265.88,35.67,8336.46,8336.46,0,0,"organic",2017,"HarrisburgScranton"
48,2016-01-24,1.79,7830.1,100.32,193.57,13.56,7522.65,1930.55,5592.1,0,"organic",2016,"HarrisburgScranton"
4,2016-11-27,2.07,5306.81,252.27,162.06,23.99,4868.49,4868.49,0,0,"organic",2016,"HarrisburgScranton"
1,2017-12-24,1.46,19059.5,181.5,240,0,18638,18638,0,0,"organic",2017,"HarrisburgScranton"
3,2018-03-04,1.43,18968.96,659.11,396.33,20.94,17892.58,17889.25,3.33,0,"organic",2018,"HarrisburgScranton"
49,2017-01-22,1.76,8360.08,356.74,139.44,16.83,7847.07,7826.68,20.39,0,"organic",2017,"HarrisburgScranton"
27,2015-06-21,1.9,3072.73,62.37,243.82,4.66,2761.88,2761.88,0,0,"organic",2015,"HarrisburgScranton"
29,2016-06-05,1.59,8318.68,151.5,127.87,16.65,8022.66,7145.5,877.16,0,"organic",2016,"HarrisburgScranton"
46,2017-02-12,1.81,9010.53,414.62,205.85,11.55,8378.51,8333.9,44.61,0,"organic",2017,"HarrisburgScranton"
21,2017-08-06,1.63,13641.1,253.23,179.45,5.72,13202.7,13199.48,3.22,0,"organic",2017,"HarrisburgScranton"
2,2017-12-17,1.46,16946.1,380.06,287.28,5.95,16272.81,16269.48,3.33,0,"organic",2017,"HarrisburgScranton"
25,2016-07-03,1.81,7342.95,290.67,289.24,308.49,6454.55,5908.2,546.35,0,"organic",2016,"HarrisburgScranton"
11,2017-10-15,1.51,21547.51,252.22,166.17,11.8,21117.32,21109.08,8.24,0,"organic",2017,"HarrisburgScranton"
47,2015-02-01,1.65,3796.16,39.55,151.13,0,3605.48,3605.48,0,0,"organic",2015,"HarrisburgScranton"
22,2015-07-26,2.06,1397.24,145.93,176.28,17.81,1057.22,1057.22,0,0,"organic",2015,"HarrisburgScranton"
4,2017-12-03,1.46,18106.96,450.89,329.58,5.97,17320.52,17313.92,6.6,0,"organic",2017,"HarrisburgScranton"
22,2016-07-24,1.62,5387.66,154.4,319.09,138.06,4776.11,4513.07,263.04,0,"organic",2016,"HarrisburgScranton"
14,2016-09-18,2.06,9663.48,220.83,194.94,22.98,9224.73,9220.5,4.23,0,"organic",2016,"HarrisburgScranton"
37,2015-04-12,1.79,4127.83,86.7,151.38,0,3889.75,3889.75,0,0,"organic",2015,"HarrisburgScranton"
43,2016-02-28,1.83,7183.79,169.67,204.73,23.09,6786.3,3361.73,3424.57,0,"organic",2016,"HarrisburgScranton"
23,2015-07-19,1.92,3151.22,79.11,222.93,15.28,2833.9,2833.9,0,0,"organic",2015,"HarrisburgScranton"
43,2015-03-01,1.09,1619341.49,854129.32,460986.95,11417.67,292807.55,291293.85,540.74,972.96,"conventional",2015,"Plains"
26,2016-06-26,1.03,2101835.6,1040820.26,490842.47,9370.21,560802.66,510422.91,25086.66,25293.09,"conventional",2016,"Plains"
29,2016-06-05,0.93,2330438.23,1242318.2,518978.73,10390.99,558750.31,505801.45,28530.38,24418.48,"conventional",2016,"Plains"
37,2016-04-10,1,1872378.56,886184,507777.03,19359.4,459058.13,402410.37,45353.77,11293.99,"conventional",2016,"Plains"
20,2017-08-13,1.43,1739844.71,649275.23,609832.36,6243.42,474493.7,424441.48,35663.55,14388.67,"conventional",2017,"Plains"
44,2017-02-26,1.05,2008263.47,1013358.38,453752.92,14783.06,526369.11,462233.19,58328.14,5807.78,"conventional",2017,"Plains"
49,2015-01-18,1.02,1674945.55,966515.75,485150.34,14504.7,208774.76,206579.02,1074.3,1121.44,"conventional",2015,"Plains"
27,2016-06-19,0.87,2559002.86,1093072.84,925765.95,11009.71,529154.36,475718.48,41103.42,12332.46,"conventional",2016,"Plains"
50,2016-01-10,1.08,1670524.63,750885.43,510181.5,36259.27,373198.43,310260.35,59405.46,3532.62,"conventional",2016,"Plains"
3,2018-03-04,1.15,2092354.75,888108.56,501748.08,8144.54,694353.57,627934.12,53944.75,12474.7,"conventional",2018,"Plains"
9,2018-01-21,1.18,2208596.12,1051836.46,479599.9,7659.28,669500.48,562989.08,106461.22,50.18,"conventional",2018,"Plains"
0,2015-12-27,1.1,1306923.23,571602.6,404837.9,25188.57,305294.16,279127.08,24838.63,1328.45,"conventional",2015,"Plains"
43,2016-02-28,1.07,1647189.23,716192.38,496105.73,38146.51,396744.61,357647.85,37148.43,1948.33,"conventional",2016,"Plains"
19,2015-08-16,1.08,1727851.85,911935.06,508403.31,14777.59,292735.89,277836.31,13619.13,1280.45,"conventional",2015,"Plains"
26,2017-07-02,1.31,2223310.81,801224.73,664924.43,28132.18,729029.47,707685.17,6808.01,14536.29,"conventional",2017,"Plains"
5,2015-11-22,1.1,1281613.28,584490.6,403638.25,15421.83,278062.6,260079.65,16838.2,1144.75,"conventional",2015,"Plains"
33,2017-05-14,1.33,1894833.35,874405.39,415178.47,7813.52,597435.97,535679.03,49821.03,11935.91,"conventional",2017,"Plains"
39,2017-04-02,1.29,1818148.12,851477.91,524130.79,13117.72,429421.7,409630.98,6543.51,13247.21,"conventional",2017,"Plains"
29,2015-06-07,1.04,2026464.23,1207877.63,445069.67,17034.85,356482.08,353409.98,1330.64,1741.46,"conventional",2015,"Plains"
32,2017-05-21,1.33,1840889.79,832263.81,420870.92,7303.17,580451.89,534882.58,31630.61,13938.7,"conventional",2017,"Plains"
30,2015-05-31,1.09,1853451.18,1085643.8,418763.72,11918.96,337124.7,334423.95,902.84,1797.91,"conventional",2015,"Plains"
30,2017-06-04,1.31,2136102.71,958508.87,499135.71,11013.14,667444.99,620312.74,35312.21,11820.04,"conventional",2017,"Plains"
38,2016-04-03,1.04,1769050.34,898127.03,451253.04,45776.71,373893.56,325591.8,46536.69,1765.07,"conventional",2016,"Plains"
11,2015-10-11,1.05,1560845.55,708470.83,576153.62,14585.67,261635.43,248699.54,11296.81,1639.08,"conventional",2015,"Plains"
0,2016-12-25,1.09,1449394.65,581226.62,446633.64,4267.77,417266.62,384954.53,30652.88,1659.21,"conventional",2016,"Plains"
32,2016-05-15,0.95,2100440.16,873323.33,621229.14,22169.92,583717.77,532964.89,44849.54,5903.34,"conventional",2016,"Plains"
30,2016-05-29,0.9,2265037.77,1223080.58,495021.66,12125.66,534809.87,502399.51,22583.69,9826.67,"conventional",2016,"Plains"
51,2017-01-08,1.06,1890389.78,915300.05,479607.98,5628.26,489853.49,450604.75,32676.07,6572.67,"conventional",2017,"Plains"
24,2016-07-10,1.09,2028847.18,691422.45,634634.29,16160.39,686630.05,614584.95,22163.03,49882.07,"conventional",2016,"Plains"
12,2015-10-04,1.14,1309245.88,492561.57,566241.35,15401.65,235041.31,223134.82,10382.51,1523.98,"conventional",2015,"Plains"
28,2015-06-14,1.06,1974806.07,1117926.72,443241.8,27161.21,386476.34,375290.39,9693.84,1492.11,"conventional",2015,"Plains"
0,2017-12-31,1.02,2173591.74,1159470.84,493193.16,5719.66,515208.08,417190.3,97986.16,31.62,"conventional",2017,"Plains"
2,2018-03-11,1.15,2152113.24,917962.76,512519.24,7989.48,713641.76,630813.83,77037.43,5790.5,"conventional",2018,"Plains"
37,2017-04-16,1.35,1808002.16,776378.88,497717.36,7828.86,526077.06,500350.57,5479.2,20247.29,"conventional",2017,"Plains"
1,2015-12-20,1.13,1139861.64,497437.17,341262.17,27253.71,273908.59,255725.09,16936.24,1247.26,"conventional",2015,"Plains"
15,2015-09-13,1.13,1526985.3,727720.21,491074.45,15652.47,292538.17,271845.35,19120.68,1572.14,"conventional",2015,"Plains"
1,2016-12-18,1.06,1426470.94,581861.96,428227.02,3271.57,413110.39,377226.69,30112.48,5771.22,"conventional",2016,"Plains"
50,2017-01-15,1.05,2064194.02,925668.48,529337.88,6259.33,602928.33,545116.32,46315.29,11496.72,"conventional",2017,"Plains"
41,2017-03-19,1.3,1679882.22,721848.28,489324.58,8220.55,460488.81,437779.63,20075.74,2633.44,"conventional",2017,"Plains"
13,2015-09-27,0.99,1542657.96,564480.54,729792.24,14587.65,233797.53,221484.44,10779.94,1533.15,"conventional",2015,"Plains"
