Lab Assignments/Lab-tidyr-Avocados/avocado.csv
"X1","Date","AveragePrice","Total Volume","4046","4225","4770","Total Bags","Small Bags","Large Bags","XLarge Bags","type","year","region"
27,2015-06-21,1.02,35734613.9,14699604.93,13244466.6,1326422.56,6464119.81,5517909.51,898027.46,48182.84,"conventional",2015,"TotalUS"
51,2015-01-04,0.95,31324277.73,12357161.34,13624083.05,844093.32,4498940.02,3585321.58,894945.63,18672.81,"conventional",2015,"TotalUS"
13,2016-09-25,1.22,30305112.89,10548061.13,9255913.78,492604.3,10008533.68,7440444.59,2476400.79,91688.3,"conventional",2016,"TotalUS"
11,2015-10-11,1,29216198.15,8828340.53,13326573.45,1614282.73,5447001.44,4153477.6,1221305.29,72218.55,"conventional",2015,"TotalUS"
14,2015-09-20,1.02,29569086.56,9422275.27,13846044.56,1112405.42,5188361.31,3938274.51,1183732.08,66354.72,"conventional",2015,"TotalUS"
22,2016-07-24,1.2,32339377.09,10331314.28,10795751.15,947964.05,10264347.61,8315738.7,1561208.69,387400.22,"conventional",2016,"TotalUS"
4,2016-11-27,1.21,22923062.65,7891487.94,7337341.77,344475.9,7349757.04,5691266.56,1609867.2,48623.28,"conventional",2016,"TotalUS"
37,2015-04-12,1.02,32046401.64,14793354.18,11210544.11,807942.41,5234560.94,4400469.38,826567.05,7524.51,"conventional",2015,"TotalUS"
10,2015-10-18,0.99,29375123.6,9162094.14,14082539.61,1220251.19,4910238.66,3930198.18,952191.42,27849.06,"conventional",2015,"TotalUS"
5,2015-11-22,0.96,25114228.11,8571849.8,10389879.59,804662.83,5347835.89,4178583.45,1137229.84,32022.6,"conventional",2015,"TotalUS"
33,2015-05-10,1.02,36400886.58,16215328.75,13509064.65,858145.45,5818347.73,4991625.82,816629.4,10092.51,"conventional",2015,"TotalUS"
9,2018-01-21,1.08,42939821.55,14218843.83,13929702.12,928815.12,13862460.48,9866218.28,3789722.9,206519.3,"conventional",2018,"TotalUS"
9,2015-10-25,1.04,26240072.11,8683958.8,11410478.34,1188118.95,4957516.02,3918658.43,999727.7,39129.89,"conventional",2015,"TotalUS"
51,2016-01-03,0.86,38142088.04,11616506.17,16054083.86,1560068.62,8911429.39,6464895.83,2287449.76,159083.8,"conventional",2016,"TotalUS"
12,2017-10-08,1.65,24397166.19,8911144.2,7609509.9,391832.89,7484679.2,5444021.28,1976738.84,63919.08,"conventional",2017,"TotalUS"
45,2017-02-19,0.99,33905854.58,11321732.4,10351148.2,832906.12,11400067.86,8676989.56,2576166.71,146911.59,"conventional",2017,"TotalUS"
0,2015-12-27,0.95,27297983.67,9626901.09,10197890.05,1184340.09,6288852.44,4850404.09,1252626.31,185822.04,"conventional",2015,"TotalUS"
2,2018-03-11,1.09,40449603.12,14089091.05,10758039.45,707578.82,14894893.8,11392828.89,3229556.62,272508.29,"conventional",2018,"TotalUS"
49,2016-01-17,0.94,34426341.87,10036597.84,13832256.04,1419405.62,9138082.37,6846324.06,2228420.91,63337.4,"conventional",2016,"TotalUS"
24,2016-07-10,1.1,35567568.43,11457080.38,11677528,1266433.97,11166526.08,8984513.63,1727668.8,454343.65,"conventional",2016,"TotalUS"
14,2016-09-18,1.15,31346091.46,11337829.1,9481313.14,486187.39,10040761.83,7649502.34,2311262.99,79996.5,"conventional",2016,"TotalUS"
8,2018-01-28,1.09,40171640.84,14551799.5,12119884.61,575974.74,12923981.99,9749412.19,3041125.42,133444.38,"conventional",2018,"TotalUS"
6,2017-11-19,1.17,29253484,11173132,7847059,416186,9817108,6662322,3059627,95159,"conventional",2017,"TotalUS"
32,2016-05-15,0.89,39914996.74,12447598.49,14437190.03,1753852.61,11276355.61,7987028.55,3143280.05,146047.01,"conventional",2016,"TotalUS"
18,2016-08-21,1.1,33592097.72,12725249.3,9906498.51,609720.87,10350629.04,8749239.27,1446381.11,155008.66,"conventional",2016,"TotalUS"
44,2015-02-22,1.02,29936729.76,12628562.36,11354281.64,937138.85,5016746.91,4336247.12,667149.29,13350.5,"conventional",2015,"TotalUS"
22,2015-07-26,1.07,30652211.08,12196225.93,12009228.05,1017157.74,5429599.36,4627251.87,779807.55,22539.94,"conventional",2015,"TotalUS"
37,2016-04-10,0.9,36584029.39,12879820.47,11538132.36,1666275.13,10499801.43,7808770.98,2613293.43,77737.02,"conventional",2016,"TotalUS"
3,2017-12-10,1.03,35634913.01,11943914.54,11659897.51,398348.55,11632752.41,8404955.25,3122650.26,105146.9,"conventional",2017,"TotalUS"
36,2016-04-17,0.9,37467885.19,11954487.56,12896366.58,1896149.5,10720881.55,8128710.21,2467001.94,125169.4,"conventional",2016,"TotalUS"
40,2016-03-20,0.93,36335483.78,11134390.98,13727453.57,1773088.87,9700550.36,7248857.68,2374053.89,77638.79,"conventional",2016,"TotalUS"
33,2017-05-14,1.19,36634269.03,12807836.17,9717257.8,652973.26,13456201.8,10373347.62,2859413.59,223440.59,"conventional",2017,"TotalUS"
8,2017-11-05,1.19,32051594.24,11042128.27,9774987.75,400250.97,10834227.25,7470394.42,3275463.49,88369.34,"conventional",2017,"TotalUS"
49,2017-01-22,0.94,42140393.39,14254150.46,14212881.66,908616.41,12764744.86,9462853.82,3231019.56,70871.48,"conventional",2017,"TotalUS"
16,2016-09-04,1.04,37130688.91,14643465.52,11083513.46,540680.89,10863029.04,8555283.68,2214419.29,93326.07,"conventional",2016,"TotalUS"
30,2017-06-04,1.24,37352360.59,13248334.78,10157565.24,667066.51,13279394.06,10103007.01,2946264.52,230122.53,"conventional",2017,"TotalUS"
13,2017-10-01,1.64,24610645.21,8342407.59,8354516.32,384794.18,7528927.12,5513111.7,1954129.38,61686.04,"conventional",2017,"TotalUS"
28,2016-06-12,1.04,35580820,12291686.69,11533969.83,1607344.08,10147819.4,8039865.67,1796513.74,311439.99,"conventional",2016,"TotalUS"
3,2018-03-04,1.07,40741214.05,14439547.46,11289307.37,571747.72,14440611.5,10832907.44,3339214.96,268489.1,"conventional",2018,"TotalUS"
46,2017-02-12,0.87,41077470.65,15051951.54,12184188.37,862322.15,12979008.59,9922489.84,2919324.45,137194.3,"conventional",2017,"TotalUS"
15,2017-09-17,1.57,25394902.82,9153158.54,8328241.87,417270.7,7496231.71,5494163.7,1923561.42,78506.59,"conventional",2017,"TotalUS"
19,2015-08-16,1.88,32159.33,5368.34,15506.11,35.65,11249.23,9695.15,1554.08,0,"organic",2015,"Plains"
32,2016-05-15,1.65,47778.34,5526.42,23572.79,2753.86,15925.27,9033.29,6891.98,0,"organic",2016,"Plains"
47,2015-02-01,1.67,30193.16,3904.24,14499.51,32.15,11757.26,9989.22,1768.04,0,"organic",2015,"Plains"
39,2015-03-29,1.85,34062.08,3489.99,17818.18,20.63,12733.28,12479.89,253.39,0,"organic",2015,"Plains"
8,2017-11-05,1.89,48099.91,1006.07,13421.84,70.09,33601.91,23095.17,10506.74,0,"organic",2017,"Plains"
37,2015-04-12,1.82,31363.93,3059.06,17207.03,9.2,11088.64,8861.94,2226.7,0,"organic",2015,"Plains"
5,2018-02-18,1.63,66740.04,4145.56,16561.13,27.13,46006.22,30261.94,15744.28,0,"organic",2018,"Plains"
52,2017-01-01,1.62,47042.21,4547.17,15245.73,1366.36,25882.95,17253.74,8629.21,0,"organic",2017,"Plains"
22,2016-07-24,1.63,56114.01,4090.81,23351.98,78.91,28592.31,19205.27,9387.04,0,"organic",2016,"Plains"
7,2018-02-04,1.55,62817.64,2624.36,15773.81,4.95,44414.52,32571.57,11842.95,0,"organic",2018,"Plains"
2,2016-12-11,1.71,43540.93,3861.81,12345.81,3684.29,23649.02,16668.21,6980.81,0,"organic",2016,"Plains"
35,2017-04-30,1.8,69732.89,2391.99,29776.85,1470.12,36093.93,19268.73,16825.2,0,"organic",2017,"Plains"
36,2017-04-23,1.67,70584.97,4057.02,23962.95,307.19,42257.81,26018.54,16239.27,0,"organic",2017,"Plains"
50,2017-01-15,1.56,64677.46,5384.45,18694.14,5562.78,35036.09,23848.37,11187.72,0,"organic",2017,"Plains"
46,2017-02-12,1.49,59073.9,4047.83,17976.54,1009.67,36039.86,20023.2,16016.66,0,"organic",2017,"Plains"
49,2017-01-22,1.57,55867.65,5924.1,18291.59,3406.4,28245.56,18114.66,10130.9,0,"organic",2017,"Plains"
45,2015-02-15,1.68,39967.69,4337.72,19892.57,32.1,15705.3,14480.47,1224.83,0,"organic",2015,"Plains"
24,2015-07-12,1.89,34274.47,4653.22,20980.13,28.11,8613.01,5262.78,3350.23,0,"organic",2015,"Plains"
4,2015-11-29,1.82,23344.7,3959.16,12315.78,28.42,7041.34,4404.5,2636.84,0,"organic",2015,"Plains"
42,2015-03-08,1.68,33434.23,3482.6,12593.96,13.73,17343.94,15943.23,1400.71,0,"organic",2015,"Plains"
48,2017-01-29,1.55,49505.09,4305.53,16857.63,935.56,27406.37,16105.53,11300.84,0,"organic",2017,"Plains"
50,2016-01-10,1.63,41956.88,5395.24,14899.65,3836.61,17825.38,11957.58,5867.8,0,"organic",2016,"Plains"
34,2017-05-07,1.58,68236.34,2467.03,20644.8,375.91,44748.6,23886,20862.6,0,"organic",2017,"Plains"
13,2015-09-27,1.85,28183.63,2948.96,14238.72,19.35,10976.6,8593.72,2382.88,0,"organic",2015,"Plains"
44,2015-02-22,1.66,40390.21,5100.04,17771.09,9.16,17509.92,16731.6,778.32,0,"organic",2015,"Plains"
1,2018-03-18,1.58,69790.75,5124.88,20091.33,14.68,44559.86,32906.16,11653.7,0,"organic",2018,"Plains"
33,2017-05-14,1.62,69358.17,3417.56,21230.05,251.83,44458.73,22549.94,21908.79,0,"organic",2017,"Plains"
46,2016-02-07,1.57,37624.17,3285.43,17837.59,3581.64,12919.51,8836.54,4082.97,0,"organic",2016,"Plains"
3,2016-12-04,1.7,43160.92,5015.99,12919.27,876.17,24349.49,14907.37,9442.12,0,"organic",2016,"Plains"
18,2015-08-23,1.92,31850.38,5171.5,16543.46,14.28,10121.14,8311.71,1809.43,0,"organic",2015,"Plains"
6,2016-11-13,1.74,51861.03,5110.61,13801.36,826.87,32122.19,23130.88,8991.31,0,"organic",2016,"Plains"
27,2015-06-21,1.88,37004.14,5625.74,21939.19,60.75,9378.46,7204.04,2174.42,0,"organic",2015,"Plains"
41,2016-03-13,1.54,41060.75,4494.19,19232.48,2392.43,14941.65,6083.37,8858.28,0,"organic",2016,"Plains"
30,2015-05-31,1.93,31775.42,4847.34,17449.33,53.66,9425.09,7198.51,2226.58,0,"organic",2015,"Plains"
5,2015-11-22,1.69,28577.15,4477.93,13302.64,40.44,10756.14,5955.98,4800.16,0,"organic",2015,"Plains"
0,2018-03-25,1.54,74180.36,4775.73,19162.3,0,50242.33,38235.54,12006.79,0,"organic",2018,"Plains"
23,2016-07-17,1.76,46645.35,3982.86,22440.03,886.04,19336.42,13280.84,6055.58,0,"organic",2016,"Plains"
26,2017-07-02,1.55,59145.56,1399.43,20993.46,54.01,36698.66,17049.24,19649.42,0,"organic",2017,"Plains"
25,2017-07-09,1.62,63609.57,2420.11,23093.17,61.27,38035.02,18331.46,19703.56,0,"organic",2017,"Plains"
5,2016-11-20,1.63,50911,4070.4,12446.98,1059.21,33334.41,20022.54,13311.87,0,"organic",2016,"Plains"
26,2016-06-26,1.63,52284.1,5251.61,22040.06,1998.21,22994.22,16106.91,6887.31,0,"organic",2016,"Plains"
23,2015-07-19,1.85,28602.01,4969.23,14692.47,11.72,8928.59,6599.43,2329.16,0,"organic",2015,"Plains"
6,2015-11-15,1.68,30958.65,4190.97,14235.26,26.27,12506.15,7356.62,5149.53,0,"organic",2015,"Plains"
13,2016-09-25,1.87,44993.62,4312.89,19596.71,1090.56,19993.46,11441.45,8552.01,0,"organic",2016,"Plains"
0,2017-12-31,1.63,62228.22,3018.47,15029.08,38.91,44141.76,32311.88,11829.88,0,"organic",2017,"Plains"
46,2015-02-08,1.54,46329.16,3906.27,26987.91,32.13,15402.85,14104.27,1298.58,0,"organic",2015,"Plains"
40,2016-03-20,1.44,48042.77,4101.49,18882.56,5028.75,20029.97,6578.46,13451.51,0,"organic",2016,"Plains"
12,2016-10-02,1.76,47384.06,2804.71,18186.33,649.6,25743.42,13418.55,12324.87,0,"organic",2016,"Plains"
6,2015-11-15,1.25,90999.05,57764.9,7319.36,998.99,24915.8,12498.87,12406.71,10.22,"conventional",2015,"Jacksonville"
21,2017-08-06,1.44,148237.94,82275.37,12280.16,43.1,53639.31,22133.61,29292.37,2213.33,"conventional",2017,"Jacksonville"
13,2015-09-27,1.27,92325.73,52301.92,14641.98,1047.02,24334.81,14588.26,9746.55,0,"conventional",2015,"Jacksonville"
15,2016-09-11,1.1,150295.99,70095.71,23109.94,148.82,56941.52,22375.81,34565.71,0,"conventional",2016,"Jacksonville"
2,2015-12-13,0.96,140036.16,100533.31,8913.72,199.12,30390.01,11312.69,19064.31,13.01,"conventional",2015,"Jacksonville"
27,2017-06-25,1.36,180199.86,99600.41,16687.42,75.35,63836.68,33088.12,28278.56,2470,"conventional",2017,"Jacksonville"
50,2015-01-11,1.2,99757.17,57635.74,17025.48,529.41,24566.54,14862.7,9703.84,0,"conventional",2015,"Jacksonville"
38,2016-04-03,1.01,181662.16,84765.99,27201.22,149.61,69545.34,27121.05,42424.29,0,"conventional",2016,"Jacksonville"
29,2016-06-05,0.95,221144.08,124676.22,32124.3,784.2,63559.36,19483.21,40946.71,3129.44,"conventional",2016,"Jacksonville"
34,2016-05-01,0.68,370646.01,169412.4,70592.24,248.56,130392.81,37625.8,92767.01,0,"conventional",2016,"Jacksonville"
17,2017-09-03,1.88,147242.45,82573.64,14144.89,99.08,50424.84,20452.27,28919.24,1053.33,"conventional",2017,"Jacksonville"
30,2016-05-29,0.92,242168.85,141300.92,36410.66,981.98,63475.29,22104.57,40394.05,976.67,"conventional",2016,"Jacksonville"
2,2018-03-11,1.16,227714.5,126052.23,12557.63,439.09,88665.55,37739.81,50845.74,80,"conventional",2018,"Jacksonville"
42,2016-03-06,1.06,155654.59,71185.02,26487.57,503.38,57478.62,17429.08,40049.54,0,"conventional",2016,"Jacksonville"
51,2015-01-04,0.97,153506.84,105203.79,19147.78,468.7,28686.57,13653.15,15033.42,0,"conventional",2015,"Jacksonville"
37,2016-04-10,0.8,261081.39,106314.87,54201.27,196.31,100368.94,19744.98,79967.02,656.94,"conventional",2016,"Jacksonville"
10,2017-10-22,1.56,152418.64,89649.03,11079.1,260.69,51429.82,21040.91,30388.91,0,"conventional",2017,"Jacksonville"
21,2015-08-02,1.24,112332.05,63302.99,19717.01,759.06,28552.99,19135.05,9417.94,0,"conventional",2015,"Jacksonville"
40,2016-03-20,1.07,140301.04,59970.41,26015.08,269.21,54046.34,19113.11,34933.23,0,"conventional",2016,"Jacksonville"
7,2016-11-06,1.41,127895.28,43990,21710.64,289.79,61904.85,16137.03,45767.82,0,"conventional",2016,"Jacksonville"
51,2017-01-08,1.15,141693.33,47783.4,23081.48,148.91,70679.54,29267.91,41411.63,0,"conventional",2017,"Jacksonville"
4,2016-11-27,1.36,111672,32944.9,18661.82,94.55,59970.73,19808.01,40162.72,0,"conventional",2016,"Jacksonville"
9,2015-10-25,1.22,98097.37,61125.82,8956.16,796.53,27218.86,19339.98,7878.88,0,"conventional",2015,"Jacksonville"
30,2017-06-04,1.46,178356.7,119654.85,16223.79,84.55,42393.51,24682.06,16731.45,980,"conventional",2017,"Jacksonville"
8,2017-11-05,1.48,131679.37,74308.6,8741.26,234.92,48394.59,33225.98,14981.94,186.67,"conventional",2017,"Jacksonville"
35,2017-04-30,1.26,240227.67,150982.37,24978.55,121.15,64145.6,26376.03,37214.57,555,"conventional",2017,"Jacksonville"
45,2017-02-19,1.23,139949.65,72634.25,18683.75,89.88,48541.77,19864.06,28137.71,540,"conventional",2017,"Jacksonville"
50,2016-01-10,0.95,181584.67,122360.29,10625.3,273.06,48326.02,20677.59,27648.43,0,"conventional",2016,"Jacksonville"
12,2017-10-08,1.79,152742.37,89903.47,10996.65,76.87,51765.38,22345.45,29419.93,0,"conventional",2017,"Jacksonville"
14,2015-09-20,0.99,157688.29,97864.33,21665.96,447.77,37710.23,17060.74,20649.49,0,"conventional",2015,"Jacksonville"
45,2015-02-15,1.24,105176.25,70695.14,9457.72,595.88,24427.51,15354.4,9073.11,0,"conventional",2015,"Jacksonville"
11,2016-10-09,1.31,135520.48,43060.49,35355.69,143.93,56960.37,16656.5,40303.87,0,"conventional",2016,"Jacksonville"
3,2018-03-04,1.12,229905.22,129813.08,12471.8,516.79,87103.55,35609.86,51397.02,96.67,"conventional",2018,"Jacksonville"
41,2016-03-13,0.81,241653.71,103139.77,47856.7,316.39,90340.85,18010.95,72329.9,0,"conventional",2016,"Jacksonville"
31,2017-05-28,1.43,181588.22,96509.06,15848.55,115.43,69115.18,35449.21,33245.97,420,"conventional",2017,"Jacksonville"
24,2017-07-16,1.48,160177.18,88735.04,14194.77,102.81,57144.56,24773.25,29400.2,2971.11,"conventional",2017,"Jacksonville"
2,2016-12-11,1.17,116052.47,33585.82,18098.36,126.93,64241.36,27971.11,36270.25,0,"conventional",2016,"Jacksonville"
