Lab Assignments/Lab-tidyr-Avocados/avocado.csv
"X1","Date","AveragePrice","Total Volume","4046","4225","4770","Total Bags","Small Bags","Large Bags","XLarge Bags","type","year","region"
4,2017-12-03,1.09,5544556,2333912,1660573,100234,1449838,1365781,30856,53201,"conventional",2017,"California"
36,2017-04-23,1.26,5637299.78,2027854.71,1521895.03,162006.91,1925543.13,1849562.53,6322.77,69657.83,"conventional",2017,"California"
35,2015-04-26,1.15,4923565.04,2421009.67,1729486.77,196469.02,576599.58,548252.41,26483.99,1863.18,"conventional",2015,"California"
25,2016-07-03,1.1,7087455.16,2409025.69,2439611.73,356022.1,1882795.64,1722082.22,119871.18,40842.24,"conventional",2016,"California"
46,2015-02-08,0.91,5871224.58,2908845.38,2200393.89,149458.93,612526.38,553682.71,56311.08,2532.59,"conventional",2015,"California"
32,2016-05-15,0.97,6068872.71,2247484.21,1968268.95,353196.44,1499923.11,1325206.1,155366.22,19350.79,"conventional",2016,"California"
8,2018-01-28,1.16,6134040.58,2254631.8,2185495.65,121090.87,1572822.26,1480527.7,24545.94,67748.62,"conventional",2018,"California"
20,2015-08-09,1.1,6232081.27,3260775.73,2196704.97,193831.6,580768.97,570728.54,7356.84,2683.59,"conventional",2015,"California"
39,2017-04-02,1.22,5719811.06,1856672.56,1580307.3,150682.37,2132148.83,2059479.45,16199.12,56470.26,"conventional",2017,"California"
29,2015-06-07,0.98,6374842.9,3614314.44,1860329.3,221330.48,678868.68,651944.51,23422.39,3501.78,"conventional",2015,"California"
37,2015-04-12,1.06,5636644.51,2848184,1988818.23,185198.77,614443.51,532714.02,79865.3,1864.19,"conventional",2015,"California"
22,2017-07-30,1.38,5571000.96,2179199.68,2206571.02,152942.18,1032288.08,948516.41,28336.99,55434.68,"conventional",2017,"California"
22,2015-07-26,1.13,5557616.27,3112921.78,1636659.9,209427.05,598607.54,590750.1,5181.16,2676.28,"conventional",2015,"California"
9,2017-10-29,1.2,5714676.89,1981731.12,2384845.53,125816.68,1222283.56,1165130.71,22762.03,34390.82,"conventional",2017,"California"
36,2015-04-19,1.05,5871080.81,3024466.22,2070974.14,177354.82,598285.63,524767.96,71988.59,1529.08,"conventional",2015,"California"
29,2016-06-05,0.94,7365675.31,2921963.17,2131717.34,373358.37,1938636.43,1739147.58,171241.77,28247.08,"conventional",2016,"California"
7,2018-02-04,0.8,10894677.77,4473811.63,4097591.67,146357.78,2176916.69,2072477.62,34196.27,70242.8,"conventional",2018,"California"
50,2016-01-10,0.87,6303406.82,1736168.01,2173554.18,261931.07,2131753.56,1793640.16,321613.97,16499.43,"conventional",2016,"California"
24,2017-07-16,1.49,5405190.35,2319570.09,1821613.01,178446.19,1085561.06,1007608.04,22434.17,55518.85,"conventional",2017,"California"
23,2017-07-23,1.46,5188483.1,2201004.96,1738865.16,151424.79,1097188.19,1018813.29,20424.08,57950.82,"conventional",2017,"California"
38,2017-04-09,1.13,6249182.98,1926187.79,2128867.47,161909.09,2032218.63,1957058.55,13132.9,62027.18,"conventional",2017,"California"
13,2016-09-25,1.15,6075588.68,2357903.8,1924933.51,117423.95,1675327.42,1583961.67,53653.13,37712.62,"conventional",2016,"California"
46,2017-02-12,0.79,6862176.64,2429385.13,1870884.97,158534.53,2403372.01,2247565.14,101368.24,54438.63,"conventional",2017,"California"
38,2015-04-05,1.12,5467155.55,2754464.87,1886168.89,225396.85,601124.94,539258.29,59212.09,2654.56,"conventional",2015,"California"
12,2015-10-04,1.02,4943781.29,1461112.39,2788317.94,222260.58,472090.38,442923.78,25572.26,3594.34,"conventional",2015,"California"
40,2016-03-20,0.91,6476206.54,1893617.8,2191468.26,299002.93,2092117.55,1883192.26,189928.31,18996.98,"conventional",2016,"California"
44,2017-02-26,0.95,6342089.92,2193499.5,2038284.77,155642.35,1954663.3,1870562.62,42309.14,41791.54,"conventional",2017,"California"
30,2016-05-29,0.98,6700986.44,2522305.33,2097509.45,341992.36,1739179.3,1546212.08,160781.09,32186.13,"conventional",2016,"California"
22,2016-07-24,1.2,6104047.38,2019596.6,2147541.33,302735.37,1634174.08,1526433.58,82025.57,25714.93,"conventional",2016,"California"
50,2015-01-11,0.92,6024932.34,2889591.29,2485720.1,103573.42,546047.53,510560.41,31874.03,3613.09,"conventional",2015,"California"
42,2016-03-06,0.92,6429870.23,1893787.2,1975668.02,325582.2,2234832.81,1981931.04,230048.66,22853.11,"conventional",2016,"California"
47,2016-01-31,0.88,6506673.96,2126066.85,2069192.92,287234.03,2024180.16,1874982.24,134692.75,14505.17,"conventional",2016,"California"
30,2015-05-31,0.98,6236903.31,3620440.35,1826496.62,209443.33,580523.01,554224.64,23083.08,3215.29,"conventional",2015,"California"
15,2015-09-13,1.13,5106508.12,1863270.81,2388023.33,270794.34,584419.64,502056.88,76297.56,6065.2,"conventional",2015,"California"
38,2016-04-03,0.97,113028.45,37271.13,32720.2,169.65,42867.47,41615.1,1252.37,0,"conventional",2016,"Roanoke"
30,2015-05-31,1.06,133856.19,57819.4,41122.46,33.05,34881.28,33050.17,1831.11,0,"conventional",2015,"Roanoke"
0,2016-12-25,1.16,103804.48,27393.26,28263.18,95.33,48052.71,47522.99,529.72,0,"conventional",2016,"Roanoke"
19,2016-08-14,1.04,145313.85,42321.57,41576.7,89.14,61326.44,57870.22,3331.22,125,"conventional",2016,"Roanoke"
18,2015-08-23,1.12,115608.44,38976.84,47017.25,318.39,29295.96,27837.68,1458.28,0,"conventional",2015,"Roanoke"
2,2016-12-11,1.04,113394.91,36799.58,27761.04,129.8,48704.49,47917.82,786.67,0,"conventional",2016,"Roanoke"
34,2017-05-07,1.02,221289.76,55938.36,55664.31,124.64,109562.45,106593.49,2951.72,17.24,"conventional",2017,"Roanoke"
35,2016-04-24,0.91,164410.77,42884.03,57628.85,97.8,63800.09,60645.38,3145.62,9.09,"conventional",2016,"Roanoke"
50,2017-01-15,1.06,158063.43,50449.58,43695.52,94.12,63824.21,63041.06,780.93,2.22,"conventional",2017,"Roanoke"
15,2015-09-13,0.99,147617.68,69411.99,49831.29,180.33,28194.07,28181.85,12.22,0,"conventional",2015,"Roanoke"
9,2017-10-29,1.3,143342.57,36192.73,35007.6,265.2,71877.04,69621.41,2255.63,0,"conventional",2017,"Roanoke"
10,2015-10-18,0.98,117516.57,48540.88,47290.21,115.01,21570.47,21570.47,0,0,"conventional",2015,"Roanoke"
7,2018-02-04,0.82,287728.25,82020.39,55243.26,294.67,150169.93,116918.04,32938.52,313.37,"conventional",2018,"Roanoke"
32,2016-05-15,0.94,141716.2,41009.19,55894.53,199.99,44612.49,42432.85,2073.58,106.06,"conventional",2016,"Roanoke"
28,2017-06-18,1.16,152802.24,30545.71,47417.92,97.56,74741.05,69630.36,2860.69,2250,"conventional",2017,"Roanoke"
47,2016-01-31,0.99,121477.84,32756.64,52095.37,135.09,36490.74,34167.03,2323.71,0,"conventional",2016,"Roanoke"
5,2015-11-22,1,83963.95,28956.02,29324.32,163.5,25520.11,25520.11,0,0,"conventional",2015,"Roanoke"
29,2016-06-05,0.96,151372.89,39705.87,56076.83,113.3,55476.89,53294.21,747.68,1435,"conventional",2016,"Roanoke"
42,2017-03-12,1.26,143644.79,31344.32,50614.07,161.29,61525.11,59939.46,1585.65,0,"conventional",2017,"Roanoke"
51,2015-01-04,1.13,109215,48285.15,37562.78,34.1,23332.97,21582.97,1750,0,"conventional",2015,"Roanoke"
8,2018-01-28,1.14,159289.18,31259.73,49375.92,283.44,78370.09,61701.01,16669.08,0,"conventional",2018,"Roanoke"
3,2015-12-06,1.01,99519.99,41191.54,35662.29,100.43,22565.73,22565.73,0,0,"conventional",2015,"Roanoke"
2,2017-12-17,1.08,124002.08,29951.42,31312.81,85.19,62652.66,56079.52,6554.89,18.25,"conventional",2017,"Roanoke"
22,2016-07-24,1.04,150126.91,45204.04,41843.9,61.47,63017.5,49239.71,9662.79,4115,"conventional",2016,"Roanoke"
11,2016-10-09,1.23,118935.46,46103.44,34296.85,198.7,38336.47,35482.55,2853.92,0,"conventional",2016,"Roanoke"
43,2016-02-28,0.99,135623.05,52420.43,48195.34,149.25,34858.03,33709.28,1148.75,0,"conventional",2016,"Roanoke"
0,2018-03-25,0.99,218058,62126.61,39027.74,219.42,116684.23,97377.29,18342.66,964.28,"conventional",2018,"Roanoke"
23,2017-07-23,1.17,141148.36,36513.08,40395.65,320.79,63918.84,58375.34,3505.26,2038.24,"conventional",2017,"Roanoke"
31,2017-05-28,1.21,100415.9,40637.11,3548.36,10210.41,46020.02,45988.11,20.42,11.49,"conventional",2017,"Boise"
35,2016-04-24,0.65,79562.45,36437.8,2849.95,590.88,39683.82,39671.39,5.85,6.58,"conventional",2016,"Boise"
16,2016-09-04,1.01,79683.06,37233.67,2055.59,7067.38,33326.42,31599.81,1718.65,7.96,"conventional",2016,"Boise"
24,2016-07-10,0.75,132511.44,39211.45,4977.23,3.06,88319.7,87357.84,20.39,941.47,"conventional",2016,"Boise"
7,2018-02-04,1.07,128702.15,39582.33,8511.49,22490.26,58118.07,17470.72,40491.57,155.78,"conventional",2018,"Boise"
18,2016-08-21,0.9,84013.04,40944.28,2078.24,4694.68,36295.84,34718.06,1577.78,0,"conventional",2016,"Boise"
17,2015-08-30,1.19,60099.83,40926.77,5809.92,7922.58,5440.56,5440.56,0,0,"conventional",2015,"Boise"
5,2016-11-20,1.27,62526.51,28834.32,2463.45,7123.14,24105.6,24091.47,2.86,11.27,"conventional",2016,"Boise"
49,2017-01-22,1.01,88317.73,34251.49,5626.82,8313.98,40125.44,34932.06,5155.3,38.08,"conventional",2017,"Boise"
18,2017-08-27,1.3,93803.53,45399.28,2514.25,6033.78,39856.22,35502.76,4335.74,17.72,"conventional",2017,"Boise"
47,2016-01-31,0.94,83755.38,36196.35,4791.21,8440.95,34326.87,33947.26,46.78,332.83,"conventional",2016,"Boise"
33,2017-05-14,1.2,94466.25,38987.28,2778.88,9358.25,43341.84,41044.26,2292.62,4.96,"conventional",2017,"Boise"
26,2017-07-02,1.17,97408.49,41134.31,3402.67,8606.69,44264.82,44184.81,24.45,55.56,"conventional",2017,"Boise"
43,2016-02-28,0.89,89981.54,38143.38,5361.13,8767.1,37709.93,37217.14,472.26,20.53,"conventional",2016,"Boise"
48,2015-01-25,1.03,66069.21,51922.06,7555.95,2061.16,4530.04,2009.53,2520.51,0,"conventional",2015,"Boise"
37,2016-04-10,0.82,86897.72,44344.9,3303.93,5340.61,33908.28,33662.76,156.09,89.43,"conventional",2016,"Boise"
10,2016-10-16,1.09,77804.54,35485.6,2006.71,6689.31,33622.92,32413.74,1197.89,11.29,"conventional",2016,"Boise"
50,2015-01-11,1.18,57355.52,38112.34,10997.54,3321.89,4923.75,3295.11,1628.64,0,"conventional",2015,"Boise"
7,2016-11-06,1.37,59587.14,24935.25,2893.68,7688.17,24070.04,23558.62,408.16,103.26,"conventional",2016,"Boise"
29,2015-06-07,1.12,80751.29,61245.49,7237.55,6655.69,5612.56,5603.8,8.76,0,"conventional",2015,"Boise"
21,2017-08-06,1.54,73710.09,37252.55,3802.7,7644.86,25009.98,16530.36,8380.66,98.96,"conventional",2017,"Boise"
2,2017-12-17,1.29,65090.38,31969.34,1752.04,6655.62,24713.38,18837.14,5849.25,26.99,"conventional",2017,"Boise"
5,2017-11-26,1.44,54681,28307,1707,5116,19551,14540,4914,96,"conventional",2017,"Boise"
48,2017-01-29,0.93,105132.82,35677.85,6532.78,9559.2,53362.99,36294.3,17043.36,25.33,"conventional",2017,"Boise"
52,2017-01-01,0.92,104510.11,27845.16,9408.92,11341.75,55914.28,53093.47,2793.61,27.2,"conventional",2017,"Boise"
22,2015-07-26,1.07,67826.07,50978.38,4856.27,5479.57,6511.85,6358.04,153.81,0,"conventional",2015,"Boise"
15,2016-09-11,0.89,89822.98,41793.11,1783.77,6411.87,39834.23,38898.96,927.29,7.98,"conventional",2016,"Boise"
41,2017-03-19,1.15,86727.42,33891.7,3887.21,9034.34,39914.17,39041.29,834.37,38.51,"conventional",2017,"Boise"
43,2017-03-05,1.11,93814.08,29234.27,5256.5,12115.21,47208.1,32638.67,14550.61,18.82,"conventional",2017,"Boise"
16,2015-09-06,1.16,64464.61,44134.65,5402.17,7991.75,6936.04,6934.43,0,1.61,"conventional",2015,"Boise"
9,2016-10-23,1.17,70652.14,27935.7,3769.48,6919.11,32027.85,30914.91,1098.42,14.52,"conventional",2016,"Boise"
19,2015-08-16,1.12,64001.61,46189.28,5258.21,6457.21,6096.91,6090.51,0,6.4,"conventional",2015,"Boise"
21,2015-08-02,1.62,15286.4,198.92,14035.28,0,1052.2,123.34,928.86,0,"organic",2015,"CincinnatiDayton"
9,2018-01-21,1.6,18364.37,678.73,5179.83,0,12505.81,2688.54,9817.27,0,"organic",2018,"CincinnatiDayton"
13,2016-09-25,1.35,16032.03,468.89,7138.63,0,8424.51,781.74,7642.77,0,"organic",2016,"CincinnatiDayton"
35,2017-04-30,1.66,13924.31,243.48,4877.17,0,8803.66,882.46,7921.2,0,"organic",2017,"CincinnatiDayton"
1,2017-12-24,1.73,13218.13,444.01,5455.3,0,7318.82,3411.75,3907.07,0,"organic",2017,"CincinnatiDayton"
0,2015-12-27,1.43,7088.36,249.94,5919.28,0,919.14,266.67,652.47,0,"organic",2015,"CincinnatiDayton"
37,2015-04-12,1.49,13607.83,272.3,12556.25,0,779.28,688.44,90.84,0,"organic",2015,"CincinnatiDayton"
7,2017-11-12,1.67,12271.52,203.73,3368.13,0,8699.66,5085.49,3614.17,0,"organic",2017,"CincinnatiDayton"
50,2015-01-11,1.32,11313.77,209.52,10352.17,0,752.08,310.62,441.46,0,"organic",2015,"CincinnatiDayton"
49,2015-01-18,1.37,10051.4,282.08,9374.23,0,395.09,351.87,43.22,0,"organic",2015,"CincinnatiDayton"
25,2015-07-05,1.59,15077.62,250.57,12154.91,0,2672.14,640,2032.14,0,"organic",2015,"CincinnatiDayton"
34,2017-05-07,1.48,19989.19,287.34,7274.84,0,12427.01,925.23,11501.78,0,"organic",2017,"CincinnatiDayton"
39,2016-03-27,1.17,17750.82,347.47,9168.31,0,8235.04,533.33,7701.71,0,"organic",2016,"CincinnatiDayton"
50,2017-01-15,1.88,6349.77,364.39,5229.29,0,756.09,715.87,40.22,0,"organic",2017,"CincinnatiDayton"
25,2017-07-09,1.29,21313.42,172.45,4678.2,0,16462.77,250.82,16211.95,0,"organic",2017,"CincinnatiDayton"
31,2015-05-24,1.48,14589.17,303.66,13023.85,0,1261.66,818.95,442.71,0,"organic",2015,"CincinnatiDayton"
42,2015-03-08,1.17,13070.44,251.86,9304.08,0,3514.5,1373.33,2141.17,0,"organic",2015,"CincinnatiDayton"
4,2015-11-29,1.5,7189.95,284.13,6272.44,0,633.38,263.33,370.05,0,"organic",2015,"CincinnatiDayton"
48,2016-01-24,1.42,11874.46,411.54,7551.79,0,3911.13,186.67,3724.46,0,"organic",2016,"CincinnatiDayton"
40,2015-03-22,1.25,13781.05,376.93,13270.16,0,133.96,106.67,27.29,0,"organic",2015,"CincinnatiDayton"
8,2016-10-30,1.52,15523.6,453.79,10104.3,0,4965.51,262.77,4702.74,0,"organic",2016,"CincinnatiDayton"
26,2017-07-02,1.28,27470.57,201.06,4916.62,0,22352.89,718.47,21634.42,0,"organic",2017,"CincinnatiDayton"
1,2015-12-20,1.47,7113.17,303.65,6449.34,0,360.18,173.03,187.15,0,"organic",2015,"CincinnatiDayton"
0,2018-03-25,1.66,15502.38,728.9,4308.74,0,10464.74,7398.87,3065.87,0,"organic",2018,"CincinnatiDayton"
49,2017-01-22,1.58,7209.5,235.68,4884.31,0,2089.51,694.68,1394.83,0,"organic",2017,"CincinnatiDayton"
47,2016-01-31,1.3,11109.1,335.93,6835.59,0,3937.58,166.67,3770.91,0,"organic",2016,"CincinnatiDayton"
43,2017-03-05,0.44,64057.04,223.84,4748.88,0,59084.32,638.68,58445.64,0,"organic",2017,"CincinnatiDayton"
10,2016-10-16,1.23,16206.87,660.88,6583.77,0,8962.22,1830.5,7131.72,0,"organic",2016,"CincinnatiDayton"
17,2015-08-30,1.56,14000.96,459.35,11740.46,0,1801.15,190,1611.15,0,"organic",2015,"CincinnatiDayton"
30,2016-05-29,1.24,14695.59,459.73,8442.84,0,5793.02,923.63,4869.39,0,"organic",2016,"CincinnatiDayton"
8,2018-01-28,1.51,15027.47,702.32,4805.49,0,9519.66,3133.44,6386.22,0,"organic",2018,"CincinnatiDayton"
48,2015-01-25,1.26,10191.82,220.4,8150.22,0,1821.2,377.77,1443.43,0,"organic",2015,"CincinnatiDayton"
26,2016-06-26,1.02,19243.4,482.14,9041.74,0,9719.52,767.81,8951.71,0,"organic",2016,"CincinnatiDayton"
43,2016-02-28,1.47,9125.44,414.52,8307.16,0,403.76,280,123.76,0,"organic",2016,"CincinnatiDayton"
45,2015-02-15,1.22,10742.08,264.74,9452.15,0,1025.19,780,245.19,0,"organic",2015,"CincinnatiDayton"
29,2015-06-07,1.46,12893.69,209.83,11403.27,0,1280.59,985.63,294.96,0,"organic",2015,"CincinnatiDayton"
12,2015-10-04,1.54,10231.74,341.89,8519,0,1370.85,303.33,1067.52,0,"organic",2015,"CincinnatiDayton"
