Lab Assignments/Lab-tidyr-Avocados/avocado.csv
"X1","Date","AveragePrice","Total Volume","4046","4225","4770","Total Bags","Small Bags","Large Bags","XLarge Bags","type","year","region"
0,2015-12-27,1.05,2065131.33,435246.31,1022861.71,103811.97,503211.34,464119.16,35717.26,3374.92,"conventional",2015,"Midsouth"
12,2016-10-02,1.38,2540672.44,662661.76,965796.82,77380.74,834833.12,709302.35,123116.88,2413.89,"conventional",2016,"Midsouth"
25,2017-07-09,1.29,3173372.45,643600.31,1287442.95,27337.2,1214991.99,969121.67,191301.87,54568.45,"conventional",2017,"Midsouth"
17,2016-08-28,1.3,2799097.68,745329.31,1165119.09,67370.64,821278.64,738431.65,65178.37,17668.62,"conventional",2016,"Midsouth"
34,2017-05-07,1.19,4372728.72,926758.39,1699122.93,47936.74,1698910.66,1456000.83,237524.29,5385.54,"conventional",2017,"Midsouth"
10,2017-10-22,1.56,2380544.44,537789.18,1026119.76,20115.07,796520.43,698822.91,97558.95,138.57,"conventional",2017,"Midsouth"
15,2016-09-11,1.18,3068639.36,938277.4,1164893.69,82491.6,882976.67,747297.58,133300.76,2378.33,"conventional",2016,"Midsouth"
8,2016-10-30,1.48,2083054.88,606275.55,713427.63,107745.17,655606.53,547423,104591.3,3592.23,"conventional",2016,"Midsouth"
1,2015-12-20,1.05,2044020.93,446433.13,1024405.09,96387.48,476795.23,434534.42,38523.1,3737.71,"conventional",2015,"Midsouth"
11,2017-10-15,1.63,2395914.69,529662.41,1066264.19,21955.24,778032.85,654675.29,123337.18,20.38,"conventional",2017,"Midsouth"
1,2018-03-18,1.03,4558888.55,977322.22,1305676.96,24247.96,2251641.41,2062091.77,175886.82,13662.82,"conventional",2018,"Midsouth"
14,2016-09-18,1.28,2785256.41,850690.32,1019588.17,70265.42,844712.5,707259.08,137295.64,157.78,"conventional",2016,"Midsouth"
13,2015-09-27,1.11,2390611.02,479660.47,1206766.08,274903.15,429281.32,383854.11,43807.49,1619.72,"conventional",2015,"Midsouth"
12,2017-10-08,1.72,2133166.39,515353.83,852450.97,19640.32,745721.27,630328.89,115357.54,34.84,"conventional",2017,"Midsouth"
43,2017-03-05,1.14,3397985.84,737562.33,1432039.9,51390.66,1176992.95,1044380.88,131525.12,1086.95,"conventional",2017,"Midsouth"
24,2015-07-12,1.13,2783554.82,532046.38,1337980.83,205773.72,707753.89,662158.17,44652.53,943.19,"conventional",2015,"Midsouth"
45,2016-02-14,0.99,3173460.24,654357.46,1639480.98,144264.21,735357.59,620880.86,113431.73,1045,"conventional",2016,"Midsouth"
30,2016-05-29,1.09,3349139.43,708286.6,1603134.92,199248.47,838469.44,736868.61,87305.62,14295.21,"conventional",2016,"Midsouth"
36,2015-04-19,1.18,2711008.32,654378.33,1125460.56,190006.01,741163.42,701805.76,37167.77,2189.89,"conventional",2015,"Midsouth"
47,2015-02-01,0.99,3668037.65,888523.17,1798504.77,388259.15,592750.56,464442.27,125798.21,2510.08,"conventional",2015,"Midsouth"
2,2018-03-11,1.15,3874143.18,1003594.96,1291212.19,26832.41,1552503.62,1389780.99,153631.49,9091.14,"conventional",2018,"Midsouth"
43,2016-02-28,1.05,3032920.39,593530.85,1680329.57,106123.73,652936.24,544827.75,105806.49,2302,"conventional",2016,"Midsouth"
49,2016-01-17,1.05,3001683.91,631861.3,1547484.48,136752.83,685585.3,613646.83,70548.01,1390.46,"conventional",2016,"Midsouth"
36,2016-04-17,1.06,3029003.02,544932.88,1613809.61,97349.53,772911,692332.57,75800.03,4778.4,"conventional",2016,"Midsouth"
14,2017-09-24,1.6,2466210.08,494295.13,1150979.86,19549.26,801385.83,704199.37,96708.78,477.68,"conventional",2017,"Midsouth"
17,2015-08-30,1.18,2535192.78,516825.42,1161145.08,196950.9,660271.38,620018.68,36845.26,3407.44,"conventional",2015,"Midsouth"
48,2017-01-29,1.22,3151000.47,740797,1363481.75,43527.67,1003194.05,845213.44,153112.84,4867.77,"conventional",2017,"Midsouth"
37,2017-04-16,1.43,2965083.46,618949.71,1222427.88,31587.43,1092118.44,962599.6,125318.67,4200.17,"conventional",2017,"Midsouth"
46,2017-02-12,1.07,3403723.66,936823.61,1373680.54,38397.21,1054822.3,860148.6,190222.35,4451.35,"conventional",2017,"Midsouth"
46,2016-02-07,0.91,4131614.84,867821.71,2164456.6,220032.02,879304.51,712463.41,162491.57,4349.53,"conventional",2016,"Midsouth"
22,2016-07-24,1.32,2914817.51,611049.2,1286835.89,133520.1,883412.32,738517.02,97932.68,46962.62,"conventional",2016,"Midsouth"
27,2016-06-19,1.16,3304967.62,674982.83,1530425.54,230513.77,869045.48,750464.94,81187.92,37392.62,"conventional",2016,"Midsouth"
11,2015-10-11,1.13,2329757.67,469059.21,1057488.47,277954.43,525255.56,455592.88,68091.96,1570.72,"conventional",2015,"Midsouth"
23,2017-07-23,1.34,2886538.37,613826.71,1240751.66,26154.28,1005805.72,861274.69,114928.95,29602.08,"conventional",2017,"Midsouth"
50,2016-01-10,1.04,2871898.66,603274.41,1439156.96,141334.22,688133.07,601246.48,85472.6,1413.99,"conventional",2016,"Midsouth"
38,2016-04-03,1.07,2690267.94,564866.92,1351629.65,78798.43,694972.94,593439.47,99452.54,2080.93,"conventional",2016,"Midsouth"
19,2017-08-20,1.41,2865414.36,613834.15,1140930.95,23579.86,1087069.4,904139.21,145663,37267.19,"conventional",2017,"Midsouth"
39,2017-04-02,1.3,3350938.53,670531.47,1325656.97,32123.7,1322626.39,1192231.15,126225.16,4170.08,"conventional",2017,"Midsouth"
5,2016-11-20,1.48,1999044.43,478380.64,712348.38,53734.01,754581.4,664868.53,87750.1,1962.77,"conventional",2016,"Midsouth"
45,2015-02-15,1.17,2420829.45,634266.43,982380.32,206499.63,597683.07,515932.56,81139.48,611.03,"conventional",2015,"Midsouth"
38,2017-04-09,2.02,8814.73,247.84,5759.67,705.1,2102.12,1909.12,193,0,"organic",2017,"Charlotte"
15,2017-09-17,2.77,8821.08,22.96,4305.79,157.1,4335.23,4168.73,166.5,0,"organic",2017,"Charlotte"
24,2015-07-12,2.13,3962.07,287.98,1458.03,1144.44,1071.62,1071.62,0,0,"organic",2015,"Charlotte"
50,2017-01-15,1.5,10672.07,148.64,4643.38,570.26,5309.79,4702.52,607.27,0,"organic",2017,"Charlotte"
3,2016-12-04,1.99,5851.2,93.04,2472.52,346.29,2939.35,2603.32,336.03,0,"organic",2016,"Charlotte"
11,2015-10-11,1.94,3614.95,253.41,1370.54,1016.7,974.3,974.3,0,0,"organic",2015,"Charlotte"
11,2016-10-09,1.64,10308.86,246.32,4951.79,759.62,4351.13,4276,75.13,0,"organic",2016,"Charlotte"
40,2017-03-26,2.01,8724,276.46,5908.44,559.41,1979.69,1581.58,398.11,0,"organic",2017,"Charlotte"
0,2018-03-25,1.77,12030.96,17.85,5964.29,161.23,5887.59,5792.37,95.22,0,"organic",2018,"Charlotte"
29,2016-06-05,1.6,6062.33,343.3,2507.58,694.74,2516.71,2513.38,3.33,0,"organic",2016,"Charlotte"
49,2016-01-17,1.92,2997.36,469.83,1659.7,587.83,280,276.67,3.33,0,"organic",2016,"Charlotte"
49,2017-01-22,1.48,8443.85,92.31,3486.55,448.82,4416.17,3971.5,444.67,0,"organic",2017,"Charlotte"
8,2018-01-28,1.76,12432.58,21.47,6626.86,271.36,5512.89,5080.46,432.43,0,"organic",2018,"Charlotte"
29,2017-06-11,2.15,9586.49,285.37,4582.85,302.45,4415.82,4415.82,0,0,"organic",2017,"Charlotte"
46,2016-02-07,1.82,3529.44,385.1,1740.65,640.36,763.33,763.33,0,0,"organic",2016,"Charlotte"
3,2015-12-06,1.95,2487.94,162.31,1278.07,577.56,470,470,0,0,"organic",2015,"Charlotte"
33,2016-05-08,1.79,5581.18,299.93,3030.75,767.24,1483.26,1483.26,0,0,"organic",2016,"Charlotte"
25,2017-07-09,2.06,8788.78,5.97,5370.27,348.47,3064.07,3064.07,0,0,"organic",2017,"Charlotte"
22,2016-07-24,1.62,8306.2,388.08,4288.98,1242.32,2386.82,2383.49,3.33,0,"organic",2016,"Charlotte"
17,2016-08-28,1.78,8617.46,338.94,3830.43,738.3,3709.79,3656.46,53.33,0,"organic",2016,"Charlotte"
41,2015-03-15,1.87,3890.97,205.39,1300.42,1102.84,1282.32,1282.32,0,0,"organic",2015,"Charlotte"
4,2016-11-27,2.03,6587.92,163.77,2762.34,514.03,3147.78,2766.84,380.94,0,"organic",2016,"Charlotte"
34,2017-05-07,2.31,8083.68,146.19,5186.8,414.39,2336.3,1777.58,558.72,0,"organic",2017,"Charlotte"
51,2016-01-03,1.78,4284.47,749.2,1979.18,705.6,850.49,821.36,29.13,0,"organic",2016,"Charlotte"
36,2016-04-17,1.77,4460.01,400.23,2383.44,505.61,1170.73,1170.73,0,0,"organic",2016,"Charlotte"
8,2015-11-01,1.92,3507.63,317.46,1300.88,1100.02,789.27,789.27,0,0,"organic",2015,"Charlotte"
47,2017-02-05,1.62,8473.46,140.61,3540.95,461.31,4330.59,4075.6,254.99,0,"organic",2017,"Charlotte"
39,2017-04-02,1.95,10320.1,277.75,6849.46,639.44,2553.45,1828.88,724.57,0,"organic",2017,"Charlotte"
32,2016-05-15,1.69,6007.48,320.43,2628.62,554.28,2504.15,2500.82,3.33,0,"organic",2016,"Charlotte"
27,2017-06-25,1.99,9404.14,31.85,5152.64,283.56,3936.09,3926.09,10,0,"organic",2017,"Charlotte"
34,2016-05-01,1.68,5736.02,268.44,2921.35,718.82,1827.41,1827.41,0,0,"organic",2016,"Charlotte"
45,2017-02-19,1.67,9418.55,299.88,4076.97,598.59,4443.11,4295.31,147.8,0,"organic",2017,"Charlotte"
9,2016-10-23,1.64,9342.71,147.98,4509.02,811.96,3873.75,3400.36,473.39,0,"organic",2016,"Charlotte"
46,2017-02-12,1.63,9089.66,148.37,4040.19,418.86,4482.24,4319.92,162.32,0,"organic",2017,"Charlotte"
7,2016-11-06,1.92,9664.27,208.66,3144.06,728.54,5583.01,5234.36,348.65,0,"organic",2016,"Charlotte"
30,2017-06-04,2.47,7061.26,295.98,4783.78,342.96,1638.54,1638.54,0,0,"organic",2017,"Charlotte"
16,2015-09-06,2.01,4259.63,250.27,1331.42,1018.35,1659.59,1659.59,0,0,"organic",2015,"Charlotte"
0,2015-12-27,1.46,142710.36,29880.32,48416.71,38.63,64374.7,17464.54,46910.16,0,"organic",2015,"West"
11,2016-10-09,1.68,126192.84,30116.28,33882.82,189.03,62004.71,29570.26,32434.45,0,"organic",2016,"West"
46,2016-02-07,1.22,196570.63,23296.91,54945.8,102.18,118225.74,52341.87,65883.87,0,"organic",2016,"West"
28,2017-06-18,1.68,215628.86,37443.94,48934.78,159.38,129090.76,31850.15,97240.61,0,"organic",2017,"West"
38,2016-04-03,1.27,226558.02,35134.68,77837.8,115.48,113470.06,44860.97,68609.09,0,"organic",2016,"West"
51,2015-01-04,1.4,187548.3,70313.71,72942.11,24.3,44268.18,10023.72,34244.46,0,"organic",2015,"West"
27,2017-06-25,1.93,188845.44,30258.04,67981.62,110.31,90495.47,30115.47,60380,0,"organic",2017,"West"
23,2016-07-17,1.85,179798.46,51709.18,80874.26,91.31,47123.71,23318.33,23805.38,0,"organic",2016,"West"
21,2016-07-31,1.65,189615.28,50386.72,54278.15,106.15,84844.26,29501.17,55343.09,0,"organic",2016,"West"
49,2016-01-17,1.27,190161.43,28881.17,58843.29,69.26,102367.71,20133.83,82233.88,0,"organic",2016,"West"
29,2015-06-07,1.74,192122.01,81830.79,74180.44,122.03,35988.75,7351.98,28636.77,0,"organic",2015,"West"
26,2016-06-26,1.56,213439.57,57147.64,101491.99,226.13,54573.81,17817.37,36756.44,0,"organic",2016,"West"
18,2017-08-27,2.51,154828.39,23404.34,32438.46,68.4,98917.19,65124.7,33792.49,0,"organic",2017,"West"
1,2017-12-24,1.66,232395.98,30630.73,38800.38,84.09,162880.78,90385.44,72367.24,128.1,"organic",2017,"West"
19,2015-08-16,1.67,214374.59,58956.38,90741.76,17.51,64658.94,6931.2,57727.74,0,"organic",2015,"West"
47,2017-02-05,1.15,227693.33,35703.61,46107.73,71.74,145810.25,41936.54,103873.71,0,"organic",2017,"West"
4,2016-11-27,1.52,168440.43,28656.52,31983.14,64.8,107735.97,31027.16,76708.81,0,"organic",2016,"West"
50,2017-01-15,1.06,268743.11,43816.58,41834.41,471.92,182620.2,62810,119810.2,0,"organic",2017,"West"
27,2015-06-21,1.57,214929.13,79625.61,96596.31,135.42,38571.79,5631.69,32940.1,0,"organic",2015,"West"
27,2016-06-19,1.49,244706.99,70317.09,133145.27,206.8,41037.83,17327.6,23710.23,0,"organic",2016,"West"
12,2017-10-08,2.37,153186.84,25306.59,26921.31,62.43,100896.51,65388.81,35461.95,45.75,"organic",2017,"West"
11,2017-10-15,2.08,174251.28,31939.47,25749.52,162.84,116399.45,77304.07,39087.96,7.42,"organic",2017,"West"
6,2017-11-19,1.96,152431.73,19683.27,31559.25,69.86,101119.35,60158.89,40770.88,189.58,"organic",2017,"West"
3,2018-03-04,1.46,347373.17,25990.6,71213.19,79.01,250090.37,85835.17,164087.33,167.87,"organic",2018,"West"
30,2017-06-04,1.52,263143.18,46575.21,50359.11,146.97,166061.89,31550.55,134511.34,0,"organic",2017,"West"
41,2017-03-19,1.24,274558.89,38225.62,50707.86,64.73,185560.68,106162.68,79398,0,"organic",2017,"West"
0,2017-12-31,1.48,229477.07,26883.07,53165.3,86.61,149342.09,66254.72,82977.6,109.77,"organic",2017,"West"
28,2015-06-14,1.71,194492.22,79176.9,72391.43,282.49,42641.4,9416.59,33224.81,0,"organic",2015,"West"
22,2016-07-24,1.88,168610.5,49512.52,69123.8,186.93,49787.25,33356.15,16431.1,0,"organic",2016,"West"
12,2015-10-04,1.61,176416.14,27947.64,79505.2,59.03,68904.27,2908.21,65996.06,0,"organic",2015,"West"
1,2016-12-18,1.23,173890.1,27404.62,34331.66,185.11,111968.71,27269.38,84699.33,0,"organic",2016,"West"
41,2015-03-15,1.41,236130.36,100362.24,106186.35,69.48,29512.29,7666.67,21845.62,0,"organic",2015,"West"
2,2018-03-11,1.63,264691.87,27566.25,60383.57,276.42,176465.63,107174.93,69290.7,0,"organic",2018,"West"
10,2016-10-16,1.56,152876.61,23968.08,36780.7,57.44,92070.39,25657.03,66413.36,0,"organic",2016,"West"
29,2017-06-11,1.59,260068.85,52927.66,47810.13,209.8,159121.26,29519.07,129602.19,0,"organic",2017,"West"
31,2016-05-22,1.27,321890.92,69931.66,137437.19,546.57,113975.5,52117.86,61857.64,0,"organic",2016,"West"
42,2016-03-06,0.96,356224.38,35600.89,76142.32,121.22,244359.95,97380.11,146979.84,0,"organic",2016,"West"
52,2017-01-01,1.92,13901.46,1420.47,6298.07,325.44,5857.48,5857.48,0,0,"organic",2017,"BaltimoreWashington"
39,2016-03-27,1.65,17017.63,1397.56,7193.83,301.19,8125.05,7020.96,1104.09,0,"organic",2016,"BaltimoreWashington"
41,2016-03-13,1.54,19068.45,851.45,8994,281.67,8941.33,5005.66,3935.67,0,"organic",2016,"BaltimoreWashington"
16,2016-09-04,2.03,19197.78,705.28,9032.33,432.03,9028.14,9025.34,2.8,0,"organic",2016,"BaltimoreWashington"
11,2015-10-11,1.53,9453.04,459.96,5639.91,597.61,2755.56,1033.33,1722.23,0,"organic",2015,"BaltimoreWashington"
9,2017-10-29,1.81,37155.43,986.73,9121.99,99.38,26947.33,26934,13.33,0,"organic",2017,"BaltimoreWashington"
4,2016-11-27,2.17,12675.57,676.38,6554.56,239.91,5204.72,5195.78,8.94,0,"organic",2016,"BaltimoreWashington"
33,2016-05-08,1.52,21296.42,1619.89,11266.77,322.16,8087.6,6751.58,1336.02,0,"organic",2016,"BaltimoreWashington"
3,2016-12-04,2.15,13989.25,947.03,6090.79,266.84,6684.59,6684.59,0,0,"organic",2016,"BaltimoreWashington"
26,2015-06-28,1.7,11718.49,5562.43,2728.68,882.13,2545.25,2545.25,0,0,"organic",2015,"BaltimoreWashington"
27,2017-06-25,2.21,22445.91,792.09,11005.95,179.93,10467.94,10461.28,6.66,0,"organic",2017,"BaltimoreWashington"
18,2015-08-23,1.72,11555.75,4288.75,3541.08,635.31,3090.61,3087.86,2.75,0,"organic",2015,"BaltimoreWashington"
36,2017-04-23,2.14,24138.64,809.43,11476.21,188.34,11664.66,11661.91,2.75,0,"organic",2017,"BaltimoreWashington"
21,2017-08-06,1.65,41701.43,1372.7,10746.78,148.14,29433.81,29420.48,13.33,0,"organic",2017,"BaltimoreWashington"
19,2017-08-20,1.75,39133.75,924.94,8272.68,114.95,29821.18,29816.74,4.44,0,"organic",2017,"BaltimoreWashington"
50,2015-01-11,1.22,26008.88,12258.26,7094.53,490.24,6165.85,6165.85,0,0,"organic",2015,"BaltimoreWashington"
6,2016-11-13,2.2,11635.47,842,6128.37,449.44,4215.66,4209.51,6.15,0,"organic",2016,"BaltimoreWashington"
10,2017-10-22,1.64,47486.93,815.38,10255.4,71.21,36344.94,36343.5,1.44,0,"organic",2017,"BaltimoreWashington"
44,2015-02-22,1.19,23920.36,12844.54,5815.13,667.62,4593.07,4593.07,0,0,"organic",2015,"BaltimoreWashington"
30,2016-05-29,1.7,23435.02,754.48,10667.23,322.07,11691.24,9420.82,2270.42,0,"organic",2016,"BaltimoreWashington"
34,2017-05-07,2.13,21753.01,964.17,9975.92,229.32,10583.6,10561.56,22.04,0,"organic",2017,"BaltimoreWashington"
39,2015-03-29,1.63,15847.83,7578.28,3597.75,786.94,3884.86,3884.86,0,0,"organic",2015,"BaltimoreWashington"
8,2015-11-01,1.6,9421.09,3323.3,4105.67,687.55,1304.57,935.87,368.7,0,"organic",2015,"BaltimoreWashington"
50,2017-01-15,1.82,20759.34,1359.33,8445.66,294.96,10659.39,10651.09,8.3,0,"organic",2017,"BaltimoreWashington"
1,2018-03-18,1.41,45505,2132.2,6130.5,76.41,37165.89,37157.4,8.49,0,"organic",2018,"BaltimoreWashington"
42,2016-03-06,1.41,21611.1,658.79,10332.37,340.33,10279.61,2023.14,8256.47,0,"organic",2016,"BaltimoreWashington"
16,2015-09-06,1.58,14379.6,2634.99,5041.08,717.8,5985.73,5977.42,8.31,0,"organic",2015,"BaltimoreWashington"
5,2016-11-20,2.03,13147.71,639.47,6753.59,330.46,5424.19,5399.24,24.95,0,"organic",2016,"BaltimoreWashington"
51,2016-01-03,1.56,16106.89,581.45,6584.41,507.32,8433.71,1212.32,7221.39,0,"organic",2016,"BaltimoreWashington"
