Lab Assignments/Lab-tidyr-Avocados/avocado.csv
"X1","Date","AveragePrice","Total Volume","4046","4225","4770","Total Bags","Small Bags","Large Bags","XLarge Bags","type","year","region"
22,2016-07-24,1.75,103128.79,3832.04,54656.68,5019.61,39620.46,32405.39,7215.07,0,"organic",2016,"Midsouth"
10,2017-10-22,1.8,168429.18,2401.85,39858.54,607.05,125561.74,115932.33,9629.41,0,"organic",2017,"Midsouth"
34,2016-05-01,1.55,97128.22,3562.55,47499.55,2559.25,43506.87,33707.03,9799.84,0,"organic",2016,"Midsouth"
12,2015-10-04,1.73,53587.09,2184.76,32902.43,3190.88,15309.02,12203.37,3105.65,0,"organic",2015,"Midsouth"
44,2015-02-22,1.4,75957.01,15459.67,35943.26,4053.24,20500.84,18497.02,2003.82,0,"organic",2015,"Midsouth"
7,2017-11-12,1.82,131020.52,2436.31,32888.12,627.22,95065.94,89571.58,5494.36,0,"organic",2017,"Midsouth"
21,2017-08-06,1.88,147783.08,3190.54,45905.95,871.79,97806.05,86645.75,11160.3,0,"organic",2017,"Midsouth"
23,2016-07-17,1.59,118719.38,3707.88,49191.43,4810.24,61009.83,36568.73,24441.1,0,"organic",2016,"Midsouth"
45,2016-02-14,1.52,66026.03,2939.06,32755.22,1927.84,28403.91,16485.43,11918.48,0,"organic",2016,"Midsouth"
5,2016-11-20,1.46,113766.24,2098.8,35783.89,2138.95,73744.6,37946.97,35797.63,0,"organic",2016,"Midsouth"
4,2016-11-27,1.7,86492.45,2136.81,31954.82,1694.84,50705.98,30998.32,19707.66,0,"organic",2016,"Midsouth"
18,2016-08-21,1.65,122874.61,5502.21,51927.71,3270.04,62174.65,46959.29,15215.36,0,"organic",2016,"Midsouth"
31,2017-05-28,1.91,129046.19,4061.5,52094.56,1610.71,71279.42,36140.3,35139.12,0,"organic",2017,"Midsouth"
38,2017-04-09,1.5,137962.99,3866.01,54710.71,2285.58,77100.69,34323.06,42777.63,0,"organic",2017,"Midsouth"
42,2016-03-06,1.44,82249.97,3310.73,48133.42,2104.76,28701.06,11159.01,17542.05,0,"organic",2016,"Midsouth"
17,2017-09-03,2.13,167349.41,6815.74,41002.21,840.59,118690.87,100375.43,18315.44,0,"organic",2017,"Midsouth"
50,2017-01-15,1.67,88279.56,3414.04,43794.8,2191.38,38879.34,37053.18,1826.16,0,"organic",2017,"Midsouth"
34,2017-05-07,1.96,111062.12,2964.11,48570.73,1704.61,57822.67,35661.6,22161.07,0,"organic",2017,"Midsouth"
22,2017-07-30,1.68,143256.61,3072.11,44213.86,991.22,94976.86,80259.26,14717.6,0,"organic",2017,"Midsouth"
4,2018-02-25,1.61,179220.19,3635.67,46267.02,672.63,128644.87,112039.31,16605.56,0,"organic",2018,"Midsouth"
8,2015-11-01,1.61,54907.07,5463.85,26550.99,3798.97,19093.26,12311.91,6781.35,0,"organic",2015,"Midsouth"
14,2017-09-24,1.91,176556.11,4036.4,34545.41,517.42,137448.65,115927.2,21521.45,0,"organic",2017,"Midsouth"
43,2016-02-28,1.58,60098.19,2835.2,36495.81,1921.79,18845.39,11789.84,7055.55,0,"organic",2016,"Midsouth"
28,2015-06-14,1.6,75740.17,8396.47,33250.84,4677.73,29415.13,20211.79,9203.34,0,"organic",2015,"Midsouth"
30,2016-05-29,1.46,110144.07,3480.08,49135.01,2383.67,55145.31,34549.61,20595.7,0,"organic",2016,"Midsouth"
25,2016-07-03,1.52,106192.85,3151.7,49420.99,3476.87,50143.29,27090.98,23052.31,0,"organic",2016,"Midsouth"
27,2015-06-21,1.65,67376.23,7698.52,38237.89,4064.84,17374.98,11504.18,5870.8,0,"organic",2015,"Midsouth"
13,2015-09-27,1.76,52253.69,2191.94,31426.09,3164.97,15470.69,13112.36,2358.33,0,"organic",2015,"Midsouth"
16,2016-09-04,1.52,139031.27,2643.48,52375.95,2926.09,81085.75,45683.66,35402.09,0,"organic",2016,"Midsouth"
31,2015-05-24,1.37,107181.78,9466.95,54218.49,5347.87,38148.47,22674.58,15473.89,0,"organic",2015,"Midsouth"
37,2016-04-10,1.18,143035.65,3698.97,67804.99,2131.31,69400.38,45422.41,23977.97,0,"organic",2016,"Midsouth"
46,2017-02-12,1.21,129193.22,3448.61,41590.11,1599.36,82555.14,35082.56,47472.58,0,"organic",2017,"Midsouth"
33,2015-05-10,1.28,107735.95,9453.83,49525.46,5246.3,43510.36,20888.16,22622.2,0,"organic",2015,"Midsouth"
40,2017-03-26,1.41,139274.81,4177.03,50392.67,2224.98,82480.13,31877.73,50602.4,0,"organic",2017,"Midsouth"
25,2017-07-09,1.88,109427.64,3114.64,50540.83,1282.83,54489.34,35708.96,18780.38,0,"organic",2017,"Midsouth"
51,2016-01-03,1.13,502583.68,349992.75,44399.13,40.78,108151.02,64404.45,43746.57,0,"conventional",2016,"MiamiFtLauderdale"
30,2017-06-04,1.49,687913.86,449727.4,85907.47,238.92,152040.07,84992.72,64412.35,2635,"conventional",2017,"MiamiFtLauderdale"
24,2017-07-16,1.48,523617.87,367930.59,65180.09,301.98,90205.21,38434.8,41978.19,9792.22,"conventional",2017,"MiamiFtLauderdale"
23,2016-07-17,1.24,516716.17,241386.54,136077.96,190.34,139061.33,79192.74,43113.59,16755,"conventional",2016,"MiamiFtLauderdale"
3,2017-12-10,1.03,713866,484033.33,71985.61,6988.61,150858.45,75190.47,75667.98,0,"conventional",2017,"MiamiFtLauderdale"
28,2017-06-18,1.52,505828.46,311873.22,66760.95,105.13,127089.16,51803.99,62943.5,12341.67,"conventional",2017,"MiamiFtLauderdale"
10,2017-10-22,1.59,558315.26,378185.3,61183.38,183.75,118762.83,61151.44,57611.39,0,"conventional",2017,"MiamiFtLauderdale"
20,2017-08-13,1.51,568797.63,383486.57,70899.96,207.86,114203.24,31618.38,73383.75,9201.11,"conventional",2017,"MiamiFtLauderdale"
49,2017-01-22,1.05,793514.22,308899.67,230819.58,377.73,253417.24,71856.16,181454.14,106.94,"conventional",2017,"MiamiFtLauderdale"
20,2015-08-09,0.97,655821.9,450713.76,86740.57,81.16,118286.41,61527.63,56758.78,0,"conventional",2015,"MiamiFtLauderdale"
0,2018-03-25,1.37,698961.15,474642.82,53923.97,2049.21,168345.15,106478.51,61776.64,90,"conventional",2018,"MiamiFtLauderdale"
46,2016-02-07,0.59,1180631.07,649646.72,241271.36,231.23,289481.76,71559.97,217921.79,0,"conventional",2016,"MiamiFtLauderdale"
30,2016-05-29,0.97,849097.69,513204.86,167161,248.87,168482.96,64610.91,93591.22,10280.83,"conventional",2016,"MiamiFtLauderdale"
4,2017-12-03,1.35,550215,358080,50526,9947,131661,75459,56202,0,"conventional",2017,"MiamiFtLauderdale"
9,2016-10-23,1.59,437488.84,164118.89,125399.44,247.99,147722.52,39215.23,108323.96,183.33,"conventional",2016,"MiamiFtLauderdale"
13,2015-09-27,1.31,318048.12,200219.37,57857.02,40.63,59931.1,35358.56,24572.54,0,"conventional",2015,"MiamiFtLauderdale"
19,2017-08-20,1.7,468514.7,317677.27,56349.59,184.51,94303.33,34142.86,54596.03,5564.44,"conventional",2017,"MiamiFtLauderdale"
15,2017-09-17,1.84,409206.24,278164.17,53156.3,50.37,77835.4,16642.51,61152.89,40,"conventional",2017,"MiamiFtLauderdale"
31,2016-05-22,1.26,497819.63,273987.6,103459.89,257.43,120114.71,56006.36,54738.35,9370,"conventional",2016,"MiamiFtLauderdale"
32,2016-05-15,0.88,889357.25,408466.47,227686.36,223.52,252980.9,64835.66,185705.24,2440,"conventional",2016,"MiamiFtLauderdale"
13,2016-09-25,1.43,558552.18,251034.89,108280.87,180.9,199055.52,80169.65,118396.98,488.89,"conventional",2016,"MiamiFtLauderdale"
44,2015-02-22,1.24,369819.98,256141.1,35032.65,67.64,78578.59,51870.47,26708.12,0,"conventional",2015,"MiamiFtLauderdale"
3,2015-12-06,1.25,340513.61,247061.97,34861.19,83.27,58507.18,25297.27,33209.91,0,"conventional",2015,"MiamiFtLauderdale"
46,2015-02-08,1.25,348210.5,249833.46,35897.43,34.5,62445.11,36164.82,26280.29,0,"conventional",2015,"MiamiFtLauderdale"
4,2015-11-29,0.98,470218.14,349408.27,42435.51,70.13,78304.23,27392.48,50911.75,0,"conventional",2015,"MiamiFtLauderdale"
43,2017-03-05,1.67,464210.89,273177.19,78151.22,228.88,112653.6,56960.63,55692.97,0,"conventional",2017,"MiamiFtLauderdale"
35,2015-04-26,1.25,476017.06,341780.74,41476.06,120.02,92640.24,63701.43,28442.98,495.83,"conventional",2015,"MiamiFtLauderdale"
22,2016-07-24,1.28,520496.36,250298.08,132336.77,164.45,137697.06,78153.46,46751.66,12791.94,"conventional",2016,"MiamiFtLauderdale"
50,2016-01-10,0.97,702726.81,493952.15,82027.84,249.76,126497.06,58416.81,68080.25,0,"conventional",2016,"MiamiFtLauderdale"
39,2017-04-02,1.71,493610.85,299394.5,74726.71,285.88,119203.76,63253.12,55950.64,0,"conventional",2017,"MiamiFtLauderdale"
32,2017-05-21,1.49,605721.02,383030.29,75985.14,127.05,146578.54,86440.86,60137.68,0,"conventional",2017,"MiamiFtLauderdale"
21,2017-08-06,1.48,501154.94,341186.45,64789.85,324.38,94854.26,38651.03,48348.78,7854.45,"conventional",2017,"MiamiFtLauderdale"
40,2017-03-26,1.71,498987.31,297987.32,79372.45,370.75,121256.79,59606.47,61500.32,150,"conventional",2017,"MiamiFtLauderdale"
12,2016-10-02,1.51,539574.59,221783.43,125421.99,360.91,192008.26,71779.19,120229.07,0,"conventional",2016,"MiamiFtLauderdale"
13,2017-10-01,2.04,399836.65,254127.88,48863.68,187.25,96657.84,54423.36,42234.48,0,"conventional",2017,"MiamiFtLauderdale"
37,2015-04-12,1,692569.85,525432.6,63130.09,59.84,103947.32,47627.94,56319.38,0,"conventional",2015,"MiamiFtLauderdale"
8,2017-11-05,1.53,463170.5,314039.49,47476.82,392.9,101261.29,66124.03,35137.26,0,"conventional",2017,"MiamiFtLauderdale"
34,2017-05-07,1.17,910239.07,569792.16,130126.67,689.42,209630.82,96700.11,112930.71,0,"conventional",2017,"MiamiFtLauderdale"
22,2017-07-30,1.46,501001.78,342501.26,62144.33,358.81,95997.38,34817.34,55121.15,6058.89,"conventional",2017,"MiamiFtLauderdale"
11,2018-01-07,1.22,746903.16,513398.84,68558.71,1946.21,162999.4,75200.98,87798.42,0,"conventional",2018,"MiamiFtLauderdale"
50,2017-01-15,1.43,284386.03,4665.17,223678.05,7893.25,48149.56,46455.74,1319.66,374.16,"conventional",2017,"HartfordSpringfield"
48,2016-01-24,1.27,317932.59,2330.83,234916.68,304.1,80380.98,75964.48,4411.43,5.07,"conventional",2016,"HartfordSpringfield"
6,2016-11-13,1.82,184928.64,3119.08,129123.05,107.47,52579.04,52391.67,187.37,0,"conventional",2016,"HartfordSpringfield"
7,2015-11-08,1.16,309186.06,5048.2,260745.71,171.88,43220.27,37770.33,5449.94,0,"conventional",2015,"HartfordSpringfield"
24,2017-07-16,1.59,265615.87,10004.17,205771.6,129.66,49710.44,46745.57,1544.87,1420,"conventional",2017,"HartfordSpringfield"
10,2018-01-14,1.53,289124.31,6006.14,215891.85,128.82,67097.5,60219.1,6878.4,0,"conventional",2018,"HartfordSpringfield"
15,2016-09-11,1.22,364052.46,84826.25,225724.26,197.17,53304.78,52152.39,1137.39,15,"conventional",2016,"HartfordSpringfield"
50,2016-01-10,1.26,284119.04,3361.85,213814.5,238.17,66704.52,64792.83,1911.69,0,"conventional",2016,"HartfordSpringfield"
26,2017-07-02,1.76,259782.83,9173.43,191483.01,549.47,58576.92,46887.32,8666.82,3022.78,"conventional",2017,"HartfordSpringfield"
13,2017-10-01,1.6,250057.54,6770.97,189987.47,76.86,53222.24,51546.23,1676.01,0,"conventional",2017,"HartfordSpringfield"
38,2017-04-09,1.74,284522.31,7409.75,199909.01,161.85,77041.7,76173.81,867.89,0,"conventional",2017,"HartfordSpringfield"
38,2015-04-05,1.33,246967.21,4021.27,183801.36,194.45,58950.13,56550.7,2399.43,0,"conventional",2015,"HartfordSpringfield"
8,2017-11-05,1.53,240615.51,5209.01,161648.13,106.23,73652.14,62768.76,10883.38,0,"conventional",2017,"HartfordSpringfield"
18,2016-08-21,1.46,299545.98,2617.98,191018.33,223.9,105685.77,100062.77,4268,1355,"conventional",2016,"HartfordSpringfield"
51,2015-01-04,1.06,332208.14,6387.6,267593.62,165.35,58061.57,55401.31,2660.26,0,"conventional",2015,"HartfordSpringfield"
6,2015-11-15,1.12,275217.97,4680.06,228183.77,197.29,42156.85,40290.46,1866.39,0,"conventional",2015,"HartfordSpringfield"
0,2015-12-27,1.27,243556.57,4427.27,194438.24,169.66,44521.4,43577.26,944.14,0,"conventional",2015,"HartfordSpringfield"
19,2017-08-20,1.74,223619.15,3659.65,155326.78,79.42,64553.3,59503.97,3259.33,1790,"conventional",2017,"HartfordSpringfield"
30,2016-05-29,1.15,382443.83,5717.38,310084.06,433.03,66209.36,63033.05,1485.98,1690.33,"conventional",2016,"HartfordSpringfield"
27,2016-06-19,1.5,335704.35,4764.39,253641.06,308.34,76990.56,73922.77,882.79,2185,"conventional",2016,"HartfordSpringfield"
0,2018-03-25,1.44,345963.16,17715.06,243023.15,242.2,84982.75,82409.99,1066.1,1506.66,"conventional",2018,"HartfordSpringfield"
21,2015-08-02,1.16,323449.77,4543.97,268797.64,1283.94,48824.22,47631.34,1192.88,0,"conventional",2015,"HartfordSpringfield"
15,2017-09-17,1.54,222593.17,7488.87,162728.73,73.1,52302.47,50193.57,2102.23,6.67,"conventional",2017,"HartfordSpringfield"
32,2015-05-17,1.2,358753.17,4623.9,281567.1,249.3,72312.87,69888.23,2424.64,0,"conventional",2015,"HartfordSpringfield"
21,2017-08-06,1.6,262304.2,5057.28,200007.7,223.22,57016,52868.61,2359.61,1787.78,"conventional",2017,"HartfordSpringfield"
43,2015-03-01,1.12,314917.55,4547.97,250129.65,271.71,59968.22,57600.88,2367.34,0,"conventional",2015,"HartfordSpringfield"
45,2017-02-19,1.3,249027.94,30000.58,167971.32,598.22,50457.82,45723.05,4491.71,243.06,"conventional",2017,"HartfordSpringfield"
51,2016-01-03,1.07,322752.02,4199.14,275680.97,297.23,42574.68,41477.93,1096.75,0,"conventional",2016,"HartfordSpringfield"
20,2015-08-09,1.12,354490.75,4619.78,292318.39,706.64,56845.94,55625.9,1220.04,0,"conventional",2015,"HartfordSpringfield"
5,2018-02-18,1.42,283265.66,11150.75,209791.73,212.96,62110.22,60822.76,386.35,901.11,"conventional",2018,"HartfordSpringfield"
1,2018-03-18,1.43,308716.16,16506.01,218357.11,217.92,73635.12,68741.49,3282.52,1611.11,"conventional",2018,"HartfordSpringfield"
14,2016-09-18,1.51,233869.17,37691.02,130354.21,132.81,65691.13,64310.17,1375.96,5,"conventional",2016,"HartfordSpringfield"
51,2017-01-08,1.25,369468.59,5105.33,315473.05,306.22,48583.99,47415.32,1168.67,0,"conventional",2017,"HartfordSpringfield"
10,2016-10-16,1.82,208966.36,4396.67,148210.67,239.04,56119.98,56021.42,98.56,0,"conventional",2016,"HartfordSpringfield"
37,2016-04-10,1.17,280729.03,4510.47,213983.22,172.03,62063.31,61560.21,283.03,220.07,"conventional",2016,"HartfordSpringfield"
46,2016-02-07,0.69,593759.78,307135.68,151185.73,13083.51,122354.86,61003.56,61340.53,10.77,"conventional",2016,"SouthCarolina"
29,2016-06-05,0.94,416168.39,186493.48,103324.3,16909.95,109440.66,66829.1,37354.89,5256.67,"conventional",2016,"SouthCarolina"
25,2016-07-03,0.95,515792.87,214287.07,125503.35,20517.76,155484.69,116583.25,38901.44,0,"conventional",2016,"SouthCarolina"
26,2017-07-02,1.28,413263.16,179977.91,86915.73,2600.47,143769.05,94511.45,38696.11,10561.49,"conventional",2017,"SouthCarolina"
42,2017-03-12,1.4,325834.91,135698.2,76260.31,2778.64,111097.76,79135.68,31292.08,670,"conventional",2017,"SouthCarolina"
37,2017-04-16,1.37,368844.67,161105.36,75615.93,2256.9,129866.48,92236.52,34384.96,3245,"conventional",2017,"SouthCarolina"
29,2015-06-07,1.04,378845.21,223638.72,46631.18,17294.66,91280.65,80177.95,11102.7,0,"conventional",2015,"SouthCarolina"
39,2016-03-27,1.07,315023.95,136387.5,91995.56,7331.32,79309.57,61407.01,17902.56,0,"conventional",2016,"SouthCarolina"
1,2017-12-24,1.22,294202.67,133334.86,48531.59,2380.74,109955.48,84037.13,23046.13,2872.22,"conventional",2017,"SouthCarolina"
41,2015-03-15,1.15,297855.71,171702.03,44167.57,18024.31,63961.8,58791.05,5170.75,0,"conventional",2015,"SouthCarolina"
4,2018-02-25,1.25,405689.01,178666.56,70216.92,3960.77,152844.76,119270.49,30146.09,3428.18,"conventional",2018,"SouthCarolina"
11,2018-01-07,1.19,402919.29,201490.47,64214.46,3089.49,134124.87,104998.57,26809.64,2316.66,"conventional",2018,"SouthCarolina"
9,2015-10-25,1.11,223607.39,107103.78,46792.32,17192.49,52518.8,43924.89,8593.91,0,"conventional",2015,"SouthCarolina"
13,2015-09-27,1.08,253422.99,111054.81,72273.16,18765.64,51329.38,42223.65,9105.73,0,"conventional",2015,"SouthCarolina"
41,2016-03-13,0.96,414943.26,175358.73,127186.75,8978.94,103418.84,65808.71,37604.61,5.52,"conventional",2016,"SouthCarolina"
39,2017-04-02,1.38,366510.61,141146.65,73888.66,2180.22,149295.08,122294.03,24716.05,2285,"conventional",2017,"SouthCarolina"
24,2017-07-16,1.28,385644.8,176984.94,84547.08,2236.83,121875.95,91437.77,25312.59,5125.59,"conventional",2017,"SouthCarolina"
44,2017-02-26,1.06,404208.68,189463.14,97078.18,4420.29,113247.07,91626.66,20450.41,1170,"conventional",2017,"SouthCarolina"
21,2016-07-31,1.18,344490.91,156886.45,67074.62,12940.85,107588.99,83699.62,23134.37,755,"conventional",2016,"SouthCarolina"
14,2017-09-24,1.57,300285.1,147297.51,66856.69,1530.25,84600.65,61065.57,23511.35,23.73,"conventional",2017,"SouthCarolina"
8,2016-10-30,1.43,227993.9,99127.2,45338.87,9096.43,74431.4,40257.91,34173.49,0,"conventional",2016,"SouthCarolina"
5,2016-11-20,1.34,246915.39,105060.77,37789.02,4949.78,99115.82,65248.27,33444.22,423.33,"conventional",2016,"SouthCarolina"
36,2015-04-19,1.08,322940.72,185939.51,43227.61,15722.07,78051.53,72168.56,5882.97,0,"conventional",2015,"SouthCarolina"
12,2017-10-08,1.56,316112.15,161942.76,57386.29,1635.25,95147.85,61514.47,33613.17,20.21,"conventional",2017,"SouthCarolina"
48,2016-01-24,0.95,317032.31,145616.86,92970.97,9676.68,68767.8,43452.47,25315.33,0,"conventional",2016,"SouthCarolina"
14,2015-09-20,1.02,312177.28,148633.9,77644.18,14421.82,71477.38,49597.26,21851.29,28.83,"conventional",2015,"SouthCarolina"
20,2016-08-07,1.17,362625.87,183405.85,59165.06,12579.44,107475.52,83535.74,23894.78,45,"conventional",2016,"SouthCarolina"
10,2015-10-18,1.12,226246.39,105221.4,55038.8,16616.9,49369.29,40996.42,8372.87,0,"conventional",2015,"SouthCarolina"
17,2015-08-30,1.15,280699.74,130772.55,58761.62,15284.88,75880.69,70666.71,5198.14,15.84,"conventional",2015,"SouthCarolina"
16,2017-09-10,1.42,286146.89,127817.15,60589.64,1332.74,96407.36,73147.07,19863.14,3397.15,"conventional",2017,"SouthCarolina"
31,2016-05-22,1.04,343576.29,135034.4,98568.31,6909.7,103063.88,59371.64,40067.82,3624.42,"conventional",2016,"SouthCarolina"
31,2017-05-28,1.41,393303.27,181618.56,78082.98,2859.86,130741.87,102225.45,23365.63,5150.79,"conventional",2017,"SouthCarolina"
