Lab Assignments/Lab-tidyr-Avocados/avocado.csv
"X1","Date","AveragePrice","Total Volume","4046","4225","4770","Total Bags","Small Bags","Large Bags","XLarge Bags","type","year","region"
2,2016-12-11,1.37,3471.8,13.41,28.39,0,3430,3430,0,0,"organic",2016,"MiamiFtLauderdale"
42,2015-03-08,1.69,2708.59,1060,15.26,0,1633.33,1633.33,0,0,"organic",2015,"MiamiFtLauderdale"
36,2015-04-19,1.61,2879.62,1344.13,31.38,0,1504.11,1498.53,5.58,0,"organic",2015,"MiamiFtLauderdale"
49,2016-01-17,1.49,2528.26,903.01,6.46,0,1618.79,1613.05,5.74,0,"organic",2016,"MiamiFtLauderdale"
44,2017-02-26,2.43,3101.87,1208.16,65.84,0,1827.87,1188.89,638.98,0,"organic",2017,"MiamiFtLauderdale"
46,2017-02-12,1.29,5966.83,295.27,8.03,0,5663.53,4157.77,1505.76,0,"organic",2017,"MiamiFtLauderdale"
4,2018-02-25,1.6,10821.89,652.89,894.42,0,9274.58,7767.78,1506.8,0,"organic",2018,"MiamiFtLauderdale"
48,2017-01-29,1.23,4472.77,255.33,8.07,0,4209.37,2085.56,2123.81,0,"organic",2017,"MiamiFtLauderdale"
21,2016-07-31,1.22,4361.66,2.63,22.36,0,4336.67,4260,76.67,0,"organic",2016,"MiamiFtLauderdale"
37,2015-04-12,1.81,1877.52,1456.1,35.22,0,386.2,386.2,0,0,"organic",2015,"MiamiFtLauderdale"
32,2016-05-15,1.42,6346.82,757.35,34.54,0,5554.93,5548.26,6.67,0,"organic",2016,"MiamiFtLauderdale"
35,2016-04-24,1.39,6498.57,1393.96,52.58,0,5052.03,5048.7,3.33,0,"organic",2016,"MiamiFtLauderdale"
41,2017-03-19,2.59,2427.94,1223.8,96.36,0,1107.78,1107.78,0,0,"organic",2017,"MiamiFtLauderdale"
6,2018-02-11,1.4,9320.83,139.48,429.95,0,8751.4,8423.13,328.27,0,"organic",2018,"MiamiFtLauderdale"
8,2017-11-05,1.96,6103.24,64.69,911.14,0,5127.41,4226.66,900.75,0,"organic",2017,"MiamiFtLauderdale"
9,2016-10-23,1.58,542.85,8.14,81.38,0,453.33,450,3.33,0,"organic",2016,"MiamiFtLauderdale"
23,2015-07-19,1.45,792.97,5.04,1.26,0,786.67,786.67,0,0,"organic",2015,"MiamiFtLauderdale"
33,2016-05-08,1.48,4317.01,932.93,14.08,0,3370,3363.33,6.67,0,"organic",2016,"MiamiFtLauderdale"
2,2018-03-11,1.35,7949.82,71.89,283.8,0,7594.13,7573.34,20.79,0,"organic",2018,"MiamiFtLauderdale"
39,2016-03-27,1.33,3982.06,1196.76,7.73,0,2777.57,2777.57,0,0,"organic",2016,"MiamiFtLauderdale"
29,2017-06-11,1.89,6104.29,837.58,250.77,0,5015.94,5015.94,0,0,"organic",2017,"MiamiFtLauderdale"
3,2015-12-06,1.49,1054.07,2.3,1.3,0,1050.47,1043.8,6.67,0,"organic",2015,"MiamiFtLauderdale"
21,2015-08-02,1.51,1015.04,5.11,16.6,0,993.33,993.33,0,0,"organic",2015,"MiamiFtLauderdale"
27,2017-06-25,2.02,5274.97,325.3,1885.23,0,3064.44,3061.11,3.33,0,"organic",2017,"MiamiFtLauderdale"
0,2016-12-25,1.17,3329.28,18.38,24.23,0,3286.67,3286.67,0,0,"organic",2016,"MiamiFtLauderdale"
52,2017-01-01,1.21,5253.5,290.61,20.17,0,4942.72,1970,2972.72,0,"organic",2017,"MiamiFtLauderdale"
42,2016-03-06,1.49,2403.4,980.58,7.75,0,1415.07,1401.74,13.33,0,"organic",2016,"MiamiFtLauderdale"
22,2016-07-24,1.19,6019.75,1.31,11.77,0,6006.67,5980,26.67,0,"organic",2016,"MiamiFtLauderdale"
20,2015-08-09,1.5,1359.19,8.14,7.72,0,1343.33,1343.33,0,0,"organic",2015,"MiamiFtLauderdale"
15,2015-09-13,1.43,1005.8,10.92,5.28,0,989.6,989.6,0,0,"organic",2015,"MiamiFtLauderdale"
48,2016-01-24,1.42,3020.48,843.92,9.03,0,2167.53,2167.53,0,0,"organic",2016,"MiamiFtLauderdale"
23,2016-07-17,0.97,3092234,1201992.39,630743.25,84008.42,1175489.94,1079717.14,73173.55,22599.25,"conventional",2016,"LosAngeles"
12,2016-10-02,1.06,2865744.94,1337602.73,471344.12,62565.39,994232.7,931963.97,40145.34,22123.39,"conventional",2016,"LosAngeles"
23,2017-07-23,1.38,2484918.32,1266618.54,407573.08,99404.46,711322.24,652958.02,12421.66,45942.56,"conventional",2017,"LosAngeles"
5,2017-11-26,1.19,2153918,987928,327525,82683,755782,702784,16197,36801,"conventional",2017,"LosAngeles"
21,2017-08-06,1.22,2742628.31,1359069.5,414552.66,109001.34,860004.81,793163.78,20822.11,46018.92,"conventional",2017,"LosAngeles"
8,2016-10-30,1.48,1499286.88,533137.32,383974.46,59596.59,522578.51,487013.41,16418.82,19146.28,"conventional",2016,"LosAngeles"
10,2016-10-16,1.17,2548687.86,922290.28,501532.5,56116.4,1068748.68,996105.73,43825.17,28817.78,"conventional",2016,"LosAngeles"
28,2016-06-12,0.83,3248769.26,1439519.4,529969.99,105646.55,1173633.32,1064384.25,84760.03,24489.04,"conventional",2016,"LosAngeles"
41,2017-03-19,1.11,2737872.14,965781.76,422615.12,89296.88,1260178.38,1209897.81,2474.78,47805.79,"conventional",2017,"LosAngeles"
6,2015-11-15,0.74,2828361.9,1281378.91,661936.25,70734.46,814312.28,763322.82,44152.29,6837.17,"conventional",2015,"LosAngeles"
47,2017-02-05,0.53,5470227.08,1741607.02,937331.61,89678.63,2701609.82,2656630.42,3465.7,41513.7,"conventional",2017,"LosAngeles"
6,2017-11-19,1.14,2391383,1042472,309130,73389,966392,893064,34871,38457,"conventional",2017,"LosAngeles"
44,2015-02-22,0.83,2954705.54,2050402.87,505580.16,61573.28,337149.23,309850.06,25218.02,2081.15,"conventional",2015,"LosAngeles"
20,2016-08-07,1,3094362.21,1137248.03,632756.21,67934.57,1256423.4,1158711.73,63574.75,34136.92,"conventional",2016,"LosAngeles"
34,2016-05-01,0.62,3863314.25,1355793.57,1047924.35,98634.23,1360962.1,1011875.96,334016.05,15070.09,"conventional",2016,"LosAngeles"
4,2018-02-25,1,3029956.79,1191842.89,462947.54,74821.65,1300344.71,1220997.59,30525.57,48821.55,"conventional",2018,"LosAngeles"
9,2016-10-23,1.23,2133563.24,768315.72,427296.47,44807.45,893143.6,840269.44,32386.79,20487.37,"conventional",2016,"LosAngeles"
7,2017-11-12,1.08,2626121,1225567,413517,72562,914474,851550,23684,39240,"conventional",2017,"LosAngeles"
22,2015-07-26,0.95,2893887.74,2052103.6,440413.6,79478.59,321891.95,316322.88,2936.81,2632.26,"conventional",2015,"LosAngeles"
38,2016-04-03,0.82,2793982.31,865503.72,683860.21,101584.86,1143033.52,980989.7,145602.15,16441.67,"conventional",2016,"LosAngeles"
35,2016-04-24,0.75,3136882.52,1115902.49,704492.28,102738.69,1213749.06,1010395.4,185289.33,18064.33,"conventional",2016,"LosAngeles"
9,2015-10-25,0.95,2327634.45,974251.62,925306.32,78774.2,349302.31,341731.29,3774.75,3796.27,"conventional",2015,"LosAngeles"
47,2015-02-01,0.74,4031949.04,2770656.27,854673.24,64439.7,342179.83,308754.64,31108.07,2317.12,"conventional",2015,"LosAngeles"
48,2016-01-24,0.76,3173509.36,666019.46,779056.76,92941.13,1635492.01,1520603.55,99946.94,14941.52,"conventional",2016,"LosAngeles"
25,2017-07-09,1.12,3382974.98,1520215.45,437585.1,87693.03,1337481.4,1285980.32,788.55,50712.53,"conventional",2017,"LosAngeles"
23,2015-07-19,1.02,2614726.11,1801294.72,417289.56,89206.49,306935.34,290890.18,13264.37,2780.79,"conventional",2015,"LosAngeles"
29,2016-06-05,0.76,3715458.49,1596545.36,650812.6,121002.86,1347097.67,1196472.82,124721.49,25903.36,"conventional",2016,"LosAngeles"
28,2015-06-14,0.79,3689140.93,2747257.69,497878.86,69556.02,374448.36,357012.13,14619.41,2816.82,"conventional",2015,"LosAngeles"
19,2017-08-20,1.45,2309865.74,1207541.43,324882.97,99791.22,677650.12,618120.14,22264.21,37265.77,"conventional",2017,"LosAngeles"
41,2016-03-13,0.79,2987393.94,767298.16,657175.2,96884.94,1466035.64,1318493.96,129444.42,18097.26,"conventional",2016,"LosAngeles"
12,2015-10-04,0.98,2278629.09,798046.49,1120569.37,86683.25,273329.98,251924.68,17899.44,3505.86,"conventional",2015,"LosAngeles"
26,2015-06-28,0.94,2921148.91,2073077.35,419199.06,75759.53,353112.97,336537.82,13953.67,2621.48,"conventional",2015,"LosAngeles"
17,2017-09-03,1.61,2176974.29,1050438.58,441327.04,112400.98,572807.69,521219.23,15575.83,36012.63,"conventional",2017,"LosAngeles"
50,2017-01-15,0.76,3363407.98,1075572.75,703853.31,61161.98,1522819.94,1442445.76,59205.75,21168.43,"conventional",2017,"LosAngeles"
16,2016-09-04,1.29,106844.47,13910.17,28437.88,0,64496.42,62061.45,2434.97,0,"organic",2016,"LosAngeles"
49,2015-01-18,1.29,43649.12,33738.87,1368.91,0,8541.34,8541.34,0,0,"organic",2015,"LosAngeles"
14,2016-09-18,1.47,74445.93,13098.28,24958.57,0,36389.08,31194.03,5195.05,0,"organic",2016,"LosAngeles"
27,2017-06-25,1.37,109872.63,10376.87,24717.88,0,74777.88,72884.61,1893.27,0,"organic",2017,"LosAngeles"
7,2017-11-12,1.98,62337.67,8390.23,17805.25,0,36142.19,36097.73,44.46,0,"organic",2017,"LosAngeles"
31,2017-05-28,1.37,122886.52,11731.8,29593.14,0,81561.58,81486.37,75.21,0,"organic",2017,"LosAngeles"
41,2017-03-19,1.25,135636.51,11812.81,38905.35,19.1,84899.25,69061.91,15837.34,0,"organic",2017,"LosAngeles"
1,2016-12-18,1.29,75362.42,8328.2,30745.08,101.67,36187.47,31983.42,4204.05,0,"organic",2016,"LosAngeles"
14,2015-09-20,1.57,43450.79,20900.82,18316.88,0,4233.09,4216.42,16.67,0,"organic",2015,"LosAngeles"
9,2015-10-25,1.41,48799.38,13800.24,21060.95,0,13938.19,12992.81,945.38,0,"organic",2015,"LosAngeles"
16,2015-09-06,1.6,40540.88,16410.64,16444.08,0,7686.16,7686.16,0,0,"organic",2015,"LosAngeles"
17,2017-09-03,2.11,70419.78,10621.24,27740.88,0,32057.66,32041.66,16,0,"organic",2017,"LosAngeles"
43,2015-03-01,1.14,60244.59,49177.6,1680.02,0,9386.97,9386.97,0,0,"organic",2015,"LosAngeles"
5,2017-11-26,2.01,59523.55,6444.55,21218.64,0,31860.36,31835.6,24.76,0,"organic",2017,"LosAngeles"
6,2015-11-15,1.31,49201.89,10986.49,18709.28,0,19506.12,18988.91,517.21,0,"organic",2015,"LosAngeles"
48,2017-01-29,1.09,99597.27,16192.49,29310.8,1.56,54092.42,42914.14,11178.28,0,"organic",2017,"LosAngeles"
41,2015-03-15,1.42,32656.06,25316.97,1120.63,0,6218.46,6218.46,0,0,"organic",2015,"LosAngeles"
40,2017-03-26,1.33,125710.73,17237.4,32193.35,7.96,76272.02,73831.31,2440.71,0,"organic",2017,"LosAngeles"
34,2017-05-07,1.31,137484.97,12550.12,38336.01,0,86598.84,86014.32,584.52,0,"organic",2017,"LosAngeles"
12,2017-10-08,2.28,59194.04,5549.94,22828.93,0,30815.17,30769.51,45.66,0,"organic",2017,"LosAngeles"
47,2016-01-31,1.02,81433.73,9874.87,21594.16,80.34,49884.36,39705.53,10178.83,0,"organic",2016,"LosAngeles"
38,2017-04-09,1.3,118305.22,13906.18,29159.75,6.4,75232.89,70010.1,5222.79,0,"organic",2017,"LosAngeles"
11,2016-10-09,1.58,72073.73,10127.13,23301.08,12.66,38632.86,38000.26,632.6,0,"organic",2016,"LosAngeles"
48,2016-01-24,1.06,79706.09,8070.14,27332.04,0,44303.91,14074.29,30229.62,0,"organic",2016,"LosAngeles"
24,2017-07-16,2.02,75021.72,10041.65,24449.24,0,40530.83,40510.47,20.36,0,"organic",2017,"LosAngeles"
5,2015-11-22,1.34,45689.27,10035.86,15296.9,0,20356.51,19978.57,377.94,0,"organic",2015,"LosAngeles"
51,2017-01-08,1.19,112953.28,18961.66,33123.81,3.12,60864.69,57800.85,3063.84,0,"organic",2017,"LosAngeles"
22,2015-07-26,1.53,43803.78,17779.91,18294.82,0,7729.05,7729.05,0,0,"organic",2015,"LosAngeles"
19,2017-08-20,2.16,75146.55,10649.2,18026.76,0,46470.59,46450.59,20,0,"organic",2017,"LosAngeles"
16,2017-09-10,2.32,64680.12,11202.9,25484.11,0,27993.11,27987.79,5.32,0,"organic",2017,"LosAngeles"
32,2015-05-17,1.41,43907.34,14135.17,20351.39,0,9420.78,9420.78,0,0,"organic",2015,"LosAngeles"
1,2017-12-24,1.8,69804.27,8580.98,24465.55,0,36757.74,36706.18,51.56,0,"organic",2017,"LosAngeles"
9,2016-10-23,1.4,2998.64,352.97,95.3,1.18,2549.19,0,2549.19,0,"organic",2016,"Jacksonville"
1,2016-12-18,1.27,2966.96,257.99,57.07,2.38,2649.52,596.67,2052.85,0,"organic",2016,"Jacksonville"
10,2017-10-22,2.02,2596.43,67.32,531.36,7.21,1990.54,1812.23,178.31,0,"organic",2017,"Jacksonville"
32,2015-05-17,1.75,2470.94,1550.76,186.61,248.41,485.16,485.16,0,0,"organic",2015,"Jacksonville"
32,2016-05-15,1.76,3079.43,2042.3,140.46,0,896.67,896.67,0,0,"organic",2016,"Jacksonville"
14,2016-09-18,1.36,5115.54,690.53,77.79,3.54,4343.68,713.33,3630.35,0,"organic",2016,"Jacksonville"
38,2015-04-05,1.81,1885.9,1209.53,64.62,48.77,562.98,557.56,5.42,0,"organic",2015,"Jacksonville"
22,2017-07-30,1.78,2426.94,114.54,511.3,0,1801.1,1784.43,16.67,0,"organic",2017,"Jacksonville"
17,2017-09-03,2.42,3200.72,195.87,675.34,4.81,2324.7,2289.98,34.72,0,"organic",2017,"Jacksonville"
49,2015-01-18,1.82,1403.1,846.65,55.27,1.18,500,500,0,0,"organic",2015,"Jacksonville"
1,2018-03-18,1.6,4077.51,87.69,667.47,3.93,3318.42,2769.35,549.07,0,"organic",2018,"Jacksonville"
16,2015-09-06,2.07,2016.06,1096.25,55.1,8.04,856.67,856.67,0,0,"organic",2015,"Jacksonville"
17,2016-08-28,1.73,2400.5,750.69,90.6,5.88,1553.33,1550,3.33,0,"organic",2016,"Jacksonville"
14,2015-09-20,2.11,1557.89,940.33,19.52,8.04,590,590,0,0,"organic",2015,"Jacksonville"
18,2016-08-21,2,3378.48,1860.99,108.09,9.4,1400,1370,30,0,"organic",2016,"Jacksonville"
6,2017-11-19,1.94,3405.61,82.69,757.57,3.65,2561.7,1519.99,1041.71,0,"organic",2017,"Jacksonville"
7,2017-11-12,1.89,2438.21,66.6,547.37,2.42,1821.82,1792.22,29.6,0,"organic",2017,"Jacksonville"
47,2015-02-01,1.76,1591.75,805.42,60.41,5.92,720,720,0,0,"organic",2015,"Jacksonville"
31,2015-05-24,1.83,2450.71,1521.36,68.51,14.17,846.67,846.67,0,0,"organic",2015,"Jacksonville"
35,2016-04-24,1.64,3650.65,1906.63,95.77,14.92,1633.33,1633.33,0,0,"organic",2016,"Jacksonville"
29,2017-06-11,2.12,2568.09,984.87,251.09,3.66,1328.47,1328.47,0,0,"organic",2017,"Jacksonville"
12,2015-10-04,2.14,1808.46,1102.26,50.47,5.73,650,650,0,0,"organic",2015,"Jacksonville"
12,2017-10-08,2.31,1841.09,54.21,463.78,8.43,1314.67,1314.67,0,0,"organic",2017,"Jacksonville"
35,2015-04-26,1.88,2003.04,1426.4,36.35,30.29,510,510,0,0,"organic",2015,"Jacksonville"
45,2015-02-15,1.82,1758.64,1079.86,45.39,16.72,616.67,616.67,0,0,"organic",2015,"Jacksonville"
8,2018-01-28,2.01,5704.39,160.85,1076.66,6.49,4460.39,1776.66,2683.73,0,"organic",2018,"Jacksonville"
34,2016-05-01,1.65,3584.65,2476.8,224.15,13.7,870,870,0,0,"organic",2016,"Jacksonville"
20,2016-08-07,2.01,4141.49,2307.13,134.95,62.74,1636.67,1620,16.67,0,"organic",2016,"Jacksonville"
2,2015-12-13,1.9,1478.7,1132.66,42.17,10.54,293.33,293.33,0,0,"organic",2015,"Jacksonville"
34,2017-05-07,1.75,3987.53,1182.72,158.85,2.5,2643.46,620,2023.46,0,"organic",2017,"Jacksonville"
2,2018-03-11,1.53,3375.33,92.46,616.99,3.93,2661.95,2561.1,100.85,0,"organic",2018,"Jacksonville"
39,2015-03-29,1.76,2214.84,1346.48,65.78,17.06,785.52,777.4,8.12,0,"organic",2015,"Jacksonville"
52,2017-01-01,1.24,3707.67,245.43,38.31,2.39,3421.54,910,2511.54,0,"organic",2017,"Jacksonville"
9,2018-01-21,1.77,3510.16,67.15,597.85,6.46,2838.7,2105.56,733.14,0,"organic",2018,"Jacksonville"
30,2016-05-29,1.63,4110.96,2183.27,164.4,9.96,1753.33,1753.33,0,0,"organic",2016,"Jacksonville"
47,2017-02-05,1.72,3417.56,913.99,112.02,6.36,2385.19,464.44,1920.75,0,"organic",2017,"Jacksonville"
44,2016-02-21,1.76,2679.98,1793.68,76.87,6.1,803.33,803.33,0,0,"organic",2016,"Jacksonville"
4,2016-11-27,1.43,3212.61,287.21,55.43,18.87,2851.1,1016.67,1834.43,0,"organic",2016,"Jacksonville"
37,2016-04-10,1.62,3379.11,1917.91,102.98,14.89,1343.33,1343.33,0,0,"organic",2016,"Jacksonville"
16,2017-09-10,2.35,4093.34,195.54,665.8,0,3232,2181.65,1050.35,0,"organic",2017,"Jacksonville"
6,2015-11-15,1.88,1954.57,1446.83,48.3,16.1,443.34,436.67,6.67,0,"organic",2015,"Jacksonville"
3,2018-03-04,1.92,6562.68,176.31,1177.74,0,5208.63,2442.22,2766.41,0,"organic",2018,"Jacksonville"
