Lab Assignments/Lab-tidyr-Avocados/avocado.csv
"X1","Date","AveragePrice","Total Volume","4046","4225","4770","Total Bags","Small Bags","Large Bags","XLarge Bags","type","year","region"
44,2017-02-26,1.42,20055.23,1099.33,10427.06,0,8528.84,3657.65,4871.19,0,"organic",2017,"SanDiego"
22,2017-07-30,2.37,12594.87,819.66,6870.21,0,4905,4871.67,33.33,0,"organic",2017,"SanDiego"
24,2015-07-12,1.81,9760.46,3360.92,5927.1,0,472.44,472.44,0,0,"organic",2015,"SanDiego"
34,2015-05-03,1.41,10506.78,2617.84,6294.57,0,1594.37,1594.37,0,0,"organic",2015,"SanDiego"
8,2017-11-05,1.6,16452.21,761.73,10819.54,0,4870.94,4870.94,0,0,"organic",2017,"SanDiego"
6,2017-11-19,2.17,12348.84,692.38,7420.01,0,4236.45,4236.45,0,0,"organic",2017,"SanDiego"
14,2016-09-18,2.15,10274.36,1289.86,8195.56,0,788.94,756.43,32.51,0,"organic",2016,"SanDiego"
16,2016-09-04,1.79,15730.69,2161.04,8451.98,0,5117.67,4219.46,898.21,0,"organic",2016,"SanDiego"
36,2015-04-19,1.52,10267.95,2524.24,7216.36,0,527.35,527.35,0,0,"organic",2015,"SanDiego"
22,2015-07-26,1.71,10276.01,2844.3,7142.17,0,289.54,289.54,0,0,"organic",2015,"SanDiego"
3,2018-03-04,1.65,24614.51,1558.03,10118.36,0,12938.12,12934.79,3.33,0,"organic",2018,"SanDiego"
44,2016-02-21,1.25,16903.84,1307.06,8403.84,4.79,7188.15,6474.65,713.5,0,"organic",2016,"SanDiego"
48,2015-01-25,1.26,11132.08,9245.07,470.05,0,1416.96,1416.96,0,0,"organic",2015,"SanDiego"
13,2015-09-27,1.7,8898.69,2858.56,5619.88,0,420.25,420.25,0,0,"organic",2015,"SanDiego"
50,2016-01-10,1.32,12435.43,1414.85,5266.26,0,5754.32,515.58,5238.74,0,"organic",2016,"SanDiego"
1,2018-03-18,1.75,18371.03,836.22,10877.69,0,6657.12,6657.12,0,0,"organic",2018,"SanDiego"
37,2016-04-10,1.23,19988.34,1574.7,9821.03,0,8592.61,6862.17,1730.44,0,"organic",2016,"SanDiego"
31,2016-05-22,1.15,21361.58,2091.2,10494.08,4.81,8771.49,8771.49,0,0,"organic",2016,"SanDiego"
49,2015-01-18,1.29,14473.73,12300.47,580.15,0,1593.11,1593.11,0,0,"organic",2015,"SanDiego"
32,2016-05-15,1.53,16392.02,2107.1,9617.74,0,4667.18,4667.18,0,0,"organic",2016,"SanDiego"
25,2015-07-05,1.55,16352.08,3011.64,12801.71,0,538.73,538.73,0,0,"organic",2015,"SanDiego"
11,2018-01-07,2.06,16746.82,5150.82,9366.31,0,2229.69,2229.69,0,0,"organic",2018,"SanDiego"
33,2016-05-08,1.37,22751.54,1313.14,11595.98,0,9842.42,9788.41,54.01,0,"organic",2016,"SanDiego"
4,2016-11-27,2.12,10271.6,865.46,7228.46,0,2177.68,380,1797.68,0,"organic",2016,"SanDiego"
38,2016-04-03,1.25,21630.01,1640.08,13036.06,0,6953.87,3636.46,3317.41,0,"organic",2016,"SanDiego"
40,2017-03-26,2.06,14388.05,2883.71,10030.37,0,1473.97,686.67,787.3,0,"organic",2017,"SanDiego"
9,2017-10-29,2.13,12179.45,863.06,6224.07,0,5092.32,5092.32,0,0,"organic",2017,"SanDiego"
15,2015-09-13,1.81,10361.87,3295.36,6467.03,0,599.48,596.15,3.33,0,"organic",2015,"SanDiego"
7,2017-11-12,2.13,11498.28,770.92,6108.74,0,4618.62,4618.62,0,0,"organic",2017,"SanDiego"
31,2017-05-28,1.91,17421.67,843.78,9946.37,1.66,6629.86,6629.86,0,0,"organic",2017,"SanDiego"
34,2016-05-01,1.37,17211.18,1184.83,9050.03,0,6976.32,6870.3,106.02,0,"organic",2016,"SanDiego"
20,2016-08-07,1.48,20143.55,1971.6,7907.1,0,10264.85,524.4,9740.45,0,"organic",2016,"SanDiego"
4,2015-11-29,1.87,7022.99,1232.37,5300.75,0,489.87,489.87,0,0,"organic",2015,"SanDiego"
13,2016-09-25,2.35,9831.47,734.45,8359.4,0,737.62,737.62,0,0,"organic",2016,"SanDiego"
50,2017-01-15,1.82,11578.42,2529.2,7637.66,0,1411.56,993.41,418.15,0,"organic",2017,"SanDiego"
0,2018-03-25,1.75,19086.94,865.91,10936.47,0,7284.56,7284.56,0,0,"organic",2018,"SanDiego"
10,2018-01-14,1.81,21770.02,3285.98,14338.52,0,4145.52,4145.52,0,0,"organic",2018,"SanDiego"
31,2015-05-24,1.51,12044.14,2853.3,8566.51,0,624.33,624.33,0,0,"organic",2015,"SanDiego"
2,2018-03-11,1.59,25324.3,1328.95,14303.09,0,9692.26,9692.26,0,0,"organic",2018,"SanDiego"
9,2015-10-25,1.02,180316.1,68613.89,70131.72,13184.36,28386.13,27568.35,817.78,0,"conventional",2015,"RichmondNorfolk"
25,2015-07-05,1.01,287571.95,94880.31,118022.58,15212.24,59456.82,58905.71,551.11,0,"conventional",2015,"RichmondNorfolk"
7,2018-02-04,0.86,469093.71,124229.81,128208.07,2217.45,214438.38,187621.35,26710.36,106.67,"conventional",2018,"RichmondNorfolk"
50,2015-01-11,1.15,194460.59,71743.11,66849.97,10952.11,44915.4,36160.54,8754.86,0,"conventional",2015,"RichmondNorfolk"
51,2017-01-08,1.18,275129.35,91466.86,106264.62,3253.48,74144.39,73168.4,975.99,0,"conventional",2017,"RichmondNorfolk"
40,2015-03-22,1.12,213086.98,61853.48,91980.03,10380.07,48873.4,48817.84,55.56,0,"conventional",2015,"RichmondNorfolk"
29,2016-06-05,0.98,268775.52,67444.03,117809.78,13829.45,69692.26,66487.06,784.37,2420.83,"conventional",2016,"RichmondNorfolk"
39,2016-03-27,1.02,233604.1,61031.43,109864.33,4986.56,57721.78,57703.09,5.34,13.35,"conventional",2016,"RichmondNorfolk"
11,2016-10-09,1.25,213460.34,90443.54,66361.81,4535.47,52119.52,51541.32,578.2,0,"conventional",2016,"RichmondNorfolk"
13,2016-09-25,1.27,210791.27,88120.08,66843.58,4599,51228.61,51224.17,4.44,0,"conventional",2016,"RichmondNorfolk"
32,2016-05-15,1,250352.36,63701.44,121474.74,5701.56,59474.62,59227.96,152.32,94.34,"conventional",2016,"RichmondNorfolk"
25,2017-07-09,1.19,257780.31,71681.98,84932.95,2084.36,99081.02,89396.86,2634.16,7050,"conventional",2017,"RichmondNorfolk"
26,2017-07-02,1.21,257162.16,71544.84,83589.78,2458.8,99568.74,90410.02,2797.05,6361.67,"conventional",2017,"RichmondNorfolk"
47,2015-02-01,0.97,308461.1,99429.98,140203.43,21686.02,47141.67,40189.17,6952.5,0,"conventional",2015,"RichmondNorfolk"
2,2016-12-11,1.1,186495.71,67313.99,51724.9,2894.98,64561.84,63970.47,591.37,0,"conventional",2016,"RichmondNorfolk"
11,2015-10-11,1.01,192231.47,61756.93,85083.67,16004.59,29386.28,28741.43,617.78,27.07,"conventional",2015,"RichmondNorfolk"
46,2015-02-08,1.06,212887.85,74594.17,81138.97,7883.33,49271.38,42969.44,6301.94,0,"conventional",2015,"RichmondNorfolk"
0,2016-12-25,1.2,176103.25,57197.5,58578.91,2184.2,58142.64,57397.06,745.58,0,"conventional",2016,"RichmondNorfolk"
6,2016-11-13,1.33,177641.28,81429.32,47266.81,4975.01,43970.14,43970.14,0,0,"conventional",2016,"RichmondNorfolk"
42,2015-03-08,1.19,177541.37,50712.87,64964.66,10295.75,51568.09,51568.09,0,0,"conventional",2015,"RichmondNorfolk"
50,2017-01-15,1.15,261313.02,96322.65,89916.17,3884.99,71189.21,69981.57,1164.58,43.06,"conventional",2017,"RichmondNorfolk"
23,2017-07-23,1.13,266821.34,96431.74,83045.48,2068.65,85275.47,80562.61,1952.87,2759.99,"conventional",2017,"RichmondNorfolk"
46,2017-02-12,1.13,255531.24,89620.04,96337.1,2392.94,67181.16,66109.53,1071.63,0,"conventional",2017,"RichmondNorfolk"
41,2015-03-15,1.16,210124.43,66591.48,87711.9,11621.92,44199.13,44199.13,0,0,"conventional",2015,"RichmondNorfolk"
5,2015-11-22,1.01,148242.89,44462.58,69493.08,6545.55,27741.68,27736.4,2.64,2.64,"conventional",2015,"RichmondNorfolk"
33,2016-05-08,0.9,334121.64,89111.96,158033.71,6247.53,80728.44,78934.29,1724.92,69.23,"conventional",2016,"RichmondNorfolk"
16,2015-09-06,0.98,252853.41,72054.13,112958.68,19484.71,48355.89,48304.3,48.89,2.7,"conventional",2015,"RichmondNorfolk"
11,2018-01-07,1.03,300234.79,96040.45,94172.95,1657.28,108364.11,99730.22,8633.89,0,"conventional",2018,"RichmondNorfolk"
5,2016-11-20,1.29,177112.27,61550.58,49335.17,3168.92,63057.6,63057.6,0,0,"conventional",2016,"RichmondNorfolk"
49,2016-01-17,0.97,272594.61,102087.13,115257.04,8461.9,46788.54,46788.54,0,0,"conventional",2016,"RichmondNorfolk"
32,2017-05-21,1.17,271051.35,85990.47,95579.62,2457.75,87023.51,82632.8,4363.23,27.48,"conventional",2017,"RichmondNorfolk"
2,2017-12-17,1.13,199747.25,48414.09,67932.4,999.61,82401.15,77442.99,4954.83,3.33,"conventional",2017,"RichmondNorfolk"
44,2016-02-21,0.98,214625.59,57431.41,101387.49,5839.55,49967.14,46939.94,3027.2,0,"conventional",2016,"RichmondNorfolk"
28,2016-06-12,0.96,280191.2,83555.77,108482.44,15693.42,72459.57,69331.2,158.37,2970,"conventional",2016,"RichmondNorfolk"
43,2015-03-01,1.13,194798.39,53902.85,83985.84,9840.75,47068.95,47039.78,29.17,0,"conventional",2015,"RichmondNorfolk"
23,2015-07-19,1.46,4349,432.54,2342.56,0,1573.9,26.67,1547.23,0,"organic",2015,"Columbus"
5,2018-02-18,1.44,7807.21,434.86,1521.43,0,5850.92,5850.92,0,0,"organic",2018,"Columbus"
48,2017-01-29,1.49,6971.41,801.47,3370.23,0,2799.71,2039.28,760.43,0,"organic",2017,"Columbus"
26,2015-06-28,1.35,4816.89,461.01,3362.89,2.23,990.76,219.9,770.86,0,"organic",2015,"Columbus"
22,2016-07-24,1.58,8142.15,642.5,4610.11,0,2889.54,554.41,2335.13,0,"organic",2016,"Columbus"
5,2017-11-26,1.54,7737.55,427.63,1500.8,0,5809.12,5052.8,756.32,0,"organic",2017,"Columbus"
24,2017-07-16,1.69,10483.39,693.51,3253.63,0,6444.01,3221.18,3222.83,0,"organic",2017,"Columbus"
32,2016-05-15,1.22,7017.73,346.52,3729.33,5.72,2936.16,754.84,2181.32,0,"organic",2016,"Columbus"
6,2018-02-11,1.42,8970.66,445.67,1117.03,0,7407.96,7086.27,321.69,0,"organic",2018,"Columbus"
10,2016-10-16,1.01,16161.36,725,3749.33,0,11687.03,2823.14,8863.89,0,"organic",2016,"Columbus"
52,2017-01-01,1.58,5948.66,772.98,2724.28,0,2451.4,2273.79,177.61,0,"organic",2017,"Columbus"
16,2016-09-04,1.17,11869.66,962.25,4496.2,0,6411.21,712.73,5698.48,0,"organic",2016,"Columbus"
37,2017-04-16,1.03,14081.94,763.69,2797.15,0,10521.1,2641.36,7879.74,0,"organic",2017,"Columbus"
1,2018-03-18,1.2,32634.06,723.66,8582.89,0,23327.51,11776.03,11551.48,0,"organic",2018,"Columbus"
2,2015-12-13,1.59,2253.92,330.43,1469.69,0,453.8,169.47,284.33,0,"organic",2015,"Columbus"
25,2016-07-03,1.02,7549.2,583.93,3321.68,0,3643.59,559.59,3084,0,"organic",2016,"Columbus"
45,2015-02-15,1.64,4283.56,374.59,2597.56,0,1311.41,706.67,604.74,0,"organic",2015,"Columbus"
6,2016-11-13,1.18,10485.95,778.65,2727.06,0,6980.24,1486.86,5493.38,0,"organic",2016,"Columbus"
14,2016-09-18,1.58,5525.95,769.61,2564.21,0,2192.13,1028.19,1163.94,0,"organic",2016,"Columbus"
4,2015-11-29,1.48,3305.78,452.86,2326.79,0,526.13,371.89,154.24,0,"organic",2015,"Columbus"
35,2016-04-24,0.99,11874.13,1135.01,4546.77,19.1,6173.25,1169.53,5003.72,0,"organic",2016,"Columbus"
38,2015-04-05,1.38,5289.64,403.53,2859.4,0,2026.71,645.46,1381.25,0,"organic",2015,"Columbus"
49,2015-01-18,1.84,4027.45,279.22,2959.75,0,788.48,213.33,575.15,0,"organic",2015,"Columbus"
3,2016-12-04,1.36,5338.71,485.75,1639.28,0,3213.68,3074.56,139.12,0,"organic",2016,"Columbus"
35,2015-04-26,1.57,4883.55,408.44,3284.07,0,1191.04,572.85,618.19,0,"organic",2015,"Columbus"
44,2016-02-21,1.39,4382,590.44,2960.78,0,830.78,249.56,581.22,0,"organic",2016,"Columbus"
31,2015-05-24,1.51,5360.41,463.76,3593,0,1303.65,746.25,557.4,0,"organic",2015,"Columbus"
15,2017-09-17,2.03,7548.1,655.57,1881.57,0,5010.96,4019.43,991.53,0,"organic",2017,"Columbus"
13,2017-10-01,1.91,9352.24,599.9,2055.8,0,6696.54,6061.17,635.37,0,"organic",2017,"Columbus"
21,2015-08-02,1.8,2749.93,337.96,1947.39,3.32,461.26,53.33,407.93,0,"organic",2015,"Columbus"
6,2015-11-15,1.48,3595.02,570,2671.18,0,353.84,126.59,227.25,0,"organic",2015,"Columbus"
33,2016-05-08,1.14,8467.42,372.26,4350.95,3.42,3740.79,994.3,2746.49,0,"organic",2016,"Columbus"
27,2015-06-21,1.35,5347.37,493.67,3524.91,1.12,1327.67,381.41,946.26,0,"organic",2015,"Columbus"
40,2017-03-26,0.72,22560.01,631.67,3717.06,0,18211.28,2514.95,15696.33,0,"organic",2017,"Columbus"
17,2015-08-30,1.48,5070.79,773.57,2548.11,0,1749.11,99.41,1649.7,0,"organic",2015,"Columbus"
8,2017-11-05,1.67,7478.89,569.29,1069.47,0,5840.13,5688.86,151.27,0,"organic",2017,"Columbus"
4,2018-02-25,1.57,7371.84,470.96,1510.35,0,5390.53,4640.71,749.82,0,"organic",2018,"Columbus"
8,2016-10-30,1.8,5890.85,712.43,2810.91,0,2367.51,1769.32,598.19,0,"organic",2016,"Columbus"
14,2015-09-20,1.82,2435.16,511.87,1610.65,0,312.64,53.78,258.86,0,"organic",2015,"Columbus"
6,2017-11-19,1.47,7723.38,538.89,1545.36,0,5639.13,5289.74,349.39,0,"organic",2017,"Columbus"
46,2016-02-07,1.41,2672.99,305.99,0,0,2367,2367,0,0,"organic",2016,"NewOrleansMobile"
8,2015-11-01,1.67,1713.35,334.79,94.74,0,1283.82,1280.49,3.33,0,"organic",2015,"NewOrleansMobile"
16,2015-09-06,1.59,2570.94,280.42,136.82,0,2153.7,2153.7,0,0,"organic",2015,"NewOrleansMobile"
44,2017-02-26,1.33,5744.81,151.65,6.32,0,5586.84,5155.23,431.61,0,"organic",2017,"NewOrleansMobile"
4,2016-11-27,1.48,2425.61,104.69,0,0,2320.92,1277.5,1043.42,0,"organic",2016,"NewOrleansMobile"
4,2018-02-25,1.35,7788.21,230.68,237.47,0,7320.06,7169.99,150.07,0,"organic",2018,"NewOrleansMobile"
6,2015-11-15,1.7,1750.47,425.58,0,0,1324.89,1321.56,3.33,0,"organic",2015,"NewOrleansMobile"
2,2017-12-17,1.37,5789.43,69.75,79.68,0,5640,5633.33,6.67,0,"organic",2017,"NewOrleansMobile"
27,2016-06-19,1.25,4623.06,507.64,5.73,0,4109.69,4093.02,16.67,0,"organic",2016,"NewOrleansMobile"
6,2016-11-13,1.51,5038.15,99.79,0,0,4938.36,3940.83,997.53,0,"organic",2016,"NewOrleansMobile"
45,2015-02-15,1.48,5151.37,208.55,56.15,0,4886.67,4886.67,0,0,"organic",2015,"NewOrleansMobile"
10,2015-10-18,1.52,3148.46,366.69,93.2,0,2688.57,2688.57,0,0,"organic",2015,"NewOrleansMobile"
40,2015-03-22,1.56,2568.19,428.01,30.18,0,2110,2110,0,0,"organic",2015,"NewOrleansMobile"
50,2015-01-11,1.44,1492.44,233.3,15.81,0,1243.33,1243.33,0,0,"organic",2015,"NewOrleansMobile"
18,2017-08-27,1.5,7632.07,162.94,337.52,0,7131.61,7128.28,3.33,0,"organic",2017,"NewOrleansMobile"
0,2017-12-31,1.44,5341.14,214.92,115.16,0,5011.06,4876.66,134.4,0,"organic",2017,"NewOrleansMobile"
0,2015-12-27,1.55,2215.74,383.17,5.85,0,1826.72,1826.72,0,0,"organic",2015,"NewOrleansMobile"
2,2018-03-11,1.36,7149.27,605.53,123.61,0,6420.13,6237.77,182.36,0,"organic",2018,"NewOrleansMobile"
17,2015-08-30,1.08,4600.76,206.75,136.02,0,4257.99,4257.99,0,0,"organic",2015,"NewOrleansMobile"
1,2018-03-18,1.35,6622.76,695.79,129.78,0,5797.19,5755.56,41.63,0,"organic",2018,"NewOrleansMobile"
9,2016-10-23,1.51,2300.83,32.05,0,0,2268.78,1339.17,929.61,0,"organic",2016,"NewOrleansMobile"
31,2017-05-28,1.88,2367.07,367.18,0,0,1999.89,1694.74,305.15,0,"organic",2017,"NewOrleansMobile"
5,2017-11-26,1.44,4941.8,87.3,65.02,0,4789.48,4548.89,240.59,0,"organic",2017,"NewOrleansMobile"
34,2016-05-01,1.44,5262.04,824.56,29.24,0,4408.24,4391.57,16.67,0,"organic",2016,"NewOrleansMobile"
39,2015-03-29,1.57,3330.37,527.3,19.22,0,2783.85,2783.85,0,0,"organic",2015,"NewOrleansMobile"
7,2015-11-08,1.52,3512.7,249.76,5.59,0,3257.35,3257.35,0,0,"organic",2015,"NewOrleansMobile"
14,2015-09-20,1.65,2119.22,291.65,82.54,0,1745.03,1745.03,0,0,"organic",2015,"NewOrleansMobile"
15,2016-09-11,1.42,3703.61,169.04,26.08,0,3508.49,3481.82,26.67,0,"organic",2016,"NewOrleansMobile"
9,2018-01-21,1.42,5509.3,259.52,123.76,0,5126.02,5035.55,90.47,0,"organic",2018,"NewOrleansMobile"
40,2017-03-26,1.6,3838.3,233.24,0,0,3605.06,3380,225.06,0,"organic",2017,"NewOrleansMobile"
38,2015-04-05,1.53,4820.36,418.56,74.17,0,4327.63,4327.63,0,0,"organic",2015,"NewOrleansMobile"
13,2015-09-27,1.68,1747.11,390.56,71.51,0,1285.04,1285.04,0,0,"organic",2015,"NewOrleansMobile"
18,2016-08-21,1.56,3603.85,394.77,5.73,0,3203.35,3140.02,63.33,0,"organic",2016,"NewOrleansMobile"
8,2016-10-30,1.59,3649.01,166.24,0,0,3482.77,2030.42,1452.35,0,"organic",2016,"NewOrleansMobile"
35,2016-04-24,1.44,4462.14,662.35,20.6,0,3779.19,3772.52,6.67,0,"organic",2016,"NewOrleansMobile"
37,2015-04-12,1.58,2603.66,417.57,2.75,0,2183.34,2183.34,0,0,"organic",2015,"NewOrleansMobile"
22,2017-07-30,1.25,5816.2,228.57,118.74,0,5468.89,5458.89,10,0,"organic",2017,"NewOrleansMobile"
31,2016-05-22,1.58,1581.74,564.95,5.8,0,1010.99,1007.66,3.33,0,"organic",2016,"NewOrleansMobile"
22,2016-07-24,1.41,4106.49,588.36,0,0,3518.13,3458.13,60,0,"organic",2016,"NewOrleansMobile"
1,2016-12-18,1.43,2560.46,77.12,0,0,2483.34,1755.41,727.93,0,"organic",2016,"NewOrleansMobile"
51,2015-01-04,1.41,2604.25,220.61,23.64,0,2360,2360,0,0,"organic",2015,"NewOrleansMobile"
36,2017-04-23,1.74,2924.36,295.32,12.1,0,2616.94,2616.94,0,0,"organic",2017,"NewOrleansMobile"
40,2016-03-20,1.26,3553.39,648.58,3.02,0,2901.79,2901.79,0,0,"organic",2016,"NewOrleansMobile"
