Lab Assignments/Lab-tidyr-Avocados/avocado.csv
"X1","Date","AveragePrice","Total Volume","4046","4225","4770","Total Bags","Small Bags","Large Bags","XLarge Bags","type","year","region"
0,2015-12-27,1.82,862.59,9.98,690.02,0,162.59,60,102.59,0,"organic",2015,"Louisville"
48,2015-01-25,1.68,1201.46,3.57,740.48,0,457.41,216.67,240.74,0,"organic",2015,"Louisville"
29,2016-06-05,1.19,3028.17,0,1339.64,0,1688.53,111.23,1577.3,0,"organic",2016,"Louisville"
0,2018-03-25,1.46,4173.7,8,988.64,0,3177.06,2031.65,1145.41,0,"organic",2018,"Louisville"
20,2017-08-13,1.67,2741.48,0,1252.59,0,1488.89,1102.05,386.84,0,"organic",2017,"Louisville"
26,2016-06-26,1.24,3244.63,0,1754.77,0,1489.86,123.33,1366.53,0,"organic",2016,"Louisville"
43,2017-03-05,0.56,9801.7,9.25,1302.28,0,8490.17,306.66,8183.51,0,"organic",2017,"Louisville"
16,2016-09-04,1.04,4804.36,1.31,1791.76,0,3011.29,353.33,2657.96,0,"organic",2016,"Louisville"
9,2016-10-23,1.03,3422.91,5.11,1408.29,0,2009.51,126.67,1882.84,0,"organic",2016,"Louisville"
25,2016-07-03,1.05,3479.9,0,1644.42,0,1835.48,133.33,1702.15,0,"organic",2016,"Louisville"
41,2015-03-15,1.65,1664.74,8.34,731.35,0,925.05,796.67,128.38,0,"organic",2015,"Louisville"
32,2015-05-17,1.44,2132.11,2.46,1335.83,0,793.82,458.25,335.57,0,"organic",2015,"Louisville"
4,2015-11-29,1.19,1491.28,34.6,805.09,0,651.59,0,651.59,0,"organic",2015,"Louisville"
39,2016-03-27,1.32,2136.97,4.86,1423.45,0,708.66,116.67,591.99,0,"organic",2016,"Louisville"
44,2017-02-26,0.77,5481.89,12,1257.03,0,4212.86,402.22,3810.64,0,"organic",2017,"Louisville"
45,2015-02-15,1.75,1201.07,12.71,745.28,0,443.08,326.67,116.41,0,"organic",2015,"Louisville"
41,2017-03-19,0.95,4433.03,15.67,1395.21,0,3022.15,372.23,2649.92,0,"organic",2017,"Louisville"
17,2015-08-30,1.44,2648.03,58.75,1634.78,0,954.5,273.34,681.16,0,"organic",2015,"Louisville"
42,2017-03-12,0.65,7708.22,6.28,1361.74,0,6340.2,273.33,6066.87,0,"organic",2017,"Louisville"
18,2017-08-27,1.9,3628.25,1.28,973.22,0,2653.75,1313.78,1339.97,0,"organic",2017,"Louisville"
21,2017-08-06,1.73,3557.1,0,1226.78,0,2330.32,729.74,1600.58,0,"organic",2017,"Louisville"
37,2017-04-16,1.34,4904.41,5.55,1947.76,0,2951.1,752.22,2198.88,0,"organic",2017,"Louisville"
17,2017-09-03,1.98,3581.73,7.74,1116.53,0,2457.46,835.36,1622.1,0,"organic",2017,"Louisville"
45,2017-02-19,0.56,10571.3,0,1277.78,0,9293.52,287.77,9005.75,0,"organic",2017,"Louisville"
1,2016-12-18,1.23,2237.49,2.53,928.65,0,1306.31,433.33,872.98,0,"organic",2016,"Louisville"
29,2015-06-07,1.24,2299.74,14.16,972.02,0,1313.56,437.41,876.15,0,"organic",2015,"Louisville"
27,2015-06-21,1.46,2344.24,18.73,1652.88,0,672.63,224.99,447.64,0,"organic",2015,"Louisville"
4,2016-11-27,1.26,3129.1,1.25,987.17,0,2140.68,566.67,1574.01,0,"organic",2016,"Louisville"
48,2017-01-29,1.45,1469.92,0,938.08,0,531.84,193.33,338.51,0,"organic",2017,"Louisville"
43,2015-03-01,1.65,1510.75,0,1077.97,0,432.78,213.33,219.45,0,"organic",2015,"Louisville"
23,2015-07-19,1.18,2680.01,0,1436.55,0,1243.46,53.33,1190.13,0,"organic",2015,"Louisville"
11,2017-10-15,1.33,12929.64,158.88,153.55,0,12617.21,12617.21,0,0,"organic",2017,"BuffaloRochester"
26,2017-07-02,2.57,4270.32,4.02,473.35,0,3792.95,486.66,3306.29,0,"organic",2017,"BuffaloRochester"
45,2015-02-15,1.65,1269.74,12.86,123.93,0,1132.95,1132.95,0,0,"organic",2015,"BuffaloRochester"
51,2017-01-08,1.73,3247.37,13.4,175.02,0,3058.95,2000.75,1058.2,0,"organic",2017,"BuffaloRochester"
11,2018-01-07,1.17,9115.92,283.13,90.07,0,8742.72,4250.19,4492.53,0,"organic",2018,"BuffaloRochester"
29,2016-06-05,1.54,5859.34,53.71,464.99,0,5340.64,2677.92,2662.72,0,"organic",2016,"BuffaloRochester"
30,2017-06-04,2.51,5425.35,3.59,491.51,0,4930.25,948.34,3981.91,0,"organic",2017,"BuffaloRochester"
1,2016-12-18,1.52,1859.14,34.03,240.4,0,1584.71,1574.58,10.13,0,"organic",2016,"BuffaloRochester"
30,2015-05-31,1.79,5018.44,42.61,173.27,0,4802.56,4802.56,0,0,"organic",2015,"BuffaloRochester"
46,2016-02-07,2.11,5017.67,0,223.49,0,4794.18,854.05,3940.13,0,"organic",2016,"BuffaloRochester"
44,2015-02-22,1.53,5821.39,32.64,92.08,0,5696.67,5696.67,0,0,"organic",2015,"BuffaloRochester"
27,2017-06-25,2.57,5228.11,15.56,439.88,0,4772.67,636.66,4136.01,0,"organic",2017,"BuffaloRochester"
32,2017-05-21,2.16,4934.21,7.22,843.74,0,4083.25,1050,3033.25,0,"organic",2017,"BuffaloRochester"
12,2017-10-08,1.34,15466.92,324.2,148.9,0,14993.82,14993.82,0,0,"organic",2017,"BuffaloRochester"
36,2015-04-19,1.83,2731.48,38.27,156.12,0,2537.09,2537.09,0,0,"organic",2015,"BuffaloRochester"
39,2015-03-29,1.83,1642.66,13.88,128.39,0,1500.39,1500.39,0,0,"organic",2015,"BuffaloRochester"
10,2017-10-22,1.35,10115.95,231.39,135.86,0,9748.7,9744.26,4.44,0,"organic",2017,"BuffaloRochester"
6,2015-11-15,1.59,1852.24,2.38,117.99,0,1731.87,1731.87,0,0,"organic",2015,"BuffaloRochester"
22,2017-07-30,1.44,10708.99,9.99,451.17,0,10247.83,1433.47,8814.36,0,"organic",2017,"BuffaloRochester"
52,2017-01-01,1.64,3425.49,8.52,320.56,0,3096.41,2585.1,511.31,0,"organic",2017,"BuffaloRochester"
12,2016-10-02,1.55,1211.27,10.75,206.58,0,993.94,987.96,5.98,0,"organic",2016,"BuffaloRochester"
20,2017-08-13,1.27,10212.38,4.73,416.02,0,9791.63,5319.01,4472.62,0,"organic",2017,"BuffaloRochester"
19,2017-08-20,1.46,8235.56,74.71,227.91,0,7932.94,2469.77,5463.17,0,"organic",2017,"BuffaloRochester"
20,2016-08-07,1.52,4350.7,51.48,215.02,0,4084.2,4084.2,0,0,"organic",2016,"BuffaloRochester"
9,2018-01-21,1.23,7288.58,309.8,119.81,0,6858.97,3581.4,3277.57,0,"organic",2018,"BuffaloRochester"
31,2016-05-22,1.55,8382.59,9.51,993.77,0,7379.31,4217.21,3162.1,0,"organic",2016,"BuffaloRochester"
23,2017-07-23,1.28,14116.97,5.9,427.39,0,13683.68,4223.34,9460.34,0,"organic",2017,"BuffaloRochester"
26,2015-06-28,1.83,3567.3,49.83,125.23,0,3392.24,3388.91,3.33,0,"organic",2015,"BuffaloRochester"
0,2018-03-25,1.03,38203.98,241.71,425.31,0,37536.96,25743.24,11793.72,0,"organic",2018,"BuffaloRochester"
44,2017-02-26,1.93,2099.67,4.86,606.04,0,1488.77,966.18,522.59,0,"organic",2017,"BuffaloRochester"
35,2017-04-30,2.16,3630,2.43,508.2,0,3119.37,900,2219.37,0,"organic",2017,"BuffaloRochester"
6,2018-02-11,1.21,9744.88,169.08,138.02,0,9437.78,2907.29,6530.49,0,"organic",2018,"BuffaloRochester"
37,2015-04-12,1.79,3473.94,30.13,145.17,0,3298.64,3298.64,0,0,"organic",2015,"BuffaloRochester"
10,2015-10-18,1.57,3334.38,14.26,159.32,0,3160.8,3160.8,0,0,"organic",2015,"BuffaloRochester"
32,2017-05-21,1.5,13731.02,551.01,4582.26,0,8597.75,1342.9,7254.85,0,"organic",2017,"Detroit"
34,2017-05-07,1.81,14463.73,649.49,5629.42,0,8184.82,441.48,7743.34,0,"organic",2017,"Detroit"
33,2015-05-10,1.09,16805.16,573.64,6949.68,0,9281.84,716.67,8565.17,0,"organic",2015,"Detroit"
48,2017-01-29,1.54,7850.52,724.05,4667.55,0,2458.92,770.05,1688.87,0,"organic",2017,"Detroit"
17,2015-08-30,1.32,11583.26,2544.39,5844.25,0,3194.62,383.01,2811.61,0,"organic",2015,"Detroit"
4,2017-12-03,1.39,12104.37,403.08,2628.08,0,9035.92,8940.1,95.82,0,"organic",2017,"Detroit"
25,2017-07-09,1.47,17724.08,532.88,5228.33,0,11962.87,547.4,11415.47,0,"organic",2017,"Detroit"
50,2015-01-11,1.87,6926.75,417.73,5637.76,0,871.26,329.5,541.76,0,"organic",2015,"Detroit"
27,2017-06-25,1.39,13598.83,478.09,2992.04,0,10128.7,544.59,9584.11,0,"organic",2017,"Detroit"
10,2017-10-22,1.61,21512.97,619.98,3460.25,0,17396.8,14598.78,2798.02,0,"organic",2017,"Detroit"
33,2017-05-14,1.76,10857.83,531.77,5473.59,0,4852.47,1319.32,3533.15,0,"organic",2017,"Detroit"
2,2015-12-13,1.53,5677.68,1494.58,2748.69,0,1434.41,196.67,1237.74,0,"organic",2015,"Detroit"
23,2016-07-17,1.14,22070.24,889.59,8699.6,0,12481.05,1092.91,11388.14,0,"organic",2016,"Detroit"
0,2015-12-27,1.61,6834.42,1276.73,3370.14,0,2187.55,366.67,1820.88,0,"organic",2015,"Detroit"
45,2015-02-15,1.82,7038.51,434.7,5742.58,0,861.23,293.33,567.9,0,"organic",2015,"Detroit"
36,2017-04-23,1.79,7897.74,568.15,3906.41,0,3423.18,1277.78,2145.4,0,"organic",2017,"Detroit"
38,2015-04-05,1.51,8978.08,460.98,6496.51,0,2020.59,436.3,1584.29,0,"organic",2015,"Detroit"
6,2017-11-19,1.37,16074.67,597.62,3005.22,0,12415.57,11976.59,438.98,0,"organic",2017,"Detroit"
3,2015-12-06,1.8,7059.51,1289.28,4788.95,0,981.28,300,681.28,0,"organic",2015,"Detroit"
6,2018-02-11,1.36,16655.03,606.28,2464.24,0,13547.38,12740.25,807.13,0,"organic",2018,"Detroit"
32,2016-05-15,1.33,14006.16,321.4,7201.35,0,6483.41,854.68,5628.73,0,"organic",2016,"Detroit"
15,2015-09-13,1.81,8304.32,1800.82,5478.4,0,1025.1,366.67,658.43,0,"organic",2015,"Detroit"
37,2015-04-12,1.72,7736.69,460.89,6496.85,0,778.95,357.92,421.03,0,"organic",2015,"Detroit"
40,2016-03-20,0.95,19512.63,689.02,7061.83,0,11761.78,723.33,11038.45,0,"organic",2016,"Detroit"
10,2015-10-18,1.65,7791.34,1652.49,4374.48,0,1764.37,393.33,1371.04,0,"organic",2015,"Detroit"
20,2017-08-13,1.54,14499.51,515.41,3457.64,0,10526.46,10115.55,410.91,0,"organic",2017,"Detroit"
8,2016-10-30,1.77,13787.12,687.53,10103.65,0,2995.94,826.9,2169.04,0,"organic",2016,"Detroit"
3,2018-03-04,1.16,24533.53,676.16,2624.4,0,21232.97,20853.85,379.12,0,"organic",2018,"Detroit"
12,2015-10-04,1.81,7271.25,1373.43,5026.38,0,871.44,533.33,338.11,0,"organic",2015,"Detroit"
38,2017-04-09,0.9,23252.59,719.48,5138.49,0,17394.62,1008.83,16385.79,0,"organic",2017,"Detroit"
35,2017-04-30,1.83,14530.73,582.47,5993.76,0,7954.5,816.2,7138.3,0,"organic",2017,"Detroit"
51,2015-01-04,1.7,7446.43,361.76,5025.58,0,2059.09,746.43,1312.66,0,"organic",2015,"Detroit"
39,2016-03-27,0.98,458635.34,286918.4,59289.93,1320.02,111106.99,78824.96,32268.42,13.61,"conventional",2016,"Atlanta"
30,2017-06-04,1.08,710038.58,361265.98,55627.72,130.81,293014.07,174068.36,113270.71,5675,"conventional",2017,"Atlanta"
45,2017-02-19,0.86,563018.6,279494.45,52644.02,133.35,230746.78,171819.03,55459.69,3468.06,"conventional",2017,"Atlanta"
41,2015-03-15,1.12,399566.22,336172.08,16508.21,310.7,46575.23,34911.7,11625.94,37.59,"conventional",2015,"Atlanta"
42,2017-03-12,1.21,469277.94,217624.69,48169.84,97.76,203385.65,126155.12,75894.14,1336.39,"conventional",2017,"Atlanta"
10,2017-10-22,1.49,406008.95,219172.21,35958.88,894.35,149983.51,95710.09,54265.29,8.13,"conventional",2017,"Atlanta"
30,2015-05-31,1.1,454702,382900.99,19543.18,522.81,51735.02,40505.16,11199.95,29.91,"conventional",2015,"Atlanta"
12,2017-10-08,1.6,411520.44,213442.97,32020.48,51.1,166005.89,100702.03,65197.74,106.12,"conventional",2017,"Atlanta"
46,2015-02-08,1.03,433883.91,377256.38,17162.5,524.85,38940.18,18044.41,20895.77,0,"conventional",2015,"Atlanta"
51,2015-01-04,1,435021.49,364302.39,23821.16,82.15,46815.79,16707.15,30108.64,0,"conventional",2015,"Atlanta"
17,2017-09-03,1.53,433455.08,235645.56,47493.42,121.59,150194.51,92866.15,54225.03,3103.33,"conventional",2017,"Atlanta"
19,2016-08-14,0.87,666493.32,362923.69,60912.98,86.59,242570.06,182840.11,59729.95,0,"conventional",2016,"Atlanta"
15,2016-09-11,0.9,597759.18,286405.76,54347.66,206.41,256799.35,194086.09,62713.26,0,"conventional",2016,"Atlanta"
44,2015-02-22,1.1,431308.56,369316.29,18324.76,237.47,43430.04,33423.74,10006.3,0,"conventional",2015,"Atlanta"
5,2015-11-22,1,356414.57,269799.03,29732.3,501.16,56382.08,36992.3,19389.78,0,"conventional",2015,"Atlanta"
3,2016-12-04,1.03,475815.02,210602.15,93414.72,207.15,171591,67806.59,103784.41,0,"conventional",2016,"Atlanta"
9,2017-10-29,1.28,493921.1,256988.66,36334.71,1083.81,199513.92,131656.43,66215.82,1641.67,"conventional",2017,"Atlanta"
20,2017-08-13,1.37,534058.7,251178.4,62180.62,64.99,220634.69,148972.21,66092.48,5570,"conventional",2017,"Atlanta"
32,2017-05-21,1.2,526840.14,253792.75,49347.3,1650.7,222049.39,142077.31,70753.58,9218.5,"conventional",2017,"Atlanta"
50,2017-01-15,0.99,557377.82,249159.52,86964.23,169.63,221084.44,145333.47,75750.97,0,"conventional",2017,"Atlanta"
2,2018-03-11,0.96,695821.13,320199.4,36356.76,1628.73,337636.24,260152.24,74963.16,2520.84,"conventional",2018,"Atlanta"
43,2015-03-01,0.99,512532.44,441544,21183.7,347.78,49456.96,32180.9,17273.38,2.68,"conventional",2015,"Atlanta"
23,2016-07-17,1.01,474063.61,202638.65,82942.03,164.21,188318.72,108732.19,78958.75,627.78,"conventional",2016,"Atlanta"
4,2018-02-25,1.06,586240.44,257877.67,35083.86,1579.38,291699.53,201139.31,88126.43,2433.79,"conventional",2018,"Atlanta"
4,2016-11-27,1.22,372144.31,161631.62,55595.26,167.47,154749.96,89194.82,65518.75,36.39,"conventional",2016,"Atlanta"
46,2016-02-07,0.76,722211,415641.47,134517.41,418.98,171633.14,77183.81,94449.33,0,"conventional",2016,"Atlanta"
6,2016-11-13,1.25,408260.87,185966.29,63348.63,180.57,158765.38,92308.66,66233.39,223.33,"conventional",2016,"Atlanta"
15,2015-09-13,1.07,417232.18,278048.26,62485.97,714.93,75983.02,46290.32,29678.76,13.94,"conventional",2015,"Atlanta"
37,2016-04-10,0.83,590001.82,258662.26,141605.69,432.5,189301.37,69497.05,119037.82,766.5,"conventional",2016,"Atlanta"
11,2016-10-09,1.23,452109.18,187260.61,69425.23,156.52,195266.82,95659.91,99113.85,493.06,"conventional",2016,"Atlanta"
10,2015-10-18,1.09,349072.48,228710.28,59731.79,291.22,60339.19,36884.35,23454.84,0,"conventional",2015,"Atlanta"
49,2017-01-22,0.84,755472.09,320378,135920.57,179.13,298994.39,177899.15,121095.24,0,"conventional",2017,"Atlanta"
43,2016-02-28,0.9,555470.58,325884.06,106311.73,1136.7,122138.09,60231.13,61906.96,0,"conventional",2016,"Atlanta"
26,2016-06-26,0.85,606856.8,272203.41,82764.12,173.96,251715.31,199572.08,52123.23,20,"conventional",2016,"Atlanta"
4,2016-11-27,1.53,36545.5,321.68,9807.21,26.11,26390.5,322.68,26067.82,0,"organic",2016,"Seattle"
11,2016-10-09,1.73,23673.82,689.95,9161.72,0,13822.15,4318.59,9503.56,0,"organic",2016,"Seattle"
44,2015-02-22,1.5,35183.3,13839.32,20645.52,83.21,615.25,0,615.25,0,"organic",2015,"Seattle"
39,2017-04-02,1.02,76855.75,1334.79,18147.07,45.03,57328.86,349.3,56979.56,0,"organic",2017,"Seattle"
12,2016-10-02,1.45,35306.91,1498.12,7937.3,9.12,25862.37,3661.9,22200.47,0,"organic",2016,"Seattle"
45,2017-02-19,2.26,29024.68,800.29,14582.23,12.06,13630.1,9407.45,4222.65,0,"organic",2017,"Seattle"
21,2017-08-06,2.58,29977.08,1335.08,13120.04,36.29,15485.67,1685.57,13800.1,0,"organic",2017,"Seattle"
16,2017-09-10,2.87,27205.13,1051.52,10952.09,8.82,15192.7,1109.64,14018.66,64.4,"organic",2017,"Seattle"
11,2018-01-07,1.26,98765.23,1404.78,33170.68,11.77,64178,2054.96,62104.14,18.9,"organic",2018,"Seattle"
4,2017-12-03,1.19,98030.75,1019.98,29524.69,55.28,67430.8,1978.94,65389,62.86,"organic",2017,"Seattle"
49,2017-01-22,1.32,39780.18,654.95,10318.19,9.24,28797.8,557.91,28239.89,0,"organic",2017,"Seattle"
13,2015-09-27,1.75,24607.2,4793.34,11315.26,6.64,8491.96,2.95,8489.01,0,"organic",2015,"Seattle"
11,2015-10-11,1.75,26750.05,4297.16,13215.71,11.98,9225.2,2.96,9222.24,0,"organic",2015,"Seattle"
18,2017-08-27,2.96,26845.68,1134.59,11055.6,12.57,14642.92,1079.26,13563.66,0,"organic",2017,"Seattle"
34,2017-05-07,1.51,56578.63,1762.76,16113.72,10.69,38691.46,497.52,38193.94,0,"organic",2017,"Seattle"
8,2017-11-05,2.34,22872.63,788.17,8753.24,7.67,13323.55,1001.42,12312.18,9.95,"organic",2017,"Seattle"
2,2015-12-13,1.03,53336.93,617.87,19731.07,34.72,32953.27,51.55,32901.72,0,"organic",2015,"Seattle"
0,2016-12-25,0.81,80324.51,353.45,15255.56,2.62,64712.88,548.41,64164.47,0,"organic",2016,"Seattle"
3,2015-12-06,2.06,16605.6,556.65,11750.04,14.68,4284.23,11.87,4272.36,0,"organic",2015,"Seattle"
21,2015-08-02,2.04,26756.69,8531.33,14816.24,55.81,3353.31,0,3353.31,0,"organic",2015,"Seattle"
10,2016-10-16,1.59,33108.57,835.37,10706.93,10.46,21555.81,3017.8,18538.01,0,"organic",2016,"Seattle"
13,2017-10-01,2.86,25718.23,770.12,9708.8,7.6,15231.71,1062.22,14155.42,14.07,"organic",2017,"Seattle"
41,2016-03-13,1.18,51451.83,409.24,15023.6,41.84,35977.15,10152.23,25824.92,0,"organic",2016,"Seattle"
24,2016-07-10,1.8,37406.41,1364.66,25562.94,40.41,10438.4,277.67,10160.73,0,"organic",2016,"Seattle"
40,2017-03-26,0.7,117379.74,1221.44,13622.19,6.8,102529.31,456.23,102073.08,0,"organic",2017,"Seattle"
5,2017-11-26,1.76,35304.27,582.45,11806.84,46.6,22868.38,1202.81,21536.14,129.43,"organic",2017,"Seattle"
21,2016-07-31,1.34,48248.63,3816.63,12705.33,38.64,31688.03,2455.73,29232.3,0,"organic",2016,"Seattle"
34,2015-05-03,1.56,37257.59,8323.36,21227.82,11.79,7694.62,14.56,7680.06,0,"organic",2015,"Seattle"
