Lab Assignments/Lab-tidyr-Avocados/avocado.csv
"X1","Date","AveragePrice","Total Volume","4046","4225","4770","Total Bags","Small Bags","Large Bags","XLarge Bags","type","year","region"
30,2017-06-04,1.11,50502.11,10986.31,40.1,0,39475.7,39413.32,62.38,0,"organic",2017,"Houston"
35,2017-04-30,1.18,28118.39,9703.57,38.49,0,18376.33,10563.19,7813.14,0,"organic",2017,"Houston"
50,2015-01-11,1.26,7561,6142.35,818.65,0,600,600,0,0,"organic",2015,"Houston"
3,2016-12-04,1,23759.48,7476,37.13,0,16246.35,16243.02,3.33,0,"organic",2016,"Houston"
14,2016-09-18,0.9,42158.24,14726.43,44.64,0,27387.17,27347.17,40,0,"organic",2016,"Houston"
35,2016-04-24,1.07,15724.92,5900.79,68.56,0,9755.57,5786.88,3968.69,0,"organic",2016,"Houston"
16,2016-09-04,0.91,44369.75,13279.9,34.61,0,31055.24,31008.57,46.67,0,"organic",2016,"Houston"
28,2016-06-12,1.05,19398.78,8780.1,51.55,0,10567.13,9910.16,656.97,0,"organic",2016,"Houston"
32,2017-05-21,1.39,37108.49,10501.86,12.01,0,26594.62,26523.44,71.18,0,"organic",2017,"Houston"
0,2018-03-25,1.31,36999.72,8247.81,67.33,0,28684.58,28094.58,590,0,"organic",2018,"Houston"
28,2017-06-18,1.03,42161.02,9790.57,82,0,32288.45,32199.56,88.89,0,"organic",2017,"Houston"
21,2017-08-06,1.4,37755.61,10486.19,21.84,0,27247.58,27247.58,0,0,"organic",2017,"Houston"
18,2015-08-23,1.26,10518.1,8896.86,94.67,0,1526.57,1466.67,59.9,0,"organic",2015,"Houston"
13,2016-09-25,0.87,40784.87,13792.1,93.57,0,26899.2,26875.87,23.33,0,"organic",2016,"Houston"
47,2016-01-31,1.44,10657.65,7059.86,63.08,0,3534.71,3528.04,6.67,0,"organic",2016,"Houston"
18,2016-08-21,0.98,34420.5,11016.48,40.33,0,23363.69,23303.69,60,0,"organic",2016,"Houston"
13,2017-10-01,1.89,23587.7,11150.15,8.31,0,12429.24,12429.24,0,0,"organic",2017,"Houston"
32,2016-05-15,1,22900.08,7829,40.07,0,15031.01,10087.16,4943.85,0,"organic",2016,"Houston"
5,2016-11-20,0.99,36090.09,11095.9,37.11,0,24957.08,24950.41,6.67,0,"organic",2016,"Houston"
24,2015-07-12,1.17,11741.87,11397.65,277.55,0,66.67,66.67,0,0,"organic",2015,"Houston"
35,2015-04-26,1.26,12066.11,10739.01,480.43,0,846.67,846.67,0,0,"organic",2015,"Houston"
33,2016-05-08,1.04,20458.56,7355.94,26.73,0,13075.89,6977.83,6098.06,0,"organic",2016,"Houston"
14,2015-09-20,1.47,11781.86,8733.8,46.33,0,3001.73,3001.73,0,0,"organic",2015,"Houston"
0,2015-12-27,1.31,10598.3,4797.41,57.91,0,5742.98,4815.51,927.47,0,"organic",2015,"Houston"
5,2018-02-18,1.41,31029.02,6697.58,149.14,0,24182.3,24082.3,100,0,"organic",2018,"Houston"
7,2015-11-08,1.44,10027.49,6028.94,83.94,0,3914.61,3914.61,0,0,"organic",2015,"Houston"
17,2017-09-03,1.85,16832.81,6566.3,58.92,0,10207.59,10207.59,0,0,"organic",2017,"Houston"
0,2016-12-25,1.21,20826.21,10951.58,88.01,0,9786.62,9783.29,3.33,0,"organic",2016,"Houston"
4,2017-12-03,1.62,1119325,99317.88,269450.85,1108.2,749121.8,592524.24,156438.84,158.72,"organic",2017,"TotalUS"
44,2015-02-22,1.51,673446.69,272594.88,230342.87,4883.55,165625.39,133314.63,32310.76,0,"organic",2015,"TotalUS"
7,2017-11-12,1.81,1044591.43,93312.94,217612.9,1074.64,732279.99,643083.53,89180.07,16.39,"organic",2017,"TotalUS"
50,2017-01-15,1.44,975724.28,121132.79,280287.84,8750.08,565553.57,400292.46,165261.11,0,"organic",2017,"TotalUS"
41,2015-03-15,1.5,644584.67,235569.01,258475.58,5308.79,145231.29,109325.32,35905.97,0,"organic",2015,"TotalUS"
6,2015-11-15,1.6,511347.26,109494.19,225216.4,3599.71,173036.96,120815.93,52221.03,0,"organic",2015,"TotalUS"
17,2015-08-30,1.66,670005.94,150924.97,325442.96,5569.76,188068.25,113122.37,74945.88,0,"organic",2015,"TotalUS"
16,2017-09-10,2.03,1093955.66,114942.21,249231.14,940.89,728658.92,622445.79,106080.9,132.23,"organic",2017,"TotalUS"
17,2017-09-03,2.06,1075538.53,113516,256920.07,2256.96,702628.91,571725.58,130801.89,101.44,"organic",2017,"TotalUS"
52,2017-01-01,1.48,808971.88,99820.77,273329.61,4425.75,431395.75,273456,157939.75,0,"organic",2017,"TotalUS"
42,2017-03-12,1.38,1337596.89,152896.45,330081.75,3188.52,851430.17,491035.95,360394.22,0,"organic",2017,"TotalUS"
51,2016-01-03,1.43,704100.5,124799.63,246580.95,7749.4,324970.52,150967.35,174003.17,0,"organic",2016,"TotalUS"
9,2018-01-21,1.63,1283987.65,108705.28,259172.13,1490.02,914409.26,710654.4,203526.59,228.27,"organic",2018,"TotalUS"
7,2016-11-06,1.68,897671.29,117317.9,266018.89,5049.63,509284.87,284638.32,224646.55,0,"organic",2016,"TotalUS"
23,2016-07-17,1.63,1018118.27,152828.51,359772.18,9957.61,495559.97,346531.83,149028.14,0,"organic",2016,"TotalUS"
45,2016-02-14,1.37,852463.31,102897.63,306235.69,6955.69,436374.3,201936.87,234437.43,0,"organic",2016,"TotalUS"
3,2016-12-04,1.56,832767.55,106472.53,242055.86,2918.28,481320.88,284858.65,196462.23,0,"organic",2016,"TotalUS"
40,2015-03-22,1.49,682640.03,237139.46,320353.82,5290.59,119856.16,83554.82,36301.34,0,"organic",2015,"TotalUS"
21,2017-08-06,1.83,1059971.14,112592.04,236015.15,1552.51,709619.31,598479.83,111139.48,0,"organic",2017,"TotalUS"
26,2015-06-28,1.64,659947.03,192182.13,332739.27,5956.87,129068.76,80006.4,49062.36,0,"organic",2015,"TotalUS"
19,2016-08-14,1.48,1093287.79,186697.3,341463.72,10231.17,554895.6,459261.24,95634.36,0,"organic",2016,"TotalUS"
18,2016-08-21,1.51,1033169.7,177591.96,308314.91,5831.02,541431.81,458921.84,82509.97,0,"organic",2016,"TotalUS"
2,2017-12-17,1.57,1148617.16,94905.86,248498.73,982.45,803682.1,673202.55,130360.58,118.97,"organic",2017,"TotalUS"
39,2015-03-29,1.6,674551.02,193273.88,324919.62,5794.39,150563.13,113703.56,36859.57,0,"organic",2015,"TotalUS"
15,2017-09-17,2,1074567.7,140979.17,243233.57,891.6,689301.75,582096.9,107163.76,41.09,"organic",2017,"TotalUS"
50,2016-01-10,1.35,828670.59,113867.63,287590.19,8771.79,418440.98,183115.43,235325.55,0,"organic",2016,"TotalUS"
41,2017-03-19,1.5,1284018.65,172196.56,411359.03,3304.62,697158.44,486101.39,211057.05,0,"organic",2017,"TotalUS"
3,2015-12-06,1.52,514112.96,90203.21,212582.74,4066.09,207260.92,108684.49,98576.43,0,"organic",2015,"TotalUS"
48,2017-01-29,1.08,121203.53,35172.06,5405.54,0,80625.93,76958.46,3667.47,0,"organic",2017,"SouthCentral"
25,2016-07-03,1.13,111340.2,45145.4,8701.71,0,57493.09,55392.77,2100.32,0,"organic",2016,"SouthCentral"
35,2017-04-30,1.31,126586.54,41198.05,8563.75,0,76824.74,59357.39,17467.35,0,"organic",2017,"SouthCentral"
31,2016-05-22,1.05,130641.29,37426.79,9630.79,231.79,83351.92,66161,17190.92,0,"organic",2016,"SouthCentral"
51,2015-01-04,1.35,53494.91,24139.72,8586.46,0,20768.73,20622.28,146.45,0,"organic",2015,"SouthCentral"
28,2015-06-14,1.38,51786.11,35863,5766.06,0,10157.05,10083.7,73.35,0,"organic",2015,"SouthCentral"
29,2016-06-05,1.1,117920.36,36488.57,7670.66,417.29,73343.84,59332.91,14010.93,0,"organic",2016,"SouthCentral"
0,2017-12-31,1.41,115959.77,25221.46,3103.46,0,87634.85,82290.07,5344.78,0,"organic",2017,"SouthCentral"
14,2016-09-18,1.14,129652.83,42581.23,5505.14,0,81566.46,73194.34,8372.12,0,"organic",2016,"SouthCentral"
31,2015-05-24,1.39,62670.56,43917.94,5442.25,0,13310.37,12139.04,1171.33,0,"organic",2015,"SouthCentral"
29,2015-06-07,1.37,49534.9,34890.42,5388.51,0,9255.97,8464.03,791.94,0,"organic",2015,"SouthCentral"
18,2016-08-21,0.97,247621.32,67192.31,4365.3,0,176063.71,170028.41,6035.3,0,"organic",2016,"SouthCentral"
1,2015-12-20,1.41,52488.05,21127.59,3331.02,0,28029.44,24355.9,3673.54,0,"organic",2015,"SouthCentral"
21,2017-08-06,1.48,141584.65,34146.34,4622.76,0,102815.55,101574.31,1241.24,0,"organic",2017,"SouthCentral"
2,2016-12-11,1.12,101938.87,22116.71,3578.88,0,76243.28,69391.18,6852.1,0,"organic",2016,"SouthCentral"
1,2018-03-18,1.28,154056.32,27820.2,6264.66,0,119971.46,101198.09,18773.37,0,"organic",2018,"SouthCentral"
22,2015-07-26,1.26,62027.52,47466.03,5752.63,0,8808.86,7114.14,1694.72,0,"organic",2015,"SouthCentral"
23,2015-07-19,1.31,56107.03,41370.58,6317.71,0,8418.74,6211.9,2206.84,0,"organic",2015,"SouthCentral"
30,2016-05-29,1.07,144179.65,43253.38,13727.01,4019.29,83179.97,65946.52,17233.45,0,"organic",2016,"SouthCentral"
4,2015-11-29,1.47,48739.53,21480.33,3491.54,0,23767.66,21567.32,2200.34,0,"organic",2015,"SouthCentral"
19,2015-08-16,1.45,62132.94,32498.91,7976.91,0,21657.12,20726.4,930.72,0,"organic",2015,"SouthCentral"
12,2016-10-02,1.14,131064.76,57006.38,4790.65,0,69267.73,66393.37,2874.36,0,"organic",2016,"SouthCentral"
24,2017-07-16,1.46,144301.93,31546.7,5690.47,0,107064.76,105059.9,2004.86,0,"organic",2017,"SouthCentral"
4,2016-11-27,1.18,122037.93,31680.35,2782.97,0,87574.61,84151.11,3423.5,0,"organic",2016,"SouthCentral"
5,2015-11-22,1.53,49426.32,22587.08,3632,0,23207.24,23045.62,161.62,0,"organic",2015,"SouthCentral"
24,2015-07-12,1.27,59760.16,42967.8,5971.21,0,10821.15,7288.89,3532.26,0,"organic",2015,"SouthCentral"
1,2017-12-24,1.47,126306.81,22484.56,3829,0,99993.25,97351.92,2641.33,0,"organic",2017,"SouthCentral"
0,2016-12-25,1.21,94378.68,28632.23,4227.39,0,61519.06,59525.98,1993.08,0,"organic",2016,"SouthCentral"
34,2017-05-07,1.34,138588.03,30711.6,11489.92,0,96386.51,87975.05,8411.46,0,"organic",2017,"SouthCentral"
43,2016-02-28,1.24,89262.56,28679.61,6947.04,2.79,53633.12,38914.83,14718.29,0,"organic",2016,"SouthCentral"
26,2016-06-26,1.17,114148.17,40284.96,7267.68,0,66595.53,61928.4,4667.13,0,"organic",2016,"SouthCentral"
47,2016-01-31,1.41,69115.72,29502.87,4582.19,2.77,35027.89,34397.13,630.76,0,"organic",2016,"SouthCentral"
39,2016-03-27,1.25,84351.3,29009.17,6132.83,8.49,49200.81,39989.57,9211.24,0,"organic",2016,"SouthCentral"
3,2017-12-10,1.5,102658.15,18348.97,3120.89,0,81188.29,70929.35,10258.94,0,"organic",2017,"SouthCentral"
30,2015-05-31,1.41,51748.65,33589.51,4660.68,0,13498.46,13292.86,205.6,0,"organic",2015,"SouthCentral"
24,2016-07-10,2.33,9578.06,202.21,3689.57,1.36,5684.92,5684.92,0,0,"organic",2016,"HartfordSpringfield"
7,2016-11-06,2.57,6674.17,73.43,3159.34,2.77,3438.63,3331,107.63,0,"organic",2016,"HartfordSpringfield"
29,2017-06-11,2.62,13040.76,89.07,4953.62,13.7,7984.37,7752.18,232.19,0,"organic",2017,"HartfordSpringfield"
3,2016-12-04,2.42,8036.44,103.64,3639.96,2.74,4290.1,4290.1,0,0,"organic",2016,"HartfordSpringfield"
18,2016-08-21,2.09,6181.23,151.97,4182.89,2.74,1843.63,1676.47,167.16,0,"organic",2016,"HartfordSpringfield"
51,2015-01-04,2.32,4801.1,87.56,4364.01,0,349.53,349.53,0,0,"organic",2015,"HartfordSpringfield"
28,2016-06-12,2.31,5799.45,121.61,3428.72,14.86,2234.26,2234.26,0,0,"organic",2016,"HartfordSpringfield"
47,2016-01-31,2.27,4585.28,126.99,2375.58,16.21,2066.5,1886.38,180.12,0,"organic",2016,"HartfordSpringfield"
25,2015-07-05,2.4,4295.54,160.42,3786.57,0,348.55,348.55,0,0,"organic",2015,"HartfordSpringfield"
9,2018-01-21,2.12,12308.98,97.64,4096.79,1.39,8113.16,8079.06,34.1,0,"organic",2018,"HartfordSpringfield"
8,2016-10-30,2.34,4272.13,275.57,2734.41,1.38,1260.77,1080.29,180.48,0,"organic",2016,"HartfordSpringfield"
4,2017-12-03,1.83,14089.35,288.44,5155.12,1.39,8644.4,8644.4,0,0,"organic",2017,"HartfordSpringfield"
5,2018-02-18,1.48,49348.86,1201.04,40277.25,8.4,7862.17,7566.48,295.69,0,"organic",2018,"HartfordSpringfield"
33,2016-05-08,2.16,8622.92,25.33,3861.42,5.33,4730.84,4470.09,260.75,0,"organic",2016,"HartfordSpringfield"
49,2015-01-18,2.35,2552.09,39.56,2233.79,12.07,266.67,266.67,0,0,"organic",2015,"HartfordSpringfield"
14,2016-09-18,2.36,10644.73,83.96,3101.07,5.51,7454.19,7427.43,26.76,0,"organic",2016,"HartfordSpringfield"
44,2016-02-21,2.24,4735.53,127.66,2709.06,6.72,1892.09,1892.09,0,0,"organic",2016,"HartfordSpringfield"
34,2017-05-07,2.51,15173.18,198.47,7086.04,2.76,7885.91,7885.91,0,0,"organic",2017,"HartfordSpringfield"
3,2015-12-06,2.16,2739.09,192.25,2179.25,15.11,352.48,349.15,3.33,0,"organic",2015,"HartfordSpringfield"
52,2017-01-01,2.44,11977.13,152.32,7697.1,12.35,4115.36,3947.64,167.72,0,"organic",2017,"HartfordSpringfield"
1,2015-12-20,2.24,3998.59,222.69,1874.44,230.89,1670.57,1670.57,0,0,"organic",2015,"HartfordSpringfield"
6,2015-11-15,2.23,2428.95,135.67,2079.43,0,213.85,201.54,12.31,0,"organic",2015,"HartfordSpringfield"
2,2018-03-11,2.15,17722.27,147.46,8428.14,2.8,9143.87,9143.87,0,0,"organic",2018,"HartfordSpringfield"
25,2016-07-03,2.33,9168.9,167.86,3744.45,8.12,5248.47,5248.47,0,0,"organic",2016,"HartfordSpringfield"
6,2016-11-13,2.68,5260.62,15.23,3074.13,20.77,2150.49,2142.8,7.69,0,"organic",2016,"HartfordSpringfield"
39,2016-03-27,2.18,8342.54,117.56,2754.65,0,5470.33,5470.33,0,0,"organic",2016,"HartfordSpringfield"
41,2017-03-19,2.04,24796.8,604.48,17563.18,45.65,6583.49,6460.53,122.96,0,"organic",2017,"HartfordSpringfield"
9,2015-10-25,1.98,3885.53,54.15,2232.58,9.72,1589.08,339.5,1249.58,0,"organic",2015,"HartfordSpringfield"
40,2016-03-20,2.3,6407.43,160.54,3228.32,2.68,3015.89,3015.89,0,0,"organic",2016,"HartfordSpringfield"
39,2015-03-29,2.27,2220.8,88.35,1846.21,0,286.24,286.24,0,0,"organic",2015,"HartfordSpringfield"
27,2017-06-25,2.61,12883.38,64.48,5815.43,16.46,6987.01,6987.01,0,0,"organic",2017,"HartfordSpringfield"
26,2016-06-26,2.32,7355.55,37.86,3299.19,4.06,4014.44,4014.44,0,0,"organic",2016,"HartfordSpringfield"
13,2016-09-25,1.58,315399.04,23189.93,236472.99,3706.18,52029.94,52018.36,11.58,0,"conventional",2016,"NorthernNewEngland"
21,2015-08-02,1.25,417082.92,2279.1,347110.01,1637.61,66056.2,66056.2,0,0,"conventional",2015,"NorthernNewEngland"
18,2016-08-21,1.34,413497.16,95074.76,197872.17,4669.14,115881.09,114415.93,30.16,1435,"conventional",2016,"NorthernNewEngland"
6,2016-11-13,1.48,268388.51,11996.05,211327.03,2651.04,42414.39,42414.39,0,0,"conventional",2016,"NorthernNewEngland"
3,2016-12-04,1.12,440990.34,24617.32,378804.18,2349.92,35218.92,35218.92,0,0,"conventional",2016,"NorthernNewEngland"
14,2015-09-20,1.17,322729.94,2413.3,270775.68,291.7,49249.26,48164.82,1084.44,0,"conventional",2015,"NorthernNewEngland"
25,2016-07-03,1.29,525917.26,78903.78,321186.45,14095.91,111731.12,102068.55,7.57,9655,"conventional",2016,"NorthernNewEngland"
7,2018-02-04,1.06,847261.25,22674.34,754096.71,2247.4,68242.8,34218.15,33787.99,236.66,"conventional",2018,"NorthernNewEngland"
28,2015-06-14,1.04,537725.07,2804.46,362082.5,10744.54,162093.57,162093.57,0,0,"conventional",2015,"NorthernNewEngland"
46,2016-02-07,0.97,605846.78,3738.02,531499.59,16922.98,53686.19,51858.11,1828.08,0,"conventional",2016,"NorthernNewEngland"
1,2017-12-24,1.36,347811.65,8585.08,251130.76,1335.19,86760.62,24294.77,62465.85,0,"conventional",2017,"NorthernNewEngland"
16,2017-09-10,1.74,312541.08,23481.64,229059.76,1536.7,58462.98,19750.58,36065.73,2646.67,"conventional",2017,"NorthernNewEngland"
14,2016-09-18,1.48,316980.64,24643.99,235008.38,4265.21,53063.06,52433.61,548.89,80.56,"conventional",2016,"NorthernNewEngland"
38,2016-04-03,0.99,486716.71,3194.71,411414.16,26852.26,45255.58,45255.58,0,0,"conventional",2016,"NorthernNewEngland"
10,2018-01-14,1.42,419376.62,11067.05,322712.21,2011.52,83585.84,29827.25,53758.59,0,"conventional",2018,"NorthernNewEngland"
1,2018-03-18,1.4,428028.9,45178.07,315349.91,1354.16,66146.76,30679.34,34470.75,996.67,"conventional",2018,"NorthernNewEngland"
11,2018-01-07,1.17,502851.14,10284.45,394541.74,4357.02,93667.93,23938.29,69729.64,0,"conventional",2018,"NorthernNewEngland"
30,2016-05-29,1.1,499944.01,19245.04,337329.57,58060.21,85309.19,83274.96,4.23,2030,"conventional",2016,"NorthernNewEngland"
29,2016-06-05,1.18,471356.84,32955.43,314403.14,35125.4,88872.87,86447.87,0,2425,"conventional",2016,"NorthernNewEngland"
22,2015-07-26,1.25,402791.86,2558.33,324258.79,2452.04,73522.7,73518.43,4.27,0,"conventional",2015,"NorthernNewEngland"
16,2016-09-04,1.38,374902.91,83711.04,209147.77,6202.12,75841.98,75401.98,0,440,"conventional",2016,"NorthernNewEngland"
44,2017-02-26,1.25,434201.49,9612.04,363051.67,5133.05,56404.73,56404.73,0,0,"conventional",2017,"NorthernNewEngland"
0,2016-12-25,1.24,325634.21,12140.61,257987.85,2878.28,52627.47,52623.03,4.44,0,"conventional",2016,"NorthernNewEngland"
39,2015-03-29,1.07,412639.2,2452.76,372165.06,57.27,37964.11,37036.33,927.78,0,"conventional",2015,"NorthernNewEngland"
4,2017-12-03,1.1,636106,15373,576981,1540,42212,20648,21564,0,"conventional",2017,"NorthernNewEngland"
51,2016-01-03,0.96,553828.14,3485.03,492915.32,17575.69,39852.1,39852.1,0,0,"conventional",2016,"NorthernNewEngland"
6,2018-02-11,1.11,617475.89,19640,512849.57,3564.09,81422.23,35046.08,45221.71,1154.44,"conventional",2018,"NorthernNewEngland"
4,2018-02-25,1.38,399308.69,22334.63,293596.94,1398.78,81978.34,37405.1,43809.91,763.33,"conventional",2018,"NorthernNewEngland"
22,2017-07-30,1.55,412937.73,7321.27,340883.77,4312.89,60419.8,18260.75,40432.38,1726.67,"conventional",2017,"NorthernNewEngland"
30,2017-06-04,1.66,401637.7,8209.2,322243.99,2107.52,69076.99,31580.39,36384.93,1111.67,"conventional",2017,"NorthernNewEngland"
10,2015-10-18,1,402466.4,3274.11,361448.46,192.81,37551.02,36297.69,1253.33,0,"conventional",2015,"NorthernNewEngland"
18,2017-08-27,1.83,277558.13,11729.61,202013.68,1677.75,62137.09,19695.46,41491.63,950,"conventional",2017,"NorthernNewEngland"
47,2015-02-01,1.06,412752.74,4353.96,361694.45,34.23,46670.1,46576.76,93.34,0,"conventional",2015,"NorthernNewEngland"
24,2017-07-16,1.39,490940.46,12060.32,404809.72,11916.24,62154.18,12580.97,46560.98,3012.23,"conventional",2017,"NorthernNewEngland"
2,2016-12-11,1.29,310425.3,9683.11,246740.16,3080.85,50921.18,50026.48,894.7,0,"conventional",2016,"NorthernNewEngland"
44,2015-02-22,1.13,264118.86,2875.24,217477.35,23.63,43742.64,43735.97,6.67,0,"conventional",2015,"NorthernNewEngland"
14,2017-09-24,1.63,296892.52,10778.57,233287.45,1510.55,51315.95,13437.56,37878.39,0,"conventional",2017,"NorthernNewEngland"
33,2015-05-10,1.05,578436.76,2739.66,503984.46,78.56,71634.08,71253.97,380.11,0,"conventional",2015,"NorthernNewEngland"
0,2015-12-27,1.21,304598.42,2601.32,250270.9,12123.24,39602.96,39602.96,0,0,"conventional",2015,"NorthernNewEngland"
45,2017-02-19,1.37,375322.2,8811.46,295892.82,3364.17,67253.75,67249.95,3.8,0,"conventional",2017,"NorthernNewEngland"
