Lab Assignments/Lab-tidyr-Avocados/avocado.csv
"X1","Date","AveragePrice","Total Volume","4046","4225","4770","Total Bags","Small Bags","Large Bags","XLarge Bags","type","year","region"
5,2016-11-20,1.53,5481.72,603.21,44.54,0,4833.97,2076.66,2757.31,0,"organic",2016,"Orlando"
7,2017-11-12,1.88,5376.58,147.41,871.4,0,4357.77,4351.1,6.67,0,"organic",2017,"Orlando"
41,2016-03-13,1.52,5651.13,2735.12,99.34,0,2816.67,2816.67,0,0,"organic",2016,"Orlando"
18,2017-08-27,2.3,6882.52,589.98,3095.69,0,3196.85,3196.85,0,0,"organic",2017,"Orlando"
13,2016-09-25,2.03,3985.23,2263.93,179.85,0,1541.45,1010,531.45,0,"organic",2016,"Orlando"
20,2015-08-09,1.77,4599.05,2327.49,56.78,0,2214.78,2214.78,0,0,"organic",2015,"Orlando"
17,2016-08-28,1.8,6294.99,2353.65,141.34,0,3800,3756.67,43.33,0,"organic",2016,"Orlando"
15,2015-09-13,2.11,2895.23,1770.69,41.52,0,1083.02,1083.02,0,0,"organic",2015,"Orlando"
32,2015-05-17,1.88,2730.74,2073.98,46,0,610.76,610.76,0,0,"organic",2015,"Orlando"
6,2015-11-15,1.83,2903.44,1908.51,44.94,0,949.99,946.66,3.33,0,"organic",2015,"Orlando"
50,2016-01-10,1.75,3858.1,2417.89,59.89,0,1380.32,1363.33,16.99,0,"organic",2016,"Orlando"
10,2017-10-22,2.29,7965.85,318.97,1675.81,0,5971.07,4053.33,1917.74,0,"organic",2017,"Orlando"
35,2017-04-30,2.38,4681.64,2188.24,289.11,0,2204.29,1853.34,350.95,0,"organic",2017,"Orlando"
10,2016-10-16,1.44,2930.31,478.48,51.31,0,2400.52,533.33,1867.19,0,"organic",2016,"Orlando"
21,2015-08-02,2,4054.1,2241.33,46.64,0,1766.13,1766.13,0,0,"organic",2015,"Orlando"
8,2017-11-05,2.01,7634.15,248.29,1434.28,0,5951.58,4501.1,1450.48,0,"organic",2017,"Orlando"
27,2017-06-25,2.18,7422.56,780.55,3949.02,0,2692.99,2689.66,3.33,0,"organic",2017,"Orlando"
5,2017-11-26,1.65,4800.66,87.84,727.01,0,3985.81,3975.55,10.26,0,"organic",2017,"Orlando"
39,2015-03-29,1.89,2718.72,2081.41,47.36,0,589.95,589.95,0,0,"organic",2015,"Orlando"
16,2017-09-10,2.12,5927.43,250.97,826.99,0,4849.47,4658.17,191.3,0,"organic",2017,"Orlando"
33,2016-05-08,1.68,5598.49,2770.42,153.63,0,2674.44,2674.44,0,0,"organic",2016,"Orlando"
25,2015-07-05,1.82,2529.35,1659.51,16.91,0,852.93,810,42.93,0,"organic",2015,"Orlando"
15,2016-09-11,1.47,7565.44,1321.86,108.37,0,6135.21,2990,3145.21,0,"organic",2016,"Orlando"
35,2015-04-26,1.88,2490.11,1845.77,57.67,0,586.67,586.67,0,0,"organic",2015,"Orlando"
23,2017-07-23,1.79,4731.7,89.48,833.81,0,3808.41,3808.41,0,0,"organic",2017,"Orlando"
39,2016-03-27,1.6,5298.14,2980.74,110.73,0,2206.67,2206.67,0,0,"organic",2016,"Orlando"
9,2015-10-25,1.85,2905.07,2019.57,8.83,0,876.67,876.67,0,0,"organic",2015,"Orlando"
2,2016-12-11,1.4,5860.1,519.9,32.88,0,5307.32,2820,2487.32,0,"organic",2016,"Orlando"
45,2015-02-15,1.85,2038.24,1386.9,41.34,0,610,610,0,0,"organic",2015,"Orlando"
36,2016-04-17,1.64,5604.81,2538.97,159.88,0,2905.96,2905.96,0,0,"organic",2016,"Orlando"
44,2015-02-22,1.76,2584.79,1346.61,31.51,0,1206.67,1206.67,0,0,"organic",2015,"Orlando"
0,2018-03-25,1.45,11040.51,209.54,1106.74,0,9724.23,8756.67,967.56,0,"organic",2018,"Orlando"
23,2015-07-19,1.72,5031.11,2002.52,61.91,0,2966.68,2966.68,0,0,"organic",2015,"Orlando"
39,2017-04-02,1.8,7480.22,1901.68,218.15,0,5360.39,4305.28,1055.11,0,"organic",2017,"Orlando"
30,2017-06-04,2.43,6820.7,2184.08,3605.15,0,1031.47,1029.6,1.87,0,"organic",2017,"Sacramento"
7,2018-02-04,1.5,8713.26,2722.6,4194,0,1796.66,1796.66,0,0,"organic",2018,"Sacramento"
20,2015-08-09,2.17,7260.07,1873.4,5095.95,0,290.72,290.72,0,0,"organic",2015,"Sacramento"
47,2015-02-01,1.22,13195.65,7103.9,5624.41,0,467.34,467.34,0,0,"organic",2015,"Sacramento"
34,2016-05-01,1.41,13056.72,1777.72,10850.42,0,428.58,428.58,0,0,"organic",2016,"Sacramento"
51,2016-01-03,1.68,7911.16,1317.55,6361.92,0,231.69,231.69,0,0,"organic",2016,"Sacramento"
8,2015-11-01,1.9,5479.7,1136.13,4277.28,0,66.29,66.29,0,0,"organic",2015,"Sacramento"
44,2016-02-21,2.04,6818.11,1000.93,5572.52,0,244.66,241.33,3.33,0,"organic",2016,"Sacramento"
23,2015-07-19,1.98,9560.55,3147.29,6150.55,0,262.71,262.71,0,0,"organic",2015,"Sacramento"
7,2015-11-08,1.8,5951.51,1335.02,4090.76,0,525.73,247.95,277.78,0,"organic",2015,"Sacramento"
24,2016-07-10,2.13,8347.48,1784.58,6221.27,0,341.63,341.63,0,0,"organic",2016,"Sacramento"
23,2017-07-23,1.97,7041.27,1474.65,2451.59,0,3115.03,3115.03,0,0,"organic",2017,"Sacramento"
9,2016-10-23,2.23,5525.46,1044.35,3807.61,5.34,668.16,668.16,0,0,"organic",2016,"Sacramento"
0,2016-12-25,2.41,4567.83,1449.65,2867.8,2.68,247.7,247.7,0,0,"organic",2016,"Sacramento"
28,2015-06-14,1.81,10339.48,4885.46,5256.1,0,197.92,197.92,0,0,"organic",2015,"Sacramento"
13,2015-09-27,1.95,5472.45,1261.85,3990.21,0,220.39,220.39,0,0,"organic",2015,"Sacramento"
10,2016-10-16,2.13,4315.59,1299.88,2582.51,0,433.2,433.2,0,0,"organic",2016,"Sacramento"
51,2017-01-08,2.15,5692.25,1630.79,3665,0,396.46,396.46,0,0,"organic",2017,"Sacramento"
7,2017-11-12,1.81,6581.85,2473.4,2399.57,0,1708.88,1708.88,0,0,"organic",2017,"Sacramento"
20,2017-08-13,2.09,8707,2079.18,3059.01,0,3568.81,3565.48,3.33,0,"organic",2017,"Sacramento"
14,2017-09-24,1.89,7344.32,2672.33,3111.54,0,1560.45,1557.12,3.33,0,"organic",2017,"Sacramento"
31,2016-05-22,2.01,8439.22,1744.81,6492.36,0,202.05,202.05,0,0,"organic",2016,"Sacramento"
8,2018-01-28,1.99,7631.73,2280.4,3098,0,2253.33,2253.33,0,0,"organic",2018,"Sacramento"
9,2017-10-29,1.86,7341.92,2787.56,2909.91,0,1644.45,1644.45,0,0,"organic",2017,"Sacramento"
11,2018-01-07,2.18,6511.97,2187.59,2577.71,0,1746.67,1746.67,0,0,"organic",2018,"Sacramento"
22,2015-07-26,2.12,8182.86,2850.16,5160.65,0,172.05,172.05,0,0,"organic",2015,"Sacramento"
22,2016-07-24,2.15,7348.62,1607.42,5412.41,2.66,326.13,326.13,0,0,"organic",2016,"Sacramento"
5,2017-11-26,1.72,6851.13,2309.23,2494.13,0,2047.77,2047.77,0,0,"organic",2017,"Sacramento"
40,2015-03-22,1.52,7875.19,4117.41,3666.37,0,91.41,91.41,0,0,"organic",2015,"Sacramento"
2,2018-03-11,1.9,8634.75,2317.5,3561.2,0,2756.05,2752.63,3.42,0,"organic",2018,"Sacramento"
25,2017-07-09,2.36,3562.52,1253.12,1982.16,0,327.24,322.03,5.21,0,"organic",2017,"Sacramento"
19,2016-08-14,1.96,7490.34,1651.39,5561.63,0,277.32,277.32,0,0,"organic",2016,"Sacramento"
4,2017-12-03,1.88,21338.43,39.81,1355.4,0,19943.22,18266.31,1676.91,0,"organic",2017,"Boston"
12,2015-10-04,1.28,8186.26,14.4,647.58,0,7524.28,7524.28,0,0,"organic",2015,"Boston"
11,2015-10-11,1.26,7698.58,12.33,386.4,0,7299.85,7299.85,0,0,"organic",2015,"Boston"
37,2015-04-12,1.86,3619.27,44.38,915.97,0,2658.92,2658.92,0,0,"organic",2015,"Boston"
14,2016-09-18,1.86,18371.82,8.37,704.63,0,17658.82,17658.82,0,0,"organic",2016,"Boston"
23,2016-07-17,1.77,14776.98,4.69,624.09,0,14148.2,12690.18,1458.02,0,"organic",2016,"Boston"
19,2017-08-20,1.72,22954.83,10.07,1256.79,0,21687.97,18683.96,3004.01,0,"organic",2017,"Boston"
35,2017-04-30,2.02,17863.55,85.6,2341.26,0,15436.69,14866.04,570.65,0,"organic",2017,"Boston"
49,2017-01-22,1.93,15417.31,9.6,969.46,0,14438.25,14438.25,0,0,"organic",2017,"Boston"
47,2016-01-31,1.52,8221.86,6.99,553.02,0,7661.85,7494.27,167.58,0,"organic",2016,"Boston"
18,2015-08-23,2,3080.47,41.2,1201.46,0,1837.81,1837.81,0,0,"organic",2015,"Boston"
8,2018-01-28,1.72,30846.35,14.65,1628.45,0,29203.25,27876.23,1327.02,0,"organic",2018,"Boston"
32,2015-05-17,1.91,4366.74,54.38,1651.19,0,2661.17,2661.17,0,0,"organic",2015,"Boston"
50,2015-01-11,1.94,2217.82,12.82,956.07,0,1248.93,1248.93,0,0,"organic",2015,"Boston"
46,2015-02-08,1.91,3098.29,15.18,948.71,0,2134.4,2134.4,0,0,"organic",2015,"Boston"
7,2017-11-12,1.87,26148.28,24.04,1429.61,0,24694.63,21304.78,3389.85,0,"organic",2017,"Boston"
49,2015-01-18,2,2209.34,4.22,834.34,0,1370.78,1370.78,0,0,"organic",2015,"Boston"
33,2015-05-10,2.02,3428.91,76.25,1275.48,0,2077.18,2077.18,0,0,"organic",2015,"Boston"
27,2017-06-25,2.13,22051.39,12.39,1891.69,0,20147.31,18533.64,1613.67,0,"organic",2017,"Boston"
1,2017-12-24,1.83,25639.14,29.37,1723.76,0,23886.01,23597.12,288.89,0,"organic",2017,"Boston"
27,2015-06-21,2.06,2662.63,82.6,1124.34,0,1455.69,1455.69,0,0,"organic",2015,"Boston"
42,2016-03-06,1.7,10200.05,11.43,1079.31,0,9109.31,7203.39,1905.92,0,"organic",2016,"Boston"
32,2016-05-15,1.58,14776.15,6.02,549.85,0,14220.28,12627.58,1592.7,0,"organic",2016,"Boston"
2,2017-12-17,1.82,24904.99,12.88,1538.66,0,23353.45,19173.91,4179.54,0,"organic",2017,"Boston"
10,2018-01-14,1.73,29468.36,12.77,2380.23,0,27075.36,23926.76,3148.6,0,"organic",2018,"Boston"
8,2016-10-30,1.49,8408,118.09,810.7,0,7479.21,7479.21,0,0,"organic",2016,"Boston"
16,2017-09-10,1.74,25480.22,20.49,1076.33,0,24383.4,23213.93,1169.47,0,"organic",2017,"Boston"
0,2018-03-25,1.74,38441.23,27.25,2031.54,0,36382.44,29466.95,6915.49,0,"organic",2018,"Boston"
6,2015-11-15,1.15,8779.47,6.99,534.36,0,8238.12,8232.57,5.55,0,"organic",2015,"Boston"
28,2017-06-18,2.12,23277.63,16.6,1617.23,0,21643.8,19934.14,1709.66,0,"organic",2017,"Boston"
21,2015-08-02,2.12,3357.29,116.22,1353.43,0,1887.64,1887.64,0,0,"organic",2015,"Boston"
15,2016-09-11,1.84,16980.59,39.64,888.2,0,16052.75,16052.75,0,0,"organic",2016,"Boston"
48,2017-01-29,1.9,15270.59,8.37,1127,0,14135.22,13878.77,256.45,0,"organic",2017,"Boston"
38,2015-04-05,1.91,3202.71,75.42,932.58,0,2194.71,2194.71,0,0,"organic",2015,"Boston"
22,2015-07-26,2.02,3367.46,99.25,1956.83,0,1311.38,1304.71,6.67,0,"organic",2015,"Boston"
25,2017-07-09,2.17,20152.69,9.43,1693.69,0,18449.57,16339.33,2110.24,0,"organic",2017,"Boston"
20,2016-08-07,1.31,9580.49,18.68,535.94,0,9025.87,9025.87,0,0,"organic",2016,"Boston"
50,2015-01-11,1.22,43116.44,18893.87,19745.21,0,4477.36,480,3997.36,0,"organic",2015,"Portland"
31,2016-05-22,1.22,56942.79,1810.73,32672.86,6.71,22452.49,123.33,22329.16,0,"organic",2016,"Portland"
34,2015-05-03,1.54,26104.52,9002.35,11551.57,0,5550.6,0,5550.6,0,"organic",2015,"Portland"
7,2015-11-08,1.39,22300.6,1110.47,13364.66,1.66,7823.81,1115.81,6708,0,"organic",2015,"Portland"
5,2018-02-18,1.8,20608.98,2304.48,4614.12,0,13690.38,3448.31,10232.51,9.56,"organic",2018,"Portland"
44,2017-02-26,1.23,30803.34,3411.42,5012.15,25.84,22353.93,516.54,21837.39,0,"organic",2017,"Portland"
27,2016-06-19,1.23,49843.09,7923.86,26690.89,18.5,15209.84,1979.12,13230.72,0,"organic",2016,"Portland"
43,2017-03-05,0.76,62780.86,6745.63,5868.6,3.26,50163.37,629.12,49534.25,0,"organic",2017,"Portland"
29,2017-06-11,1.28,54820.68,6406.86,4677.44,10.02,43726.36,214.55,43511.81,0,"organic",2017,"Portland"
0,2017-12-31,1.51,25693.99,3639.53,3807.79,0,18246.67,1265.87,16973.41,7.39,"organic",2017,"Portland"
32,2017-05-21,1.18,50366.31,6687.57,3688.01,8.42,39982.31,203.25,39779.06,0,"organic",2017,"Portland"
10,2015-10-18,1.78,17590.21,800.44,12022.04,6.64,4761.09,7.37,4753.72,0,"organic",2015,"Portland"
21,2016-07-31,1.64,30036.81,5706.06,11094.56,0,13236.19,6847.84,6388.35,0,"organic",2016,"Portland"
45,2015-02-15,1.51,25692.22,10884.59,10887.79,32.61,3887.23,180,3707.23,0,"organic",2015,"Portland"
20,2015-08-09,2.02,18149.27,4930.53,10792.14,0,2426.6,0,2426.6,0,"organic",2015,"Portland"
47,2017-02-05,0.93,38945.01,3761.94,5756.42,14.59,29412.06,960.58,28451.48,0,"organic",2017,"Portland"
0,2016-12-25,0.68,72161.05,2888.38,7043.82,9.89,62218.96,638.89,61580.07,0,"organic",2016,"Portland"
37,2016-04-10,0.96,81224.11,2125.86,32426.84,0,46671.41,321.89,46349.52,0,"organic",2016,"Portland"
49,2017-01-22,0.96,37742.57,2500.96,4287.6,6.54,30947.47,321.1,30626.37,0,"organic",2017,"Portland"
15,2015-09-13,2.07,17959.18,3092.78,10615.36,0,4251.04,7.34,4243.7,0,"organic",2015,"Portland"
9,2016-10-23,2.1,7817.32,1806.98,3687.61,18.33,2304.4,386.26,1918.14,0,"organic",2016,"Portland"
15,2016-09-11,1.22,43084.05,4820.4,5901.42,0,32362.23,6677.17,25685.06,0,"organic",2016,"Portland"
20,2016-08-07,1.58,28823.92,5514.1,9962.34,0,13347.48,3073.59,10273.89,0,"organic",2016,"Portland"
10,2018-01-14,1.82,20964.96,3966.9,4441.29,0,12556.77,1364.14,11187.07,5.56,"organic",2018,"Portland"
50,2017-01-15,0.98,42695.84,3851.49,4314.91,8.19,34521.25,310.38,34210.87,0,"organic",2017,"Portland"
16,2017-09-10,2.84,14781.24,182.73,1918.62,6.53,12673.36,1401.92,11193.49,77.95,"organic",2017,"Portland"
14,2016-09-18,1.46,24816.08,4166.39,3430.99,0,17218.7,9866.38,7352.32,0,"organic",2016,"Portland"
24,2015-07-12,1.82,24707.16,9115.52,12902.48,4.98,2684.18,0,2684.18,0,"organic",2015,"Portland"
30,2017-06-04,1.23,54996.69,4687.9,5471.44,38.34,44799.01,131.68,44667.33,0,"organic",2017,"Portland"
48,2017-01-29,0.99,35700.1,3147.45,4138.38,1.63,28412.64,849.74,27562.9,0,"organic",2017,"Portland"
40,2015-03-22,1.29,62866.23,15676.37,40685.17,17.09,6487.6,12.08,6475.52,0,"organic",2015,"Portland"
45,2017-02-19,1.45,25338.41,3759.62,4219.62,26.01,17333.16,5968.69,11364.47,0,"organic",2017,"Portland"
16,2016-09-04,1.53,51792.9,3545.98,35938.12,23.1,12285.7,12128.93,6.77,150,"conventional",2016,"Syracuse"
10,2016-10-16,1.36,55053.59,1344.18,31561.93,21.67,22125.81,22125.81,0,0,"conventional",2016,"Syracuse"
0,2016-12-25,1.46,46036.04,748.11,29452.82,2.26,15832.85,14866.23,966.62,0,"conventional",2016,"Syracuse"
24,2016-07-10,1.29,84386.24,3503.31,49140.9,13.99,31728.04,28754.71,3.33,2970,"conventional",2016,"Syracuse"
23,2016-07-17,1.31,66907.33,2211.14,39136.28,1,25558.91,24463.91,0,1095,"conventional",2016,"Syracuse"
30,2015-05-31,1.36,64839.58,744.02,34985.62,44.53,29065.41,29065.41,0,0,"conventional",2015,"Syracuse"
27,2017-06-25,1.48,58174.88,1578.3,44074.2,113.25,12409.13,9107.87,2081.26,1220,"conventional",2017,"Syracuse"
50,2015-01-11,1.45,42017.49,984.29,21576.29,14.93,19441.98,19441.98,0,0,"conventional",2015,"Syracuse"
9,2016-10-23,1.38,56428.14,1110.87,37054.07,41.02,18222.18,18222.18,0,0,"conventional",2016,"Syracuse"
2,2015-12-13,1.32,50384.57,773.81,33149.83,5.7,16455.23,16455.23,0,0,"conventional",2015,"Syracuse"
17,2017-09-03,1.64,59583.07,2114.45,36157.55,13.49,21297.58,18165.54,2042.04,1090,"conventional",2017,"Syracuse"
49,2015-01-18,1.4,40391.55,789.84,24755.46,27.89,14818.36,14818.36,0,0,"conventional",2015,"Syracuse"
30,2017-06-04,1.65,64255.79,976.08,42117.66,21.91,21140.14,17366.8,2528.34,1245,"conventional",2017,"Syracuse"
6,2018-02-11,1.3,78222.88,8860.55,46499.73,87.27,22775.33,12967.57,9807.76,0,"conventional",2018,"Syracuse"
19,2015-08-16,1.42,44245.45,619.41,32282.72,82,11261.32,11261.32,0,0,"conventional",2015,"Syracuse"
50,2017-01-15,1.4,68598.22,1109.08,37401.39,21,30066.75,29465.36,601.39,0,"conventional",2017,"Syracuse"
13,2015-09-27,1.16,54194.93,925.8,43139.43,19.65,10110.05,9981.16,128.89,0,"conventional",2015,"Syracuse"
26,2015-06-28,1.39,63938.81,755.7,30246.27,2965.17,29971.67,29940.56,31.11,0,"conventional",2015,"Syracuse"
12,2016-10-02,1.43,53796.49,987.21,32211.73,37.44,20560.11,20560.11,0,0,"conventional",2016,"Syracuse"
36,2016-04-17,1.21,70543.09,880.43,39173.25,3,30486.41,30486.41,0,0,"conventional",2016,"Syracuse"
5,2016-11-20,1.61,38598.98,814.68,27876.91,1,9906.39,9906.39,0,0,"conventional",2016,"Syracuse"
6,2016-11-13,1.62,39271.46,1266.16,27380.67,33.79,10590.84,10590.84,0,0,"conventional",2016,"Syracuse"
4,2018-02-25,1.24,68888.16,7676.62,31987.77,94.31,29129.46,20766.25,8363.21,0,"conventional",2018,"Syracuse"
49,2017-01-22,1.52,79859.72,1341,52570.04,16.27,25932.41,24856.47,1075.94,0,"conventional",2017,"Syracuse"
39,2015-03-29,1.29,52419.71,1020.84,28858.3,42.67,22497.9,22377.48,120.42,0,"conventional",2015,"Syracuse"
20,2017-08-13,1.45,78489.49,995.24,49060,95.43,28338.82,26760.87,504.62,1073.33,"conventional",2017,"Syracuse"
18,2016-08-21,1.44,58497.96,2904.27,37191.51,19.23,18382.95,17427.95,0,955,"conventional",2016,"Syracuse"
45,2016-02-14,1.28,65765.73,1088.74,37685.2,41,26950.79,25835.23,1115.56,0,"conventional",2016,"Syracuse"
44,2017-02-26,1.57,60421.42,1108.5,40969.38,4.3,18339.24,18169.46,8.67,161.11,"conventional",2017,"Syracuse"
15,2017-09-17,1.38,62352.95,3606.84,36375.29,17.24,22353.58,17869.41,4337.5,146.67,"conventional",2017,"Syracuse"
14,2015-09-20,1.44,37045.75,775.55,27299.15,29.82,8941.23,8492.34,448.89,0,"conventional",2015,"Syracuse"
9,2015-10-25,1.26,48971.6,935.77,30448.48,18.45,17568.9,16893.34,675.56,0,"conventional",2015,"Syracuse"
40,2015-03-22,1.33,48180.98,2030.41,21884.43,43.48,24222.66,24222.66,0,0,"conventional",2015,"Syracuse"
26,2016-06-26,1.43,84340.47,1952.47,52517.17,13,29857.83,28352.83,0,1505,"conventional",2016,"Syracuse"
24,2015-07-12,1.25,75144.87,577.45,43147.8,2809.38,28610.24,28512.46,97.78,0,"conventional",2015,"Syracuse"
