Lab Assignments/Lab-tidyr-Avocados/avocado.csv
"X1","Date","AveragePrice","Total Volume","4046","4225","4770","Total Bags","Small Bags","Large Bags","XLarge Bags","type","year","region"
9,2017-10-29,1.69,15261.11,132.44,2891.29,66.22,12171.16,10955.01,1216.15,0,"organic",2017,"SouthCarolina"
20,2015-08-09,2,3813.54,610.36,1768.29,661.17,773.72,707.3,66.42,0,"organic",2015,"SouthCarolina"
48,2015-01-25,2.01,2865.92,776.54,621.95,450.46,1016.97,970,46.97,0,"organic",2015,"SouthCarolina"
22,2015-07-26,1.81,3851.22,825.68,1299.64,416.03,1309.87,775.67,534.2,0,"organic",2015,"SouthCarolina"
51,2016-01-03,1.58,5893.4,1241.89,1675.45,420.04,2556.02,2435.41,120.61,0,"organic",2016,"SouthCarolina"
3,2016-12-04,1.69,7030.03,219.6,2204.44,147.21,4458.78,2942.11,1516.67,0,"organic",2016,"SouthCarolina"
39,2017-04-02,1.5,10286.24,502.88,5423.91,218.18,4141.27,964.96,3176.31,0,"organic",2017,"SouthCarolina"
3,2017-12-10,1.42,13083.41,84.05,2990.27,70.89,9938.2,9440.67,497.53,0,"organic",2017,"SouthCarolina"
11,2017-10-15,1.78,15150.22,231.95,3011.81,76.97,11829.49,11628.2,201.29,0,"organic",2017,"SouthCarolina"
16,2016-09-04,1.6,11353.45,752.61,3665.9,323.68,6611.26,5534.06,1077.2,0,"organic",2016,"SouthCarolina"
38,2015-04-05,1.97,3601.21,581.39,1475.46,517.88,1026.48,944.14,82.34,0,"organic",2015,"SouthCarolina"
2,2017-12-17,1.44,13189.97,69.2,3091.47,78.86,9950.44,9296.79,653.65,0,"organic",2017,"SouthCarolina"
16,2015-09-06,2,4032.41,541.49,1732.31,545.05,1213.56,1166.16,47.4,0,"organic",2015,"SouthCarolina"
29,2015-06-07,1.95,3556.7,498.69,1234.91,499.5,1323.6,1236.67,86.93,0,"organic",2015,"SouthCarolina"
19,2015-08-16,1.97,4371.78,751.43,1634.13,550.28,1435.94,1321.88,114.06,0,"organic",2015,"SouthCarolina"
44,2015-02-22,1.69,3614.76,484.16,1876.73,412.03,841.84,706.67,135.17,0,"organic",2015,"SouthCarolina"
35,2017-04-30,1.87,7072.22,600.75,4505.47,112.36,1853.64,194.65,1658.99,0,"organic",2017,"SouthCarolina"
10,2017-10-22,1.7,15014.96,183.93,3156.87,87.34,11586.82,11103.78,483.04,0,"organic",2017,"SouthCarolina"
20,2016-08-07,1.42,15987.24,1102.24,4761.4,703.64,9419.96,6147.56,3272.4,0,"organic",2016,"SouthCarolina"
27,2017-06-25,1.67,17275.62,191.83,5205.01,117.4,11761.38,9122.35,2639.03,0,"organic",2017,"SouthCarolina"
15,2015-09-13,1.98,3338.53,510.57,1315.43,465.66,1046.87,1036.36,10.51,0,"organic",2015,"SouthCarolina"
28,2017-06-18,1.72,13816.79,235.14,5136.73,132.12,8312.8,6835.95,1476.85,0,"organic",2017,"SouthCarolina"
4,2018-02-25,1.41,17191.34,212.48,4438.03,95.27,12445.56,12088.07,357.49,0,"organic",2018,"SouthCarolina"
33,2017-05-14,1.91,7927.37,998.2,5280.45,259.53,1389.19,277.31,1111.88,0,"organic",2017,"SouthCarolina"
8,2016-10-30,1.73,8600.52,392.92,3718.26,417.02,4072.32,2907.25,1165.07,0,"organic",2016,"SouthCarolina"
25,2015-07-05,1.84,3840.59,535.36,1440.42,595.37,1269.44,909.33,360.11,0,"organic",2015,"SouthCarolina"
41,2017-03-19,1.34,8769.05,483.39,4025.31,205.2,4055.15,169.08,3886.07,0,"organic",2017,"SouthCarolina"
21,2015-08-02,1.94,3856.28,636.53,1406.72,535.15,1277.88,947.22,330.66,0,"organic",2015,"SouthCarolina"
51,2015-01-04,1.86,3351.76,355.79,754.78,439.19,1802,1768.67,33.33,0,"organic",2015,"SouthCarolina"
46,2017-02-12,1.38,9862.15,430.33,3098.64,152.5,6180.68,4690.21,1490.47,0,"organic",2017,"SouthCarolina"
32,2015-05-17,1.44,5434.12,718.19,2245.09,1424.3,1046.54,944.61,101.93,0,"organic",2015,"SouthCarolina"
26,2015-06-28,1.9,3772.87,686.65,1498.15,548.6,1039.47,719.34,320.13,0,"organic",2015,"SouthCarolina"
49,2016-01-17,1.66,4600.84,844.33,1613.53,323.18,1819.8,1799.92,19.88,0,"organic",2016,"SouthCarolina"
7,2018-02-04,1.42,16666.13,132.57,4063.83,102.86,12366.87,11819.92,546.95,0,"organic",2018,"SouthCarolina"
45,2017-02-19,1.4,11183.49,627.48,3342.81,139.12,7074.08,4986.66,2087.42,0,"organic",2017,"SouthCarolina"
39,2016-03-27,1.41,7001.06,778.61,2339.58,242.07,3640.8,3388.69,252.11,0,"organic",2016,"SouthCarolina"
29,2017-06-11,1.61,14897.51,567.58,4048.33,139.47,10142.13,7496.73,2645.4,0,"organic",2017,"SouthCarolina"
29,2016-06-05,1.31,10467.48,968.26,2877.64,374.97,6246.61,5142.68,1103.93,0,"organic",2016,"SouthCarolina"
16,2017-09-10,2.02,14718.3,178.69,2712.13,113.06,11714.42,11246.85,467.57,0,"organic",2017,"SouthCarolina"
7,2016-11-06,1.57,142095.92,36840.74,27501.34,25305.86,52447.98,45861.67,6586.31,0,"conventional",2016,"Charlotte"
1,2018-03-18,0.99,396324.57,73274.02,93954.85,5330.38,223765.32,218181.7,5583.62,0,"conventional",2018,"Charlotte"
3,2017-12-10,1.02,277528.93,58726.14,60515.61,4428.39,153858.79,146050.48,7808.31,0,"conventional",2017,"Charlotte"
37,2015-04-12,1.17,204005.24,48793.38,50390.01,39638.34,65183.51,61787.29,3396.22,0,"conventional",2015,"Charlotte"
11,2015-10-11,1.14,167396.56,22941.59,45669.33,58989.81,39795.83,33103.01,6692.82,0,"conventional",2015,"Charlotte"
34,2016-05-01,1.04,249786.11,53589.93,112926.95,18934.08,64335.15,52070.2,12264.95,0,"conventional",2016,"Charlotte"
9,2016-10-23,1.52,167741.27,54981.9,39749.81,20290.31,52719.25,47060.46,5658.79,0,"conventional",2016,"Charlotte"
20,2017-08-13,1.47,209771.02,47263.33,78914.53,6255.4,77337.76,67363.49,6829.83,3144.44,"conventional",2017,"Charlotte"
49,2016-01-17,0.98,206778.29,29997.79,104174.89,29112.58,43493.03,37725.6,5767.43,0,"conventional",2016,"Charlotte"
7,2018-02-04,0.99,411160.94,86708.74,99117.46,6476.93,218857.81,208289.93,10567.88,0,"conventional",2018,"Charlotte"
30,2016-05-29,1.21,235009.02,49747.65,92110.53,41274.31,51876.53,45120.69,6510.84,245,"conventional",2016,"Charlotte"
33,2015-05-10,1.19,192767.09,47626.37,42863.8,38370.27,63906.65,61759.57,2147.08,0,"conventional",2015,"Charlotte"
51,2017-01-08,1.28,219338.92,56739.54,80201.7,10231.86,72165.82,63539.28,8626.54,0,"conventional",2017,"Charlotte"
27,2015-06-21,1.17,201173.1,30951.17,58913.49,38260.1,73048.34,69426,3622.34,0,"conventional",2015,"Charlotte"
41,2016-03-13,1.05,236131.07,39325.69,111943.87,22961.75,61899.76,50889.7,11010.06,0,"conventional",2016,"Charlotte"
5,2018-02-18,1.36,224395.77,53547.46,75445.39,5423.5,89979.42,85685.59,4293.83,0,"conventional",2018,"Charlotte"
26,2015-06-28,1.17,193654.01,23693.74,58162.31,42044.35,69753.61,67989.08,1764.53,0,"conventional",2015,"Charlotte"
35,2017-04-30,1.53,235698.79,57129.17,87500.56,7990.1,83078.96,73582.1,9496.86,0,"conventional",2017,"Charlotte"
31,2015-05-24,1.2,212527.72,43628.72,59207.62,46014.43,63676.95,59663.25,4013.7,0,"conventional",2015,"Charlotte"
28,2016-06-12,1.25,209095.62,42196.82,74895.5,46176.97,45826.33,40822.06,3825.94,1178.33,"conventional",2016,"Charlotte"
19,2015-08-16,1.24,178525.52,32128.6,42068.1,41343.26,62985.56,60769.22,2216.34,0,"conventional",2015,"Charlotte"
51,2015-01-04,1.19,166006.29,29419.03,47220.75,38568.95,50797.56,44329.03,6468.53,0,"conventional",2015,"Charlotte"
30,2015-05-31,1.19,194630.86,45688.14,43259.91,44529.73,61153.08,58990.8,2162.28,0,"conventional",2015,"Charlotte"
34,2017-05-07,1.36,303551.54,76880.62,106192.08,11654.08,108824.76,98860.28,9964.48,0,"conventional",2017,"Charlotte"
4,2018-02-25,1.34,249254.23,63442.49,91258.71,5678.86,88874.17,86338.79,2535.38,0,"conventional",2018,"Charlotte"
50,2016-01-10,0.95,196216.36,21275.55,94804.67,29602.84,50533.3,42015.27,8518.03,0,"conventional",2016,"Charlotte"
2,2017-12-17,1.26,189529.04,58017.31,56564.52,3658.03,71289.18,66708.48,4580.7,0,"conventional",2017,"Charlotte"
33,2017-05-14,1.41,224626.96,52616.28,77142.23,6721.88,88146.57,83151.81,4994.76,0,"conventional",2017,"Charlotte"
4,2015-11-29,0.95,138858.86,31911.11,53470.54,22685.8,30791.41,27376.3,3415.11,0,"conventional",2015,"Charlotte"
3,2016-12-04,1.34,154742.81,39221.82,46285.9,9451.98,59783.11,48016.74,11766.37,0,"conventional",2016,"Charlotte"
19,2016-08-14,1.4,195250.96,39823.56,66724.29,23025.36,65677.75,60859.82,4817.93,0,"conventional",2016,"Charlotte"
17,2016-08-28,1.4,187984.8,54874.64,57122.52,15013.36,60974.28,58688.03,1906.25,380,"conventional",2016,"Charlotte"
50,2017-01-15,1.21,7526.04,320.78,60.1,0,7145.16,4763.33,2381.83,0,"organic",2017,"Tampa"
44,2017-02-26,2.14,4102.72,969.32,74.28,0,3059.12,1234.44,1824.68,0,"organic",2017,"Tampa"
4,2018-02-25,1.37,9144.2,206.39,542.89,0,8394.92,7895.92,499,0,"organic",2018,"Tampa"
25,2016-07-03,1.3,7873.96,2021.72,150.93,0,5701.31,5661.31,40,0,"organic",2016,"Tampa"
44,2015-02-22,1.68,2650.48,965.43,8.38,0,1676.67,1676.67,0,0,"organic",2015,"Tampa"
39,2017-04-02,1.93,5864.06,1493.44,74.28,0,4296.34,3517.43,778.91,0,"organic",2017,"Tampa"
33,2015-05-10,1.69,2622.05,1063.04,16.47,0,1542.54,1542.54,0,0,"organic",2015,"Tampa"
0,2017-12-31,1.59,5528.74,76.28,474.42,0,4978.04,4716.25,261.79,0,"organic",2017,"Tampa"
27,2016-06-19,1.36,6441.8,1760,128.46,0,4553.34,4526.67,26.67,0,"organic",2016,"Tampa"
35,2015-04-26,1.31,3775.87,3030.74,16.51,0,728.62,728.62,0,0,"organic",2015,"Tampa"
29,2015-06-07,1.71,2275.26,972.08,9.4,0,1293.78,1293.78,0,0,"organic",2015,"Tampa"
1,2017-12-24,1.64,7369.95,107.68,672.37,0,6589.9,5882.22,707.68,0,"organic",2017,"Tampa"
29,2017-06-11,1.86,4577.12,933.06,206.39,0,3437.67,3434.34,3.33,0,"organic",2017,"Tampa"
10,2015-10-18,1.49,1162.28,1,1.28,0,1160,1160,0,0,"organic",2015,"Tampa"
30,2015-05-31,1.72,2091.42,943.29,5.85,0,1142.28,1142.28,0,0,"organic",2015,"Tampa"
8,2015-11-01,1.5,1541.99,8.66,0,0,1533.33,1530,3.33,0,"organic",2015,"Tampa"
5,2016-11-20,1.5,5122.16,351.78,41.08,0,4729.3,2454.44,2274.86,0,"organic",2016,"Tampa"
45,2017-02-19,1.81,4237.44,1110.93,42.82,0,3083.69,2205.56,878.13,0,"organic",2017,"Tampa"
7,2018-02-04,1.32,7363.56,89.59,440.31,0,6833.66,6827.78,5.88,0,"organic",2018,"Tampa"
0,2016-12-25,1.21,6117.58,254.26,25.3,0,5838.02,3800,2038.02,0,"organic",2016,"Tampa"
37,2017-04-16,3.17,3018.56,1255.55,82.31,0,1680.7,1542.22,138.48,0,"organic",2017,"Tampa"
5,2015-11-22,1.78,1983.73,1113.29,63.41,0,807.03,797.03,10,0,"organic",2015,"Tampa"
38,2017-04-09,2.27,4154.91,957.86,54.13,0,3142.92,1275.82,1867.1,0,"organic",2017,"Tampa"
30,2016-05-29,1.33,6565.11,1464.91,23.53,0,5076.67,5070,6.67,0,"organic",2016,"Tampa"
2,2015-12-13,1.76,1844.95,947.72,25.19,0,872.04,872.04,0,0,"organic",2015,"Tampa"
31,2015-05-24,1.7,1961.33,803.88,7.03,0,1150.42,1150.42,0,0,"organic",2015,"Tampa"
46,2017-02-12,1.44,6411.93,742.02,89.76,0,5580.15,4682.59,897.56,0,"organic",2017,"Tampa"
14,2015-09-20,1.46,1738.65,28.28,0,0,1710.37,1710.37,0,0,"organic",2015,"Tampa"
28,2015-06-14,1.73,2026.74,934.18,5.89,0,1086.67,1086.67,0,0,"organic",2015,"Tampa"
28,2016-06-12,1.42,5150.78,1653.86,56.92,0,3440,3390,50,0,"organic",2016,"Tampa"
34,2017-05-07,1.64,5564.72,811.85,37.89,0,4714.98,2881.11,1833.87,0,"organic",2017,"Tampa"
21,2016-07-31,1.24,4221.4,22.71,82.02,0,4116.67,4060,56.67,0,"organic",2016,"Tampa"
46,2016-02-07,1.49,3031.31,1128.33,16.05,0,1886.93,1886.93,0,0,"organic",2016,"Tampa"
10,2016-10-16,1.4,3226.62,362.82,40.67,0,2823.13,913.33,1909.8,0,"organic",2016,"Tampa"
12,2015-10-04,1.47,1402.83,15.38,0,0,1387.45,1387.45,0,0,"organic",2015,"Tampa"
41,2015-03-15,1.68,2301.7,852.41,5.96,0,1443.33,1443.33,0,0,"organic",2015,"Tampa"
28,2017-06-18,2.07,6480.98,475.83,2787.16,0,3217.99,3217.99,0,0,"organic",2017,"Tampa"
6,2016-11-13,1.49,6531.96,324.69,41.39,0,6165.88,3823.33,2342.55,0,"organic",2016,"Tampa"
1,2015-12-20,1.79,2078.74,1214.1,11.31,0,853.33,853.33,0,0,"organic",2015,"Tampa"
0,2015-12-27,1.05,692206.4,181704.67,422617.8,28184.73,59699.2,59094.49,582.9,21.81,"conventional",2015,"SanFrancisco"
16,2016-09-04,1.47,850104.12,203090.38,552428.86,10836.96,83747.92,82334.2,962.33,451.39,"conventional",2016,"SanFrancisco"
31,2017-05-28,1.78,664075.57,183361.47,386005.08,4497.4,90211.62,85402.49,805.24,4003.89,"conventional",2017,"SanFrancisco"
29,2016-06-05,1.35,899154.46,278152.57,481323.79,53447.03,86231.07,85119.34,697.78,413.95,"conventional",2016,"SanFrancisco"
6,2017-11-19,1.48,657693,195380,366968,1909,93436,91293,128,2015,"conventional",2017,"SanFrancisco"
14,2016-09-18,1.5,813575.88,173635.07,549722.44,9254.46,80963.91,75829.93,3098.42,2035.56,"conventional",2016,"SanFrancisco"
45,2017-02-19,1.17,863688.61,191375.63,578275.44,25011.96,69025.58,66457.97,962.82,1604.79,"conventional",2017,"SanFrancisco"
44,2015-02-22,1.23,776336.17,165066.61,502502.44,27811.91,80955.21,80088.91,823.33,42.97,"conventional",2015,"SanFrancisco"
26,2016-06-26,1.5,749554.87,194824.52,411086.22,55056,88588.13,86438.13,1044.44,1105.56,"conventional",2016,"SanFrancisco"
32,2016-05-15,1.37,772064.79,201205.64,438490.13,61090.32,71278.7,69780.99,1042.15,455.56,"conventional",2016,"SanFrancisco"
28,2015-06-14,1.51,696873.03,181175.51,403173.66,32092.36,80431.5,79360.05,1071.45,0,"conventional",2015,"SanFrancisco"
13,2016-09-25,1.43,860546.65,210602.19,549378.28,7878.79,92687.39,89785.42,1571.69,1330.28,"conventional",2016,"SanFrancisco"
34,2015-05-03,1,1310364.67,237060.7,975141.69,32834.29,65327.99,64042.6,971.5,313.89,"conventional",2015,"SanFrancisco"
26,2015-06-28,1.54,646324.68,154423.58,377054.83,29603.67,85242.6,84459.27,783.33,0,"conventional",2015,"SanFrancisco"
49,2015-01-18,1.22,753746.51,107566.95,554501.21,12868.74,78809.61,78241.87,515.56,52.18,"conventional",2015,"SanFrancisco"
11,2017-10-15,1.76,671239.19,120680.92,461963.1,3144.56,85450.61,84850.23,231.37,369.01,"conventional",2017,"SanFrancisco"
39,2017-04-02,1.79,632537.9,180896.63,358599.04,5732.43,87309.8,85552.16,67.78,1689.86,"conventional",2017,"SanFrancisco"
24,2015-07-12,1.39,680351.84,149802.29,430540.93,10213.51,89795.11,88477.64,893.86,423.61,"conventional",2015,"SanFrancisco"
48,2016-01-24,1.05,844417.47,115036.6,621996.45,41235.01,66149.41,65970.6,166.4,12.41,"conventional",2016,"SanFrancisco"
18,2017-08-27,2.09,600153.2,151421.16,360906.48,5531.37,82294.19,80015.08,147.83,2131.28,"conventional",2017,"SanFrancisco"
1,2018-03-18,1.38,777300.99,215279.75,435108.21,2698.44,124214.59,119694.95,92.29,4427.35,"conventional",2018,"SanFrancisco"
39,2016-03-27,1.47,716020.43,167887.53,409135.78,46243.39,92753.73,91907.38,830.59,15.76,"conventional",2016,"SanFrancisco"
9,2016-10-23,1.87,411873.66,133676.77,178795.94,4817.03,94583.92,89533.1,2966.65,2084.17,"conventional",2016,"SanFrancisco"
8,2016-10-30,2.2,477937.8,130025.36,285048.2,3399.09,59465.15,57223.44,269.21,1972.5,"conventional",2016,"SanFrancisco"
10,2018-01-14,1.21,1117376.99,193892.28,785766.05,2860.37,134858.29,130904.76,944.69,3008.84,"conventional",2018,"SanFrancisco"
8,2015-11-01,0.97,869927.27,214932.11,563719.33,31481.92,59793.91,58929.19,845.56,19.16,"conventional",2015,"SanFrancisco"
0,2017-12-31,0.92,1174818.67,174144.97,860294.61,1733.53,138645.56,136909.07,32.99,1703.5,"conventional",2017,"SanFrancisco"
51,2016-01-03,0.93,918798.74,204501.46,593429.62,32339.95,88527.71,88155.48,372.23,0,"conventional",2016,"SanFrancisco"
7,2018-02-04,0.84,1706251.05,459981.14,1113987.54,2886.78,129395.59,126171.02,282.38,2942.19,"conventional",2018,"SanFrancisco"
7,2015-11-08,1.4,599884.32,165981.13,319176.32,36598.97,78127.9,77364.54,693.33,70.03,"conventional",2015,"SanFrancisco"
3,2017-12-10,1.05,992871.42,302200.79,593521.66,2372.46,94776.51,91822.55,55.17,2898.79,"conventional",2017,"SanFrancisco"
2,2016-12-11,1.29,655428.34,134467.78,447891.73,2861.59,70207.24,58673.9,10578.62,954.72,"conventional",2016,"SanFrancisco"
19,2016-08-14,1.03,1114834.28,266260.92,757100.85,31009.27,60463.24,58400.39,900.35,1162.5,"conventional",2016,"SanFrancisco"
13,2017-10-01,1.79,660452.07,106075.6,477519.16,3125.78,73731.53,72812.1,451.17,468.26,"conventional",2017,"SanFrancisco"
4,2016-11-27,1.75,488378.1,118187.03,297882.68,2393.35,69915.04,67676.02,1584.02,655,"conventional",2016,"SanFrancisco"
23,2015-07-19,1.56,633327.17,146180.86,385520.87,19150.08,82475.36,81674.34,801.02,0,"conventional",2015,"SanFrancisco"
37,2016-04-10,1.38,765652.36,216993.87,399403.75,61241.91,88012.83,85683.08,894.49,1435.26,"conventional",2016,"SanFrancisco"
