Lab Assignments/Lab-tidyr-Avocados/avocado.csv
"X1","Date","AveragePrice","Total Volume","4046","4225","4770","Total Bags","Small Bags","Large Bags","XLarge Bags","type","year","region"
45,2017-02-19,1.1,8031.89,990.14,539.15,0,6502.6,828.52,5674.08,0,"organic",2017,"StLouis"
49,2016-01-17,0.98,8688.58,1669.28,655.91,0,6363.39,396.29,5967.1,0,"organic",2016,"StLouis"
16,2015-09-06,1.96,4167.78,1926.96,1973.83,0,266.99,46.67,220.32,0,"organic",2015,"StLouis"
7,2017-11-12,1.96,5719.05,10.52,1238.07,0,4470.46,2041.26,2429.2,0,"organic",2017,"StLouis"
5,2015-11-22,1.35,5054.8,1866.07,1133.16,0,2055.57,70,1985.57,0,"organic",2015,"StLouis"
7,2018-02-04,1.69,6493.79,1328.38,666.47,0,4498.94,2696.67,1802.27,0,"organic",2018,"StLouis"
38,2015-04-05,2.13,3420.17,1254.85,2065.32,0,100,100,0,0,"organic",2015,"StLouis"
9,2015-10-25,1.2,6581.8,1676.18,1349.56,227.92,3328.14,40,3288.14,0,"organic",2015,"StLouis"
29,2016-06-05,1.96,7048.29,2336.22,2701.21,0,2010.86,2010.86,0,0,"organic",2016,"StLouis"
24,2015-07-12,1.92,4163.22,1501.88,2048.18,0,613.16,20,593.16,0,"organic",2015,"StLouis"
13,2016-09-25,1.5,5873.36,1707.38,708.57,0,3457.41,1017.25,2440.16,0,"organic",2016,"StLouis"
4,2018-02-25,1.69,7970.31,1546.57,774.53,0,5649.21,3548.89,2100.32,0,"organic",2018,"StLouis"
33,2017-05-14,1.59,5693.95,229.87,1400.1,0,4063.98,1150,2913.98,0,"organic",2017,"StLouis"
2,2018-03-11,1.71,8092.62,1127.67,2916.23,0,4048.72,4022.23,26.49,0,"organic",2018,"StLouis"
51,2017-01-08,1.67,4065.65,1559.52,325.05,0,2181.08,1381.78,799.3,0,"organic",2017,"StLouis"
13,2017-10-01,2.36,6583.11,26.77,913.31,0,5643.03,1750.22,3892.81,0,"organic",2017,"StLouis"
12,2017-10-08,2.27,6086.65,19.03,733.82,0,5333.8,2024.86,3308.94,0,"organic",2017,"StLouis"
43,2016-02-28,0.9,11358.36,2968.08,629.17,0,7761.11,20,7741.11,0,"organic",2016,"StLouis"
6,2018-02-11,1.75,7732.34,1448.4,752.88,1.75,5529.31,3018.89,2510.42,0,"organic",2018,"StLouis"
51,2015-01-04,1.8,3597.07,1552.48,1521.26,0,523.33,523.33,0,0,"organic",2015,"StLouis"
40,2015-03-22,1.83,3795.21,1305.95,2489.26,0,0,0,0,0,"organic",2015,"StLouis"
42,2015-03-08,1.65,2261.62,1432.51,675.78,0,153.33,153.33,0,0,"organic",2015,"StLouis"
36,2017-04-23,1.93,5647.44,305.95,2629.57,12.16,2699.76,2685.29,14.47,0,"organic",2017,"StLouis"
11,2017-10-15,2.14,7426.84,27.16,1200.53,0,6199.15,2020.75,4178.4,0,"organic",2017,"StLouis"
51,2016-01-03,0.86,10026.13,1303.08,932.82,5.29,7784.94,83.92,7701.02,0,"organic",2016,"StLouis"
35,2017-04-30,2.25,4551.65,60.1,3435.94,6.91,1048.7,1037.18,11.52,0,"organic",2017,"StLouis"
18,2017-08-27,2.84,3591.12,44.1,2900.22,10.77,636.03,190.01,446.02,0,"organic",2017,"StLouis"
48,2015-01-25,1.93,4131.86,1526.97,2031.56,0,573.33,573.33,0,0,"organic",2015,"StLouis"
46,2015-02-08,1.89,3707.77,1601.65,1352.79,0,753.33,753.33,0,0,"organic",2015,"StLouis"
10,2017-10-22,2.02,6578.62,44.43,1254.63,0,5279.56,1960.35,3319.21,0,"organic",2017,"StLouis"
3,2018-03-04,1.76,6858.14,982.72,2294.52,0,3580.9,3054.45,526.45,0,"organic",2018,"StLouis"
30,2016-05-29,2.2,4151.27,2177.62,1738.92,3.52,231.21,218.09,13.12,0,"organic",2016,"StLouis"
21,2017-08-06,2.15,8848.14,1494.5,1378.38,8.88,5966.38,1875.55,4090.83,0,"organic",2017,"StLouis"
3,2017-12-10,1.72,5723.01,745.23,1060.12,0,3917.66,1241.12,2676.54,0,"organic",2017,"StLouis"
5,2017-11-26,2,5337.53,654.85,764.6,0,3918.08,1751.12,2166.96,0,"organic",2017,"StLouis"
8,2016-10-30,1,6655.57,800.43,637.41,0,5217.73,420,4797.73,0,"organic",2016,"StLouis"
29,2017-06-11,2.05,7973.35,2393.62,2139.09,12.2,3428.44,2034.3,1394.14,0,"organic",2017,"StLouis"
35,2016-04-24,0.69,12272.56,1593.69,510.56,5.23,10163.08,7.74,10155.34,0,"organic",2016,"StLouis"
27,2017-06-25,1.95,10089.71,173.53,5355.82,266.79,4293.57,3840.94,452.63,0,"organic",2017,"RaleighGreensboro"
16,2017-09-10,2.89,13472.37,145.75,4564.2,137.53,8624.89,8026.52,598.37,0,"organic",2017,"RaleighGreensboro"
14,2017-09-24,2.38,14971.31,130.85,4470.68,116.31,10253.47,9603.33,650.14,0,"organic",2017,"RaleighGreensboro"
18,2017-08-27,3.04,12656.32,419.06,4851.9,145.09,7240.27,6960.97,279.3,0,"organic",2017,"RaleighGreensboro"
39,2015-03-29,1.78,5373.53,389.81,2583.24,1021.05,1379.43,1363.5,15.93,0,"organic",2015,"RaleighGreensboro"
17,2016-08-28,1.79,14753.18,433.33,5340.54,561.53,8417.78,6859.91,1557.87,0,"organic",2016,"RaleighGreensboro"
19,2017-08-20,2.65,12011.77,384.39,4690.2,132.95,6804.23,6470.49,333.74,0,"organic",2017,"RaleighGreensboro"
10,2018-01-14,1.53,23359.01,119.42,6900.26,219.92,16119.41,15798.76,320.65,0,"organic",2018,"RaleighGreensboro"
26,2017-07-02,2.05,8342.87,139.69,5019.56,219.17,2964.45,2841.94,122.51,0,"organic",2017,"RaleighGreensboro"
5,2016-11-20,1.87,12021.69,145.29,3001.66,444.56,8430.18,7327.79,1102.39,0,"organic",2016,"RaleighGreensboro"
3,2018-03-04,1.98,15008.91,119.79,6357.72,154.02,8377.38,8147.84,229.54,0,"organic",2018,"RaleighGreensboro"
9,2017-10-29,1.92,19837.54,181.87,4145.71,133.58,15376.38,15201.69,174.69,0,"organic",2017,"RaleighGreensboro"
23,2016-07-17,1.76,12786.12,340.07,4953.1,1036.51,6456.44,5924.3,532.14,0,"organic",2016,"RaleighGreensboro"
40,2017-03-26,1.94,11276.9,236.74,6075.77,440.09,4524.3,2563.32,1960.98,0,"organic",2017,"RaleighGreensboro"
12,2017-10-08,2.85,12366.93,96.31,4599.62,125.61,7545.39,7471.59,73.8,0,"organic",2017,"RaleighGreensboro"
6,2016-11-13,1.85,10276.83,180.62,3018.43,418.35,6659.43,5476.23,1183.2,0,"organic",2016,"RaleighGreensboro"
47,2017-02-05,1.77,9668.72,219.34,3567.45,282.75,5599.18,5467.43,131.75,0,"organic",2017,"RaleighGreensboro"
47,2016-01-31,1.56,5730.24,188.11,2631.57,447.6,2462.96,1821.85,641.11,0,"organic",2016,"RaleighGreensboro"
29,2017-06-11,2.03,13340.43,296.11,5183.19,293.94,7567.19,6798.17,769.02,0,"organic",2017,"RaleighGreensboro"
11,2018-01-07,1.02,48277.42,123.72,6416.92,209.38,41527.4,41246.49,280.91,0,"organic",2018,"RaleighGreensboro"
28,2017-06-18,1.91,10827.19,185.41,5446.58,288.95,4906.25,4235.27,670.98,0,"organic",2017,"RaleighGreensboro"
7,2015-11-08,1.75,4292.52,74.28,2037.97,655.73,1524.54,1357.91,166.63,0,"organic",2015,"RaleighGreensboro"
29,2015-06-07,1.66,7277.02,158.41,2909.31,772.63,3436.67,2473.82,962.85,0,"organic",2015,"RaleighGreensboro"
26,2016-06-26,1.72,9221.49,262.57,3228.8,598.52,5131.6,4326.78,804.82,0,"organic",2016,"RaleighGreensboro"
24,2015-07-12,1.77,6764.37,141.82,2811.84,822.95,2987.76,2357.79,629.97,0,"organic",2015,"RaleighGreensboro"
26,2015-06-28,1.8,5676.88,145.03,2750.18,849.44,1932.23,1451.44,480.79,0,"organic",2015,"RaleighGreensboro"
2,2015-12-13,1.81,3270.51,240.87,2033.23,379.06,617.35,570,47.35,0,"organic",2015,"RaleighGreensboro"
34,2015-05-03,1.35,11843.43,111.44,6282.96,1655.48,3793.55,2261.83,1531.72,0,"organic",2015,"RaleighGreensboro"
49,2015-01-18,1.97,3496.27,78.13,1775.25,628.28,1014.61,925.39,89.22,0,"organic",2015,"RaleighGreensboro"
2,2018-03-11,2.02,13869.87,93.04,6501.92,224.71,7050.2,6823.87,226.33,0,"organic",2018,"RaleighGreensboro"
28,2015-06-14,1.75,6913.18,203.17,2924.84,1010.38,2774.79,2179.92,594.87,0,"organic",2015,"RaleighGreensboro"
15,2015-09-13,1.94,5345.41,28.2,2870.92,683.44,1762.85,1762.85,0,0,"organic",2015,"RaleighGreensboro"
48,2016-01-24,1.59,5276.31,113.48,2235.52,416.47,2510.84,2409.12,101.72,0,"organic",2016,"RaleighGreensboro"
40,2016-03-20,1.42,5259.38,191.84,2696.92,326.8,2043.82,1020,1023.82,0,"organic",2016,"RaleighGreensboro"
19,2015-08-16,1.9,6123.23,50.56,2851.16,899.25,2322.26,2151.8,170.46,0,"organic",2015,"RaleighGreensboro"
17,2017-09-03,2.97,14052.55,169.06,4855.92,148.96,8878.61,8315.09,563.52,0,"organic",2017,"RaleighGreensboro"
50,2015-01-11,1.83,23690.65,10166.46,4678.19,524.42,8321.58,8164.48,157.1,0,"organic",2015,"Southeast"
5,2018-02-18,1.5,103546.73,1973.3,19701.21,100.93,81771.29,70925.9,10845.39,0,"organic",2018,"Southeast"
22,2016-07-24,1.67,68443.21,15723.85,15761.64,968.77,35988.95,33725.71,2263.24,0,"organic",2016,"Southeast"
23,2015-07-19,1.53,35667.73,7915.19,6778.13,733.63,20240.78,14690.68,5550.1,0,"organic",2015,"Southeast"
1,2017-12-24,1.57,90080.71,1409.87,16980.39,96.76,71593.69,63498.43,8095.26,0,"organic",2017,"Southeast"
27,2015-06-21,1.88,25842.76,11964.63,7758.68,832.22,5287.23,4198.25,1088.98,0,"organic",2015,"Southeast"
48,2017-01-29,1.43,53543.13,4423.96,12562.99,317.33,36238.85,13961.85,22277,0,"organic",2017,"Southeast"
9,2017-10-29,1.84,92281.1,1300.49,15386.24,96.43,75497.94,58528.26,16969.68,0,"organic",2017,"Southeast"
13,2016-09-25,1.81,41398.38,7769.08,14549.87,420.84,18658.59,7449.41,11209.18,0,"organic",2016,"Southeast"
12,2016-10-02,2.13,38668.06,14243,15259.97,519.91,8645.18,7049.22,1595.96,0,"organic",2016,"Southeast"
27,2017-06-25,1.67,111509.08,4346.4,37186.27,153.28,69823.13,40703.91,29119.22,0,"organic",2017,"Southeast"
1,2016-12-18,1.26,54712.86,3375.85,8448.31,315.77,42572.93,19398.71,23174.22,0,"organic",2016,"Southeast"
43,2015-03-01,1.46,47299.44,9547.92,20649.03,728.08,16374.41,12383.33,3991.08,0,"organic",2015,"Southeast"
52,2017-01-01,1.43,49777.56,4157.31,9930.6,262.28,35427.37,15637.05,19790.32,0,"organic",2017,"Southeast"
26,2015-06-28,1.74,29549.92,13344.49,7207.44,824.04,8173.95,4887.11,3286.84,0,"organic",2015,"Southeast"
0,2016-12-25,1.41,46895.78,3551.01,9031.23,279.29,34034.25,18333.61,15700.64,0,"organic",2016,"Southeast"
4,2018-02-25,1.46,115509.8,2796.03,20114.88,105.74,92493.15,85039.04,7454.11,0,"organic",2018,"Southeast"
2,2016-12-11,1.29,59141.95,3862.37,8401.47,274.59,46603.52,17767.54,28835.98,0,"organic",2016,"Southeast"
46,2015-02-08,1.51,50546.78,10197.75,16658.11,792.54,22898.38,20283.33,2615.05,0,"organic",2015,"Southeast"
16,2017-09-10,2.17,77245.2,2028.56,16157.29,160.15,58899.2,51415.21,7483.99,0,"organic",2017,"Southeast"
50,2017-01-15,1.36,63939.14,4716.66,12386.68,392.83,46442.97,24971.94,21471.03,0,"organic",2017,"Southeast"
16,2016-09-04,1.54,67309.14,9207.65,15349.22,431.84,42320.43,31577.01,10743.42,0,"organic",2016,"Southeast"
26,2016-06-26,1.31,71367.79,20353.71,13495.03,848.58,36670.47,22878.16,13792.31,0,"organic",2016,"Southeast"
42,2015-03-08,1.47,46965.06,10517.69,19351.28,802.4,16293.69,12209.65,4084.04,0,"organic",2015,"Southeast"
39,2016-03-27,1.48,51791.11,16772.51,10589.54,353.44,24075.62,20453.56,3622.06,0,"organic",2016,"Southeast"
3,2018-03-04,1.55,122700.54,2856.11,23002.28,104.25,96737.9,80786.88,15951.02,0,"organic",2018,"Southeast"
37,2015-04-12,1.82,29548.36,12145.45,11195.55,992.48,5214.88,4845.77,369.11,0,"organic",2015,"Southeast"
51,2015-01-04,1.75,27365.89,9307.34,3844.81,615.28,13598.46,13061.1,537.36,0,"organic",2015,"Southeast"
8,2015-11-01,1.73,29978.74,8836.49,6600.41,820.95,13720.89,12660.01,1060.88,0,"organic",2015,"Southeast"
28,2015-06-14,1.87,27578.12,12628.72,6490.53,877.52,7581.35,6625.22,956.13,0,"organic",2015,"Southeast"
22,2017-07-30,1.63,77530.96,1310.67,17344.96,138.42,58736.91,51428.61,7308.3,0,"organic",2017,"Southeast"
15,2017-09-17,2.33,71648.47,2089.25,17722.64,103.36,51733.22,33649.14,18084.08,0,"organic",2017,"Southeast"
33,2016-05-08,1.53,52129.42,14799.32,10278.09,401.59,26650.42,22526.26,4124.16,0,"organic",2016,"Southeast"
43,2017-03-05,1.11,95526.15,13231.55,12552.42,275.95,69466.23,12241.84,57224.39,0,"organic",2017,"Southeast"
22,2015-07-26,1.67,33855.61,9842.79,6913.97,673.36,16425.49,13022.52,3402.97,0,"organic",2015,"Southeast"
23,2016-07-17,1.45,71665.65,15952.32,12582.02,1043.27,42088.04,27168.06,14919.98,0,"organic",2016,"Southeast"
30,2015-05-31,1.81,29247.9,12021.01,6624.46,808.5,9793.93,8480.37,1313.56,0,"organic",2015,"Southeast"
20,2015-08-09,1.9,29598.14,9939.07,8881.24,1018.58,9759.25,8916.47,842.78,0,"organic",2015,"Southeast"
35,2017-04-30,1.9,54311.43,11330.87,18748.52,161.45,24070.59,9721.62,14348.97,0,"organic",2017,"Southeast"
38,2016-04-03,1.49,54364.05,19782.19,10472.82,395.68,23713.36,21956.66,1756.7,0,"organic",2016,"Southeast"
13,2015-09-27,2.01,22416.55,8882.43,7230.75,736.12,5567.25,5374.98,192.27,0,"organic",2015,"Southeast"
28,2017-06-18,1.25,28462.96,8640.24,2043.28,54.52,17724.92,7228.37,10496.55,0,"organic",2017,"Denver"
45,2016-02-14,1.18,30537.03,6478.87,3527.28,27.51,20503.37,1928.78,18574.59,0,"organic",2016,"Denver"
28,2016-06-12,1.46,25862.04,19720.9,3959.24,29.44,2152.46,2065.9,86.56,0,"organic",2016,"Denver"
41,2015-03-15,1.12,68533.2,27916.18,27507.13,27.89,13082,1813.33,11268.67,0,"organic",2015,"Denver"
50,2017-01-15,0.73,50686.37,18780.82,3010.21,270.75,28624.59,15918.63,12705.96,0,"organic",2017,"Denver"
46,2015-02-08,1.4,22798.51,3017.93,7175.41,9.63,12595.54,2293.33,10302.21,0,"organic",2015,"Denver"
13,2016-09-25,1.72,12327.94,9350.55,1694.55,8.12,1274.72,1191.6,83.12,0,"organic",2016,"Denver"
20,2017-08-13,2.08,22375.66,7525.31,864.59,58.85,13926.91,13825.94,100.97,0,"organic",2017,"Denver"
18,2016-08-21,1.78,10651.36,8262.74,1735.48,15,638.14,439.68,198.46,0,"organic",2016,"Denver"
13,2017-10-01,1.93,10632.88,3685.08,235.65,11.49,6700.66,6690.16,10.5,0,"organic",2017,"Denver"
11,2016-10-09,1.49,19651.23,11578.91,2259.1,12.78,5800.44,4160.72,1639.72,0,"organic",2016,"Denver"
37,2016-04-10,0.94,40527.1,5150.05,1545,25.72,33806.33,26493.27,7313.06,0,"organic",2016,"Denver"
3,2015-12-06,0.92,41324.9,3841.78,8059.68,33.27,29390.17,430,28960.17,0,"organic",2015,"Denver"
36,2017-04-23,0.9,62384.23,12793.11,2126.24,69.71,47395.17,47195.08,200.09,0,"organic",2017,"Denver"
17,2017-09-03,2.02,17939.8,5319.9,499.64,20.53,12099.73,12016.22,83.51,0,"organic",2017,"Denver"
18,2017-08-27,2.16,20575,5403.05,507,21.6,14643.35,14579.72,63.63,0,"organic",2017,"Denver"
47,2015-02-01,1.29,27527.63,4823.79,10709.5,104.48,11889.86,1323.33,10566.53,0,"organic",2015,"Denver"
24,2015-07-12,1.44,27100.8,9772.47,3066.94,32.24,14229.15,85.12,14144.03,0,"organic",2015,"Denver"
42,2015-03-08,1.09,70858.71,34792.41,26156.12,45.91,9864.27,2923.33,6940.94,0,"organic",2015,"Denver"
10,2017-10-22,1.64,27024.28,5719.08,906.97,75.1,20323.13,20034.56,288.57,0,"organic",2017,"Denver"
41,2016-03-13,0.74,100571.11,17624.22,12791.08,53.1,70102.71,16189.63,53913.08,0,"organic",2016,"Denver"
43,2016-02-28,1.06,30084.47,4713.24,1955.11,23.17,23392.95,15001.1,8391.85,0,"organic",2016,"Denver"
27,2015-06-21,1.43,31954.94,9953.25,2917.93,21.75,19062.01,740.07,18321.94,0,"organic",2015,"Denver"
33,2016-05-08,0.7,50559.21,14280.12,6750.13,51.92,29477.04,5921.36,23555.68,0,"organic",2016,"Denver"
12,2015-10-04,1.25,28692.21,1368.83,5986.74,30.75,21305.89,739.33,20566.56,0,"organic",2015,"Denver"
44,2015-02-22,1.4,24794.39,4987.23,6082.18,28.78,13696.2,1180,12516.2,0,"organic",2015,"Denver"
38,2016-04-03,1.15,27248.91,6435.15,2257.4,15.61,18540.75,11673.65,6867.1,0,"organic",2016,"Denver"
8,2015-11-01,1.26,29803.99,5850.87,6277.42,29.31,17646.39,506.71,17139.68,0,"organic",2015,"Denver"
1,2015-12-20,1.35,27173.38,9203.25,3262.41,4.42,14703.3,276.67,14426.63,0,"organic",2015,"Denver"
5,2018-02-18,1.35,36683.22,8065.46,597.63,49.7,27970.43,27804.78,165.65,0,"organic",2018,"Denver"
24,2017-07-16,1.83,7653.26,3638.11,1154.29,99.49,2761.37,1215.02,1546.35,0,"organic",2017,"Denver"
0,2015-12-27,1.43,23728.62,9299.54,2853.98,12.14,11562.96,330.31,11232.65,0,"organic",2015,"Denver"
51,2017-01-08,0.8,39403.42,8720.61,1639.28,53.69,28989.84,3473.4,25516.44,0,"organic",2017,"Denver"
