Lab Assignments/Lab-tidyr-Avocados/avocado.csv
"X1","Date","AveragePrice","Total Volume","4046","4225","4770","Total Bags","Small Bags","Large Bags","XLarge Bags","type","year","region"
6,2016-11-13,1.9,830018.48,12169.08,523321.98,2970.03,291557.39,248573.27,42984.12,0,"conventional",2016,"NewYork"
15,2015-09-13,1.16,1479334.84,20526.41,1208256.11,1030.24,249522.08,181277.74,68237.18,7.16,"conventional",2015,"NewYork"
3,2017-12-10,1.14,2390308.58,48483.07,1906061.15,1561.82,434202.54,411052.38,23130.51,19.65,"conventional",2017,"NewYork"
5,2017-11-26,1.42,1210256,39943,696301,697,473316,373479,99837,0,"conventional",2017,"NewYork"
8,2018-01-28,1.2,2278728.69,82652.82,1501055.47,745.5,694274.9,675215.26,18491.86,567.78,"conventional",2018,"NewYork"
45,2015-02-15,1.36,997562.44,17342.31,688201.27,2659.51,289359.35,240950.54,48408.81,0,"conventional",2015,"NewYork"
6,2015-11-15,1.04,1357393.34,23669.62,1107466.31,929.57,225327.84,196060.17,29267.67,0,"conventional",2015,"NewYork"
21,2015-08-02,1.14,1458722.6,21768.56,1184264.91,1330.65,251358.48,216693.68,34664.8,0,"conventional",2015,"NewYork"
44,2015-02-22,1.33,1088977.45,18716.23,757987.66,2885,309388.56,253336.8,56051.76,0,"conventional",2015,"NewYork"
48,2015-01-25,1.36,1102868.27,18101.89,768131.81,3184.12,313450.45,249848.32,63602.13,0,"conventional",2015,"NewYork"
37,2017-04-16,1.76,1222890.71,38975.1,775310.37,4900.16,403705.08,339953.84,55759.57,7991.67,"conventional",2017,"NewYork"
10,2015-10-18,0.97,1856337.85,23873.63,1598365.27,1173.01,232925.94,181854.71,51069.15,2.08,"conventional",2015,"NewYork"
39,2016-03-27,1.32,1395562.08,17761.56,1008215.2,1438.13,368147.19,316529.29,51617.9,0,"conventional",2016,"NewYork"
25,2017-07-09,1.63,1442667.56,82965.35,800414.02,3563.36,555724.83,494674.05,42918.63,18132.15,"conventional",2017,"NewYork"
2,2018-03-11,1.35,1755052.38,64008.06,883441.96,828.96,806773.4,730150.78,74224.85,2397.77,"conventional",2018,"NewYork"
11,2017-10-15,1.68,1176751.31,75694.79,747793.74,632.63,352630.15,319602.75,33027.4,0,"conventional",2017,"NewYork"
38,2016-04-03,1.31,1240608.2,15436.69,912292.57,1685.41,311193.53,269122.16,42071.37,0,"conventional",2016,"NewYork"
36,2017-04-23,1.68,1247609.13,45532.93,838408.44,2853.1,360814.66,312758.39,41885.07,6171.2,"conventional",2017,"NewYork"
19,2016-08-14,1.49,1275952.93,18600.18,714407.25,13049.64,529895.86,496919.98,31781.23,1194.65,"conventional",2016,"NewYork"
19,2017-08-20,1.75,1057188.97,72101.32,582403.53,620.27,402063.85,377884.2,20393.67,3785.98,"conventional",2017,"NewYork"
22,2015-07-26,1.28,1211731.19,19228.22,910716.77,1321.69,280464.51,233874.8,46589.71,0,"conventional",2015,"NewYork"
12,2017-10-08,1.69,1105462.53,75444.57,669974.98,872.2,359170.78,340114.08,19056.7,0,"conventional",2017,"NewYork"
18,2016-08-21,1.47,1334937.86,15005.3,771413.01,4586.26,543933.29,487247.69,52652.56,4033.04,"conventional",2016,"NewYork"
6,2018-02-11,1.27,2051389.99,169218.18,1319012.42,1222.29,561937.1,539237.71,21409.81,1289.58,"conventional",2018,"NewYork"
23,2017-07-23,1.55,1306877.98,63537.04,830714.94,3112.43,409513.57,380873.57,21311.87,7328.13,"conventional",2017,"NewYork"
42,2017-03-12,1.76,1163703.37,16828.77,755172.29,12532.1,379170.21,326854.39,49775.54,2540.28,"conventional",2017,"NewYork"
32,2015-05-17,1.43,1255552.68,21866.23,871213.06,1648.45,360824.94,300933.75,59891.19,0,"conventional",2015,"NewYork"
7,2015-11-08,1.13,1406262.16,20146.29,1097994.07,753.78,287368.02,198024.18,89343.84,0,"conventional",2015,"NewYork"
5,2018-02-18,1.24,1413687.38,87283.86,909950.56,885.94,415567.02,392965.43,20809.09,1792.5,"conventional",2018,"NewYork"
46,2017-02-12,1.19,1955395.44,294591.11,1177334.06,13287.33,470182.94,400217.61,63416.03,6549.3,"conventional",2017,"NewYork"
35,2017-04-30,1.84,1228100.25,48042.72,808258.75,2747.33,369051.45,314750.54,44523.13,9777.78,"conventional",2017,"NewYork"
4,2017-12-03,1.41,1191930,42352,652690,580,496308,466132,30177,0,"conventional",2017,"NewYork"
13,2016-09-25,1.62,1061132.87,121477.42,566149.9,2002.25,371503.3,333527.7,37136.71,838.89,"conventional",2016,"NewYork"
36,2016-04-17,1.08,1030786.84,16212.12,582843.38,4694.24,427037.1,350600.31,74702.17,1734.62,"conventional",2016,"NewYork"
44,2016-02-21,1.21,1315177.5,15028.05,930110.1,3071.33,366968.02,323061.15,43906.87,0,"conventional",2016,"NewYork"
31,2017-05-28,1.75,1451146.59,52861.92,824445.19,4083.43,569756.05,372163.91,178834.64,18757.5,"conventional",2017,"NewYork"
5,2015-11-22,1.14,1111803.12,15004.7,905344.06,1227.89,190226.47,156660.8,33558.6,7.07,"conventional",2015,"NewYork"
37,2016-04-10,1.09,987897.9,19209.79,588026.18,2136.66,378525.27,337797.27,38411.25,2316.75,"conventional",2016,"NewYork"
11,2018-01-07,1.67,1287480.31,39884.07,866953.05,573.69,380069.5,348249.49,31820.01,0,"conventional",2018,"NewYork"
25,2015-07-05,1.84,1014.02,1.24,64.68,0,948.1,948.1,0,0,"organic",2015,"Syracuse"
6,2016-11-13,1.81,892.02,0,67.8,0,824.22,824.22,0,0,"organic",2016,"Syracuse"
49,2015-01-18,1.84,627.8,0,151.46,0,476.34,476.34,0,0,"organic",2015,"Syracuse"
20,2016-08-07,1.54,2292.45,7.46,172.85,0,2112.14,2112.14,0,0,"organic",2016,"Syracuse"
27,2016-06-19,1.71,2581.34,0,116.16,0,2465.18,1246.65,1218.53,0,"organic",2016,"Syracuse"
23,2016-07-17,1.6,2561.43,0,188.49,0,2372.94,1618.42,754.52,0,"organic",2016,"Syracuse"
34,2016-05-01,1.54,3118.81,0,113.94,0,3004.87,1874.19,1130.68,0,"organic",2016,"Syracuse"
10,2018-01-14,1.25,4343.09,116.19,64.16,0,4162.74,1986.09,2176.65,0,"organic",2018,"Syracuse"
46,2016-02-07,2.06,3082.71,1.25,172.76,0,2908.7,797.23,2111.47,0,"organic",2016,"Syracuse"
39,2016-03-27,1.57,2668.42,0,103.24,0,2565.18,1290.54,1274.64,0,"organic",2016,"Syracuse"
17,2015-08-30,1.68,940.43,1,56.36,0,883.07,883.07,0,0,"organic",2015,"Syracuse"
43,2015-03-01,1.59,2108.82,0,98.86,0,2009.96,2009.96,0,0,"organic",2015,"Syracuse"
10,2016-10-16,1.61,795.95,0,50.17,0,745.78,745.78,0,0,"organic",2016,"Syracuse"
24,2017-07-16,1.35,5140.46,0,165.11,0,4975.35,3013.25,1962.1,0,"organic",2017,"Syracuse"
5,2018-02-18,1.3,5092.83,310.36,84.43,0,4698.04,2136.41,2561.63,0,"organic",2018,"Syracuse"
44,2017-02-26,1.79,1336.09,0,207.99,0,1128.1,868.11,259.99,0,"organic",2017,"Syracuse"
16,2015-09-06,1.6,2097.4,0,107.49,0,1989.91,1989.91,0,0,"organic",2015,"Syracuse"
44,2015-02-22,1.57,1926.71,3.71,50.55,0,1872.45,1872.45,0,0,"organic",2015,"Syracuse"
5,2017-11-26,1.28,3420.98,54.32,44.03,0,3322.63,3072.61,250.02,0,"organic",2017,"Syracuse"
35,2015-04-26,1.77,2102.93,2.46,45.56,0,2054.91,2054.91,0,0,"organic",2015,"Syracuse"
44,2016-02-21,1.71,2389.56,0,68.66,0,2320.9,900.51,1420.39,0,"organic",2016,"Syracuse"
35,2017-04-30,1.88,1703.77,0,160.66,0,1543.11,1061.85,481.26,0,"organic",2017,"Syracuse"
48,2016-01-24,1.64,809.41,1.25,113.89,0,694.27,691.49,2.78,0,"organic",2016,"Syracuse"
48,2015-01-25,1.77,845.05,1.24,130.95,0,712.86,712.86,0,0,"organic",2015,"Syracuse"
8,2017-11-05,1.38,5329.36,76.51,38.25,0,5214.6,5041.26,173.34,0,"organic",2017,"Syracuse"
9,2017-10-29,1.35,7073.65,78.85,61.04,0,6933.76,6933.76,0,0,"organic",2017,"Syracuse"
33,2017-05-14,2,4073.79,0,349.93,0,3723.86,1435.66,2288.2,0,"organic",2017,"Syracuse"
32,2016-05-15,1.45,3438.24,1.24,162.57,0,3274.43,2427.81,846.62,0,"organic",2016,"Syracuse"
1,2016-12-18,1.63,1106.24,11.28,106.56,0,988.4,988.4,0,0,"organic",2016,"Syracuse"
4,2018-02-25,1.82,2430.16,69.78,745.69,0,1614.69,472.96,1141.73,0,"organic",2018,"Boise"
21,2016-07-31,1.42,2232.59,12.65,718.35,0,1501.59,975.17,526.42,0,"organic",2016,"Boise"
6,2016-11-13,1.92,1821.9,0,653.76,0,1168.14,250,918.14,0,"organic",2016,"Boise"
7,2017-11-12,1.88,1869.21,46.66,484.39,0,1338.16,356.27,981.89,0,"organic",2017,"Boise"
13,2016-09-25,1.39,2156.51,3,414.32,0,1739.19,545.5,1193.69,0,"organic",2016,"Boise"
43,2015-03-01,1.68,1396.48,2.48,945.45,0,448.55,393.33,55.22,0,"organic",2015,"Boise"
27,2015-06-21,1.49,1921.75,6.54,1657.53,0,257.68,123.33,134.35,0,"organic",2015,"Boise"
39,2017-04-02,0.82,4767.59,17.05,676.67,0,4073.87,300,3773.87,0,"organic",2017,"Boise"
42,2017-03-12,1.16,2918.06,7.57,483.13,0,2427.36,240.87,2186.49,0,"organic",2017,"Boise"
25,2017-07-09,1.58,3526.39,60.34,767.31,0,2698.74,504.14,2194.6,0,"organic",2017,"Boise"
30,2016-05-29,1.38,2206.16,5.29,1132.48,0,1068.39,473.33,595.06,0,"organic",2016,"Boise"
3,2018-03-04,1.79,2980.6,109.72,904.11,0,1966.77,526.56,1440.21,0,"organic",2018,"Boise"
16,2015-09-06,2.35,908.95,9.22,813.54,0,86.19,3.33,82.86,0,"organic",2015,"Boise"
40,2015-03-22,1.51,3570.83,1.25,3429.16,0,140.42,50,90.42,0,"organic",2015,"Boise"
5,2017-11-26,1.47,2741.2,49.58,619.73,0,2071.89,402.45,1661.79,7.65,"organic",2017,"Boise"
37,2017-04-16,1.23,3493.39,35.67,568.06,0,2889.66,374.5,2515.16,0,"organic",2017,"Boise"
21,2017-08-06,2.21,2091.16,81.09,596.86,0,1413.21,470.88,942.33,0,"organic",2017,"Boise"
27,2017-06-25,2.09,2373.02,53.4,935.18,0,1384.44,575.45,808.99,0,"organic",2017,"Boise"
19,2015-08-16,1.69,2649.76,5.12,1894.81,0,749.83,86.67,663.16,0,"organic",2015,"Boise"
14,2016-09-18,1.76,2138.14,4,815.29,0,1318.85,705.41,613.44,0,"organic",2016,"Boise"
26,2017-07-02,1.92,2765.03,41.84,1111.25,0,1611.94,539.92,1072.02,0,"organic",2017,"Boise"
36,2015-04-19,1.69,1453.59,5.14,1138.32,0,310.13,156.67,153.46,0,"organic",2015,"Boise"
20,2017-08-13,2.32,1816.79,71.06,602.73,0,1143,186.3,956.7,0,"organic",2017,"Boise"
34,2017-05-07,1.17,4483.61,11.97,634.33,0,3837.31,387.11,3450.2,0,"organic",2017,"Boise"
28,2017-06-18,1.55,3263.02,48.02,744.9,0,2470.1,473.75,1996.35,0,"organic",2017,"Boise"
36,2016-04-17,1.56,1228.73,11.78,670.27,0,546.68,306.67,240.01,0,"organic",2016,"Boise"
1,2016-12-18,1.14,2610.64,6,406.25,0,2198.39,552.12,1646.27,0,"organic",2016,"Boise"
50,2015-01-11,1.44,2378.68,0,1923.4,0,455.28,170,285.28,0,"organic",2015,"Boise"
51,2015-01-04,1.64,1505.12,1.27,1129.5,0,374.35,186.67,187.68,0,"organic",2015,"Boise"
3,2017-12-10,1.76,2237.32,52.94,566.03,0,1618.35,463.07,1155.28,0,"organic",2017,"Boise"
42,2016-03-06,1.15,1381.84,16.45,490.93,0,874.46,0,874.46,0,"organic",2016,"Boise"
45,2016-02-14,0.87,2863.27,42.95,839.99,0,1980.33,204.91,1775.42,0,"organic",2016,"Boise"
11,2018-01-07,1.77,2553.9,42.6,949.08,0,1562.22,552.06,1010.16,0,"organic",2018,"Boise"
34,2016-05-01,0.92,2440.13,0,496.28,0,1943.85,176.67,1767.18,0,"organic",2016,"Boise"
8,2016-10-30,1.87,872.07,0,349.89,0,522.18,0,522.18,0,"organic",2016,"Boise"
45,2015-02-15,1.62,1308.88,11.21,891.63,0,406.04,166.67,239.37,0,"organic",2015,"Boise"
16,2017-09-10,2.63,1600.11,75.82,540.2,0,984.09,174.77,809.32,0,"organic",2017,"Boise"
17,2017-09-03,2.71,1855.43,110.15,617.9,0,1127.38,133.37,994.01,0,"organic",2017,"Boise"
28,2015-06-14,1.87,18374.82,502.87,17175.28,0,696.67,696.67,0,0,"organic",2015,"Chicago"
31,2015-05-24,1.86,20871.17,552.15,19632.59,0,686.43,680,6.43,0,"organic",2015,"Chicago"
12,2016-10-02,2.05,27147.49,100.4,24049.87,0,2997.22,2997.22,0,0,"organic",2016,"Chicago"
38,2017-04-09,1.95,57024.53,298.8,53040.02,0,3685.71,3685.71,0,0,"organic",2017,"Chicago"
16,2017-09-10,1.96,26481.45,245.66,17923.99,0,8311.8,8311.8,0,0,"organic",2017,"Chicago"
26,2016-06-26,1.8,27771.37,60.12,25630.13,0,2081.12,2081.12,0,0,"organic",2016,"Chicago"
44,2015-02-22,1.83,10235.09,511.72,8648.92,0,1074.45,1074.45,0,0,"organic",2015,"Chicago"
47,2015-02-01,1.52,14391.05,1363.35,11835.47,0,1192.23,1192.23,0,0,"organic",2015,"Chicago"
28,2016-06-12,1.53,40535.05,162.25,38677.24,0,1695.56,1695.56,0,0,"organic",2016,"Chicago"
38,2015-04-05,1.65,21064.17,112.46,20035.04,0,916.67,916.67,0,0,"organic",2015,"Chicago"
14,2015-09-20,1.6,26935.23,1188.26,25203.64,0,543.33,543.33,0,0,"organic",2015,"Chicago"
36,2017-04-23,1.67,50574.88,144.02,46354.05,0,4076.81,4072.37,4.44,0,"organic",2017,"Chicago"
52,2017-01-01,1.34,36915.87,36.67,34076.57,0,2802.63,2802.63,0,0,"organic",2017,"Chicago"
37,2016-04-10,1.68,35474.03,70.12,35212.51,0,191.4,191.4,0,0,"organic",2016,"Chicago"
36,2015-04-19,1.55,27489.48,614.18,25888.63,0,986.67,986.67,0,0,"organic",2015,"Chicago"
33,2015-05-10,1.47,27146.38,455.63,23858.81,0,2831.94,903.33,1928.61,0,"organic",2015,"Chicago"
2,2018-03-11,1.66,41969.83,583.18,32382.95,0,9003.7,8990.36,13.34,0,"organic",2018,"Chicago"
23,2017-07-23,1.88,36591.27,87.93,31152.43,0,5350.91,5350.91,0,0,"organic",2017,"Chicago"
10,2018-01-14,1.79,44955.89,133.39,31177.44,0,13645.06,13635.06,10,0,"organic",2018,"Chicago"
49,2016-01-17,1.52,25573.57,777.31,24636.26,0,160,160,0,0,"organic",2016,"Chicago"
27,2015-06-21,1.82,16136.49,655.45,15171.04,0,310,310,0,0,"organic",2015,"Chicago"
8,2018-01-28,1.72,40770.94,215.4,31318.93,0,9236.61,9236.61,0,0,"organic",2018,"Chicago"
0,2015-12-27,1.58,20995.37,1064.71,19320.66,0,610,610,0,0,"organic",2015,"Chicago"
50,2016-01-10,1.62,35835.37,1437.58,34064.46,0,333.33,333.33,0,0,"organic",2016,"Chicago"
34,2015-05-03,1.51,27210.49,672.05,26198.44,0,340,340,0,0,"organic",2015,"Chicago"
3,2017-12-10,1.65,40734.03,180.13,30865.75,0,9688.15,9681.49,6.66,0,"organic",2017,"Chicago"
11,2016-10-09,2.04,26995.26,79.04,23403.99,0,3512.23,3512.23,0,0,"organic",2016,"Chicago"
19,2015-08-16,1.62,29458.3,1142.46,27912.51,0,403.33,403.33,0,0,"organic",2015,"Chicago"
48,2017-01-29,1.51,44735.4,87.33,40554.73,0,4093.34,4088.9,4.44,0,"organic",2017,"Chicago"
10,2016-10-16,2.11,30428.53,72.62,26383.82,0,3972.09,3972.09,0,0,"organic",2016,"Chicago"
9,2016-10-23,2.2,28740.94,84.24,25376.14,0,3280.56,3276.12,4.44,0,"organic",2016,"Chicago"
9,2018-01-21,1.04,310587.46,192632.7,23240.42,2212.37,92501.97,79583.19,11776.55,1142.23,"conventional",2018,"NewOrleansMobile"
50,2016-01-10,0.9,264477.45,160167.42,24063.03,440.92,79806.08,67742.84,12063.24,0,"conventional",2016,"NewOrleansMobile"
30,2017-06-04,1.38,256543.43,158511.61,25352.42,298,72381.4,53362.71,5313.69,13705,"conventional",2017,"NewOrleansMobile"
35,2016-04-24,0.87,295498.57,150931.36,33965.14,3088.13,107513.94,77956.93,29557.01,0,"conventional",2016,"NewOrleansMobile"
7,2017-11-12,1.11,292987,176864,25045,2188,88890,83664,4411,816,"conventional",2017,"NewOrleansMobile"
5,2016-11-20,1.35,167233.36,86431.23,23609.67,51,57141.46,44174.88,12726.58,240,"conventional",2016,"NewOrleansMobile"
32,2016-05-15,0.86,288244.89,156109.25,35603.07,455.63,96076.94,62286.55,33790.39,0,"conventional",2016,"NewOrleansMobile"
24,2016-07-10,1.06,291978.06,149481.91,41307.31,335,100853.84,79378.63,10060.49,11414.72,"conventional",2016,"NewOrleansMobile"
43,2016-02-28,0.8,320342.69,173568.42,35255.98,991.5,110526.79,84691.42,25835.37,0,"conventional",2016,"NewOrleansMobile"
16,2015-09-06,0.99,248354.52,155273.07,18010.18,2204.32,72866.95,64673.2,8193.75,0,"conventional",2015,"NewOrleansMobile"
5,2018-02-18,1.02,306966.07,173296.43,24837.13,1962,106870.51,94229.99,12303.85,336.67,"conventional",2018,"NewOrleansMobile"
47,2015-02-01,0.81,367711.87,271075.59,11860.86,426.32,84349.1,76463.29,7885.81,0,"conventional",2015,"NewOrleansMobile"
31,2015-05-24,1.03,265237.17,175841.33,10463.04,235,78697.8,71635.79,7062.01,0,"conventional",2015,"NewOrleansMobile"
34,2015-05-03,0.93,308655.6,204609.56,13133.92,299.55,90612.57,81127.8,9484.77,0,"conventional",2015,"NewOrleansMobile"
27,2016-06-19,0.97,293340.02,162451.07,39328.87,267.67,91292.41,70450.55,16416.86,4425,"conventional",2016,"NewOrleansMobile"
35,2015-04-26,0.96,265739.79,179543.83,9195.1,288,76712.86,72727.69,3985.17,0,"conventional",2015,"NewOrleansMobile"
29,2015-06-07,0.99,288859.92,186502.94,8769.22,297.49,93290.27,85387.95,7902.32,0,"conventional",2015,"NewOrleansMobile"
9,2015-10-25,1.01,191180.56,117736.07,17516.63,646.78,55281.08,51959.11,3321.97,0,"conventional",2015,"NewOrleansMobile"
18,2016-08-21,1.04,314573.49,187528.23,43283.16,305,83457.1,61315.63,12616.47,9525,"conventional",2016,"NewOrleansMobile"
26,2015-06-28,1.03,261199.27,163193.51,10737.56,8080.05,79188.15,75120.4,4043.46,24.29,"conventional",2015,"NewOrleansMobile"
16,2017-09-10,1.62,217336.35,123071.39,24260.85,164,69840.11,59451.56,5951.88,4436.67,"conventional",2017,"NewOrleansMobile"
50,2017-01-15,1.01,291083.26,171326.01,35657.65,232.92,83866.68,60508.85,16912.83,6445,"conventional",2017,"NewOrleansMobile"
29,2017-06-11,1.32,312695,187011.15,31940.35,188,93555.5,76637.93,8992.57,7925,"conventional",2017,"NewOrleansMobile"
20,2017-08-13,1.39,236698.78,130628.39,30558.86,82.91,75428.62,60970.59,10286.92,4171.11,"conventional",2017,"NewOrleansMobile"
48,2016-01-24,0.9,228086.1,101029.21,36030.5,403.01,90623.38,77619.11,13004.27,0,"conventional",2016,"NewOrleansMobile"
29,2016-06-05,0.89,291490.49,176829.29,26539.09,557.45,87564.66,59274.56,15485.38,12804.72,"conventional",2016,"NewOrleansMobile"
10,2018-01-14,1.15,290571.66,170097.6,22912.24,2542,95019.82,76659.09,17342.95,1017.78,"conventional",2018,"NewOrleansMobile"
15,2017-09-17,1.62,219275.21,136981.14,25106.49,108,57079.58,46789.06,10177.19,113.33,"conventional",2017,"NewOrleansMobile"
6,2015-11-15,0.98,195780.23,113570.58,21747.26,335,60127.39,56099,4028.39,0,"conventional",2015,"NewOrleansMobile"
49,2015-01-18,1.03,267666.12,179991.12,23263.42,213.64,64197.94,61302.5,2895.44,0,"conventional",2015,"NewOrleansMobile"
13,2015-09-27,1.06,199908.44,123528.92,17616.44,1515.75,57247.33,53115.57,4131.76,0,"conventional",2015,"NewOrleansMobile"
42,2016-03-06,0.97,267953.78,150786.3,27025.48,565.65,89576.35,74664.71,14911.64,0,"conventional",2016,"NewOrleansMobile"
20,2016-08-07,1.13,287114.43,153070.5,52769.71,333.85,80940.37,62537.13,9693.8,8709.44,"conventional",2016,"NewOrleansMobile"
9,2017-10-29,1.11,277437.66,169106.09,21885.18,1787,84659.39,72752.65,11155.63,751.11,"conventional",2017,"NewOrleansMobile"
23,2017-07-23,1.39,262774.91,155838.78,38067.91,78,68790.22,49217,12526.55,7046.67,"conventional",2017,"NewOrleansMobile"
19,2016-08-14,1.11,265537.57,148300.05,48204.73,189.86,68842.93,52182.75,14285.18,2375,"conventional",2016,"NewOrleansMobile"
