Lab Assignments/Lab-tidyr-Avocados/avocado.csv
"X1","Date","AveragePrice","Total Volume","4046","4225","4770","Total Bags","Small Bags","Large Bags","XLarge Bags","type","year","region"
8,2017-11-05,1.76,145735.09,27876.4,67331.86,0,50526.83,50478.71,48.12,0,"organic",2017,"California"
27,2015-06-21,1.69,116908.54,51294.9,55597.45,3.09,10013.1,10009.77,3.33,0,"organic",2015,"California"
48,2017-01-29,1.44,165225.54,30958.58,65973.06,23.2,68270.7,52928.72,15341.98,0,"organic",2017,"California"
35,2016-04-24,1.39,208434.9,18891.23,100137.58,3.04,89403.05,89320.2,82.85,0,"organic",2016,"California"
2,2018-03-11,1.58,236822.98,32765.76,83573,0,120484.22,120465.39,18.83,0,"organic",2018,"California"
4,2017-12-03,1.81,125973.2,23983.71,47847.46,0,54142.03,54089.5,52.53,0,"organic",2017,"California"
37,2016-04-10,1.4,193519.09,16938.01,93768.59,0,82812.49,78412.84,4399.65,0,"organic",2016,"California"
21,2017-08-06,2.18,118098.82,18668.32,42686.77,0,56743.73,55680.44,1063.29,0,"organic",2017,"California"
15,2015-09-13,1.97,95230.68,34760.74,54821.89,0,5648.05,5608.05,40,0,"organic",2015,"California"
29,2015-06-07,1.67,114406.15,49301.79,52704.34,6.16,12393.86,12393.86,0,0,"organic",2015,"California"
19,2017-08-20,2.37,140365.99,28993.37,44771.32,1.57,66599.73,66546.4,53.33,0,"organic",2017,"California"
25,2017-07-09,1.62,169101.22,18593.36,54586.32,4.68,95916.86,95826.72,90.14,0,"organic",2017,"California"
37,2015-04-12,1.5,119549.28,59861.05,49554.48,0,10133.75,10133.75,0,0,"organic",2015,"California"
11,2017-10-15,2.1,115255.48,25513.54,44390.25,0,45351.69,45271.06,80.63,0,"organic",2017,"California"
2,2015-12-13,1.39,98605.4,13609.24,46518.56,3.05,38474.55,24359.79,14114.76,0,"organic",2015,"California"
0,2016-12-25,1.53,132890.31,22779.87,56237.83,10.76,53861.85,43478.17,10383.68,0,"organic",2016,"California"
47,2017-02-05,1.36,169739.8,37220.31,82017.4,9.46,50492.63,49406.12,1086.51,0,"organic",2017,"California"
21,2015-08-02,1.99,89435.6,26067.67,54133.2,0,9234.73,9234.73,0,0,"organic",2015,"California"
38,2016-04-03,1.39,206688.54,17840.63,115062.35,0,73785.56,63388.93,10396.63,0,"organic",2016,"California"
33,2015-05-10,1.4,160570.28,77103.7,70434.57,0,13032.01,13032.01,0,0,"organic",2015,"California"
9,2015-10-25,1.64,103918.03,20902.94,66867.39,0,16147.7,15174.85,972.85,0,"organic",2015,"California"
4,2018-02-25,1.82,179041.72,28991.22,83730.03,0,66320.47,66273.89,46.58,0,"organic",2018,"California"
38,2015-04-05,1.52,120814.24,57082.3,51295.72,0,12436.22,12436.22,0,0,"organic",2015,"California"
39,2015-03-29,1.53,111423.89,56829.47,44390.86,0,10203.56,10203.56,0,0,"organic",2015,"California"
12,2015-10-04,2,81751.48,18414.61,57015.39,0,6321.48,6281.48,40,0,"organic",2015,"California"
15,2016-09-11,1.55,187617.54,22135.19,97386.14,27.95,68068.26,65803.6,2264.66,0,"organic",2016,"California"
6,2017-11-19,1.98,122170.14,25968.52,47146.26,0,49055.36,49022.35,33.01,0,"organic",2017,"California"
20,2017-08-13,2.21,139016.53,27834.92,44902.56,0,66279.05,66110.1,168.95,0,"organic",2017,"California"
6,2016-11-13,0.94,911367.38,437810.54,189026.34,15106.03,269424.47,106369.01,163055.46,0,"conventional",2016,"PhoenixTucson"
43,2015-03-01,0.7,1031351.33,755408.34,198955.65,12551.58,64435.76,64435.76,0,0,"conventional",2015,"PhoenixTucson"
12,2016-10-02,1.03,815711.64,345171.12,206765.02,11411.45,252364.05,130376.06,121767.16,220.83,"conventional",2016,"PhoenixTucson"
4,2018-02-25,0.72,1224254.4,621383.55,216588.22,13517.52,372765.11,218471,148190.88,6103.23,"conventional",2018,"PhoenixTucson"
45,2017-02-19,0.67,1171871.64,624947.16,260052.13,14748.58,272123.77,126572.67,145260.82,290.28,"conventional",2017,"PhoenixTucson"
16,2017-09-10,1.2,727628.13,397475.35,129503.24,3441.71,197207.83,141600.41,55189.64,417.78,"conventional",2017,"PhoenixTucson"
17,2016-08-28,0.79,1024799.73,590085.71,207913.34,10716.73,216083.95,103197.4,112886.55,0,"conventional",2016,"PhoenixTucson"
14,2017-09-24,1.24,685443.39,337495.18,155470.63,2333.48,190144.1,132493.63,57632.7,17.77,"conventional",2017,"PhoenixTucson"
38,2016-04-03,0.61,1091234.04,690115.62,244434.1,17172.83,139511.49,83416.28,56080.04,15.17,"conventional",2016,"PhoenixTucson"
14,2015-09-20,0.71,892151.19,410147.31,403760.93,6031.4,72211.55,64530.22,7681.33,0,"conventional",2015,"PhoenixTucson"
7,2016-11-06,1,734433.2,334096.22,154480.91,16680.28,229175.79,103302.07,125873.72,0,"conventional",2016,"PhoenixTucson"
10,2016-10-16,1.03,831120.57,273642.18,223809.9,13628.24,320040.25,147692.04,171739.88,608.33,"conventional",2016,"PhoenixTucson"
0,2018-03-25,0.59,1684537.69,932956.86,296968.67,14886.96,439725.2,216076.58,218329.73,5318.89,"conventional",2018,"PhoenixTucson"
20,2017-08-13,1.01,940390.93,458381.41,178230.34,12192.21,291586.97,178802.98,109113.99,3670,"conventional",2017,"PhoenixTucson"
5,2016-11-20,0.7,1226126.36,753470.68,183315.34,14661.31,274679.03,110584.81,164013.66,80.56,"conventional",2016,"PhoenixTucson"
15,2017-09-17,1.22,731289.23,375755.8,152686.3,2172.41,200674.72,139237.45,61433.94,3.33,"conventional",2017,"PhoenixTucson"
2,2017-12-17,0.7,1031887.79,508369,216817.98,8575.36,298125.45,207680.54,86441.58,4003.33,"conventional",2017,"PhoenixTucson"
27,2016-06-19,0.62,1348891.94,852657.34,231636.98,17320.64,247276.98,128068.93,119121.94,86.11,"conventional",2016,"PhoenixTucson"
50,2016-01-10,0.59,1276128.92,868817.82,252752.29,12047.67,142511.14,91807.54,50703.6,0,"conventional",2016,"PhoenixTucson"
5,2018-02-18,0.59,1544983.15,923293,242108.74,12876.81,366704.6,228817.23,131177.62,6709.75,"conventional",2018,"PhoenixTucson"
4,2016-11-27,0.72,907516.28,464034.44,212695.94,11542.14,219243.76,95631.21,123302.83,309.72,"conventional",2016,"PhoenixTucson"
15,2016-09-11,0.88,961997.61,504499.4,216559.98,11582.2,229356.03,123900.27,105452.43,3.33,"conventional",2016,"PhoenixTucson"
32,2015-05-17,0.67,1013049.67,739725.96,167185.6,4706.99,101431.12,77703.34,23727.78,0,"conventional",2015,"PhoenixTucson"
7,2017-11-12,0.72,1248721,691378,271700,10123,275520,166855,106780,1886,"conventional",2017,"PhoenixTucson"
12,2017-10-08,1.28,713847.15,334851.45,146162.7,2097.5,230735.5,183526.64,47192.19,16.67,"conventional",2017,"PhoenixTucson"
45,2016-02-14,0.61,1209857.67,788381.39,243842.36,22140.43,155493.49,77572.93,77920.56,0,"conventional",2016,"PhoenixTucson"
51,2015-01-04,0.65,1048062.16,770635.37,178418.32,6509.41,92499.06,92499.06,0,0,"conventional",2015,"PhoenixTucson"
24,2016-07-10,0.89,995347.5,485473.19,213070.45,11651.42,285152.44,149012.51,135677.43,462.5,"conventional",2016,"PhoenixTucson"
4,2015-11-29,0.75,724915.6,449043.34,208439.29,9770.44,57662.53,57662.53,0,0,"conventional",2015,"PhoenixTucson"
7,2018-02-04,0.59,1998260.47,1029017.42,511201.78,13917.11,444124.16,236056.82,202720.67,5346.67,"conventional",2018,"PhoenixTucson"
2,2016-12-11,0.67,1056806.44,508911.67,226307.94,14222.88,307363.95,154962.56,152350,51.39,"conventional",2016,"PhoenixTucson"
50,2015-01-11,0.61,1110753.05,849580.75,182629.59,12237.43,66305.28,66305.28,0,0,"conventional",2015,"PhoenixTucson"
25,2016-07-03,0.77,1069905.64,539428.95,249521.81,14795.19,266159.69,148736.1,117119.42,304.17,"conventional",2016,"PhoenixTucson"
0,2015-12-27,0.49,1137707.43,738314.8,286858.37,11642.46,100891.8,70749.02,30142.78,0,"conventional",2015,"PhoenixTucson"
3,2018-03-04,0.61,1672899.36,962967.9,268082.25,12934.88,428914.33,266658.69,156802.31,5453.33,"conventional",2018,"PhoenixTucson"
3,2018-03-04,1.69,15349.03,2467.3,3004.72,0,9877.01,9871.72,5.29,0,"organic",2018,"PhoenixTucson"
50,2015-01-11,1.36,14035.18,11523.29,1632.63,0,879.26,876.68,2.58,0,"organic",2015,"PhoenixTucson"
26,2015-06-28,1.54,11633.27,9145.92,1568.59,0,918.76,303.33,615.43,0,"organic",2015,"PhoenixTucson"
28,2016-06-12,1.51,14349.12,7296.89,5158.97,0,1893.26,1184.94,708.32,0,"organic",2016,"PhoenixTucson"
39,2015-03-29,1.46,15287.62,13441.63,1143.87,0,702.12,665.15,36.97,0,"organic",2015,"PhoenixTucson"
11,2015-10-11,1.91,6593.87,5438.94,970.16,0,184.77,181.25,3.52,0,"organic",2015,"PhoenixTucson"
32,2017-05-21,2.06,9126.2,4146.42,3679.99,0,1299.79,381.04,918.75,0,"organic",2017,"PhoenixTucson"
35,2017-04-30,1.87,10199.4,2979.75,5256.95,0,1962.7,700.97,1261.73,0,"organic",2017,"PhoenixTucson"
3,2017-12-10,1.8,10964.1,1884.55,1989.33,0,7090.22,7076.98,13.24,0,"organic",2017,"PhoenixTucson"
36,2016-04-17,1.53,18395.17,7150.42,8259.32,0,2985.43,729.14,2256.29,0,"organic",2016,"PhoenixTucson"
18,2017-08-27,2,16505.49,5358.19,2591.23,0,8556.07,8501.9,54.17,0,"organic",2017,"PhoenixTucson"
31,2017-05-28,1.94,9976.29,3632.08,3316,0,3028.21,729.36,2298.85,0,"organic",2017,"PhoenixTucson"
14,2017-09-24,1.81,12410.32,3328.26,270.47,0,8811.59,8808.26,3.33,0,"organic",2017,"PhoenixTucson"
17,2016-08-28,2.18,8525.59,3373.56,3328.41,0,1823.62,443.1,1380.52,0,"organic",2016,"PhoenixTucson"
51,2015-01-04,1.12,17296.85,14569.66,1868.59,0,858.6,830,28.6,0,"organic",2015,"PhoenixTucson"
13,2016-09-25,2.47,5578.01,1536.63,3147.8,0,893.58,843.36,50.22,0,"organic",2016,"PhoenixTucson"
8,2018-01-28,1.69,13125.79,1802.37,2243.06,0,9080.36,9073.81,6.55,0,"organic",2018,"PhoenixTucson"
0,2017-12-31,1.71,14463.88,3000.73,2311.39,0,9151.76,9148.43,3.33,0,"organic",2017,"PhoenixTucson"
6,2018-02-11,1.43,19026.47,2657.19,2889.56,0,13479.72,13442.8,36.92,0,"organic",2018,"PhoenixTucson"
10,2017-10-22,1.79,10952.31,2184.07,508.22,0,8260.02,8254.52,5.5,0,"organic",2017,"PhoenixTucson"
1,2016-12-18,1.83,6977.44,1652.6,2712.82,0,2612.02,2609.34,2.68,0,"organic",2016,"PhoenixTucson"
15,2015-09-13,1.9,7622.55,5346.57,1082.07,0,1193.91,968.39,225.52,0,"organic",2015,"PhoenixTucson"
13,2017-10-01,1.8,11071.7,2624.47,142.4,0,8304.83,8270.68,34.15,0,"organic",2017,"PhoenixTucson"
31,2015-05-24,1.7,11605.98,8631.46,1351.35,0,1623.17,960,663.17,0,"organic",2015,"PhoenixTucson"
25,2016-07-03,1.65,14055.26,6214.62,4300.63,0,3540.01,454.43,3085.58,0,"organic",2016,"PhoenixTucson"
16,2017-09-10,1.85,11906.54,3667.46,633.24,0,7605.84,7554.42,51.42,0,"organic",2017,"PhoenixTucson"
22,2015-07-26,1.85,7178.36,5314.12,1303.35,0,560.89,290,270.89,0,"organic",2015,"PhoenixTucson"
41,2015-03-15,1.5,6392.65,76.97,4755.78,0,1559.9,1323.33,236.57,0,"organic",2015,"Roanoke"
44,2017-02-26,0.77,14724.39,246.43,2759.77,0,11718.19,2299.58,9418.61,0,"organic",2017,"Roanoke"
26,2017-07-02,1.78,5965.12,212.95,2696.9,0,3055.27,1472.15,1583.12,0,"organic",2017,"Roanoke"
6,2015-11-15,1.53,3846.37,110.01,2793.73,0,942.63,456.67,485.96,0,"organic",2015,"Roanoke"
32,2015-05-17,0.92,21537.11,203.77,16312.06,0,5021.28,1435.36,3585.92,0,"organic",2015,"Roanoke"
50,2015-01-11,1.47,5128.06,82.94,4065.47,0,979.65,806.48,173.17,0,"organic",2015,"Roanoke"
23,2017-07-23,1.49,9901.85,365.76,2772.19,0,6763.9,5244.98,1518.92,0,"organic",2017,"Roanoke"
20,2017-08-13,2,6017.04,295.77,1577.89,0,4143.38,3871.36,272.02,0,"organic",2017,"Roanoke"
1,2018-03-18,1.57,9095.2,110.35,2580.21,0,6404.64,4667.07,1737.57,0,"organic",2018,"Roanoke"
15,2017-09-17,1.9,7847.81,232.91,1598.3,0,6016.6,4434.42,1582.18,0,"organic",2017,"Roanoke"
26,2016-06-26,1.19,9043.11,72.94,3824.71,0,5145.46,1193.98,3951.48,0,"organic",2016,"Roanoke"
13,2015-09-27,1.67,5760.76,59.29,4263.28,0,1438.19,583.33,854.86,0,"organic",2015,"Roanoke"
44,2015-02-22,1.36,4664.67,126.76,3417.19,0,1120.72,860,260.72,0,"organic",2015,"Roanoke"
51,2015-01-04,1.39,4414.29,56.21,2760.82,0,1597.26,1139.42,457.84,0,"organic",2015,"Roanoke"
22,2015-07-26,1.34,7695.34,115.02,4828.27,0,2752.05,53.33,2698.72,0,"organic",2015,"Roanoke"
11,2016-10-09,1.02,12750.65,51.05,3881.16,0,8818.44,2235.63,6582.81,0,"organic",2016,"Roanoke"
33,2015-05-10,0.82,21425.19,227.33,12996.7,0,8201.16,1230,6971.16,0,"organic",2015,"Roanoke"
18,2016-08-21,1.41,9794.48,77.71,3840.44,0,5876.33,1489.85,4386.48,0,"organic",2016,"Roanoke"
2,2016-12-11,1.39,6116.62,87.29,2532.32,0,3497.01,1788.59,1708.42,0,"organic",2016,"Roanoke"
15,2016-09-11,1.08,12126.14,100.69,3898.72,0,8126.73,1658.8,6467.93,0,"organic",2016,"Roanoke"
33,2017-05-14,1.81,5838.07,230.45,2146.33,0,3461.29,2915.88,545.41,0,"organic",2017,"Roanoke"
49,2017-01-22,1.16,7525.89,234.38,2584.95,0,4706.56,2177.11,2529.45,0,"organic",2017,"Roanoke"
47,2017-02-05,1.14,9742.87,224.66,5303.06,0,4215.15,1977.81,2237.34,0,"organic",2017,"Roanoke"
11,2015-10-11,1.13,8171.34,83.19,3470.24,0,4617.91,543.34,4074.57,0,"organic",2015,"Roanoke"
10,2015-10-18,1.58,5199.39,60.95,3578.07,0,1560.37,840,720.37,0,"organic",2015,"Roanoke"
1,2016-12-18,1.5,4814.51,181.63,2715.1,0,1917.78,1624.65,293.13,0,"organic",2016,"Roanoke"
36,2015-04-19,1.05,10387.69,172.29,8811.28,0,1404.12,976.03,428.09,0,"organic",2015,"Roanoke"
35,2015-04-26,0.94,15271.18,275.96,10599.98,0,4395.24,1243.33,3151.91,0,"organic",2015,"Roanoke"
30,2015-05-31,0.98,18116.76,118.86,12165.3,0,5832.6,1314.97,4517.63,0,"organic",2015,"Roanoke"
16,2017-09-10,2.19,8032.49,258.82,1879.95,0,5893.72,3563.69,2330.03,0,"organic",2017,"Roanoke"
10,2017-10-22,1.53,10892.04,262.63,1702.26,0,8927.15,8539.6,387.55,0,"organic",2017,"Roanoke"
47,2016-01-31,1.33,6019.01,98.48,3346.91,0,2573.62,794.41,1779.21,0,"organic",2016,"Roanoke"
0,2018-03-25,1.6,9097.89,82.57,1984.01,0,7031.31,6152.25,879.06,0,"organic",2018,"Roanoke"
35,2016-04-24,1.4,6973.42,132.24,3781.88,0,3059.3,1995.38,1063.92,0,"organic",2016,"Roanoke"
39,2017-04-02,1.19,10899.57,309.33,3031.18,0,7559.06,2514.95,5044.11,0,"organic",2017,"Roanoke"
2,2018-03-11,1.54,8380.75,168.6,2237.27,0,5974.88,5479.54,495.34,0,"organic",2018,"Roanoke"
33,2015-05-10,1.46,82110.05,2099.7,48280.34,1279.05,30450.96,23419.51,7031.45,0,"conventional",2015,"Pittsburgh"
48,2017-01-29,1.26,107225.04,34693.77,30342.44,1353.22,40835.61,35389.28,5446.33,0,"conventional",2017,"Pittsburgh"
31,2017-05-28,1.32,143674.94,60061.87,29709.54,1890.54,52012.99,44354.41,7658.58,0,"conventional",2017,"Pittsburgh"
31,2015-05-24,1.01,181169.72,2157.12,117543.69,3203.21,58265.7,26280.32,31985.38,0,"conventional",2015,"Pittsburgh"
18,2017-08-27,1.28,106686.99,43026.01,26492.95,1743.95,35424.08,27608.32,7352.42,463.34,"conventional",2017,"Pittsburgh"
27,2016-06-19,1.42,104127.89,2063.55,59252.92,1172.76,41638.66,27767.25,12371.41,1500,"conventional",2016,"Pittsburgh"
25,2016-07-03,1.36,128114.61,1481.6,68197.33,1266.4,57169.28,40468.87,11865.41,4835,"conventional",2016,"Pittsburgh"
19,2015-08-16,1.23,87687.64,1314.23,53769.39,1381.07,31222.95,21335.31,9887.64,0,"conventional",2015,"Pittsburgh"
39,2017-04-02,1.37,122944.98,50365.37,27047.63,1687.36,43844.62,35344.15,8500.47,0,"conventional",2017,"Pittsburgh"
22,2015-07-26,1.43,68936.46,1421.76,40238.45,1088.54,26187.71,20545.66,5642.05,0,"conventional",2015,"Pittsburgh"
6,2018-02-11,1.22,116882.18,33543.27,21090.24,1094.97,61153.7,37660.14,23490.23,3.33,"conventional",2018,"Pittsburgh"
1,2015-12-20,1.22,68972.79,1176.24,40726.41,1003.63,26066.51,17094.03,8749.15,223.33,"conventional",2015,"Pittsburgh"
31,2016-05-22,1.17,113857.64,1083.05,68958.85,1536.78,42278.96,21961.82,19066.58,1250.56,"conventional",2016,"Pittsburgh"
16,2015-09-06,1.12,114216.62,1158.99,78578.82,2074.97,32403.84,23118.99,9284.85,0,"conventional",2015,"Pittsburgh"
22,2017-07-30,1.29,104351.36,41263.14,27919.48,1465.5,33703.24,26704.33,6275.57,723.34,"conventional",2017,"Pittsburgh"
26,2017-07-02,1.25,124868.74,50926.04,30335.71,1779.51,41827.48,33133.21,6770.1,1924.17,"conventional",2017,"Pittsburgh"
38,2017-04-09,1.36,119196.56,48580.74,25212.69,1465.76,43937.37,36384.09,7553.28,0,"conventional",2017,"Pittsburgh"
23,2015-07-19,1.44,73321.36,1296.93,43696.6,1675.99,26651.84,23700.61,2951.23,0,"conventional",2015,"Pittsburgh"
39,2016-03-27,1.15,93607.68,1246.72,53507.55,1504.71,37348.7,20111.13,17237.57,0,"conventional",2016,"Pittsburgh"
1,2017-12-24,1.29,87945.29,29723.13,18387.77,1008.56,38825.83,32590.13,6235.7,0,"conventional",2017,"Pittsburgh"
2,2017-12-17,1.01,141895.38,66813.07,29425.92,2193.61,43462.78,30505.58,12957.2,0,"conventional",2017,"Pittsburgh"
43,2017-03-05,1.02,174567.14,80177.15,47353.34,2909.17,44127.48,28421.5,15705.98,0,"conventional",2017,"Pittsburgh"
17,2015-08-30,1.37,74510.02,1493.6,40727.85,3632.29,28656.28,20079.07,8573.41,3.8,"conventional",2015,"Pittsburgh"
15,2016-09-11,1.33,80206.95,22513.05,30643.05,925.3,26125.55,24205.55,1920,0,"conventional",2016,"Pittsburgh"
3,2018-03-04,1.23,120612.82,35950.34,14351.56,954.03,69356.89,43202.37,26151.19,3.33,"conventional",2018,"Pittsburgh"
37,2016-04-10,1.18,102684.74,1736.95,57325.73,1600.52,42021.54,28213.82,13807.72,0,"conventional",2016,"Pittsburgh"
29,2017-06-11,1.33,117367.43,51973.42,29897.94,1738.43,33757.64,24054.78,7650.36,2052.5,"conventional",2017,"Pittsburgh"
17,2016-08-28,1.4,89247.85,10388.44,43896.41,1021.81,33941.19,30513.25,2362.94,1065,"conventional",2016,"Pittsburgh"
2,2016-12-11,1.21,84144.99,22587.44,22461.37,1185.39,37910.79,33381.5,4529.29,0,"conventional",2016,"Pittsburgh"
24,2015-07-12,1.48,68846.81,1229.69,40944.72,2652.87,24019.53,21786.27,2221.89,11.37,"conventional",2015,"Pittsburgh"
23,2016-07-17,1.25,113655.96,1416.4,54927.04,1132.71,56179.81,39074.78,10590.03,6515,"conventional",2016,"Pittsburgh"
26,2015-06-28,1.2,111690.04,1548.14,62790.32,3823.55,43528.03,31542.36,11981.88,3.79,"conventional",2015,"Pittsburgh"
0,2017-12-31,1.01,150867.12,76689.8,30458.87,2273.44,41445.01,28145.83,13299.18,0,"conventional",2017,"Pittsburgh"
28,2015-06-14,1.3,92713.49,1614.97,44490.6,3147.67,43460.25,34041.6,9418.65,0,"conventional",2015,"Pittsburgh"
47,2015-02-01,1.25,112065.73,2685.5,75345.64,2164.35,31870.24,20561.48,11308.76,0,"conventional",2015,"Pittsburgh"
