Lab Assignments/Lab-tidyr-Avocados/avocado.csv
"X1","Date","AveragePrice","Total Volume","4046","4225","4770","Total Bags","Small Bags","Large Bags","XLarge Bags","type","year","region"
27,2017-06-25,1.53,89303.04,2224.67,74282.58,129.85,12665.94,4686.34,6874.6,1105,"conventional",2017,"Albany"
46,2016-02-07,1.07,169614.01,2031.67,157271.87,109.88,10200.59,9349.67,850.92,0,"conventional",2016,"Albany"
15,2017-09-17,1.41,80109.29,3986.2,66934.64,33.59,9154.86,5289.78,3851.75,13.33,"conventional",2017,"Albany"
8,2017-11-05,1.62,71076.94,2483.36,55509.31,33.88,13050.39,9877.42,3172.97,0,"conventional",2017,"Albany"
50,2016-01-10,1.28,79121.77,848.19,66696.97,109.08,11467.53,11293.65,173.88,0,"conventional",2016,"Albany"
42,2017-03-12,1.54,95713.29,2046.8,67162.63,89.32,26414.54,10990.08,15424.46,0,"conventional",2017,"Albany"
3,2015-12-06,1.08,78992.15,1132,71976.41,72.58,5811.16,5677.4,133.76,0,"conventional",2015,"Albany"
42,2015-03-08,1.07,40507.36,795.68,30370.64,159.05,9181.99,8827.55,354.44,0,"conventional",2015,"Albany"
20,2016-08-07,1.48,99683.11,14670.87,69054.28,10.9,15947.06,14597.2,178.19,1171.67,"conventional",2016,"Albany"
20,2015-08-09,1.12,111140.93,584.63,100961.46,368.95,9225.89,9116.34,109.55,0,"conventional",2015,"Albany"
37,2017-04-16,1.62,90487.05,4362.98,71957.73,161.28,14005.06,7179.98,6825.08,0,"conventional",2017,"Albany"
24,2017-07-16,1.39,102461.61,2468.78,86707.66,2546.08,10739.09,4950.13,4788.96,1000,"conventional",2017,"Albany"
32,2016-05-15,1.36,96924.19,901.65,75847.91,82.97,20091.66,19802.87,288.79,0,"conventional",2016,"Albany"
39,2016-03-27,1.49,92529.27,808.5,78146.18,36.73,13537.86,13037.43,500.43,0,"conventional",2016,"Albany"
19,2017-08-20,1.61,74620.33,1553.71,59028.13,130.14,13908.35,8599.25,4155.77,1153.33,"conventional",2017,"Albany"
2,2017-12-17,1.43,70677.56,2578.95,50811.52,79.18,17207.91,8914.13,8293.78,0,"conventional",2017,"Albany"
25,2015-07-05,1.35,109252.12,869.45,72600.55,5883.16,29898.96,29663.19,235.77,0,"conventional",2015,"Albany"
10,2018-01-14,1.42,95246.38,2897.41,76570.67,44,15734.3,10012.8,5721.5,0,"conventional",2018,"Albany"
48,2015-01-25,1.06,45147.5,941.38,33196.16,164.14,10845.82,10103.35,742.47,0,"conventional",2015,"Albany"
44,2015-02-22,1.07,45675.05,1088.38,35056.13,151,9379.54,9000.16,379.38,0,"conventional",2015,"Albany"
30,2015-05-31,1.23,95123.62,922.37,70469.69,50.55,23681.01,23222.49,458.52,0,"conventional",2015,"Albany"
4,2015-11-29,1.28,51039.6,941.48,43838.39,75.78,6183.95,5986.26,197.69,0,"conventional",2015,"Albany"
50,2015-01-11,1.24,41195.08,1002.85,31640.34,127.12,8424.77,8036.04,388.73,0,"conventional",2015,"Albany"
26,2016-06-26,1.5,133086.66,7923.01,106656.84,37.42,18469.39,16479.75,419.64,1570,"conventional",2016,"Albany"
1,2018-03-18,1.35,105304.65,13234.86,61037.58,55,30977.21,26755.9,3721.31,500,"conventional",2018,"Albany"
47,2016-01-31,1.16,102038.32,1386.24,79881.67,69.46,20700.95,19788.78,912.17,0,"conventional",2016,"Albany"
49,2016-01-17,1.26,119972.41,1202.52,100613.46,51.22,18105.21,17980.53,124.68,0,"conventional",2016,"Albany"
3,2017-12-10,1.29,92325.53,3220.05,75147.56,104.36,13853.56,7268.21,6585.35,0,"conventional",2017,"Albany"
23,2017-07-23,1.49,84416.61,1905.52,72533.28,940.58,9037.23,3250.3,4896.93,890,"conventional",2017,"Albany"
38,2015-04-05,1.36,159461.64,77970.98,34544.71,67.97,46877.98,46762.42,115.56,0,"conventional",2015,"StLouis"
9,2017-10-29,1.34,134388.82,83829.38,11655.32,117.88,38786.24,34224,4562.24,0,"conventional",2017,"StLouis"
46,2015-02-08,1.09,214718.99,140791.53,31995.56,48.87,41883.03,41880.81,2.22,0,"conventional",2015,"StLouis"
42,2015-03-08,1.36,147525.59,73956.89,31856.71,48.39,41663.6,41663.6,0,0,"conventional",2015,"StLouis"
29,2015-06-07,1.3,194667.64,92964.49,38450.22,41.86,63211.07,63206.71,0,4.36,"conventional",2015,"StLouis"
20,2015-08-09,1.15,200794.99,92511.57,47874.46,230.92,60178.04,60173.56,0,4.48,"conventional",2015,"StLouis"
25,2016-07-03,0.76,348135.49,65689.33,21478.32,467.21,260500.63,225966.72,21420.64,13113.27,"conventional",2016,"StLouis"
49,2017-01-22,1.14,155424.95,63018.91,8315.4,105.28,83985.36,54350.1,29635.26,0,"conventional",2017,"StLouis"
4,2018-02-25,1.29,188826.97,91834.24,12327.4,470.34,84194.99,70052.46,14017.07,125.46,"conventional",2018,"StLouis"
35,2017-04-30,1.37,200743.79,118005.58,22429.27,203.47,60105.47,59450.76,191.94,462.77,"conventional",2017,"StLouis"
22,2015-07-26,1.06,216993.01,120124.79,38710.22,21.88,58136.12,58136.12,0,0,"conventional",2015,"StLouis"
15,2016-09-11,1.05,182676.07,97942.83,20573.17,32.1,64127.97,50774.93,13353.04,0,"conventional",2016,"StLouis"
7,2017-11-12,1.3,169251,89557,7643,136,71915,51019,20896,0,"conventional",2017,"StLouis"
13,2015-09-27,1.12,175958.11,99021.18,34231.9,62.01,42643.02,40596.31,2046.71,0,"conventional",2015,"StLouis"
2,2018-03-11,1.02,249444.49,119801,6013.84,404.77,123224.88,99130.17,19950.02,4144.69,"conventional",2018,"StLouis"
6,2016-11-13,1.34,128094.25,59889.54,11028.55,97.91,57078.25,40601.59,16476.66,0,"conventional",2016,"StLouis"
37,2016-04-10,0.87,218755.02,83221.79,8054.25,82.27,127396.71,98906.41,28468.59,21.71,"conventional",2016,"StLouis"
45,2017-02-19,1.09,144525.33,76057.35,8727.38,161.48,59579.12,52365.6,7213.52,0,"conventional",2017,"StLouis"
10,2018-01-14,1.36,171192.49,76981.79,12192.94,419.29,81598.47,65370.95,16227.52,0,"conventional",2018,"StLouis"
16,2016-09-04,1.16,151456.08,41709.95,27154.21,131.77,82460.15,59982.2,17076.4,5401.55,"conventional",2016,"StLouis"
48,2015-01-25,1.17,176820.49,99020.78,31381.54,42.62,46375.55,46375.55,0,0,"conventional",2015,"StLouis"
22,2016-07-24,0.94,255732.97,75714.25,23532.47,439.63,156046.62,132587.08,11498.2,11961.34,"conventional",2016,"StLouis"
33,2017-05-14,1.3,196829.3,67091.48,10233.19,147.73,119356.9,89952.04,29354.55,50.31,"conventional",2017,"StLouis"
3,2015-12-06,1.09,147544.08,60481.9,25222.92,27.18,61812.08,53742.31,8069.77,0,"conventional",2015,"StLouis"
22,2017-07-30,1.78,15501.08,431.93,6137.14,0,8932.01,4879.96,4052.05,0,"organic",2017,"Atlanta"
39,2017-04-02,1.26,16943.34,1252.51,6359.96,0,9330.87,636.1,8694.77,0,"organic",2017,"Atlanta"
0,2018-03-25,1.56,18717.08,469.23,3942.82,0,14305.03,9398.45,4906.58,0,"organic",2018,"Atlanta"
6,2016-11-13,1.63,11118.24,924.89,3867.3,0,6326.05,2042.81,4283.24,0,"organic",2016,"Atlanta"
43,2016-02-28,1.78,5069.92,2039.85,2747.16,0,282.91,223.33,59.58,0,"organic",2016,"Atlanta"
45,2017-02-19,1.06,11866.71,1388.4,3401.6,0,7076.71,85.62,6991.09,0,"organic",2017,"Atlanta"
22,2015-07-26,1.56,7888.45,2286.67,2468.79,0,3132.99,1537.46,1595.53,0,"organic",2015,"Atlanta"
11,2017-10-15,2.23,11405.18,344.76,4738.94,0,6321.48,5368.04,953.44,0,"organic",2017,"Atlanta"
16,2016-09-04,1.38,15106.95,1585.58,5389.1,0,8132.27,2064.77,6067.5,0,"organic",2016,"Atlanta"
50,2016-01-10,1.66,5614.09,2123.47,2121.26,0,1369.36,392.02,977.34,0,"organic",2016,"Atlanta"
42,2017-03-12,0.9,18563.32,2140.74,4782.95,0,11639.63,189.89,11449.74,0,"organic",2017,"Atlanta"
7,2018-02-04,1.62,11900.41,384.29,4042.55,0,7473.57,5731.98,1741.59,0,"organic",2018,"Atlanta"
4,2016-11-27,1.41,7754.46,705.54,2515.5,0,4533.42,510,4023.42,0,"organic",2016,"Atlanta"
13,2015-09-27,2.01,5392.63,2232.51,3021,0,139.12,0,139.12,0,"organic",2015,"Atlanta"
19,2015-08-16,1.83,6627.48,1953.69,3335.84,0,1337.95,1087.61,250.34,0,"organic",2015,"Atlanta"
44,2016-02-21,1.74,5258.5,2034.56,2318.33,0,905.61,503.33,402.28,0,"organic",2016,"Atlanta"
28,2016-06-12,0.97,16462.75,2079.57,5830.96,0,8552.22,894.77,7657.45,0,"organic",2016,"Atlanta"
49,2017-01-22,1.62,7484.99,1121.56,4738.82,0,1624.61,2.79,1621.82,0,"organic",2017,"Atlanta"
29,2015-06-07,1.74,4096.05,1467.61,1864.5,0,763.94,147.2,616.74,0,"organic",2015,"Atlanta"
40,2017-03-26,1.27,16209.23,1653.21,5804.09,0,8751.93,146.67,8605.26,0,"organic",2017,"Atlanta"
10,2016-10-16,1.15,17664.37,1142.04,4640.4,0,11881.93,47.88,11834.05,0,"organic",2016,"Atlanta"
10,2017-10-22,2.06,14351.98,390.46,4323.24,0,9638.28,5432.51,4205.77,0,"organic",2017,"Atlanta"
44,2017-02-26,0.64,24322.77,1111.31,3495.28,0,19716.18,150,19566.18,0,"organic",2017,"Atlanta"
2,2018-03-11,1.43,23042.99,590.29,5224.55,0,17228.15,16438.54,789.61,0,"organic",2018,"Atlanta"
46,2016-02-07,1.72,5420.87,1932.23,2613.21,0,875.43,160,715.43,0,"organic",2016,"Atlanta"
21,2016-07-31,1.62,14463.16,2799.3,5878.73,0,5785.13,1371.57,4413.56,0,"organic",2016,"Atlanta"
15,2015-09-13,2,5891.89,2340.17,3395.62,0,156.1,11.15,144.95,0,"organic",2015,"Atlanta"
7,2017-11-12,1.8,12115.78,199.47,4259.52,0,7656.79,6474.29,1182.5,0,"organic",2017,"Atlanta"
32,2015-05-17,1.78,5157.67,2076.48,2105.43,0,975.76,122.05,853.71,0,"organic",2015,"Atlanta"
13,2016-09-25,2.02,7914.63,1400.26,4568.2,0,1946.17,83.67,1862.5,0,"organic",2016,"Atlanta"
45,2015-02-15,1.46,7783.29,1449.86,5216.4,0,1117.03,700,417.03,0,"organic",2015,"Atlanta"
5,2016-11-20,1.56,9756.02,917.83,3156.22,0,5681.97,1769.48,3912.49,0,"organic",2016,"Atlanta"
10,2015-10-18,1.94,5657.95,2169,2870.36,0,618.59,63.33,555.26,0,"organic",2015,"Atlanta"
29,2016-06-05,1.04,12826.69,1891.62,4901.23,0,6033.84,950.42,5083.42,0,"organic",2016,"Atlanta"
13,2017-10-01,2.75,13557.58,543.85,4724.38,0,8289.35,4856.11,3433.24,0,"organic",2017,"Atlanta"
2,2016-12-11,1.06,13253.78,916.64,2803.26,0,9533.88,78.11,9455.77,0,"organic",2016,"Atlanta"
18,2017-08-27,2.59,13910.32,639.25,6918.13,0,6352.94,2356.85,3996.09,0,"organic",2017,"Atlanta"
19,2016-08-14,1.58,13049.21,2514.22,4567.03,0,5967.96,1854.73,4113.23,0,"organic",2016,"Atlanta"
36,2017-04-23,1.63,13269.05,1704.94,7073.78,0,4490.33,147.22,4343.11,0,"organic",2017,"Atlanta"
21,2015-08-02,1.8,5792.88,1981.77,2627.72,0,1183.39,277.57,905.82,0,"organic",2015,"Atlanta"
10,2018-01-14,1.46,22637.04,6,211.84,0,22419.2,22419.2,0,0,"organic",2018,"NorthernNewEngland"
28,2017-06-18,1.92,20003.65,14.31,370.78,0,19618.56,19618.56,0,0,"organic",2017,"NorthernNewEngland"
36,2016-04-17,1.6,12342.22,0,263.91,0,12078.31,12078.31,0,0,"organic",2016,"NorthernNewEngland"
22,2016-07-24,1.13,5882.29,0,287.29,0,5595,5589.25,5.75,0,"organic",2016,"NorthernNewEngland"
12,2015-10-04,1.62,9011.35,15.66,189.08,0,8806.61,8806.61,0,0,"organic",2015,"NorthernNewEngland"
13,2015-09-27,1.93,5374.57,6.05,263.94,0,5104.58,5104.58,0,0,"organic",2015,"NorthernNewEngland"
17,2016-08-28,1.51,8866.2,1.25,235.2,0,8629.75,8629.75,0,0,"organic",2016,"NorthernNewEngland"
26,2017-07-02,1.91,16665.54,7.31,469.07,0,16189.16,16189.16,0,0,"organic",2017,"NorthernNewEngland"
34,2017-05-07,1.57,13580.31,29.67,398.54,0,13152.1,13152.1,0,0,"organic",2017,"NorthernNewEngland"
1,2016-12-18,1.95,7450.03,6.19,215.35,0,7228.49,7228.49,0,0,"organic",2016,"NorthernNewEngland"
26,2016-06-26,1.46,12472.06,1.3,149.6,0,12321.16,12321.16,0,0,"organic",2016,"NorthernNewEngland"
20,2017-08-13,1.69,13218.86,13.62,246.35,0,12958.89,12958.89,0,0,"organic",2017,"NorthernNewEngland"
31,2015-05-24,1.88,7515.96,5.95,677.58,0,6832.43,6832.43,0,0,"organic",2015,"NorthernNewEngland"
45,2015-02-15,1.87,7199.17,7.88,590.77,0,6600.52,6600.52,0,0,"organic",2015,"NorthernNewEngland"
24,2017-07-16,1.66,20254.68,10.56,397.21,0,19846.91,19846.91,0,0,"organic",2017,"NorthernNewEngland"
19,2016-08-14,1.4,8519.17,1.28,310.54,0,8207.35,8207.35,0,0,"organic",2016,"NorthernNewEngland"
17,2017-09-03,1.69,13062.41,2.43,168.63,0,12891.35,12891.35,0,0,"organic",2017,"NorthernNewEngland"
52,2017-01-01,1.91,9214.09,6.23,130.87,0,9076.99,9076.99,0,0,"organic",2017,"NorthernNewEngland"
6,2016-11-13,1.79,10725.45,3.64,231.57,0,10490.24,10490.24,0,0,"organic",2016,"NorthernNewEngland"
9,2016-10-23,1.75,11324.45,0,153.88,0,11170.57,11170.57,0,0,"organic",2016,"NorthernNewEngland"
28,2015-06-14,1.94,8633.7,36.88,780.73,0,7816.09,7816.09,0,0,"organic",2015,"NorthernNewEngland"
48,2015-01-25,1.9,6757.39,0,593.56,0,6163.83,6163.83,0,0,"organic",2015,"NorthernNewEngland"
2,2016-12-11,1.85,10526.21,6.16,172.36,0,10347.69,10347.69,0,0,"organic",2016,"NorthernNewEngland"
50,2016-01-10,1.66,10525.16,15.92,246.12,0,10263.12,10259.79,3.33,0,"organic",2016,"NorthernNewEngland"
5,2017-11-26,1.75,22376.94,1.74,219.85,0,22155.35,22155.35,0,0,"organic",2017,"NorthernNewEngland"
11,2015-10-11,1.61,8749.6,6,68.35,0,8675.25,8675.25,0,0,"organic",2015,"NorthernNewEngland"
9,2015-10-25,1.61,7858.07,8.31,84.27,0,7765.49,7765.49,0,0,"organic",2015,"NorthernNewEngland"
30,2016-05-29,1.19,4901.16,2.54,353.15,0,4545.47,4545.47,0,0,"organic",2016,"NorthernNewEngland"
40,2015-03-22,1.88,8083.91,10.14,977.2,0,7096.57,7096.57,0,0,"organic",2015,"NorthernNewEngland"
37,2015-04-12,1.87,7094.98,46.16,444.69,0,6604.13,6604.13,0,0,"organic",2015,"NorthernNewEngland"
47,2016-01-31,1.65,9140.79,2.48,154.07,0,8984.24,8984.24,0,0,"organic",2016,"NorthernNewEngland"
0,2017-12-31,1.76,20129.5,0,200.68,0,19928.82,19925.49,3.33,0,"organic",2017,"NorthernNewEngland"
10,2016-10-16,1.49,8965.14,3.64,202.56,0,8758.94,8758.94,0,0,"organic",2016,"NorthernNewEngland"
39,2017-04-02,1.82,13640.21,128.73,364.3,0,13147.18,13147.18,0,0,"organic",2017,"NorthernNewEngland"
42,2015-03-08,1.87,6756.78,32.68,809.1,0,5915,5915,0,0,"organic",2015,"NorthernNewEngland"
28,2016-06-12,0.99,4574.17,0,105.39,0,4468.78,4468.78,0,0,"organic",2016,"NorthernNewEngland"
32,2015-05-17,1.88,8208.44,35.29,879.99,0,7293.16,7293.16,0,0,"organic",2015,"NorthernNewEngland"
13,2016-09-25,1.51,14401.06,2.45,320.87,0,14077.74,14077.74,0,0,"organic",2016,"NorthernNewEngland"
