Lab Assignments/Lab-tidyr-Avocados/avocado.csv
"X1","Date","AveragePrice","Total Volume","4046","4225","4770","Total Bags","Small Bags","Large Bags","XLarge Bags","type","year","region"
43,2017-03-05,1.55,270877.61,159001.85,39733.35,36.19,72106.22,41112.34,30993.88,0,"conventional",2017,"Orlando"
26,2016-06-26,1.18,333568.95,143186.79,76177.69,94.86,114109.61,68453.99,35165.62,10490,"conventional",2016,"Orlando"
50,2017-01-15,1.27,356960.5,148500.59,72248.12,175.19,136036.6,69128.81,66907.79,0,"conventional",2017,"Orlando"
0,2017-12-31,1.16,461913.85,314324.12,38867.01,665.33,108057.39,56521.08,51536.31,0,"conventional",2017,"Orlando"
26,2017-07-02,1.4,414176.6,247137.41,50254.8,190.22,116594.17,61248.28,45105.89,10240,"conventional",2017,"Orlando"
39,2016-03-27,1.06,311571.85,152991.07,56406.32,62.9,102111.56,45393.81,56717.75,0,"conventional",2016,"Orlando"
44,2017-02-26,1.25,307685.6,172780.16,46592.5,70.6,88242.34,53501.63,34737.38,3.33,"conventional",2017,"Orlando"
12,2017-10-08,1.85,304863.13,195935.23,23473.26,50.59,85404.05,63299.53,22104.52,0,"conventional",2017,"Orlando"
21,2017-08-06,1.41,326355.84,209093.43,34123.34,147.27,82991.8,44905.73,31827.18,6258.89,"conventional",2017,"Orlando"
1,2017-12-24,1.39,292291.1,178469.57,21232.36,779.89,91809.28,60988.48,30820.8,0,"conventional",2017,"Orlando"
11,2015-10-11,1,308032.62,211056.18,30064.22,105.62,66806.6,31968.47,34838.13,0,"conventional",2015,"Orlando"
43,2016-02-28,0.82,496972.61,233309.57,93393.19,222.23,170047.62,51303.36,118744.26,0,"conventional",2016,"Orlando"
11,2017-10-15,1.74,288581.65,176622.72,22938.4,94.4,88926.13,57999.74,30926.39,0,"conventional",2017,"Orlando"
47,2017-02-05,0.85,711200.33,362670.27,151154.5,307.79,197067.77,94810.52,101426.69,830.56,"conventional",2017,"Orlando"
1,2018-03-18,1.11,508979.43,333194.13,32206.33,1543.14,142035.83,82165.92,59626.58,243.33,"conventional",2018,"Orlando"
8,2018-01-28,1.35,414781.12,262391.05,28265.08,1290.4,122834.59,75243.3,47547.96,43.33,"conventional",2018,"Orlando"
9,2015-10-25,1.25,210265.79,138110.06,24182.08,91.29,47882.36,29737.38,18128.16,16.82,"conventional",2015,"Orlando"
16,2016-09-04,0.97,477301.28,275859.84,75406.02,171.78,125863.64,59356.55,66507.09,0,"conventional",2016,"Orlando"
40,2017-03-26,1.62,281795.07,164358.1,38333.89,88.48,79014.6,44649.55,34365.05,0,"conventional",2017,"Orlando"
32,2017-05-21,1.41,357405.82,225241.39,38535.12,103.21,93526.1,60657.69,32650.35,218.06,"conventional",2017,"Orlando"
25,2016-07-03,0.93,553640.36,277838.49,118092.73,278.53,157430.61,87341.32,50692.9,19396.39,"conventional",2016,"Orlando"
35,2015-04-26,1.23,257307.97,179052.54,21351.58,93.98,56809.87,38167.83,18294.82,347.22,"conventional",2015,"Orlando"
12,2015-10-04,1,332997.12,224769.27,34085.54,60.86,74081.45,37192.16,36886.48,2.81,"conventional",2015,"Orlando"
34,2017-05-07,1.17,529138.31,340439.27,66961.88,98.55,121638.61,67552.66,54085.95,0,"conventional",2017,"Orlando"
48,2017-01-29,1.24,364048.79,153528.1,72365.95,196.49,137958.25,70535.42,67422.83,0,"conventional",2017,"Orlando"
32,2015-05-17,1.23,243265.56,168886.63,19797.32,173.63,54407.98,38066.02,16341.96,0,"conventional",2015,"Orlando"
4,2015-11-29,0.96,262683.8,190361.54,21007.77,37.82,51276.67,21536.82,29739.85,0,"conventional",2015,"Orlando"
36,2015-04-19,1.23,231777.27,157931.42,18812.23,205.89,54827.73,35504.7,19323.03,0,"conventional",2015,"Orlando"
0,2015-12-27,0.99,305773.54,211102.9,20765.29,124.04,73781.31,40641.55,33139.76,0,"conventional",2015,"Orlando"
32,2016-05-15,0.83,512839.94,218691.6,121577.54,378.29,172192.51,46050.87,121150.53,4991.11,"conventional",2016,"Orlando"
13,2015-09-27,1.28,202457.31,114107.06,41995.26,142.31,46212.68,29149.95,17062.73,0,"conventional",2015,"Orlando"
29,2017-06-11,1.41,401365.48,246114.25,41215.61,61.99,113973.63,61632.8,46130.83,6210,"conventional",2017,"Orlando"
33,2015-05-10,1.23,257032.99,185586.2,19590.84,138.92,51717.03,35990.16,15726.87,0,"conventional",2015,"Orlando"
18,2016-08-21,1.19,347563.11,170496.96,87311.02,83.44,89671.69,60961.16,23780.53,4930,"conventional",2016,"Orlando"
10,2018-01-14,1.4,387588.47,258150.99,26672.33,1199.66,101565.49,68412.96,33152.53,0,"conventional",2018,"Orlando"
12,2016-10-02,1.45,301939.19,117406.55,66860.79,189.44,117482.41,50462.75,66632.16,387.5,"conventional",2016,"Orlando"
41,2015-03-15,1.27,226247.68,154931.57,21353.84,115.89,49846.38,34513.35,15333.03,0,"conventional",2015,"Orlando"
45,2015-02-15,1.26,204812.28,139189.15,21210.42,37.33,44375.38,20733.73,23641.65,0,"conventional",2015,"Orlando"
27,2017-06-25,1.35,376407.55,230886.33,38375.37,94.56,107051.29,60122.45,40833.84,6095,"conventional",2017,"Orlando"
50,2016-01-10,0.96,413413.58,279393.48,31582.03,198.79,102239.28,49854.64,52384.64,0,"conventional",2016,"Orlando"
20,2016-08-07,1.23,327167.52,143759.32,84662.03,114.73,98631.44,52784.9,35583.76,10262.78,"conventional",2016,"Orlando"
8,2017-11-05,1.5,3425.86,3.56,64.14,0,3358.16,3358.16,0,0,"organic",2017,"Albany"
32,2017-05-21,1.84,3184.37,20.33,385.05,0,2778.99,2778.99,0,0,"organic",2017,"Albany"
43,2017-03-05,1.84,2228.14,241,208.79,0,1778.35,1778.35,0,0,"organic",2017,"Albany"
0,2015-12-27,1.83,989.55,8.16,88.59,0,892.8,892.8,0,0,"organic",2015,"Albany"
12,2016-10-02,1.73,2492.82,51.93,139.63,0,2301.26,2301.26,0,0,"organic",2016,"Albany"
14,2016-09-18,1.69,2137.53,47.35,194.65,0,1895.53,1895.53,0,0,"organic",2016,"Albany"
26,2016-06-26,1.53,1922.75,0,162.87,0,1759.88,1759.88,0,0,"organic",2016,"Albany"
35,2015-04-26,1.9,929.61,27.01,30.53,0,872.07,872.07,0,0,"organic",2015,"Albany"
40,2017-03-26,2.02,2250.22,166.49,263.32,0,1820.41,1820.41,0,0,"organic",2017,"Albany"
33,2016-05-08,1.83,2103.64,0,536.2,0,1567.44,1567.44,0,0,"organic",2016,"Albany"
25,2017-07-09,2,1883.1,38.06,187.9,0,1657.14,1657.14,0,0,"organic",2017,"Albany"
28,2016-06-12,1.43,887.29,4.66,150.28,0,732.35,732.35,0,0,"organic",2016,"Albany"
40,2016-03-20,1.76,1733.01,14.09,258.37,0,1460.55,1460.55,0,0,"organic",2016,"Albany"
10,2017-10-22,1.49,4337.67,3.52,268.83,0,4065.32,4061.99,3.33,0,"organic",2017,"Albany"
42,2016-03-06,1.92,1704.24,65.94,401.53,0,1236.77,1236.77,0,0,"organic",2016,"Albany"
21,2016-07-31,1.43,1553.42,29.56,204.54,0,1319.32,1319.32,0,0,"organic",2016,"Albany"
48,2015-01-25,1.89,1115.89,14.87,148.72,0,952.3,952.3,0,0,"organic",2015,"Albany"
50,2015-01-11,1.77,1182.56,39,305.12,0,838.44,838.44,0,0,"organic",2015,"Albany"
20,2016-08-07,1.67,1545.79,54.24,206.36,0,1285.19,1285.19,0,0,"organic",2016,"Albany"
33,2015-05-10,1.98,2117.48,46.8,523.9,0,1546.78,1546.78,0,0,"organic",2015,"Albany"
41,2017-03-19,1.87,2763.38,503.14,175.98,0,2084.26,2084.26,0,0,"organic",2017,"Albany"
22,2016-07-24,1.42,1811.44,23.66,175.08,0,1612.7,1612.7,0,0,"organic",2016,"Albany"
19,2017-08-20,1.86,2584.08,61.21,143.82,0,2379.05,2379.05,0,0,"organic",2017,"Albany"
14,2017-09-24,1.42,3627.18,56.82,95.31,0,3475.05,3475.05,0,0,"organic",2017,"Albany"
47,2017-02-05,1.72,1753.35,26.75,223.33,0,1503.27,1503.27,0,0,"organic",2017,"Albany"
5,2017-11-26,1.57,2841.29,27.75,182.15,0,2631.39,2631.39,0,0,"organic",2017,"Albany"
33,2017-05-14,1.57,4270.28,44.12,450.74,0,3775.42,3775.42,0,0,"organic",2017,"Albany"
48,2016-01-24,1.83,1506.87,23.39,294.7,0,1188.78,1180.98,7.8,0,"organic",2016,"Albany"
46,2016-02-07,1.81,1252.86,33.15,254.56,0,965.15,962.52,2.63,0,"organic",2016,"Albany"
51,2015-01-04,1.79,1373.95,57.42,153.88,0,1162.65,1162.65,0,0,"organic",2015,"Albany"
6,2015-11-15,1.89,1208.54,20.71,238.16,0,949.67,949.67,0,0,"organic",2015,"Albany"
22,2017-07-30,1.67,2503.82,55.26,92.99,0,2355.57,2355.57,0,0,"organic",2017,"Albany"
4,2016-11-27,1.97,1646.78,50.76,177.08,0,1418.94,1418.94,0,0,"organic",2016,"Albany"
25,2016-07-03,1.43,3529.44,11.65,261.39,0,3256.4,3256.4,0,0,"organic",2016,"Albany"
38,2015-04-05,1.29,688065.45,53579.17,401279.47,41867.08,191339.73,184109.06,6357.06,873.61,"conventional",2015,"BaltimoreWashington"
26,2015-06-28,1.15,862261.64,65051.95,534535.21,51109.85,211564.63,207378.09,4022.51,164.03,"conventional",2015,"BaltimoreWashington"
4,2015-11-29,1.16,545800.05,41028.15,379156.09,20147.53,105468.28,103615.95,1852.33,0,"conventional",2015,"BaltimoreWashington"
23,2016-07-17,1.47,730875.32,50831.98,400287.93,32758.16,246997.25,233727.43,2257.55,11012.27,"conventional",2016,"BaltimoreWashington"
18,2016-08-21,1.48,727279.79,68443.67,413651.59,21950.39,223234.14,203758.36,15197.45,4278.33,"conventional",2016,"BaltimoreWashington"
32,2015-05-17,1.27,790853.86,63515.06,455166.65,44840.98,227331.17,222163.1,5152.19,15.88,"conventional",2015,"BaltimoreWashington"
35,2015-04-26,1.29,747841.09,58013.85,431532.87,39942.57,218351.8,212064.73,6184.29,102.78,"conventional",2015,"BaltimoreWashington"
6,2015-11-15,1.04,718330.48,47109.75,503470.08,37990.29,129760.36,125297.67,4462.69,0,"conventional",2015,"BaltimoreWashington"
52,2017-01-01,1.47,631760.81,54530.42,408952.26,14387.01,153891.12,151345.59,2542.41,3.12,"conventional",2017,"BaltimoreWashington"
15,2017-09-17,1.58,664501.74,55766.21,443692.78,4745.57,160297.18,158757.44,1466.41,73.33,"conventional",2017,"BaltimoreWashington"
18,2017-08-27,1.66,653598.86,51628.46,402657.24,5171.88,194141.28,192627.66,800.29,713.33,"conventional",2017,"BaltimoreWashington"
11,2018-01-07,1.5,771313.78,89883.07,466602.79,4167.07,210660.85,189304.53,21356.32,0,"conventional",2018,"BaltimoreWashington"
22,2015-07-26,1.2,772926.12,52746.41,496508.65,45010.81,178660.25,174774.8,3880.04,5.41,"conventional",2015,"BaltimoreWashington"
26,2016-06-26,1.36,830072.5,62585.19,509113.95,48949.85,209423.51,202616.05,3059.39,3748.07,"conventional",2016,"BaltimoreWashington"
45,2016-02-14,1.11,905144.72,72824.97,596869.49,60290.41,175159.85,168368.44,6791.41,0,"conventional",2016,"BaltimoreWashington"
39,2017-04-02,1.5,800801.84,82571.71,493953.33,7301.92,216974.88,213697.33,1724.22,1553.33,"conventional",2017,"BaltimoreWashington"
51,2016-01-03,1.11,816760.46,54491.78,583418.06,27147.33,151703.29,149408.43,2294.86,0,"conventional",2016,"BaltimoreWashington"
50,2015-01-11,1.17,670231.94,51460.64,420837.82,42526.96,155406.52,151330.87,4075.65,0,"conventional",2015,"BaltimoreWashington"
8,2018-01-28,1.12,1152539.42,115283.7,805041.45,4257.45,227956.82,225931.13,2019.02,6.67,"conventional",2018,"BaltimoreWashington"
43,2016-02-28,1.12,888570.06,61483.8,641585.11,20335.44,165165.71,162543.26,2622.45,0,"conventional",2016,"BaltimoreWashington"
30,2016-05-29,1.19,890196.73,61989.17,577334.28,44265.84,206607.44,200150.21,3716.12,2741.11,"conventional",2016,"BaltimoreWashington"
9,2017-10-29,1.55,682236.82,62566.85,434269.43,4193.34,181207.2,179693.45,1510.42,3.33,"conventional",2017,"BaltimoreWashington"
40,2017-03-26,1.6,739376.32,70467.54,462479.21,7285.09,199144.48,196644.22,1950.26,550,"conventional",2017,"BaltimoreWashington"
37,2017-04-16,1.7,717940.19,67839.51,439898.36,6834.65,203367.67,182834.46,20215.15,318.06,"conventional",2017,"BaltimoreWashington"
40,2015-03-22,1.1,808897.21,65158.96,524971.24,42381.39,176385.62,171699.95,4685.67,0,"conventional",2015,"BaltimoreWashington"
0,2018-03-25,1.23,986038.75,108250.52,591934.75,4205.03,281648.45,277508.08,2777.04,1363.33,"conventional",2018,"BaltimoreWashington"
3,2017-12-10,1.13,940850.93,103332.38,546809.87,3979.72,286728.96,263946.3,22782.66,0,"conventional",2017,"BaltimoreWashington"
14,2015-09-20,1.17,709268.62,39619.87,450283.01,45336.12,174029.62,168889.78,5139.84,0,"conventional",2015,"BaltimoreWashington"
2,2016-12-11,1.35,599161.08,49240.17,375437.86,9977.23,164505.82,153476.96,11028.86,0,"conventional",2016,"BaltimoreWashington"
44,2017-02-26,1.48,814376.97,82179.16,531502.16,9921.32,190774.33,185955.28,4349.61,469.44,"conventional",2017,"BaltimoreWashington"
27,2016-06-19,1.37,850692.3,61789.19,523095.26,54129.89,211677.96,203569.59,3085.45,5022.92,"conventional",2016,"BaltimoreWashington"
39,2016-03-27,1.19,781627.98,59850.43,523531.51,15295.4,182950.64,179809.74,3140.9,0,"conventional",2016,"BaltimoreWashington"
2,2016-12-11,0.79,776453.82,308697.33,68324.89,12632.73,386798.87,167338.47,219187.07,273.33,"conventional",2016,"WestTexNewMexico"
6,2015-11-15,0.71,732695.38,483180.55,155778.7,12780.68,80955.45,77112.29,3843.16,0,"conventional",2015,"WestTexNewMexico"
11,2015-10-11,0.89,638486.47,268061.13,258518.68,31027.33,80879.33,79841.99,1037.34,0,"conventional",2015,"WestTexNewMexico"
49,2015-01-18,0.8,729795.72,516446.41,128438.87,12473.14,72437.3,71564.22,873.08,0,"conventional",2015,"WestTexNewMexico"
43,2017-03-05,0.84,841019.69,466853.14,55790.06,28477.27,289899.22,128328.66,161570.56,0,"conventional",2017,"WestTexNewMexico"
49,2017-01-22,0.67,1100953.14,653900.04,95147.87,14466.07,337439.16,113880.3,223558.86,0,"conventional",2017,"WestTexNewMexico"
10,2017-10-22,1.04,673664.68,390067.16,159230.47,2000.47,122366.58,63878.87,58487.71,0,"conventional",2017,"WestTexNewMexico"
21,2016-07-31,1.06,708243.4,404007.95,76077.49,15442.57,212715.39,144484.06,65764.66,2466.67,"conventional",2016,"WestTexNewMexico"
51,2016-01-03,0.76,761760.52,419119.49,178471.03,35241.26,128928.74,94218.83,32476.58,2233.33,"conventional",2016,"WestTexNewMexico"
42,2017-03-12,0.86,813341.58,425584.68,60264.21,19234.46,308258.23,138151.67,170106.56,0,"conventional",2017,"WestTexNewMexico"
38,2016-04-03,0.73,776232.98,552528.04,80391.33,29032.63,114280.98,82969.77,31311.21,0,"conventional",2016,"WestTexNewMexico"
34,2017-05-07,0.82,1159488.49,643961.42,121509.24,12243.26,381774.57,127690.85,254083.72,0,"conventional",2017,"WestTexNewMexico"
6,2017-11-19,0.95,654996,333777,119338,6035,195845,73894,118062,3889,"conventional",2017,"WestTexNewMexico"
42,2015-03-08,0.73,805731.03,568182.3,137012.17,12344.54,88192.02,85848.21,2343.81,0,"conventional",2015,"WestTexNewMexico"
15,2017-09-17,1.2,585989.67,348290.56,103677.84,1179.49,132841.78,88720.88,44120.9,0,"conventional",2017,"WestTexNewMexico"
4,2017-12-03,0.85,799879,359419,224516,6690,209254,70520,138586,148,"conventional",2017,"WestTexNewMexico"
26,2016-06-26,0.8,1028845.61,558419.63,101284.45,23127.35,346014.18,243993.8,95170.94,6849.44,"conventional",2016,"WestTexNewMexico"
7,2017-11-12,0.93,759126,375798,165578,9438,208312,67655,140060,597,"conventional",2017,"WestTexNewMexico"
51,2017-01-08,0.76,954821.31,486063.56,102288.73,15502.82,350966.2,151408.26,199527.38,30.56,"conventional",2017,"WestTexNewMexico"
20,2017-08-13,0.95,867284.03,479443.63,113710.28,12037.45,262092.67,110195.24,151506.32,391.11,"conventional",2017,"WestTexNewMexico"
47,2015-02-01,0.71,916367.42,611270.39,205181.23,14107.36,85808.44,82065.7,3742.74,0,"conventional",2015,"WestTexNewMexico"
6,2016-11-13,0.96,690820.58,429758.58,39757.86,14195.71,207108.43,114355.56,92752.87,0,"conventional",2016,"WestTexNewMexico"
47,2016-01-31,0.79,788831.92,512429.69,88819.79,38529.09,149053.35,94019.44,16913.91,38120,"conventional",2016,"WestTexNewMexico"
22,2017-07-30,1.01,837672.89,496316.57,107799.04,8697.46,224859.82,141547.68,82057.69,1254.45,"conventional",2017,"WestTexNewMexico"
34,2015-05-03,0.74,967144.19,677575.96,166456.05,15065.01,108047.17,80711.69,27335.48,0,"conventional",2015,"WestTexNewMexico"
27,2015-06-21,0.74,948942.53,601318.24,158997.23,13455.47,175171.59,148132.78,27038.81,0,"conventional",2015,"WestTexNewMexico"
44,2017-02-26,0.79,864199.16,471215.82,67019.53,15924.59,310039.22,126854.84,183184.38,0,"conventional",2017,"WestTexNewMexico"
8,2017-11-05,0.94,791515.45,381629.56,199062.24,8891.13,201932.52,62748.05,139154.47,30,"conventional",2017,"WestTexNewMexico"
25,2015-07-05,0.78,913360.72,606650.91,123465.83,18233.51,165010.47,146199.35,18811.12,0,"conventional",2015,"WestTexNewMexico"
