Lab Assignments/Lab-tidyr-Avocados/avocado.csv
"X1","Date","AveragePrice","Total Volume","4046","4225","4770","Total Bags","Small Bags","Large Bags","XLarge Bags","type","year","region"
0,2018-03-25,1.06,658169.39,75837.48,304991.92,14300.89,263039.1,166273.14,96427.92,338.04,"conventional",2018,"Portland"
41,2016-03-13,0.79,750735.4,89366.15,223410.75,19425,418533.5,415276.73,2895.31,361.46,"conventional",2016,"Portland"
41,2017-03-19,1.11,634212.88,149500.57,129099.31,19059.85,336553.15,334445.43,1589.36,518.36,"conventional",2017,"Portland"
8,2018-01-28,1.34,486679.98,80881.12,152913.11,16678.38,236207.37,142712.01,92874.02,621.34,"conventional",2018,"Portland"
20,2017-08-13,1.71,432923.79,100657.31,122555.64,14938.35,194772.49,113265.06,81462.18,45.25,"conventional",2017,"Portland"
16,2016-09-04,1.01,613058.51,131619.33,166648.41,13319.89,301470.88,300935.32,312.46,223.1,"conventional",2016,"Portland"
39,2015-03-29,1.2,401824.91,162580.71,163122.62,18487.16,57634.42,57229.61,402.85,1.96,"conventional",2015,"Portland"
29,2017-06-11,1,718937.65,128990.56,168571.5,18215.43,403160.16,401672.14,1316.91,171.11,"conventional",2017,"Portland"
46,2015-02-08,1.08,447701.68,161940.61,232248.98,13386.63,40125.46,38999.96,1125.5,0,"conventional",2015,"Portland"
6,2018-02-11,1.25,507333.47,87666.45,146006.56,17712.54,255947.92,156038.59,99378.83,530.5,"conventional",2018,"Portland"
4,2017-12-03,0.88,777430,260954,168336,12318,335821,295944,39575,302,"conventional",2017,"Portland"
3,2017-12-10,1.29,424741.73,110651.9,93996.37,15325.59,204767.87,147247.2,57068.55,452.12,"conventional",2017,"Portland"
43,2016-02-28,0.83,725928.01,83579.8,209750.15,18299.84,414298.22,411116.66,2953.08,228.48,"conventional",2016,"Portland"
35,2017-04-30,0.84,940104.32,220613.6,175669.06,20230.57,523591.09,521942.84,1439.44,208.81,"conventional",2017,"Portland"
12,2017-10-08,1.9,363427.67,92601.95,111769.87,14976.51,144079.34,87516.85,54855.78,1706.71,"conventional",2017,"Portland"
1,2015-12-20,0.98,416298.84,82416.56,134956.77,13276.06,185649.45,185479.46,29.77,140.22,"conventional",2015,"Portland"
40,2016-03-20,0.94,556500.49,89989.82,177624.19,17767.12,271119.36,269468.42,1435.24,215.7,"conventional",2016,"Portland"
9,2015-10-25,0.91,480396.16,95297.5,191061.91,13673.67,180363.08,178207.01,1322.84,833.23,"conventional",2015,"Portland"
40,2017-03-26,1.12,629914.06,142591.43,127964.61,16620.87,342737.15,338024.62,4248.56,463.97,"conventional",2017,"Portland"
20,2015-08-09,1.19,448135.88,174171.38,185098.36,17536.12,71330.02,71232.22,89.57,8.23,"conventional",2015,"Portland"
48,2017-01-29,0.76,909463.13,153610.95,175048.56,17090.49,563713.13,423872.42,138350.97,1489.74,"conventional",2017,"Portland"
8,2016-10-30,1.4,407047.88,70232.8,109965.98,15009.27,211839.83,207419.82,4075.8,344.21,"conventional",2016,"Portland"
1,2018-03-18,1.04,759157.5,66714.53,222709.52,18614.12,451119.33,144978.05,305017.82,1123.46,"conventional",2018,"Portland"
41,2015-03-15,1.21,392802.67,156506.22,160239.43,17300.74,58756.28,58756.28,0,0,"conventional",2015,"Portland"
2,2018-03-11,1.11,676307.43,78454.87,308559.86,17485.05,271807.65,172296.2,99071.86,439.59,"conventional",2018,"Portland"
48,2015-01-25,1.09,432770.06,131530.29,229573.27,13384.3,58282.2,40428.06,17854.14,0,"conventional",2015,"Portland"
18,2017-08-27,1.34,597580.17,168216.37,97433.68,12732.14,319197.98,266476.63,52445.78,275.57,"conventional",2017,"Portland"
35,2016-04-24,0.79,714374.65,147879.2,194071.12,18734.63,353689.7,349814.73,3823.03,51.94,"conventional",2016,"Portland"
19,2016-08-14,1.48,9978.31,899.71,4522.42,0,4556.18,2277.22,2278.96,0,"organic",2016,"Nashville"
17,2017-09-03,2.04,8629.45,166.84,2919.13,0,5543.48,1630.5,3912.98,0,"organic",2017,"Nashville"
38,2017-04-09,1.53,5340.95,572.93,2987.08,0,1780.94,1123.08,657.86,0,"organic",2017,"Nashville"
39,2015-03-29,1.67,4455.04,334.3,2754.56,96,1270.18,580,690.18,0,"organic",2015,"Nashville"
44,2015-02-22,1.32,9791.87,299.83,8060.61,53.9,1377.53,1166.67,210.86,0,"organic",2015,"Nashville"
8,2017-11-05,1.71,6330.44,72.89,1957.67,0,4299.88,3131.99,1167.89,0,"organic",2017,"Nashville"
38,2016-04-03,1.59,6681.85,1157.97,4117.09,0,1406.79,303.33,1103.46,0,"organic",2016,"Nashville"
13,2016-09-25,1.72,4411.99,501.43,3532.36,0,378.2,33.89,344.31,0,"organic",2016,"Nashville"
20,2015-08-09,1.43,7442.75,384.24,5358.58,0,1699.93,705.98,993.95,0,"organic",2015,"Nashville"
36,2016-04-17,0.86,28242.04,912.8,14896.94,0,12432.3,1533.45,10898.85,0,"organic",2016,"Nashville"
33,2016-05-08,0.94,16049.96,812.45,4914.71,0,10322.8,1743.56,8579.24,0,"organic",2016,"Nashville"
8,2016-10-30,1.68,6293.04,294.8,5438.31,0,559.93,38.89,521.04,0,"organic",2016,"Nashville"
23,2016-07-17,1.2,11534.1,891.11,4624.57,0,6018.42,350.09,5668.33,0,"organic",2016,"Nashville"
11,2015-10-11,1.55,4976.32,609.97,3428.69,0,937.66,296.67,640.99,0,"organic",2015,"Nashville"
23,2015-07-19,1.23,7731.85,266.76,4409.88,0,3055.21,1228.95,1826.26,0,"organic",2015,"Nashville"
34,2017-05-07,1.22,6216.76,191.24,2221.64,0,3803.88,216.57,3587.31,0,"organic",2017,"Nashville"
39,2016-03-27,1.46,7913.84,795.99,4082.73,0,3035.12,1350,1685.12,0,"organic",2016,"Nashville"
41,2017-03-19,0.92,5986.47,340.95,2019.05,0,3626.47,97.78,3528.69,0,"organic",2017,"Nashville"
25,2016-07-03,0.89,15605.42,615.59,5239.37,0,9750.46,431.4,9319.06,0,"organic",2016,"Nashville"
19,2015-08-16,1.4,7201.85,324.12,4650.56,0,2227.17,1246.78,980.39,0,"organic",2015,"Nashville"
51,2017-01-08,1.53,3165.75,209,2389.04,0,567.71,62.22,505.49,0,"organic",2017,"Nashville"
36,2015-04-19,1.45,9167.42,355.1,6291.91,52.19,2468.22,655.55,1812.67,0,"organic",2015,"Nashville"
21,2016-07-31,1.11,12337.37,1053.15,4460.9,0,6823.32,881.97,5941.35,0,"organic",2016,"Nashville"
22,2016-07-24,1.77,7162.2,958.62,4955.19,0,1248.39,51.96,1196.43,0,"organic",2016,"Nashville"
14,2017-09-24,2.24,8917.5,104.37,2500.14,0,6312.99,1601.56,4711.43,0,"organic",2017,"Nashville"
24,2015-07-12,1.28,7754.71,373.08,4517.25,0,2864.38,988.88,1875.5,0,"organic",2015,"Nashville"
2,2016-12-11,1.02,5039.91,224.05,2060.34,0,2755.52,73.89,2681.63,0,"organic",2016,"Nashville"
45,2016-02-14,1.42,5590.9,593.08,2791.92,0,2205.9,1606.67,599.23,0,"organic",2016,"Nashville"
9,2017-10-29,1.76,7350.15,75.61,2571.96,0,4702.58,2957.01,1745.57,0,"organic",2017,"Nashville"
39,2017-04-02,1.17,6336.78,419.42,2523.62,0,3393.74,490.19,2903.55,0,"organic",2017,"Nashville"
50,2015-01-11,1.92,2892.29,204.75,2168.33,80.56,438.65,435.54,3.11,0,"organic",2015,"Nashville"
7,2018-02-04,1.58,5109.24,54.15,2042.32,0,3012.77,2310.41,702.36,0,"organic",2018,"Nashville"
47,2016-01-31,0.94,203005.7,3261.74,133276.52,12917.42,53550.02,16807.25,33496.41,3246.36,"conventional",2016,"CincinnatiDayton"
41,2017-03-19,0.95,263837.93,2059.16,71214.46,1250.96,189313.35,33907.54,155347.45,58.36,"conventional",2017,"CincinnatiDayton"
13,2015-09-27,1.08,202012.62,2220.62,138937.95,11725.37,49128.68,12344.28,34341.61,2442.79,"conventional",2015,"CincinnatiDayton"
40,2015-03-22,0.98,212719.94,2968.26,137560.99,23368.18,48822.51,11317.29,31773.08,5732.14,"conventional",2015,"CincinnatiDayton"
4,2015-11-29,0.88,141356.34,2399.32,94093.55,5885.57,38977.9,12785.15,24850.38,1342.37,"conventional",2015,"CincinnatiDayton"
46,2016-02-07,0.81,302337.87,4898.28,177380.94,30149.6,89909.05,22076.72,61180.85,6651.48,"conventional",2016,"CincinnatiDayton"
9,2015-10-25,1.01,203681.71,2264.65,132625.92,9187.24,59603.9,12423.07,45209.19,1971.64,"conventional",2015,"CincinnatiDayton"
51,2016-01-03,0.9,222534.76,2730.97,149327.89,18924.91,51550.99,12613.38,29550.02,9387.59,"conventional",2016,"CincinnatiDayton"
37,2016-04-10,0.89,210309.77,4234.86,125252.7,8960.13,71862.08,21423.87,49093.66,1344.55,"conventional",2016,"CincinnatiDayton"
14,2015-09-20,1.05,210445.12,3127.8,139042.8,21179.76,47094.76,12353.22,29601.09,5140.45,"conventional",2015,"CincinnatiDayton"
45,2017-02-19,0.7,303146.46,2623.77,93502.67,1010.9,206009.12,23085.72,182918.9,4.5,"conventional",2017,"CincinnatiDayton"
7,2016-11-06,1.08,239233.63,2895.96,91902.63,1003.69,143431.35,16151.12,127193.62,86.61,"conventional",2016,"CincinnatiDayton"
30,2015-05-31,1.06,222382.69,10459.41,143893.61,4652.39,63377.28,20976.26,41425.81,975.21,"conventional",2015,"CincinnatiDayton"
10,2015-10-18,0.98,186044.56,2297.3,131737.84,8931.62,43077.8,17414.57,24553.19,1110.04,"conventional",2015,"CincinnatiDayton"
44,2017-02-26,0.78,282344.52,3306.7,108390.14,2024.42,168623.26,28279.15,140287.47,56.64,"conventional",2017,"CincinnatiDayton"
0,2017-12-31,0.86,278128.16,86072.67,43570.02,18071.02,130414.45,120022.99,10142.47,248.99,"conventional",2017,"CincinnatiDayton"
51,2017-01-08,0.82,285027.21,4147.01,126967.13,991.09,152921.98,33746.17,118612.86,562.95,"conventional",2017,"CincinnatiDayton"
8,2016-10-30,1.02,241671.24,2125.55,89381.04,841.37,149323.28,11631.4,137691.88,0,"conventional",2016,"CincinnatiDayton"
48,2015-01-25,0.93,213554.45,3617.45,162644.69,656.23,46636.08,20650.03,25970.02,16.03,"conventional",2015,"CincinnatiDayton"
41,2016-03-13,0.88,210904.76,3172.25,126850.83,7482.64,73399.04,19111.28,52395.6,1892.16,"conventional",2016,"CincinnatiDayton"
31,2017-05-28,0.96,303442.79,10451.69,76776.7,1279.88,214934.52,34309.89,180475.96,148.67,"conventional",2017,"CincinnatiDayton"
6,2015-11-15,0.88,193723.22,2680,129291.79,4905.63,56845.8,15733.89,40083.17,1028.74,"conventional",2015,"CincinnatiDayton"
10,2016-10-16,1.07,246801.93,6797.94,89324.91,1275.42,149403.66,32352.58,117051.08,0,"conventional",2016,"CincinnatiDayton"
46,2015-02-08,0.93,186617.2,4246.12,140926.77,4185.64,37258.67,17773.67,18571.14,913.86,"conventional",2015,"CincinnatiDayton"
5,2016-11-20,0.98,242174.1,2013.39,85407.77,853.46,153899.48,23679.23,130220.25,0,"conventional",2016,"CincinnatiDayton"
20,2017-08-13,1.34,261153.8,4609.64,92313.29,1103.12,163127.75,21883.1,140667.78,576.87,"conventional",2017,"CincinnatiDayton"
3,2015-12-06,0.83,207513.04,2914.81,129978.67,15475.56,59144,13539.21,42885.85,2718.94,"conventional",2015,"CincinnatiDayton"
38,2015-04-05,1.06,196168.6,7516.57,135093.59,2508.15,51050.29,36567.48,14361.02,121.79,"conventional",2015,"CincinnatiDayton"
35,2015-04-26,1.06,214469.51,8217.17,138764.19,6904.19,60583.96,21522.31,37783.16,1278.49,"conventional",2015,"CincinnatiDayton"
45,2015-02-15,0.94,169950.37,4399.26,122866.03,3067.22,39617.86,21356.07,17556.58,705.21,"conventional",2015,"CincinnatiDayton"
28,2017-06-18,1.09,281486.15,4452.82,110401.61,2143.52,164488.2,33465.46,130291.88,730.86,"conventional",2017,"CincinnatiDayton"
49,2016-01-17,1.67,76290.32,7831.76,17800.16,1500.23,49158.17,33936.45,15221.72,0,"organic",2016,"Northeast"
7,2016-11-06,2.07,89099.08,5608.51,26861.46,140.68,56488.43,55962.01,526.42,0,"organic",2016,"Northeast"
15,2015-09-13,1.97,49376.19,3473.57,18543.59,853.19,26505.84,26318.59,187.25,0,"organic",2015,"Northeast"
24,2017-07-16,1.66,240537.76,12309.73,34479.02,2085.77,191663.24,178777.51,12885.73,0,"organic",2017,"Northeast"
48,2015-01-25,1.92,40358.44,2519.17,17147.02,73.05,20619.2,20455.66,163.54,0,"organic",2015,"Northeast"
11,2018-01-07,1.75,264448.77,11605.47,35898.69,55.76,216888.85,205469.1,11419.75,0,"organic",2018,"Northeast"
44,2015-02-22,1.9,56898.92,5183.02,17737.13,65.89,33912.88,33581.42,331.46,0,"organic",2015,"Northeast"
38,2017-04-09,2.12,171036.27,14746.97,48734.61,165.24,107389.45,96848.27,10541.18,0,"organic",2017,"Northeast"
7,2018-02-04,1.66,273309.58,16597.29,41306.63,766.14,214639.52,188630.21,26009.31,0,"organic",2018,"Northeast"
16,2016-09-04,1.92,128284.46,8635.35,30659.29,537.03,88452.79,87987.89,464.9,0,"organic",2016,"Northeast"
36,2015-04-19,1.94,60348.96,4357.54,24247.68,50.04,31693.7,31416.66,277.04,0,"organic",2015,"Northeast"
21,2017-08-06,1.74,216000.77,6369.3,31343.15,143.23,178145.09,152573.08,25572.01,0,"organic",2017,"Northeast"
32,2016-05-15,1.79,112278.17,5714.39,26314.99,2397.2,77851.59,67997.52,9854.07,0,"organic",2016,"Northeast"
40,2016-03-20,1.75,104018.17,6688.35,25202.39,1881.07,70246.36,60347.7,9898.66,0,"organic",2016,"Northeast"
35,2017-04-30,1.91,278038.48,45273.02,109485.34,1714.65,121565.47,116115.13,5450.34,0,"organic",2017,"Northeast"
2,2015-12-13,1.8,76466.85,3310.22,12755.23,7637.49,52763.91,37344.72,15419.19,0,"organic",2015,"Northeast"
28,2016-06-12,1.71,93841.12,6582.57,25151.17,1518,60589.38,48533.11,12056.27,0,"organic",2016,"Northeast"
24,2015-07-12,2.01,40245.19,4205.24,19850.58,90.1,16099.27,16093.19,6.08,0,"organic",2015,"Northeast"
29,2015-06-07,2.02,57645.02,4853.51,17359.72,857.17,34574.62,34488.34,86.28,0,"organic",2015,"Northeast"
35,2016-04-24,1.9,151219.06,7150.7,24966.54,2442.94,116658.88,103152.4,13506.48,0,"organic",2016,"Northeast"
1,2015-12-20,1.77,73826.41,5825.64,17999.1,2401.24,47600.43,40812.08,6788.35,0,"organic",2015,"Northeast"
33,2015-05-10,1.9,68804.21,4593.3,25193.73,29.41,38987.77,38815.66,172.11,0,"organic",2015,"Northeast"
31,2015-05-24,1.97,63674.1,5569.19,18983.33,513.94,38607.64,38338.21,269.43,0,"organic",2015,"Northeast"
10,2017-10-22,1.68,264208.2,10671.96,29448.03,99.41,223988.8,223697.53,291.27,0,"organic",2017,"Northeast"
34,2016-05-01,1.94,151476.61,8435.32,33077.84,2206.77,107756.68,95608.27,12148.41,0,"organic",2016,"Northeast"
45,2017-02-19,1.43,592952.35,127051.75,363472.25,322.56,102105.79,91672.29,10433.5,0,"organic",2017,"Northeast"
0,2017-12-31,1.66,229313.64,11281.04,33549.86,122.83,184359.91,170878.67,13481.24,0,"organic",2017,"Northeast"
4,2015-11-29,1.59,48901.36,2430.46,9533.76,710.99,36226.15,24764.03,11462.12,0,"organic",2015,"Northeast"
0,2018-03-25,1.58,374859.68,19823.16,58366.54,201.04,296468.94,265716.88,30752.06,0,"organic",2018,"Northeast"
44,2017-02-26,1.82,182655.98,22185.72,70918.22,161.59,89390.45,86833.66,2556.79,0,"organic",2017,"Northeast"
51,2016-01-03,1.54,79900.43,2251.54,13966.15,1510.98,62171.76,27554.77,34616.99,0,"organic",2016,"Northeast"
10,2015-10-18,1.7,51045.02,2862.61,14224.98,518.85,33438.58,26508.59,6929.99,0,"organic",2015,"Northeast"
51,2017-01-08,1.99,132079.47,10600.01,29899.55,310.93,91268.98,86129.69,5139.29,0,"organic",2017,"Northeast"
23,2016-07-17,1.5,9628.02,161.18,4390.15,500.26,4576.43,2761.53,1814.9,0,"organic",2016,"RichmondNorfolk"
14,2015-09-20,1.87,3201.26,69.37,2727.16,345.61,59.12,26.67,32.45,0,"organic",2015,"RichmondNorfolk"
45,2016-02-14,1.29,5510.43,177.82,2574.21,212.43,2545.97,1288.89,1257.08,0,"organic",2016,"RichmondNorfolk"
10,2018-01-14,1.33,18253,354.81,3471.49,78.62,14348.08,13243.48,1104.6,0,"organic",2018,"RichmondNorfolk"
16,2017-09-10,2,13661.82,526.93,3525.9,42.94,9566.05,7880.01,1686.04,0,"organic",2017,"RichmondNorfolk"
43,2017-03-05,1.06,14497.7,635.96,3287.69,201.39,10372.66,4416.23,5956.43,0,"organic",2017,"RichmondNorfolk"
1,2017-12-24,1.41,12966.31,527.99,2640.21,65.74,9732.37,9557.06,175.31,0,"organic",2017,"RichmondNorfolk"
31,2016-05-22,1.03,11131.05,231.2,4605.85,232.4,6061.6,2186.4,3875.2,0,"organic",2016,"RichmondNorfolk"
42,2016-03-06,1.54,4091.44,240.75,2554.83,209.61,1086.25,1079.58,6.67,0,"organic",2016,"RichmondNorfolk"
25,2017-07-09,1.81,11717.1,720.65,5308.78,142.87,5544.8,3341.86,2202.94,0,"organic",2017,"RichmondNorfolk"
13,2015-09-27,1.65,4046.31,37.76,2720.03,313.05,975.47,583.33,392.14,0,"organic",2015,"RichmondNorfolk"
48,2017-01-29,1.32,8024.8,592.19,3683.49,230.3,3518.82,1829.27,1689.55,0,"organic",2017,"RichmondNorfolk"
40,2015-03-22,1.52,3345.52,169.24,2320.53,381.39,474.36,40,434.36,0,"organic",2015,"RichmondNorfolk"
8,2018-01-28,1.44,15001.51,422.41,3934.4,93.87,10550.83,9656.85,893.98,0,"organic",2018,"RichmondNorfolk"
7,2016-11-06,1.16,12920.67,354.11,3333.15,224.52,9008.89,3285.65,5723.24,0,"organic",2016,"RichmondNorfolk"
46,2016-02-07,1.34,4905.87,133.45,2540.32,283.58,1948.52,1045.61,902.91,0,"organic",2016,"RichmondNorfolk"
27,2015-06-21,1.35,6691.69,172.38,4236.18,438.02,1845.11,570,1275.11,0,"organic",2015,"RichmondNorfolk"
38,2016-04-03,1.35,6699.78,156.2,3417.08,317.2,2809.3,1480.5,1328.8,0,"organic",2016,"RichmondNorfolk"
50,2015-01-11,1.66,2914.35,143.78,2060.44,270.92,439.21,412.81,26.4,0,"organic",2015,"RichmondNorfolk"
6,2018-02-11,1.36,18050.24,365.59,2906.21,44.28,14734.16,13970.51,763.65,0,"organic",2018,"RichmondNorfolk"
7,2017-11-12,1.57,11495.44,632.19,2374.29,63.61,8425.35,8314.51,110.84,0,"organic",2017,"RichmondNorfolk"
41,2015-03-15,1.57,5834.95,157.47,2458.69,516.55,2702.24,2603.33,98.91,0,"organic",2015,"RichmondNorfolk"
36,2017-04-23,1.65,10330.09,641.94,4484.77,159.23,5044.15,3311.15,1733,0,"organic",2017,"RichmondNorfolk"
50,2016-01-10,1.35,6424.72,126.55,2778.08,279.11,3240.98,1466.98,1774,0,"organic",2016,"RichmondNorfolk"
3,2015-12-06,1.67,3089.71,42.65,1608.75,223.9,1214.41,1060,154.41,0,"organic",2015,"RichmondNorfolk"
0,2017-12-31,1.39,13838.29,496.98,2962.71,94.76,10283.84,9802.71,481.13,0,"organic",2017,"RichmondNorfolk"
33,2016-05-08,1.36,9008.52,209.07,5266.48,341.25,3191.72,2301.65,890.07,0,"organic",2016,"RichmondNorfolk"
34,2015-05-03,1.03,12425.42,426.78,6174.2,548.21,5276.23,2313.33,2962.9,0,"organic",2015,"RichmondNorfolk"
13,2016-09-25,1.54,10037.87,105.92,3806.68,234.22,5891.05,3344.31,2546.74,0,"organic",2016,"RichmondNorfolk"
15,2017-09-17,1.59,14824.51,336.19,2732.34,44.13,11711.85,10680.64,1031.21,0,"organic",2017,"RichmondNorfolk"
30,2016-05-29,1.05,11411.49,151.89,5283.51,242.3,5733.79,2428,3305.79,0,"organic",2016,"RichmondNorfolk"
19,2017-08-20,1.93,12811.35,573.89,3458.89,59.59,8718.98,7254.65,1464.33,0,"organic",2017,"RichmondNorfolk"
49,2016-01-17,1.4,4173.42,69.79,2273.91,253.58,1576.14,1033.7,542.44,0,"organic",2016,"RichmondNorfolk"
7,2015-11-08,1.58,4199.95,96.33,2006.69,342.69,1754.24,1466.67,287.57,0,"organic",2015,"RichmondNorfolk"
49,2015-01-18,1.62,3480.66,120.23,2152.16,363.06,845.21,583.33,261.88,0,"organic",2015,"RichmondNorfolk"
