Lab Assignments/Lab-tidyr-Avocados/avocado.csv
"X1","Date","AveragePrice","Total Volume","4046","4225","4770","Total Bags","Small Bags","Large Bags","XLarge Bags","type","year","region"
30,2016-05-29,0.8,6239677.27,3270603.2,1322066.02,347794.01,1299214.04,1034533.11,229576.24,35104.69,"conventional",2016,"SouthCentral"
11,2015-10-11,0.83,5236047.86,2351606.01,1833545.05,426600.81,624295.99,504922.39,119235.17,138.43,"conventional",2015,"SouthCentral"
32,2015-05-17,0.79,5831782.44,3979432.32,1202270.23,33292.23,616787.66,528432.48,88337.6,17.58,"conventional",2015,"SouthCentral"
2,2018-03-11,0.89,6621293.03,3309218.1,926223.64,28752.6,2357098.69,1820819.54,472662.31,63616.84,"conventional",2018,"SouthCentral"
7,2018-02-04,0.65,10323174.59,4772921.95,1623613.82,38521.35,3888117.47,3351508.25,508738.57,27870.65,"conventional",2018,"SouthCentral"
13,2016-09-25,0.98,5344837.49,2674487.17,1129009.2,15830.87,1525510.25,1094936.72,409425.49,21148.04,"conventional",2016,"SouthCentral"
1,2015-12-20,0.81,4565207.85,2166801.03,1226508.86,412828.75,759069.21,555356.92,95639.5,108072.79,"conventional",2015,"SouthCentral"
10,2017-10-22,1.15,4919102.69,2541201.97,796819.87,11499.33,1569581.52,1211443.25,357979.25,159.02,"conventional",2017,"SouthCentral"
46,2015-02-08,0.73,5900232.15,3323430.66,1927404.12,75885.05,573512.32,518539.89,54886.55,85.88,"conventional",2015,"SouthCentral"
13,2015-09-27,0.87,4987381.36,2252044.96,2042360.56,83993.99,608981.85,480873.02,128033.07,75.76,"conventional",2015,"SouthCentral"
17,2017-09-03,1.24,4677784.49,2610726.8,799483.48,11103.09,1256471.12,925948.98,319844.34,10677.8,"conventional",2017,"SouthCentral"
13,2017-10-01,1.34,4488892.01,2373892.08,775342.08,7963.75,1331694.1,952665.5,378804.94,223.66,"conventional",2017,"SouthCentral"
32,2016-05-15,0.73,6728120.77,3283251.25,1441163.07,459077.76,1544628.69,1146035.44,389114.15,9479.1,"conventional",2016,"SouthCentral"
2,2017-12-17,0.9,4951756.35,2460827.88,956506.58,17333.23,1517088.66,1167760.58,349011.06,317.02,"conventional",2017,"SouthCentral"
25,2017-07-09,0.86,7194967.49,3208920.88,1183761.98,19559.17,2782725.46,2120458.99,656778.35,5488.12,"conventional",2017,"SouthCentral"
20,2017-08-13,1.05,6058478.32,2794533.52,1399558.46,22466.02,1841920.32,940654.23,893304.81,7961.28,"conventional",2017,"SouthCentral"
40,2015-03-22,0.76,6008817.9,3785376.16,1476714.1,81039.5,665688.14,540561.2,125103.19,23.75,"conventional",2015,"SouthCentral"
27,2017-06-25,0.92,6466429.64,3274928.07,1121983.76,16796.23,2052721.58,1518938.69,530616.8,3166.09,"conventional",2017,"SouthCentral"
6,2017-11-19,0.97,4864335,2719309,742890,17529,1384607,973474,409491,1642,"conventional",2017,"SouthCentral"
22,2015-07-26,0.81,5822521.79,3166737.18,1982138.27,32905.16,640741.18,511308.6,129425.5,7.08,"conventional",2015,"SouthCentral"
18,2015-08-23,0.89,5235579.44,3058909.34,1546628.56,30815.55,599225.99,513745.16,85422.36,58.47,"conventional",2015,"SouthCentral"
8,2016-10-30,1.19,3733135.22,1917984.65,802089.74,19653.3,993407.53,733102.01,242672.72,17632.8,"conventional",2016,"SouthCentral"
22,2016-07-24,0.97,5528475.32,3073632.24,1095930.61,29835.26,1329077.21,1169824.57,105002.77,54249.87,"conventional",2016,"SouthCentral"
22,2017-07-30,1.06,5548390.24,2922902.49,1156832.81,15183.9,1453471.04,1010568.54,424211.45,18691.05,"conventional",2017,"SouthCentral"
51,2015-01-04,0.77,5144267.01,2745009.1,1755142.21,73432.89,570682.81,442217.85,128451.37,13.59,"conventional",2015,"SouthCentral"
48,2015-01-25,0.81,5142259.93,3205533.39,1298842.9,68870.69,569012.95,476249.64,92763.31,0,"conventional",2015,"SouthCentral"
1,2016-12-18,0.72,5483207.89,2789696.38,1116482.22,15771.64,1561257.65,1144739.27,383503.55,33014.83,"conventional",2016,"SouthCentral"
30,2015-05-31,0.74,6349957.65,4136440.91,1501302.47,34073.41,678140.86,530629.47,147483.35,28.04,"conventional",2015,"SouthCentral"
33,2015-05-10,0.79,6400340.97,3969053.76,1709201.45,36330.84,685754.92,533597.59,152122.11,35.22,"conventional",2015,"SouthCentral"
16,2016-09-04,0.78,6802635.25,3749548.89,1321331.51,18544.3,1713210.55,1488491.11,188922.83,35796.61,"conventional",2016,"SouthCentral"
32,2017-05-21,0.94,6084796.99,3262539.84,1043850.3,20820.97,1757585.88,1269469.83,460424.96,27691.09,"conventional",2017,"SouthCentral"
41,2016-03-13,0.79,5894070.33,3228470.66,1083003.8,698856.6,883739.27,731907.2,144961.72,6870.35,"conventional",2016,"SouthCentral"
8,2017-11-05,0.99,5798077.88,2770715.69,1154114.11,24089.18,1849158.9,1127480.34,716953.08,4725.48,"conventional",2017,"SouthCentral"
50,2017-01-15,0.68,7103726.14,4335593.06,1264050.32,18959.07,1485123.69,1360058.7,110035.17,15029.82,"conventional",2017,"SouthCentral"
36,2015-04-19,0.82,5593885.09,3657278.94,1183497.85,114923.71,638184.59,538970.63,99203.37,10.59,"conventional",2015,"SouthCentral"
3,2018-03-04,0.79,7399716.74,3596162.29,1104894.9,30623.35,2668036.2,2185246.31,416456.32,66333.57,"conventional",2018,"SouthCentral"
11,2017-10-15,1.3,4553170.77,2390226.58,797892.99,8836.79,1356214.41,976323.02,379688.5,202.89,"conventional",2017,"SouthCentral"
20,2016-08-07,0.93,5647940.41,3263106.78,1162455.32,24523.4,1197854.91,1035007.77,149412.38,13434.76,"conventional",2016,"SouthCentral"
27,2016-06-19,0.89,6005535.29,3271758.23,1118582.85,346244.07,1268950.14,1062854.49,167590.92,38504.73,"conventional",2016,"SouthCentral"
16,2016-09-04,1.32,472090.23,153239.51,247684.74,4575.47,66590.51,66372.28,2.95,215.28,"conventional",2016,"Sacramento"
11,2018-01-07,1.35,465108.34,159862.75,247999,1045.98,56200.61,49386.35,522.37,6291.89,"conventional",2018,"Sacramento"
4,2018-02-25,0.99,589559.59,199926,308881.68,1158.23,79593.68,72189.31,1982.31,5422.06,"conventional",2018,"Sacramento"
27,2016-06-19,1.2,508036.18,157354.92,276855.96,18508.95,55316.35,54341.35,0,975,"conventional",2016,"Sacramento"
6,2015-11-15,0.94,414161.47,100343.08,262929.38,11181.91,39707.1,39707.1,0,0,"conventional",2015,"Sacramento"
23,2017-07-23,1.46,444230.79,148014.47,247469.68,2242.49,46504.15,43739.04,1268.44,1496.67,"conventional",2017,"Sacramento"
20,2015-08-09,1.28,414823.74,146135.78,206011.16,13618.36,49058.44,49041,17.44,0,"conventional",2015,"Sacramento"
38,2016-04-03,1.05,488547.76,128563.45,284764.63,21875.92,53343.76,53306.03,37.73,0,"conventional",2016,"Sacramento"
26,2015-06-28,1.26,423984.04,143118.33,210343.54,13590.1,56932.07,56932.07,0,0,"conventional",2015,"Sacramento"
3,2016-12-04,1.29,315955.99,110569.37,156812.81,1306.3,47267.51,45560.08,382.43,1325,"conventional",2016,"Sacramento"
33,2015-05-10,1.14,437822.76,162135,217681.33,13246.38,44760.05,44760.05,0,0,"conventional",2015,"Sacramento"
29,2016-06-05,1.17,521408.99,169293.85,269555.77,25618.94,56940.43,56921.44,18.99,0,"conventional",2016,"Sacramento"
28,2017-06-18,1.59,448930.73,164647.72,215644.64,10699.93,57938.44,53795.49,757.39,3385.56,"conventional",2017,"Sacramento"
25,2017-07-09,1.44,505422.37,174813.37,267561.36,13473.26,49574.38,46835.01,669.37,2070,"conventional",2017,"Sacramento"
17,2016-08-28,1.33,421583.74,150624.23,225695.86,5537.68,39725.97,39589.51,5.9,130.56,"conventional",2016,"Sacramento"
19,2017-08-20,1.82,331372.05,117500.89,164389.32,4321.75,45160.09,41838.76,1275.43,2045.9,"conventional",2017,"Sacramento"
43,2016-02-28,1.13,439280.11,133683.82,213422.76,21516.31,70657.22,70657.22,0,0,"conventional",2016,"Sacramento"
9,2018-01-21,1.15,591211.37,160917.18,362263.89,1136.97,66893.33,60172.16,1674.44,5046.73,"conventional",2018,"Sacramento"
49,2017-01-22,0.98,532733.04,166864.88,321763.18,2248.57,41856.41,41368.62,487.79,0,"conventional",2017,"Sacramento"
13,2015-09-27,1.28,350982.2,84527.09,213297.91,13481.19,39676.01,39676.01,0,0,"conventional",2015,"Sacramento"
42,2017-03-12,1.61,354782.58,113887.8,189365.17,1980.8,49548.81,47380.73,80.43,2087.65,"conventional",2017,"Sacramento"
22,2015-07-26,1.32,395471.89,130034.73,200668.51,13184.96,51583.69,51550.15,33.54,0,"conventional",2015,"Sacramento"
34,2015-05-03,1.05,662034.34,149107.81,458178.77,13261.84,41485.92,41281.75,0,204.17,"conventional",2015,"Sacramento"
2,2017-12-17,1.2,404548.13,122866.5,225425.46,795.93,55460.24,49298.88,868.99,5292.37,"conventional",2017,"Sacramento"
35,2017-04-30,1.62,391714.3,143615.47,197927.08,874.02,49297.73,46808.23,210.89,2278.61,"conventional",2017,"Sacramento"
0,2017-12-31,1.03,578374.5,130774.36,396250.81,922.03,50427.3,46215.9,521.92,3689.48,"conventional",2017,"Sacramento"
42,2015-03-08,1.12,415147.69,152131.35,199610.67,13402.92,50002.75,50002.75,0,0,"conventional",2015,"Sacramento"
44,2016-02-21,1.09,419479.7,124241.28,219980.44,17229.28,58028.7,58022.88,5.82,0,"conventional",2016,"Sacramento"
8,2015-11-01,1.02,532467.38,180210.99,300978.15,12762.49,38515.75,38515.75,0,0,"conventional",2015,"Sacramento"
34,2017-05-07,1.4,560446.85,157076.63,348134.91,1707.32,53527.99,49645.28,567.71,3315,"conventional",2017,"Sacramento"
22,2017-07-30,1.41,503413.12,149729.73,306327.51,2243.53,45112.35,42049.24,1129.77,1933.34,"conventional",2017,"Sacramento"
45,2016-02-14,1.04,447945.8,143312.43,207645.46,17758.15,79229.76,79168.62,17.47,43.67,"conventional",2016,"Sacramento"
20,2017-08-13,1.44,455886.37,142234.49,263667.14,3221.43,46763.31,43675.73,1227.58,1860,"conventional",2017,"Sacramento"
27,2017-06-25,1.5,492249.41,166509.01,261622.93,9937.63,54179.84,52113.51,561.33,1505,"conventional",2017,"Sacramento"
9,2017-10-29,1.45,374807.93,120962.4,209801.43,798.13,43245.97,42643.71,515.55,86.71,"conventional",2017,"Sacramento"
1,2015-12-20,1,385518.03,99604.61,224843.47,15917.28,45152.67,45138.23,8.66,5.78,"conventional",2015,"Sacramento"
10,2015-10-18,1.28,326458.27,94529.6,175181.76,12783.14,43963.77,43963.77,0,0,"conventional",2015,"Sacramento"
9,2015-10-25,2.16,4222.62,1225.4,2724.11,0,273.11,256.67,16.44,0,"organic",2015,"LasVegas"
13,2015-09-27,1.85,5756.8,1243.87,4399.58,0,113.35,103.33,10.02,0,"organic",2015,"LasVegas"
41,2017-03-19,1.27,17048.64,2548.8,4383.36,0,10116.48,7885.12,2231.36,0,"organic",2017,"LasVegas"
45,2017-02-19,1.15,17954.08,1900.85,3776.59,0,12276.64,11577.52,699.12,0,"organic",2017,"LasVegas"
20,2017-08-13,2.05,6042.06,913.51,2538.57,0,2589.98,2520.14,69.84,0,"organic",2017,"LasVegas"
4,2017-12-03,1.56,8048.35,1471.55,1226.52,0,5350.28,5330.41,19.87,0,"organic",2017,"LasVegas"
11,2018-01-07,1.73,10293.36,1701.33,2012.1,0,6579.93,6553.06,26.87,0,"organic",2018,"LasVegas"
30,2015-05-31,1.35,11467.23,5870.7,4092.11,0,1504.42,486.67,1017.75,0,"organic",2015,"LasVegas"
25,2017-07-09,1.82,11229.95,1693.33,4245.64,0,5290.98,4986.88,304.1,0,"organic",2017,"LasVegas"
13,2017-10-01,2.24,5291.89,1055.34,115.35,0,4121.2,4037.32,83.88,0,"organic",2017,"LasVegas"
29,2017-06-11,1.74,11473.1,2058.67,2749.59,0,6664.84,2823.89,3840.95,0,"organic",2017,"LasVegas"
37,2015-04-12,1.56,8894.91,4396.88,3477.96,0,1020.07,450,570.07,0,"organic",2015,"LasVegas"
21,2015-08-02,1.8,9065.72,4950.22,3751.82,0,363.68,296.67,67.01,0,"organic",2015,"LasVegas"
40,2016-03-20,1.35,9463.68,3101.56,4112.47,0,2249.65,2185.92,63.73,0,"organic",2016,"LasVegas"
0,2017-12-31,1.55,9413.05,1479.66,1733.93,0,6199.46,6190.31,9.15,0,"organic",2017,"LasVegas"
3,2016-12-04,2.17,4786.42,937.63,2371.9,0,1476.89,1360.79,116.1,0,"organic",2016,"LasVegas"
48,2017-01-29,1.31,11638.55,1129.81,3211.73,9.28,7287.73,7258.26,29.47,0,"organic",2017,"LasVegas"
5,2015-11-22,2.03,4731.93,2047.55,2644.38,0,40,40,0,0,"organic",2015,"LasVegas"
25,2015-07-05,1.6,10492.77,4751.99,5225.48,0,515.3,235.16,280.14,0,"organic",2015,"LasVegas"
17,2016-08-28,2.02,8132.79,2503.68,2823.44,0,2805.67,411.15,2394.52,0,"organic",2016,"LasVegas"
39,2015-03-29,1.43,9469.98,5071.98,3688.02,0,709.98,687.72,22.26,0,"organic",2015,"LasVegas"
51,2015-01-04,1.5,6329.83,3730.8,2141.91,0,457.12,426.67,30.45,0,"organic",2015,"LasVegas"
12,2016-10-02,3.03,3714.71,296.71,2699.8,0,718.2,718.2,0,0,"organic",2016,"LasVegas"
35,2017-04-30,1.98,7545.18,1049.39,4429.33,2.58,2063.88,437.22,1626.66,0,"organic",2017,"LasVegas"
17,2015-08-30,1.75,8160.56,3905.04,3627.37,0,628.15,67.59,560.56,0,"organic",2015,"LasVegas"
33,2015-05-10,1.34,10511.94,5433.37,3859.31,0,1219.26,433.33,785.93,0,"organic",2015,"LasVegas"
36,2017-04-23,1.67,9911.75,1121.34,5184.26,0,3606.15,888.21,2717.94,0,"organic",2017,"LasVegas"
49,2015-01-18,1.63,6032.31,3449.94,1769.04,0,813.33,813.33,0,0,"organic",2015,"LasVegas"
32,2017-05-21,1.95,8671.15,2887.66,3339.62,0,2443.87,753.66,1690.21,0,"organic",2017,"LasVegas"
29,2016-06-05,1.41,14224.73,5353.51,6571.59,0,2299.63,765.05,1534.58,0,"organic",2016,"LasVegas"
28,2017-06-18,1.76,10353.67,1706.85,3322.38,0,5324.44,1909.65,3414.79,0,"organic",2017,"LasVegas"
31,2016-05-22,1.38,17710.51,4850.71,8099.11,0,4760.69,496.56,4264.13,0,"organic",2016,"LasVegas"
20,2015-08-09,1.82,7773.81,4016.18,3256.86,0,500.77,413.41,87.36,0,"organic",2015,"LasVegas"
8,2017-11-05,1.7,103715.88,2335.02,46898.66,18583.72,35898.48,26098.52,7766.59,2033.37,"conventional",2017,"GrandRapids"
3,2016-12-04,0.92,263904.24,1092.97,189101.7,9125.63,64583.94,61980.87,2547.12,55.95,"conventional",2016,"GrandRapids"
42,2017-03-12,1.73,129820.93,1645.17,64057.69,21287.24,42830.83,26704.25,7110.17,9016.41,"conventional",2017,"GrandRapids"
0,2016-12-25,1.33,149348.88,1345.56,91323.33,3768.64,52911.35,47453.6,5227.71,230.04,"conventional",2016,"GrandRapids"
27,2017-06-25,1.74,142258.18,2010.17,54017.53,29866.67,56363.81,42161.64,4631.35,9570.82,"conventional",2017,"GrandRapids"
28,2016-06-12,1.36,167703.13,3254.28,93760.09,2234,68454.76,62658.2,4765.73,1030.83,"conventional",2016,"GrandRapids"
2,2015-12-13,1.24,117645.69,3809.88,69582.68,3264.07,40989.06,38257.02,2231.37,500.67,"conventional",2015,"GrandRapids"
11,2016-10-09,1.62,116477.56,1531.38,67528.39,3408.67,44009.12,39395.64,4580.81,32.67,"conventional",2016,"GrandRapids"
22,2017-07-30,1.63,127602.86,2162.74,49417.9,30794.05,45228.17,30869.15,5476.93,8882.09,"conventional",2017,"GrandRapids"
29,2015-06-07,1.14,212599.11,6926.42,134230.11,10407.58,61035,55432.55,4067.09,1535.36,"conventional",2015,"GrandRapids"
22,2016-07-24,1.6,149002.57,2349.93,66146.5,26206.73,54299.41,40486.7,3842.5,9970.21,"conventional",2016,"GrandRapids"
26,2017-07-02,1.51,192007.39,2073.97,71125.6,51887.02,66920.8,45887.04,4128.48,16905.28,"conventional",2017,"GrandRapids"
20,2015-08-09,1.08,186733.16,4807.41,120579.39,8389.85,52956.51,49559.83,3294.27,102.41,"conventional",2015,"GrandRapids"
16,2017-09-10,1.86,111733.79,2360.3,46227.08,23127.7,40018.71,29053.6,3726.39,7238.72,"conventional",2017,"GrandRapids"
9,2015-10-25,1.14,134921.44,3899.73,86434.9,9431.21,35155.6,30487.72,3036.22,1631.66,"conventional",2015,"GrandRapids"
2,2016-12-11,1.2,128166.44,1044.89,60598.79,2268.01,64254.75,58703.61,5538.87,12.27,"conventional",2016,"GrandRapids"
46,2017-02-12,1.13,176589.86,1277.43,107963.46,8309.17,59039.8,49076.31,6314.58,3648.91,"conventional",2017,"GrandRapids"
48,2016-01-24,0.94,260598.64,2407.36,195585.66,16377.2,46228.42,38643.51,2467.54,5117.37,"conventional",2016,"GrandRapids"
38,2015-04-05,1.22,157721.54,4487.21,92044.84,5487.61,55701.88,50462.56,5165.79,73.53,"conventional",2015,"GrandRapids"
33,2016-05-08,1.04,272057.12,1949.46,201017.01,5353.11,63737.54,56652.84,6645.68,439.02,"conventional",2016,"GrandRapids"
9,2018-01-21,1.01,349565.06,2991.23,143928.98,137321.51,65323.34,23516.4,1183.72,40623.22,"conventional",2018,"GrandRapids"
15,2015-09-13,0.95,219380.93,4113.5,143018.46,20439.94,51809.03,43865.37,2851.68,5091.98,"conventional",2015,"GrandRapids"
17,2016-08-28,1.45,143049.62,2477.85,68530.49,10744.95,61296.33,54347.32,4939.34,2009.67,"conventional",2016,"GrandRapids"
6,2018-02-11,1.4,167604.6,3619.4,80530.3,42489.31,40965.59,25201.76,2735.5,13028.33,"conventional",2018,"GrandRapids"
48,2017-01-29,1.29,168252.2,1391.78,100681.06,5482.22,60697.14,53182.31,6877.73,637.1,"conventional",2017,"GrandRapids"
41,2016-03-13,1.15,149119.51,2180.17,91194.54,2607.73,53137.07,43482.47,9621.76,32.84,"conventional",2016,"GrandRapids"
20,2016-08-07,1.59,145207.86,2219.98,72545.05,19401.04,51041.79,42209.88,3446.15,5385.76,"conventional",2016,"GrandRapids"
49,2015-01-18,1.07,150201.39,970.13,78433.37,6411.99,64385.9,60381.95,3727.81,276.14,"conventional",2015,"GrandRapids"
18,2017-08-27,1.74,112023.41,1978.65,45102.68,25971.21,38970.87,26953.3,3478.91,8538.66,"conventional",2017,"GrandRapids"
39,2015-03-29,1.11,149631.24,1977.68,63600.68,3003.97,81048.91,75725.67,5299.2,24.04,"conventional",2015,"GrandRapids"
46,2016-02-07,0.94,290555.59,3935.71,205006.57,43866.57,37746.74,23628.97,2405.92,11711.85,"conventional",2016,"GrandRapids"
18,2016-08-21,1.63,132894.77,2041.86,66472.24,18506.96,45873.71,39617.39,1742.09,4514.23,"conventional",2016,"GrandRapids"
0,2018-03-25,1.47,207028.28,2946.6,85213.8,63349.05,55518.83,29054.93,7662.55,18801.35,"conventional",2018,"GrandRapids"
