Lab Assignments/Lab-tidyr-Avocados/avocado.csv
"X1","Date","AveragePrice","Total Volume","4046","4225","4770","Total Bags","Small Bags","Large Bags","XLarge Bags","type","year","region"
26,2016-06-26,1.18,860170.92,80280.37,499474.39,159812.33,120603.83,115880.76,457.23,4265.84,"conventional",2016,"Chicago"
4,2017-12-03,1.56,654739,99971,378155,92092,84522,48070,36440,12,"conventional",2017,"Chicago"
23,2017-07-23,1.59,752799.06,79551.49,459858.58,127440.73,85948.26,73112.31,7949.29,4886.66,"conventional",2017,"Chicago"
45,2016-02-14,1,803120.71,45558.04,501188.76,131202.78,125171.13,106296.76,18322.72,551.65,"conventional",2016,"Chicago"
49,2015-01-18,1.14,797741.43,24917.77,533717.99,140239.95,98865.72,95516.44,3311.71,37.57,"conventional",2015,"Chicago"
0,2018-03-25,1.36,908202.13,142681.06,463136.28,174975.75,127409.04,103579.41,22467.04,1362.59,"conventional",2018,"Chicago"
15,2017-09-17,2.15,553215.27,59561.15,315414.15,100807.96,77432.01,69984.74,7392.83,54.44,"conventional",2017,"Chicago"
18,2017-08-27,1.93,624618.47,87298.17,336708.41,115570.89,85041,74670.87,8186.79,2183.34,"conventional",2017,"Chicago"
39,2017-04-02,1.65,676300.83,64888.08,452598.7,97671.17,61142.88,56000.95,934.56,4207.37,"conventional",2017,"Chicago"
10,2015-10-18,1.15,690302.58,25883.13,482992.35,118311.09,63116.01,62076.66,285.56,753.79,"conventional",2015,"Chicago"
21,2016-07-31,1.68,614939.39,38275.52,373205.75,97843.18,105614.94,104111.58,317.97,1185.39,"conventional",2016,"Chicago"
2,2018-03-11,1.54,830421.03,95041.64,454041.33,142564.1,138773.96,100438.58,37184.96,1150.42,"conventional",2018,"Chicago"
7,2017-11-12,1.78,541010,90581,276787,91330,82312,79021,3280,12,"conventional",2017,"Chicago"
24,2017-07-16,1.54,801887.84,91095.18,486178.44,129762.05,94852.17,84928.16,5909.57,4014.44,"conventional",2017,"Chicago"
18,2016-08-21,1.63,628099.41,62002.43,372918.48,87449.64,105728.86,102613.78,1582.1,1532.98,"conventional",2016,"Chicago"
27,2016-06-19,1.2,882074.39,64899.84,550499.79,163027.81,103646.95,99766,1867.44,2013.51,"conventional",2016,"Chicago"
36,2015-04-19,1.24,832529.06,52850.1,594214.84,93303.25,92160.87,89276.61,2780.32,103.94,"conventional",2015,"Chicago"
23,2015-07-19,1.24,797060.27,20534.84,560871.56,116910.43,98743.44,92362.71,3531.27,2849.46,"conventional",2015,"Chicago"
3,2015-12-06,1.14,664020.49,53173.18,455048.11,92888.37,62910.83,62473.12,420.95,16.76,"conventional",2015,"Chicago"
16,2017-09-10,2.02,590590.1,65245.47,318095.5,114858.97,92390.16,82436.76,7822.29,2131.11,"conventional",2017,"Chicago"
4,2016-11-27,1.1,581638.75,151462.15,291205.61,81651.23,57319.76,56501.53,797.78,20.45,"conventional",2016,"Chicago"
2,2016-12-11,1.09,734954.21,84616.3,449932.23,103932.55,96473.13,87751.52,1102.23,7619.38,"conventional",2016,"Chicago"
34,2016-05-01,1,890281.5,39249.49,587919.1,155289.67,107823.24,101940.66,4166.66,1715.92,"conventional",2016,"Chicago"
4,2015-11-29,1.11,602481.22,42851.47,422479.32,74988.97,62161.46,61862.57,298.89,0,"conventional",2015,"Chicago"
0,2016-12-25,1.22,616653.72,67145.99,352087.3,110167.01,87253.42,81570.81,955.34,4727.27,"conventional",2016,"Chicago"
10,2016-10-16,1.8,523682.5,52200.02,324240.53,75841.97,71399.98,61522.13,1047.85,8830,"conventional",2016,"Chicago"
41,2017-03-19,1.64,678898.01,61927.68,448962.74,103000.56,65007.03,61719.23,814.44,2473.36,"conventional",2017,"Chicago"
49,2017-01-22,1.21,845065.66,120093.41,497235.79,136328.96,91407.5,83227.7,1680.17,6499.63,"conventional",2017,"Chicago"
14,2017-09-24,2.07,551895.8,79162.45,322016.51,61656.4,89060.44,79455.71,9519.58,85.15,"conventional",2017,"Chicago"
6,2015-11-15,1.17,641881.96,31286.11,441753.6,93857.48,74984.77,74723.66,261.11,0,"conventional",2015,"Chicago"
9,2016-10-23,1.84,431274.2,46708.92,251074.82,68234.94,65255.52,55554.23,790,8911.29,"conventional",2016,"Chicago"
43,2016-02-28,1.15,780951.86,32414.21,522790.14,133067.18,92680.33,90777.56,1902.77,0,"conventional",2016,"Chicago"
5,2015-11-22,0.94,751897.89,34868.5,553545.31,89732.33,73751.75,73457.31,294.44,0,"conventional",2015,"Chicago"
49,2016-01-17,1.11,778412.5,35099.73,500623.85,139309.53,103379.39,87560.47,15802.25,16.67,"conventional",2016,"Chicago"
28,2016-06-12,1.3,770843.17,50498.4,478335.91,140924.68,101084.18,98096.94,2213.29,773.95,"conventional",2016,"Chicago"
38,2016-04-03,1.15,712210.03,36211.71,457314.18,139240.25,79443.89,75467.12,3947.19,29.58,"conventional",2016,"Chicago"
1,2015-12-20,1.83,6900.94,719.56,2853.84,522,2805.54,1195.09,1610.45,0,"organic",2015,"Philadelphia"
8,2015-11-01,2.06,2371.09,503.42,1619.84,10.89,236.94,89.98,146.96,0,"organic",2015,"Philadelphia"
28,2016-06-12,1.85,9058.23,938.76,4044.17,0,4075.3,3296.9,778.4,0,"organic",2016,"Philadelphia"
8,2018-01-28,1.61,28257.18,3878.22,3721.44,7.64,20649.88,20602.87,47.01,0,"organic",2018,"Philadelphia"
43,2016-02-28,1.62,13804.29,1136.49,4947.8,3.7,7716.3,2276.27,5440.03,0,"organic",2016,"Philadelphia"
29,2016-06-05,1.91,9901.74,401.54,3388.66,12.55,6098.99,5183.48,915.51,0,"organic",2016,"Philadelphia"
45,2015-02-15,1.68,5687.19,280.4,1672.25,19.9,3714.64,3714.64,0,0,"organic",2015,"Philadelphia"
6,2016-11-13,2.45,6285.53,930.03,3349.54,3.21,2002.75,1991.38,11.37,0,"organic",2016,"Philadelphia"
36,2015-04-19,1.89,4548.77,386.51,1671.71,12.7,2477.85,2477.85,0,0,"organic",2015,"Philadelphia"
28,2017-06-18,1.89,29588.66,8254.77,14019.73,11.83,7302.33,7014.14,288.19,0,"organic",2017,"Philadelphia"
35,2016-04-24,1.9,14651.93,1686.52,3105.84,13.98,9845.59,9178.66,666.93,0,"organic",2016,"Philadelphia"
47,2016-01-31,1.53,11396.43,438.65,1843.31,18.4,9096.07,230.01,8866.06,0,"organic",2016,"Philadelphia"
13,2015-09-27,2.21,3002.5,327,1854.95,26.04,794.51,794.51,0,0,"organic",2015,"Philadelphia"
31,2017-05-28,2.22,15955.26,2251.74,6632.02,7.74,7063.76,7043.24,20.52,0,"organic",2017,"Philadelphia"
0,2018-03-25,1.49,37893.5,3464.04,5737.9,9.42,28682.14,28637.44,44.7,0,"organic",2018,"Philadelphia"
11,2017-10-15,1.69,31850.15,2588.95,3517.12,10.51,25733.57,25669.23,64.34,0,"organic",2017,"Philadelphia"
37,2015-04-12,1.73,5957.21,677.37,1892.8,7.88,3379.16,3379.16,0,0,"organic",2015,"Philadelphia"
38,2015-04-05,1.81,4382.72,390.07,1248.73,26.69,2717.23,2717.23,0,0,"organic",2015,"Philadelphia"
30,2017-06-04,2.01,21652.97,5098.14,8574.42,6.96,7973.45,7734.66,238.79,0,"organic",2017,"Philadelphia"
18,2015-08-23,1.99,4617.21,490.29,1959.09,15.9,2151.93,2140.52,11.41,0,"organic",2015,"Philadelphia"
8,2017-11-05,1.7,27824.19,1836.45,3409.48,0,22578.26,22517.97,60.29,0,"organic",2017,"Philadelphia"
2,2017-12-17,1.59,22003.42,2266.91,3684.26,3.49,16048.76,16034.48,14.28,0,"organic",2017,"Philadelphia"
20,2015-08-09,1.79,5446.24,628.74,2300.97,20.66,2495.87,2495.87,0,0,"organic",2015,"Philadelphia"
4,2017-12-03,1.63,25940.77,3952.63,6132.01,11.61,15844.52,15814.32,30.2,0,"organic",2017,"Philadelphia"
51,2015-01-04,1.72,3788.6,384.3,1597.97,11.42,1794.91,1794.91,0,0,"organic",2015,"Philadelphia"
38,2017-04-09,2.23,15498.84,2748.22,6194.36,3.38,6552.88,6505.53,47.35,0,"organic",2017,"Philadelphia"
32,2015-05-17,1.85,5578.04,293.24,1605.75,11.3,3667.75,3667.75,0,0,"organic",2015,"Philadelphia"
24,2016-07-10,2.15,10301.6,1248.06,4556.18,24.96,4472.4,4062.63,409.77,0,"organic",2016,"Philadelphia"
6,2015-11-15,1.76,2966.77,619.54,1814.9,16.03,516.3,333.53,182.77,0,"organic",2015,"Philadelphia"
11,2018-01-07,1.69,27971.66,1954.92,3857.27,0,22159.47,22155.03,4.44,0,"organic",2018,"Philadelphia"
33,2017-05-14,2.29,17466.93,2785.9,6672.5,19.57,7988.96,7988.96,0,0,"organic",2017,"Philadelphia"
51,2015-01-04,1,162162.75,113865.83,11083.58,11699.03,25514.31,19681.13,5611.51,221.67,"conventional",2015,"Nashville"
36,2017-04-23,1.1,226088.3,109053.98,8877.76,75.09,108081.47,97879.1,8397.37,1805,"conventional",2017,"Nashville"
22,2016-07-24,1.07,191727.48,87692.81,31317.01,255.64,72462.02,59470.62,12991.4,0,"conventional",2016,"Nashville"
44,2015-02-22,1.05,148164.2,101095.06,10053.42,13693.83,23321.89,20671.7,2645.2,4.99,"conventional",2015,"Nashville"
8,2017-11-05,1.02,229240.49,144908.02,8243.13,354.53,75734.81,63826.67,11123.57,784.57,"conventional",2017,"Nashville"
34,2016-05-01,0.81,237679.37,117137.23,37442.51,1425.99,81673.64,49536.04,32137.6,0,"conventional",2016,"Nashville"
0,2015-12-27,0.96,123669.89,79508.7,8706.29,4748.08,30706.82,23563.06,7140.43,3.33,"conventional",2015,"Nashville"
23,2015-07-19,0.98,186258.97,113404.36,19371.52,9567.97,43915.12,34877.55,8680.3,357.27,"conventional",2015,"Nashville"
24,2015-07-12,1.09,152991.78,90781.1,17434.57,9746.41,35029.7,29736.49,5171.88,121.33,"conventional",2015,"Nashville"
49,2017-01-22,0.87,251189.52,112820.57,30481.58,81.46,107805.91,82914.32,24413.26,478.33,"conventional",2017,"Nashville"
50,2017-01-15,0.89,251914.74,109163.63,20522.38,121.39,122107.34,106434.47,15372.87,300,"conventional",2017,"Nashville"
47,2015-02-01,0.94,221471.45,160834.57,13445.84,17578.18,29612.86,23898.35,5714.51,0,"conventional",2015,"Nashville"
31,2017-05-28,0.97,282671.14,149461.62,7592.89,149.22,125467.41,85799.73,37474.7,2192.98,"conventional",2017,"Nashville"
41,2015-03-15,1.08,131053.65,86390.93,6821.52,11458.43,26382.77,21886.31,3381.7,1114.76,"conventional",2015,"Nashville"
17,2016-08-28,1.09,172757.72,104278.59,12600.77,347.34,55531.02,52255.66,3275.36,0,"conventional",2016,"Nashville"
18,2017-08-27,1.28,184465.49,82465.35,40038.54,106.04,61855.56,48844.82,10803.43,2207.31,"conventional",2017,"Nashville"
36,2016-04-17,0.9,178369.19,96001.31,23421.52,1199.07,57747.29,40772.11,16972.66,2.52,"conventional",2016,"Nashville"
7,2017-11-12,1.07,202631,121879,7035,281,73436,63381,9118,936,"conventional",2017,"Nashville"
45,2016-02-14,0.88,203205.09,103368.34,42830.57,8627.2,48378.98,32189.53,16189.45,0,"conventional",2016,"Nashville"
21,2017-08-06,1.13,243526.27,106178.67,36727.83,49.22,100570.55,86175.13,12836.41,1559.01,"conventional",2017,"Nashville"
44,2016-02-21,0.94,182025.3,101831.21,25448.04,9518.87,45227.18,33528.15,11699.03,0,"conventional",2016,"Nashville"
4,2017-12-03,1.01,229337,123038,8062,175,98063,78202,18913,949,"conventional",2017,"Nashville"
13,2015-09-27,1.04,160547.52,93381.62,25445,6807.92,34912.98,25432.19,9435.58,45.21,"conventional",2015,"Nashville"
43,2017-03-05,0.6,379324.44,174849.76,10907.3,185.57,193381.81,186396.09,6875.72,110,"conventional",2017,"Nashville"
37,2015-04-12,1,158490.37,111682.33,9658.98,12737.74,24411.32,14353.71,10057.61,0,"conventional",2015,"Nashville"
17,2015-08-30,1.09,142153.55,82766.98,21072.35,7912.88,30401.34,24581.81,5819.53,0,"conventional",2015,"Nashville"
39,2016-03-27,0.93,171568.47,98386.62,20112.88,6373.68,46695.29,33537.98,13157.31,0,"conventional",2016,"Nashville"
0,2016-12-25,0.93,166486.05,63236.61,18070.01,66.44,85112.99,67429.01,16683.98,1000,"conventional",2016,"Nashville"
1,2015-12-20,0.99,127373.56,87309.07,7415.81,4356.81,28291.87,23562.1,4722.17,7.6,"conventional",2015,"Nashville"
48,2016-01-24,0.87,167159.24,78105.34,33125,6297.48,49631.42,25723.5,23907.92,0,"conventional",2016,"Nashville"
15,2016-09-11,0.75,250165.13,144886.48,12777.22,342.05,92159.38,70618.95,21540.43,0,"conventional",2016,"Nashville"
34,2017-05-07,0.84,368796.8,169743.69,12217.82,189.96,186645.33,163451.19,21424.14,1770,"conventional",2017,"Nashville"
8,2015-11-01,0.94,159318.32,97774.21,20102.72,5054.46,36386.93,24437.2,11949.73,0,"conventional",2015,"Nashville"
39,2017-04-02,0.95,281438.76,122671.42,10966.77,86.7,147713.87,139193.03,7520.84,1000,"conventional",2017,"Nashville"
5,2018-02-18,1.31,4112725.9,371846.83,2539306.99,6573.57,1194998.51,976712.55,207823.43,10462.53,"conventional",2018,"Northeast"
28,2015-06-14,1.2,4561749.66,112693.47,2985953.81,56827.08,1406275.3,1285655.99,118366.89,2252.42,"conventional",2015,"Northeast"
24,2017-07-16,1.5,4180237.98,266663.37,2858828.89,30721.99,1024023.73,850086.41,138210.65,35726.67,"conventional",2017,"Northeast"
41,2017-03-19,1.59,3768359.35,176542.27,2451289.31,30573.3,1109954.47,910785.79,192548.68,6620,"conventional",2017,"Northeast"
16,2015-09-06,1.18,4088061.71,99311.62,3227507.37,6693.26,754549.46,688674.24,65777.16,98.06,"conventional",2015,"Northeast"
30,2016-05-29,1.14,5141314.86,141464.88,3554079.38,213854.78,1231915.82,1104419.55,117666.65,9829.62,"conventional",2016,"Northeast"
19,2016-08-14,1.37,4195423.29,316873.28,2323362.26,40749.92,1514437.83,1435534.01,63918.41,14985.41,"conventional",2016,"Northeast"
7,2017-11-12,1.35,3925104,234190,2638119,13068,1039727,869351,170377,0,"conventional",2017,"Northeast"
29,2015-06-07,1.27,4721927.3,109587.85,3416600.27,7058.9,1188680.28,1099881.5,87700.94,1097.84,"conventional",2015,"Northeast"
10,2018-01-14,1.49,4073408.38,282970.7,2558511.27,8555.47,1223370.94,955649.36,267714.63,6.95,"conventional",2018,"Northeast"
6,2017-11-19,1.37,3680754,192312,2061116,7247,1420079,967838,452228,14,"conventional",2017,"Northeast"
19,2015-08-16,1.17,4221435.38,97139.95,3382543.31,8138.99,733613.13,677997.05,55602.12,13.96,"conventional",2015,"Northeast"
21,2016-07-31,1.6,3813808.25,224803.7,2213892.51,57230.15,1317881.89,1265795.04,33486.76,18600.09,"conventional",2016,"Northeast"
15,2016-09-11,1.28,4456957.62,703699.41,2632018.36,25571.12,1095668.73,1028147.48,67007.79,513.46,"conventional",2016,"Northeast"
47,2016-01-31,1.06,4650798.49,102906.84,3443651.01,59279.93,1044960.71,981185.6,63773.37,1.74,"conventional",2016,"Northeast"
4,2017-12-03,1.32,4030251,219287,2671616,6523,1132825,995470,137354,2,"conventional",2017,"Northeast"
11,2016-10-09,1.54,3350949.74,154892.72,2258828.33,12844.95,924383.74,866463.4,57527.85,392.49,"conventional",2016,"Northeast"
12,2015-10-04,1.21,3585183.3,99666.72,2679760.58,5434.32,800321.68,716567.95,83753.73,0,"conventional",2015,"Northeast"
14,2016-09-18,1.45,3442454.03,409569.22,1938470.57,17881,1076533.24,1009926.82,66387.53,218.89,"conventional",2016,"Northeast"
41,2015-03-15,1.34,3135991.73,111777.91,2082038.09,5531.34,936644.39,843930.39,92714,0,"conventional",2015,"Northeast"
26,2015-06-28,1.3,4100932.47,105387.01,2670469.78,72708.66,1252367.02,1129604.18,121974.02,788.82,"conventional",2015,"Northeast"
19,2017-08-20,1.68,3417507.87,233399.64,2072428.62,7950.27,1103729.34,912290.33,160575.78,30863.23,"conventional",2017,"Northeast"
21,2017-08-06,1.52,4132666.26,227866.95,2801740,14589.95,1088469.36,891867.29,165243.16,31358.91,"conventional",2017,"Northeast"
18,2017-08-27,1.7,3374546.02,246450.56,2076611.47,7302.53,1044181.46,892785.83,130586.74,20808.89,"conventional",2017,"Northeast"
47,2015-02-01,1.23,4298883.17,133613,3149375.34,9191.41,1006703.42,896750.09,109953.33,0,"conventional",2015,"Northeast"
49,2017-01-22,1.39,5007356.22,206778.67,3425747.61,319052.61,1055777.33,978886.09,68710.32,8180.92,"conventional",2017,"Northeast"
7,2018-02-04,1.22,7508650.27,480603.9,5402444.45,14403.38,1611198.54,1275859.94,329682.23,5656.37,"conventional",2018,"Northeast"
9,2016-10-23,1.67,2916578.9,137388.92,1930226.81,16940.59,832022.58,817362.4,12135.18,2525,"conventional",2016,"Northeast"
30,2017-06-04,1.74,4096560.83,241585.33,2718513.23,12943.73,1123518.54,923263.95,179473.2,20781.39,"conventional",2017,"Northeast"
20,2017-08-13,1.49,4323440.02,235128.9,2842288.75,13705.7,1232316.67,1008008.74,194459.03,29848.9,"conventional",2017,"Northeast"
6,2018-02-11,1.24,5694136.21,565852.47,3782154.05,14275.87,1331853.82,1134698.11,186733.68,10422.03,"conventional",2018,"Northeast"
2,2018-03-11,1.27,5214137.33,412621.66,3066433.39,6214.63,1728867.65,1436116.22,279239.21,13512.22,"conventional",2018,"Northeast"
39,2015-03-29,1.26,3497026.98,96169.31,2543290.15,5707.16,851860.36,769079.25,82778.21,2.9,"conventional",2015,"Northeast"
