Lab Assignments/Lab-tidyr-Avocados/avocado.csv
"X1","Date","AveragePrice","Total Volume","4046","4225","4770","Total Bags","Small Bags","Large Bags","XLarge Bags","type","year","region"
40,2017-03-26,1.09,93209.14,20638.9,24121.86,21.01,48427.37,48412.48,9.53,5.36,"conventional",2017,"Spokane"
49,2016-01-17,0.98,100754.26,20833.16,23919.53,3527.08,52474.49,52341.94,132.55,0,"conventional",2016,"Spokane"
23,2015-07-19,1.16,77305.34,39750.66,23169.36,2910.03,11475.29,11475.29,0,0,"conventional",2015,"Spokane"
29,2017-06-11,1.16,94583.08,16949.7,27300.24,62.41,50270.73,50207.99,13.63,49.11,"conventional",2017,"Spokane"
9,2017-10-29,1.41,70870.34,20428.73,21686.72,276.93,28477.96,23106.36,5310.69,60.91,"conventional",2017,"Spokane"
22,2017-07-30,1.56,75067.88,18393.36,29605.74,88.93,26979.85,16550.54,10298.79,130.52,"conventional",2017,"Spokane"
30,2017-06-04,1.16,97756.24,18046.3,29061.02,52.82,50596.1,50585.78,0,10.32,"conventional",2017,"Spokane"
39,2017-04-02,1.12,95055.86,20769.46,26687.61,12.45,47586.34,47511.05,43.02,32.27,"conventional",2017,"Spokane"
3,2017-12-10,1.2,74626.15,20460.76,20182.48,397.01,33585.9,26559.33,6994.31,32.26,"conventional",2017,"Spokane"
10,2018-01-14,1.2,102537.95,25067.66,30621.77,483.2,46365.32,22425.95,23850.96,88.41,"conventional",2018,"Spokane"
4,2017-12-03,1.16,80464,23473,17884,378,38729,33362,5310,57,"conventional",2017,"Spokane"
5,2018-02-18,1.28,79223.81,21659.59,22242.85,495.67,34825.7,24328.12,10453.84,43.74,"conventional",2018,"Spokane"
37,2017-04-16,1.09,101877.38,22310.41,24057.81,131.98,55377.18,55362.83,6.28,8.07,"conventional",2017,"Spokane"
6,2018-02-11,1.16,95011.27,25569.06,24035.03,453.07,44954.11,21460.59,23406.38,87.14,"conventional",2018,"Spokane"
7,2016-11-06,1.48,61365.68,11311.99,21354.23,20.15,28679.31,28639.4,4.5,35.41,"conventional",2016,"Spokane"
50,2017-01-15,0.93,107376.76,15011.06,31840.57,438.94,60086.19,58001.9,2063.92,20.37,"conventional",2017,"Spokane"
32,2016-05-15,0.85,111993.65,24776.24,22868.96,3401,60947.45,60819.71,32.08,95.66,"conventional",2016,"Spokane"
45,2016-02-14,0.95,81626.44,22683.59,21398.24,2422.28,35122.33,35052.5,53.1,16.73,"conventional",2016,"Spokane"
27,2016-06-19,0.96,91554.79,27584.63,19850.1,2998.29,41121.77,41041.12,56.29,24.36,"conventional",2016,"Spokane"
0,2015-12-27,1.05,67099.38,20577.16,21592.44,2889.97,22039.81,21900.09,0,139.72,"conventional",2015,"Spokane"
46,2015-02-08,1.03,74139.25,28901.01,36736.53,3175.96,5325.75,5135.22,190.53,0,"conventional",2015,"Spokane"
28,2016-06-12,0.99,93820.2,31353.21,17047.78,3152.34,42266.87,37812.07,4447.33,7.47,"conventional",2016,"Spokane"
0,2016-12-25,1.15,69054.97,13134.96,22888.68,43.42,32987.91,32946.57,13.33,28.01,"conventional",2016,"Spokane"
4,2016-11-27,1.49,49762.2,8071.55,17786.23,33.27,23871.15,23852.61,13.46,5.08,"conventional",2016,"Spokane"
16,2015-09-06,1.08,67101.52,32235.74,18153.73,3891.68,12820.37,12820.37,0,0,"conventional",2015,"Spokane"
27,2015-06-21,1.12,84739.31,33513.17,33789.94,4665.82,12770.38,12770.38,0,0,"conventional",2015,"Spokane"
1,2017-12-24,1.32,66895.5,17243.77,20939.98,534.99,28176.76,20309.07,7796.19,71.5,"conventional",2017,"Spokane"
11,2016-10-09,1.19,76241.91,13780.11,19165.66,70.54,43225.6,33043.2,10182.4,0,"conventional",2016,"Spokane"
22,2016-07-24,1.08,82617.47,24997.25,15528.98,210.5,41880.74,41880.74,0,0,"conventional",2016,"Spokane"
36,2015-04-19,1.15,504619.83,4013.71,384880.49,162.91,115562.72,114562.17,1000.55,0,"conventional",2015,"Boston"
0,2018-03-25,1.39,641462.43,26019.52,479186.12,1883.17,134373.62,109938.39,22955.23,1480,"conventional",2018,"Boston"
12,2016-10-02,1.59,459163.77,20871.74,340342.71,5003.77,92945.55,92945.55,0,0,"conventional",2016,"Boston"
31,2015-05-24,1.14,633521.98,4601.66,490485.76,276.82,138157.74,137769.31,388.43,0,"conventional",2015,"Boston"
15,2017-09-17,1.58,462796.84,11826.63,323528.38,1322.39,126119.44,89622.85,36416.59,80,"conventional",2017,"Boston"
42,2015-03-08,1.17,408403.96,3425.53,290512.65,78.96,114386.82,113811.26,575.56,0,"conventional",2015,"Boston"
45,2016-02-14,0.98,751656.56,7591.61,560259.15,58165.42,125640.38,123660.33,1980.05,0,"conventional",2016,"Boston"
49,2017-01-22,1.26,663735.14,4741.15,526892.92,11138.94,120962.13,118685.31,2276.82,0,"conventional",2017,"Boston"
7,2017-11-12,1.23,639092,15689,533027,5720,84655,74568,10086,0,"conventional",2017,"Boston"
15,2016-09-11,1.27,672672.86,85204.27,470860.24,9617.73,106990.62,106090.54,900.08,0,"conventional",2016,"Boston"
1,2018-03-18,1.38,602177.43,24831.59,443903.93,1853.86,131588.05,101891.24,28125.7,1571.11,"conventional",2018,"Boston"
11,2015-10-11,1.14,485706.68,5145.86,378295.9,355.03,101909.89,97513.23,4396.66,0,"conventional",2015,"Boston"
16,2017-09-10,1.63,524513.26,10795.32,394645.36,1483.54,117589.04,97862.02,18127.02,1600,"conventional",2017,"Boston"
32,2017-05-21,1.69,572421.46,5555.84,441357.29,3222.88,122285.45,117070.57,5154.88,60,"conventional",2017,"Boston"
7,2016-11-06,1.62,366175.49,4016.72,284809.54,3370.17,73979.06,73804.06,0,175,"conventional",2016,"Boston"
27,2017-06-25,1.68,545889.03,5987.76,434222.79,3399.3,102279.18,94362.33,5241.02,2675.83,"conventional",2017,"Boston"
18,2017-08-27,1.79,455915.26,7262.03,319717.74,1534.57,127400.92,89674.49,36986.43,740,"conventional",2017,"Boston"
8,2018-01-28,1.22,800274.4,14384.54,680080.04,2656.9,103152.92,77511.92,25561,80,"conventional",2018,"Boston"
2,2015-12-13,1.01,549945.76,4641.02,455362.38,219.4,89722.96,89523.38,199.58,0,"conventional",2015,"Boston"
20,2015-08-09,1.07,690517.19,4173.23,590998.11,827.06,94518.79,94287.69,231.1,0,"conventional",2015,"Boston"
5,2018-02-18,1.51,515022.94,16054.89,378699.13,2422.76,117846.16,99085.39,17672.99,1087.78,"conventional",2018,"Boston"
32,2016-05-15,1.06,709563.16,5790.13,517840.35,63055.48,122877.2,122533.87,198.89,144.44,"conventional",2016,"Boston"
29,2017-06-11,1.72,583709.06,5556.48,457512.97,3039.46,117600.15,109052.09,5650.84,2897.22,"conventional",2017,"Boston"
13,2015-09-27,1.07,553307.04,5210.84,463079.81,289.49,84726.9,82123.56,2603.34,0,"conventional",2015,"Boston"
19,2017-08-20,1.77,474982.44,6723.39,328845.89,1675.13,137738.03,90348.04,44267.77,3122.22,"conventional",2017,"Boston"
18,2015-08-23,1.07,589471.32,4744.11,488292.1,608.61,95826.5,95585.38,241.12,0,"conventional",2015,"Boston"
51,2015-01-04,1.02,491738,7193.87,396752.18,128.82,87663.13,87406.84,256.29,0,"conventional",2015,"Boston"
40,2017-03-26,1.51,550948.58,6860.31,412840.77,3403.92,127843.58,115695.54,11461.93,686.11,"conventional",2017,"Boston"
4,2018-02-25,1.41,527274.99,19622.47,376506.86,1796.38,129349.28,112254.26,15890.58,1204.44,"conventional",2018,"Boston"
9,2015-10-25,1.94,15727.43,2675.93,8966.26,411.18,3674.06,187,3487.06,0,"organic",2015,"NewYork"
16,2017-09-10,2.07,90178.82,5734.05,28471.55,57.34,55915.88,55915.88,0,0,"organic",2017,"NewYork"
43,2016-02-28,1.96,32608.62,4923.95,13005.25,1706.3,12973.12,9947.04,3026.08,0,"organic",2016,"NewYork"
14,2015-09-20,2.01,17916.34,3810.93,12299.01,1110.43,695.97,695.97,0,0,"organic",2015,"NewYork"
23,2015-07-19,2.2,13745.4,2236.68,9080.28,68.2,2360.24,2360.24,0,0,"organic",2015,"NewYork"
6,2016-11-13,2.65,28406,3701.02,19604.7,96.86,5003.42,4922.27,81.15,0,"organic",2016,"NewYork"
0,2017-12-31,1.83,69777.3,6476.19,16996.47,134.7,46169.94,46167.94,2,0,"organic",2017,"NewYork"
49,2017-01-22,2.05,49056.11,6679.14,21232.95,1039.74,20104.28,19821.48,282.8,0,"organic",2017,"NewYork"
27,2015-06-21,2.34,15733.14,3466.62,9967.4,1167.6,1131.52,1124.85,6.67,0,"organic",2015,"NewYork"
20,2016-08-07,2.37,27155.2,4520.35,16430.44,1881.12,4323.29,4249.64,73.65,0,"organic",2016,"NewYork"
12,2015-10-04,2.25,15454.59,1978.71,11877.16,47.48,1551.24,428.68,1122.56,0,"organic",2015,"NewYork"
7,2015-11-08,1.82,13935.65,3607.09,9164.65,90.48,1073.43,242.37,831.06,0,"organic",2015,"NewYork"
41,2015-03-15,1.81,16570.75,1525.25,9190.36,0,5855.14,5855.14,0,0,"organic",2015,"NewYork"
42,2015-03-08,1.9,19904.38,2620.8,8510.42,34.3,8738.86,8738.86,0,0,"organic",2015,"NewYork"
18,2015-08-23,2.28,15343.33,2738.56,9860.03,921.71,1823.03,1734.46,88.57,0,"organic",2015,"NewYork"
21,2015-08-02,2.12,13852.18,1929.99,8910.09,213.73,2798.37,2798.37,0,0,"organic",2015,"NewYork"
45,2015-02-15,1.91,25037.76,2255.75,15250.35,49.9,7481.76,7481.76,0,0,"organic",2015,"NewYork"
22,2017-07-30,1.88,71035.9,3407.72,17677.84,285.56,49664.78,49656.41,8.37,0,"organic",2017,"NewYork"
44,2016-02-21,1.9,26230.35,5043.6,10101.04,1489.17,9596.54,5209.49,4387.05,0,"organic",2016,"NewYork"
0,2018-03-25,1.86,118503.55,12695.3,35094.5,205.59,70508.16,70377.52,130.64,0,"organic",2018,"NewYork"
20,2015-08-09,1.98,17137.24,4053.69,10634.97,760.12,1688.46,1688.46,0,0,"organic",2015,"NewYork"
32,2016-05-15,2.02,34788.28,4328.47,15961.11,2631.05,11867.65,11026.93,840.72,0,"organic",2016,"NewYork"
0,2016-12-25,2.17,37438.54,5592.11,15901.97,772.3,15172.16,14698.51,473.65,0,"organic",2016,"NewYork"
30,2017-06-04,2.06,112812.77,17822.91,52648.14,1178.91,41162.81,39892.76,1270.05,0,"organic",2017,"NewYork"
33,2016-05-08,2,39638.67,3876.06,11969.29,2361.39,21431.93,20040.27,1391.66,0,"organic",2016,"NewYork"
36,2016-04-17,1.98,40280.96,4725.66,18018.14,2509.18,15027.98,13176.01,1851.97,0,"organic",2016,"NewYork"
28,2017-06-18,1.91,166308.13,32342.06,94247.03,277.54,39441.5,38126.3,1315.2,0,"organic",2017,"NewYork"
27,2016-06-19,2.26,37403.19,3233.43,14646.75,174.74,19348.27,18633.3,714.97,0,"organic",2016,"NewYork"
31,2016-05-22,2.01,44794.06,5435.81,21065.01,2695.05,15598.19,15280.12,318.07,0,"organic",2016,"NewYork"
3,2015-12-06,1.65,18494.23,4117.08,7226.46,1106.58,6044.11,200.3,5843.81,0,"organic",2015,"NewYork"
48,2017-01-29,2.08,46602.16,6492.22,19169.83,74.51,20865.6,20510.68,354.92,0,"organic",2017,"NewYork"
8,2016-10-30,2.25,25450.53,5223.58,18866.35,57.57,1303.03,777.54,525.49,0,"organic",2016,"NewYork"
8,2015-11-01,2.09,12422.6,3272.39,8029.19,707.98,413.04,320.72,92.32,0,"organic",2015,"NewYork"
23,2017-07-23,1.85,87888.29,5573.31,20491.42,1314.87,60508.69,60473.16,35.53,0,"organic",2017,"NewYork"
50,2017-01-15,2.09,42233.25,6002.05,18195.1,117.02,17919.08,17791.92,127.16,0,"organic",2017,"NewYork"
47,2017-02-05,2.03,58560.14,7829.32,20623.8,197.9,29909.12,29581.48,327.64,0,"organic",2017,"NewYork"
13,2015-09-27,2.22,17054.18,2222.04,12986.86,536.67,1308.61,898.99,409.62,0,"organic",2015,"NewYork"
29,2015-06-07,2.31,15733.56,2746.38,9225.5,875.98,2885.7,2885.7,0,0,"organic",2015,"NewYork"
45,2016-02-14,2.11,28290.46,4689.2,9473.43,1200.23,12927.6,10463.68,2463.92,0,"organic",2016,"NewYork"
21,2016-07-31,2.41,24047.65,3526.76,14455.51,1723.03,4342.35,4337.46,4.89,0,"organic",2016,"NewYork"
48,2016-01-24,2.09,28121.46,2289.5,9484.63,2221.2,14126.13,7033.2,7092.93,0,"organic",2016,"NewYork"
18,2016-08-21,2.16,30583.43,5398.13,16529.22,1352.08,7304,6945.73,358.27,0,"organic",2016,"NewYork"
51,2016-01-03,1.26,10777.27,4802.52,397.26,0,5577.49,5384.85,192.64,0,"organic",2016,"DallasFtWorth"
15,2016-09-11,1.16,26658.47,10022.44,247.44,0,16388.59,16072.8,315.79,0,"organic",2016,"DallasFtWorth"
47,2015-02-01,1.24,12276.58,6669.52,1653.73,0,3953.33,3953.33,0,0,"organic",2015,"DallasFtWorth"
24,2017-07-16,1.49,24811.57,6649.58,451.46,0,17710.53,17684.5,26.03,0,"organic",2017,"DallasFtWorth"
25,2017-07-09,1.06,39591.12,8288.59,577.48,0,30725.05,30660.35,64.7,0,"organic",2017,"DallasFtWorth"
43,2015-03-01,1.29,17267.84,9540.52,850.65,0,6876.67,6876.67,0,0,"organic",2015,"DallasFtWorth"
52,2017-01-01,1.06,15669.84,4110.67,312.11,0,11247.06,11137.36,109.7,0,"organic",2017,"DallasFtWorth"
44,2016-02-21,1.18,17232.43,7305.62,614.56,0,9312.25,6311.81,3000.44,0,"organic",2016,"DallasFtWorth"
26,2016-06-26,1.04,30776.67,11200.61,580.49,0,18995.57,18776.65,218.92,0,"organic",2016,"DallasFtWorth"
9,2016-10-23,1.37,20091.09,10832.47,128.56,0,9130.06,8549.22,580.84,0,"organic",2016,"DallasFtWorth"
45,2017-02-19,1.17,20393.29,7619.05,231.61,0,12542.63,12433.39,109.24,0,"organic",2017,"DallasFtWorth"
21,2015-08-02,1.31,12992.93,10686.21,522.44,36.97,1747.31,1733.98,13.33,0,"organic",2015,"DallasFtWorth"
37,2017-04-16,1.12,33122.75,9397.49,707.69,0,23017.57,22882.31,135.26,0,"organic",2017,"DallasFtWorth"
39,2015-03-29,1.36,9162.06,6160.98,467.75,0,2533.33,2533.33,0,0,"organic",2015,"DallasFtWorth"
22,2016-07-24,0.99,35564.65,10629.22,455.42,0,24480.01,19642.12,4837.89,0,"organic",2016,"DallasFtWorth"
41,2016-03-13,1.2,18432.74,8425.39,786.3,0,9221.05,7918.85,1302.2,0,"organic",2016,"DallasFtWorth"
33,2015-05-10,1.39,10242.6,7874.84,351.09,0,2016.67,2013.34,3.33,0,"organic",2015,"DallasFtWorth"
14,2016-09-18,1.31,18329.37,7605.58,1010.05,0,9713.74,7228.44,2485.3,0,"organic",2016,"DallasFtWorth"
24,2016-07-10,1.04,17788.81,6584.16,491.32,0,10713.33,10175.25,538.08,0,"organic",2016,"DallasFtWorth"
9,2018-01-21,1.5,24032.87,4244.71,360.17,0,19427.99,17607.8,1820.19,0,"organic",2018,"DallasFtWorth"
13,2016-09-25,1.35,19980.31,11604.51,1486.92,0,6888.88,4964.64,1924.24,0,"organic",2016,"DallasFtWorth"
0,2015-12-27,1.33,10860.07,5921.12,421.38,0,4517.57,3584.44,933.13,0,"organic",2015,"DallasFtWorth"
31,2017-05-28,1.13,42244.7,5642.86,6595.91,0,30005.93,29825.13,180.8,0,"organic",2017,"DallasFtWorth"
2,2018-03-11,1.3,34357.21,6067.15,810.89,0,27479.17,25669.77,1809.4,0,"organic",2018,"DallasFtWorth"
35,2017-04-30,1.28,27768.13,11119.74,1806.22,0,14842.17,14724.98,117.19,0,"organic",2017,"DallasFtWorth"
22,2015-07-26,1.14,12801.03,11536,337.16,0,927.87,927.87,0,0,"organic",2015,"DallasFtWorth"
4,2015-11-29,1.46,9412.9,5706.47,278.7,0,3427.73,3427.73,0,0,"organic",2015,"DallasFtWorth"
48,2017-01-29,1.16,23208.81,9611.35,639.38,0,12958.08,12862.31,95.77,0,"organic",2017,"DallasFtWorth"
39,2016-03-27,1.25,17408.68,8355.74,658.68,0,8394.26,7234.13,1160.13,0,"organic",2016,"DallasFtWorth"
47,2017-02-05,1.3,17169.39,7770.9,205.02,0,9193.47,9148.87,44.6,0,"organic",2017,"DallasFtWorth"
20,2016-08-07,1.12,32688.03,11017.8,424.96,0,21245.27,8515.91,12729.36,0,"organic",2016,"DallasFtWorth"
18,2017-08-27,1.9,20709.86,7685.44,483.04,0,12541.38,12421.38,120,0,"organic",2017,"DallasFtWorth"
33,2016-05-08,1.04,26837.25,8147.01,601.13,0,18089.11,12168.76,5920.35,0,"organic",2016,"DallasFtWorth"
29,2015-06-07,1.35,9019,6952.15,356.44,0,1710.41,1710.41,0,0,"organic",2015,"DallasFtWorth"
45,2016-02-14,1.27,15673.4,6386.7,573.59,0,8713.11,7072.31,1640.8,0,"organic",2016,"DallasFtWorth"
34,2016-05-01,1.09,21668.3,7176.13,965.49,0,13526.68,11158.19,2368.49,0,"organic",2016,"DallasFtWorth"
10,2015-10-18,1.39,11010.45,7657.06,253.39,0,3100,3070,30,0,"organic",2015,"DallasFtWorth"
24,2015-07-12,1.27,11076.72,9757.92,444.54,0,874.26,874.26,0,0,"organic",2015,"DallasFtWorth"
3,2015-12-06,1.48,10458.62,5582.56,401.5,0,4474.56,4474.56,0,0,"organic",2015,"DallasFtWorth"
31,2016-05-22,1,24210.7,8434.31,437.88,0,15338.51,11584.99,3753.52,0,"organic",2016,"DallasFtWorth"
8,2018-01-28,1.45,26069.14,4936.84,476.06,0,20656.24,19613.2,1043.04,0,"organic",2018,"DallasFtWorth"
49,2017-01-22,1.03,29547.04,6279.44,1204.4,0,22063.2,21974.04,89.16,0,"organic",2017,"DallasFtWorth"
48,2016-01-24,1.35,14155.9,6168.4,453.26,0,7534.24,7534.24,0,0,"organic",2016,"DallasFtWorth"
12,2017-10-08,1.73,19807.92,5943.03,470.54,0,13394.35,13391.02,3.33,0,"organic",2017,"DallasFtWorth"
51,2015-01-04,1.35,9895.96,4634.7,1647.92,0,3613.34,3613.34,0,0,"organic",2015,"DallasFtWorth"
