Lab Assignments/Lab-tidyr-Avocados/avocado.csv
"X1","Date","AveragePrice","Total Volume","4046","4225","4770","Total Bags","Small Bags","Large Bags","XLarge Bags","type","year","region"
7,2018-02-04,0.73,333398.29,108554.97,61748.67,5329.61,157765.04,117614.03,39927.3,223.71,"conventional",2018,"Columbus"
48,2015-01-25,1.08,116995.68,53201.66,32775.08,7822.59,23196.35,21117.47,2057.45,21.43,"conventional",2015,"Columbus"
24,2015-07-12,1.04,143992.91,69964.42,32449.21,16034.68,25544.6,22605.91,2366.05,572.64,"conventional",2015,"Columbus"
17,2017-09-03,1.62,127613.24,53867.78,21626.87,1053.14,51065.45,44365.2,6306.66,393.59,"conventional",2017,"Columbus"
29,2016-06-05,1.07,175046.12,62727.64,38734.74,25833.35,47750.39,35846.32,6408.19,5495.88,"conventional",2016,"Columbus"
41,2017-03-19,1.3,136371.39,64865.99,24224.72,1373.43,45907.25,43921.15,1946.47,39.63,"conventional",2017,"Columbus"
24,2016-07-10,1.06,170762.71,80019.89,36096.76,5812.55,48833.51,32848.9,11536.73,4447.88,"conventional",2016,"Columbus"
42,2016-03-06,0.95,173825.82,49586.89,42501.52,35277.07,46460.34,23754.04,17567.37,5138.93,"conventional",2016,"Columbus"
3,2018-03-04,1.04,207531.29,61462.7,17792.45,2208.68,126067.46,103725.06,21557.69,784.71,"conventional",2018,"Columbus"
40,2016-03-20,1.04,152572.16,46047.38,35537.84,28532.36,42454.58,22445.88,16153.49,3855.21,"conventional",2016,"Columbus"
7,2016-11-06,1.41,114207.94,55230.85,23397.14,1603.54,33976.41,32556.59,1419.82,0,"conventional",2016,"Columbus"
11,2015-10-11,0.9,145305.65,57480.41,39207.76,24724.8,23892.68,16946.85,4765.93,2179.9,"conventional",2015,"Columbus"
5,2017-11-26,1.04,126378,60008,16437,984,48949,38018,10872,59,"conventional",2017,"Columbus"
16,2015-09-06,1.04,144563.15,61052.61,40880.96,20842.4,21787.18,16533.98,3611.52,1641.68,"conventional",2015,"Columbus"
6,2016-11-13,1.38,116814.65,52996.11,26129.41,1460.24,36228.89,34146.46,2082.43,0,"conventional",2016,"Columbus"
28,2015-06-14,1.01,171353.59,83138.56,33535.09,20023.58,34656.36,27204.22,6030.43,1421.71,"conventional",2015,"Columbus"
26,2016-06-26,1.04,201923.72,99552.74,37201.77,10852.83,54316.38,45985.7,4847.72,3482.96,"conventional",2016,"Columbus"
10,2016-10-16,1.31,123388.77,53963.92,22128.29,1875.36,45421.2,43150.55,2270.65,0,"conventional",2016,"Columbus"
40,2017-03-26,1.26,153513.23,68172.26,23491.33,1510.88,60338.76,57572.53,2766.23,0,"conventional",2017,"Columbus"
31,2015-05-24,1.01,171879.57,85510.9,37314.24,14261.54,34792.89,22680.26,10832.31,1280.32,"conventional",2015,"Columbus"
19,2015-08-16,1.03,155881.73,63291.37,36257.41,32383.88,23949.07,15230.44,4314.54,4404.09,"conventional",2015,"Columbus"
12,2017-10-08,1.83,103123.48,46870.14,8224.8,765.87,47262.67,40288.38,6950.95,23.34,"conventional",2017,"Columbus"
9,2015-10-25,1.04,119210.27,59745.47,23351.18,19024.16,17089.46,11461.37,3925.91,1702.18,"conventional",2015,"Columbus"
0,2017-12-31,0.8,221203.78,103506.03,30763.37,5224.82,81709.56,68828.14,12796.92,84.5,"conventional",2017,"Columbus"
14,2017-09-24,1.69,120872.81,53450.48,16472.11,904.63,50045.59,44515,5349.24,181.35,"conventional",2017,"Columbus"
50,2016-01-10,0.97,163977.03,82729.5,33601.78,17903.44,29742.31,21493.26,6988.68,1260.37,"conventional",2016,"Columbus"
13,2016-09-25,1.14,151978.88,70129.37,37333.99,2426.04,42089.48,41377.97,711.51,0,"conventional",2016,"Columbus"
10,2018-01-14,1.07,194619.31,77236.77,24462.37,3266.68,89653.49,75499.35,14125.61,28.53,"conventional",2018,"Columbus"
36,2017-04-23,1.26,166919.21,70224.87,19859.62,1525.47,75309.25,72832.23,2452.44,24.58,"conventional",2017,"Columbus"
43,2016-02-28,1.03,154967.56,48902.44,41405.76,28499.61,36159.75,22422.88,10262.4,3474.47,"conventional",2016,"Columbus"
27,2017-06-25,0.86,243935.99,100495.93,26548.19,1160.37,115731.5,98172.1,17016.19,543.21,"conventional",2017,"Columbus"
18,2017-08-27,1.26,176231.47,86236.44,19787.99,1022.34,69184.7,62542.31,6049.02,593.37,"conventional",2017,"Columbus"
27,2015-06-21,0.97,424580.52,133405.45,87075.84,121664.66,82434.57,70155.32,2831.82,9447.43,"conventional",2015,"Detroit"
11,2018-01-07,0.92,512142.96,164665.38,81248.88,23315.8,242912.9,195595.55,45090.53,2226.82,"conventional",2018,"Detroit"
2,2018-03-11,1.14,443295.3,82676.76,65334.67,47721.41,247562.46,178042.93,49942.51,19577.02,"conventional",2018,"Detroit"
2,2015-12-13,1.05,275587.85,132206.07,38088.87,47788.47,57504.44,48318.35,2843.43,6342.66,"conventional",2015,"Detroit"
8,2017-11-05,1,426643.42,154127.34,42917.02,7701.33,221897.73,204821.66,16602.19,473.88,"conventional",2017,"Detroit"
5,2016-11-20,1.35,243576.96,76104.87,46523.68,5327.53,115620.88,114230.31,1381.66,8.91,"conventional",2016,"Detroit"
12,2015-10-04,1.1,286400.89,81617.68,60336.35,90271.45,54175.41,40779.28,1039.04,12357.09,"conventional",2015,"Detroit"
20,2015-08-09,1.07,341289.98,136799.68,56896.42,80145.92,67447.96,54938.34,1471.57,11038.05,"conventional",2015,"Detroit"
47,2015-02-01,0.92,539750.77,205775.28,136119.82,127173.89,70681.78,54003.36,688.47,15989.95,"conventional",2015,"Detroit"
30,2017-06-04,1.26,361513.16,77883.8,57322.69,35156.7,191149.97,174009.46,12147.98,4992.53,"conventional",2017,"Detroit"
14,2016-09-18,1.1,320748.32,105595.83,53981.52,8602.38,152568.59,147793.11,4601.38,174.1,"conventional",2016,"Detroit"
22,2015-07-26,0.99,326233.8,119084.73,38501.17,63099.7,105548.2,98037.18,2518.38,4992.64,"conventional",2015,"Detroit"
35,2016-04-24,1,331109.85,116267.83,50906.17,45925.85,118010,102880.88,6973,8156.12,"conventional",2016,"Detroit"
28,2016-06-12,0.98,414532.49,162656.29,38374.42,38384.9,175116.88,160647.51,1915.84,12553.53,"conventional",2016,"Detroit"
39,2016-03-27,1.05,378431.9,80333.46,65448.49,119488.87,113161.08,55446.34,37647.04,20067.7,"conventional",2016,"Detroit"
8,2018-01-28,1.14,367456.05,80917,70055.35,14554.29,201929.41,177720.43,23023.66,1185.32,"conventional",2018,"Detroit"
38,2015-04-05,1.11,295385.41,113210.53,62859.83,49925.6,69389.45,65997.82,1999.07,1392.56,"conventional",2015,"Detroit"
50,2017-01-15,0.98,397115.64,124452.62,72303.07,7243.19,193116.76,181789.4,11325.64,1.72,"conventional",2017,"Detroit"
0,2018-03-25,1.15,477637.43,82568.15,72460.6,62078.52,260530.16,211303.55,21812.97,27413.64,"conventional",2018,"Detroit"
4,2018-02-25,1.08,464413.57,72595.4,90296.46,53864.5,247657.21,185976.63,32253.35,29427.23,"conventional",2018,"Detroit"
7,2016-11-06,1.4,231422.37,80604.72,46242.75,5688.67,98886.23,97805.5,1073.59,7.14,"conventional",2016,"Detroit"
10,2016-10-16,1.26,256744.34,83560.9,51486.24,6767.11,114930.09,112344.57,2581.96,3.56,"conventional",2016,"Detroit"
33,2016-05-08,0.96,500424.55,168696.93,84169.69,107930.15,139627.78,91310.2,21053.46,27264.12,"conventional",2016,"Detroit"
33,2015-05-10,1.11,360917.96,177872.77,42422.72,48825.24,91797.23,87986.35,1880.03,1930.85,"conventional",2015,"Detroit"
38,2016-04-03,1.02,335108.11,121653.22,33903.57,72329.16,107222.16,65916.23,27480.29,13825.64,"conventional",2016,"Detroit"
41,2015-03-15,1.13,254974.87,107980.24,31613.46,48302.85,67078.32,62158.56,1375.92,3543.84,"conventional",2015,"Detroit"
40,2016-03-20,1.09,371639.1,78492.11,67761.91,111819.43,113565.65,58374.48,35829.04,19362.13,"conventional",2016,"Detroit"
24,2017-07-16,1.18,385966.55,100370,55199.44,46609.96,183787.15,155523.04,4802.95,23461.16,"conventional",2017,"Detroit"
24,2015-07-12,1.02,310049.5,127995.39,36569.66,62708.05,82776.4,76701.28,1977.04,4098.08,"conventional",2015,"Detroit"
22,2016-07-24,1.15,354577.28,133984.58,39970.66,40559.67,140062.37,111538.67,10056.37,18467.33,"conventional",2016,"Detroit"
19,2015-08-16,0.97,400251.59,113822.13,86783.96,125069.99,74575.51,53326.63,1573.3,19675.58,"conventional",2015,"Detroit"
48,2016-01-24,0.94,489584.58,154051.35,95837.97,151279.99,88415.27,58403.04,4513.96,25498.27,"conventional",2016,"Detroit"
20,2017-08-13,1.55,286679.02,64304.67,33590.3,27839.54,160944.51,137133.56,10425.92,13385.03,"conventional",2017,"Detroit"
24,2016-07-10,1.18,311241.09,117420.11,41580.84,38634.53,113605.61,82669.6,14996.21,15939.8,"conventional",2016,"Detroit"
10,2017-10-22,1.59,230384.71,57747.31,39113.6,10512.03,123011.77,106301.97,15915.31,794.49,"conventional",2017,"Detroit"
18,2015-08-23,1.11,267968.5,114208.75,36663.35,61914.67,55181.73,45741.01,2154.69,7286.03,"conventional",2015,"Detroit"
18,2017-08-27,1.32,304000.24,99924.49,29648.99,23558.08,150868.68,133119.35,5877.48,11871.85,"conventional",2017,"Detroit"
6,2015-11-15,1.1,248933.35,88132.72,35472.8,52490.9,72836.93,65345.24,1141.32,6350.37,"conventional",2015,"Detroit"
29,2017-06-11,1.28,315240.72,71644.61,61426.82,17894.09,164275.2,159993.56,2790.35,1491.29,"conventional",2017,"Detroit"
40,2017-03-26,1.48,289107.02,69601.63,44602.74,30844.93,144057.72,125425.49,3129.79,15502.44,"conventional",2017,"Detroit"
40,2015-03-22,0.97,455372.43,138397.72,109057.9,144745.74,63171.07,44419.39,754.44,17997.24,"conventional",2015,"Detroit"
3,2017-12-10,1.13,311949.95,89161.52,44929.63,10001.86,167856.94,148544.42,16977.81,2334.71,"conventional",2017,"Detroit"
30,2017-06-04,1.43,418788.68,262533.92,53444.67,15,102795.09,49481.16,51963.93,1350,"conventional",2017,"Tampa"
15,2016-09-11,1.16,338518.81,154295.04,62808.74,61,121354.03,65128.71,55457.26,768.06,"conventional",2016,"Tampa"
52,2017-01-01,0.93,578061.29,202816.81,150261.06,71.05,224912.37,87852.78,137059.59,0,"conventional",2017,"Tampa"
27,2015-06-21,0.95,438581.5,262821.95,58036.49,773.09,116949.97,80513.03,36436.94,0,"conventional",2015,"Tampa"
0,2015-12-27,0.97,376187.98,246326.83,35652.12,56.54,94152.49,55850.56,38301.93,0,"conventional",2015,"Tampa"
44,2015-02-22,1.12,268415.49,167595.76,22043.38,39.19,78737.16,62198.85,16538.31,0,"conventional",2015,"Tampa"
35,2015-04-26,1.19,304135.67,203078.44,19757.32,118.14,81181.77,60977.02,19915.86,288.89,"conventional",2015,"Tampa"
10,2017-10-22,1.54,366454.43,235502.11,36022.98,487.62,94441.72,53966.71,40475.01,0,"conventional",2017,"Tampa"
30,2016-05-29,0.96,532427.02,287990.69,117845.05,172.19,126419.09,63311.97,57550.46,5556.66,"conventional",2016,"Tampa"
23,2015-07-19,0.97,421574.42,258972.92,61716.04,138.6,100746.86,64830.87,35915.99,0,"conventional",2015,"Tampa"
43,2016-02-28,0.82,569349.05,248401.81,134264.79,46.83,186635.62,67866.87,118768.75,0,"conventional",2016,"Tampa"
6,2018-02-11,1,569543.02,364195.92,46814.57,1035.27,157497.26,82780.08,74593.85,123.33,"conventional",2018,"Tampa"
18,2016-08-21,1.14,390053.1,175344.71,100775.54,48.58,113884.27,80157.7,27826.57,5900,"conventional",2016,"Tampa"
0,2016-12-25,0.93,445441.47,157380.83,104316.6,63.53,183680.51,87877.06,95803.45,0,"conventional",2016,"Tampa"
39,2017-04-02,1.63,321691.27,191494.22,49716.19,58.4,80422.46,42505.11,37917.35,0,"conventional",2017,"Tampa"
13,2016-09-25,1.37,349975.92,140782.83,66909.61,109.75,142173.73,78485.78,63687.95,0,"conventional",2016,"Tampa"
3,2015-12-06,1.17,227131.21,145404.19,29926.02,43.83,51757.17,33251.65,18505.52,0,"conventional",2015,"Tampa"
4,2016-11-27,1.45,265590.66,92933.81,61345.38,41.71,111269.76,52267.61,59002.15,0,"conventional",2016,"Tampa"
43,2015-03-01,1,373461.94,258084.33,27867.24,38.19,87472.18,50762.76,36709.42,0,"conventional",2015,"Tampa"
40,2017-03-26,1.67,308197.46,175398.52,49480.72,45.16,83273.06,44188.95,39025.78,58.33,"conventional",2017,"Tampa"
34,2015-05-03,0.97,558113.22,401968.96,37800.63,164.47,118179.16,62416.87,55151.18,611.11,"conventional",2015,"Tampa"
8,2016-10-30,1.52,265332.11,93166.48,68007.5,150.2,104007.93,42732.14,61275.79,0,"conventional",2016,"Tampa"
35,2016-04-24,0.86,566117.77,233226.21,148355.96,155.42,184380.18,60995.42,122379.2,1005.56,"conventional",2016,"Tampa"
17,2016-08-28,1.14,378817.72,177292.69,99784.11,62.59,101678.33,78855.06,20239.66,2583.61,"conventional",2016,"Tampa"
5,2015-11-22,0.97,311784.91,194667.16,39338.15,57.68,77721.92,46934.42,30787.5,0,"conventional",2015,"Tampa"
49,2017-01-22,1,547800.42,178179.3,151852.98,116.5,217651.64,80110.89,137540.75,0,"conventional",2017,"Tampa"
14,2016-09-18,1.14,344938.28,132430.63,66929.62,102.58,145475.45,73697.98,71774.14,3.33,"conventional",2016,"Tampa"
36,2016-04-17,1.06,387923.77,183628.75,79809.39,97.76,124387.87,63443.38,60944.49,0,"conventional",2016,"Tampa"
45,2017-02-19,1.07,799071.01,153258.18,254318.67,17088.87,374405.29,150957.59,223447.7,0,"conventional",2017,"Denver"
2,2018-03-11,1.16,788107.23,159389.01,205340.23,16598.6,406779.39,156327.39,250452,0,"conventional",2018,"Denver"
36,2016-04-17,0.78,1011265.53,171831.9,285967.94,27995.98,525469.71,59672.84,461184.45,4612.42,"conventional",2016,"Denver"
24,2016-07-10,1.04,835116.1,190377.09,230361.94,20484.14,393892.93,137890.73,252846.64,3155.56,"conventional",2016,"Denver"
20,2015-08-09,1.09,669377.04,131770.05,377129.38,24025.84,136451.77,46596.12,89855.65,0,"conventional",2015,"Denver"
47,2017-02-05,0.77,1258952.81,239163.63,502457.31,14680.91,502650.96,249329.75,253122.6,198.61,"conventional",2017,"Denver"
12,2016-10-02,1.18,677071.87,124504.59,172835.74,16447.85,363283.69,76212.51,287071.18,0,"conventional",2016,"Denver"
23,2016-07-17,1.07,771606.04,145158.79,204309.28,19016.94,403121.03,148177.84,254837.63,105.56,"conventional",2016,"Denver"
1,2017-12-24,1.19,675592.64,142027.32,171218.36,11713.7,350633.26,104300.12,246332.03,1.11,"conventional",2017,"Denver"
4,2015-11-29,1.12,429109.64,85241.45,179982.42,14146.28,149739.49,31920.41,117819.08,0,"conventional",2015,"Denver"
11,2017-10-15,1.57,537139.26,126304.77,158787.1,711.14,251336.25,98271.86,153064.39,0,"conventional",2017,"Denver"
41,2017-03-19,1.32,678002.96,152538.65,156751.57,19725.12,348987.62,142550.4,206301.11,136.11,"conventional",2017,"Denver"
7,2017-11-12,1.03,847836,137872,269918,8942,431105,102535,328570,0,"conventional",2017,"Denver"
51,2016-01-03,0.6,1295246.27,114121.88,526048.62,10374.52,644701.25,33033.97,611655.03,12.25,"conventional",2016,"Denver"
40,2015-03-22,1.15,603112.11,131881.99,380284.5,8461.12,82484.5,47368.3,35116.2,0,"conventional",2015,"Denver"
8,2016-10-30,1.13,576353.94,99369.74,239345.04,16411.08,221228.08,76674.6,144255.79,297.69,"conventional",2016,"Denver"
38,2017-04-09,1.31,704360.11,136193.81,164298.89,23358.01,380509.4,117825.21,262684.19,0,"conventional",2017,"Denver"
34,2017-05-07,1.13,904098.6,147250.97,357127.75,17250.83,382469.05,272024.11,110311.61,133.33,"conventional",2017,"Denver"
44,2016-02-21,0.73,955582.65,155250,331998.14,14973.1,453361.41,43379.59,409969.42,12.4,"conventional",2016,"Denver"
6,2017-11-19,1.13,701022,132242,196662,15425,356693,97734,258959,0,"conventional",2017,"Denver"
46,2016-02-07,0.63,1365558.26,230721.51,557897.36,18935.14,558004.25,50217.97,507786.28,0,"conventional",2016,"Denver"
24,2017-07-16,1.46,642837.36,108383.89,207831.49,14610.86,312011.12,114962.78,196568.34,480,"conventional",2017,"Denver"
4,2017-12-03,1.1,849840,149815,325073,9270,365682,98904,266779,0,"conventional",2017,"Denver"
10,2015-10-18,0.87,805437.95,117059.41,435491.56,13693.47,239193.51,41688.37,197487.51,17.63,"conventional",2015,"Denver"
32,2017-05-21,1.23,750701.05,145486.51,205774.79,16548.73,382891.02,90426.22,292464.8,0,"conventional",2017,"Denver"
19,2015-08-16,1.17,648148.15,157630.43,348863.51,18154.64,123499.57,46710.57,76789,0,"conventional",2015,"Denver"
