Lab Assignments/Lab-tidyr-Avocados/avocado.csv
"X1","Date","AveragePrice","Total Volume","4046","4225","4770","Total Bags","Small Bags","Large Bags","XLarge Bags","type","year","region"
23,2015-07-19,1.04,5525298.95,2337242.49,2065939.21,113523.76,1008593.49,665157.51,343389.61,46.37,"conventional",2015,"West"
3,2015-12-06,0.75,6202513.84,2097720.52,2051392.83,107568.34,1945832.15,1360760.83,582846.33,2224.99,"conventional",2015,"West"
23,2016-07-17,1.02,5787378.41,1883575.14,1304616.13,95086.4,2504100.74,1822960,665247.85,15892.89,"conventional",2016,"West"
50,2015-01-11,0.95,5333097.71,2203111.92,2292761.26,127412.09,709812.44,598705.08,111073.82,33.54,"conventional",2015,"West"
16,2017-09-10,1.56,4281593.13,1701547.18,994157.13,79291.53,1506597.29,877485.21,625252.36,3859.72,"conventional",2017,"West"
4,2016-11-27,1.09,4187550.98,1525325.69,938768.71,86789.7,1636666.88,1068035.07,565542.44,3089.37,"conventional",2016,"West"
40,2015-03-22,0.99,5368331.44,2511453.54,2163704.41,101626.05,591547.44,515038.9,76495.68,12.86,"conventional",2015,"West"
2,2017-12-17,1.05,5007523.13,1786351.75,1225289.22,80134.21,1915747.95,1083960.19,820156.22,11631.54,"conventional",2017,"West"
24,2015-07-12,1.01,5791508.96,2688406.31,1950436.22,133097,1019569.43,731843.74,286270.91,1454.78,"conventional",2015,"West"
7,2016-11-06,1.26,4245702.35,1493574.72,867974.26,119469.87,1764683.5,1168746.58,593225.94,2710.98,"conventional",2016,"West"
9,2017-10-29,1.23,5130982.78,1612273.73,1432411.64,88098.88,1998198.53,1043034.52,950954.44,4209.57,"conventional",2017,"West"
14,2016-09-18,1.04,5474121.64,1966754.72,1200623.82,103658.21,2203084.89,1276040.86,922977.71,4066.32,"conventional",2016,"West"
22,2015-07-26,1.07,5126588.84,2293111.63,1776143.49,146112.77,911220.95,645013.13,266207.82,0,"conventional",2015,"West"
5,2017-11-26,1.18,4182730,1677367,1002610,79478,1423276,817296,595877,10103,"conventional",2017,"West"
46,2016-02-07,0.69,9718438.84,3353158.49,2960080.17,281618.2,3123581.98,1921219.6,1187478.3,14884.08,"conventional",2016,"West"
8,2018-01-28,1.01,7007265.31,2718390.81,1664995.75,93165.88,2530712.87,1254504.07,1260049.46,16159.34,"conventional",2018,"West"
38,2015-04-05,0.95,5929718.67,3132031.4,2022524.08,93055.21,682107.98,544939.22,135414.81,1753.95,"conventional",2015,"West"
38,2017-04-09,1,6774200.48,2591478.44,1299808.65,156421.2,2726492.19,1768746.74,954249.03,3496.42,"conventional",2017,"West"
28,2017-06-18,1.02,7187200.64,2511913.67,1422660.4,123827.42,3128799.15,1938407.82,1187663.27,2728.06,"conventional",2017,"West"
41,2017-03-19,1.04,6242381.13,2318973.17,1100226.44,142718.03,2680463.49,1775537.5,900751.44,4174.55,"conventional",2017,"West"
3,2016-12-04,0.93,5919532.49,2142009.81,1164205.54,81114.6,2532202.54,1534025.06,992335.68,5841.8,"conventional",2016,"West"
43,2016-02-28,0.78,7193896.75,2394790.48,1865704.89,251937.95,2681463.43,1557228.28,1123472.59,762.56,"conventional",2016,"West"
45,2015-02-15,0.98,5026688.71,2483265.25,1840716.14,91125.41,611581.91,542973.12,68521.88,86.91,"conventional",2015,"West"
10,2015-10-18,0.89,5413532.64,2012887.19,2170792.82,110348.57,1119504.06,689893.69,429405.37,205,"conventional",2015,"West"
28,2015-06-14,0.92,6760001.68,3239258.39,2416002.43,112965.22,991775.64,776961.13,214729.56,84.95,"conventional",2015,"West"
39,2015-03-29,0.93,5719898.26,2978534.92,2012384.12,89701.26,639277.96,508576.86,130691.45,9.65,"conventional",2015,"West"
32,2016-05-15,0.77,7486622.03,2693393.35,1778717.19,155509.69,2859001.8,1826973.6,1026237.94,5790.26,"conventional",2016,"West"
31,2017-05-28,1.07,6955988.8,2356866.57,1328698.82,158308.24,3112115.17,1940875.89,1167041,4198.28,"conventional",2017,"West"
21,2015-08-02,1.02,5451040.76,2470116.49,1962853.58,120434.79,897635.9,643461.37,254166.11,8.42,"conventional",2015,"West"
1,2018-03-18,1.2,17377.59,384.68,3856.94,0,13122.54,7412.71,5709.83,0,"organic",2018,"Indianapolis"
48,2017-01-29,1.04,5571.99,222.81,1495.17,0,3854.01,1209.49,2644.52,0,"organic",2017,"Indianapolis"
25,2017-07-09,1.38,6897.96,74.91,1186.42,0,5636.63,374.39,5262.24,0,"organic",2017,"Indianapolis"
0,2016-12-25,1.62,2583.94,114.51,1052.73,0,1416.7,1027.03,389.67,0,"organic",2016,"Indianapolis"
30,2015-05-31,1.56,2305.49,78.89,953.08,0,1273.52,952.55,320.97,0,"organic",2015,"Indianapolis"
29,2016-06-05,1.25,3998.08,141.1,1769.38,0,2087.6,1003.89,1083.71,0,"organic",2016,"Indianapolis"
24,2016-07-10,1.11,5370.5,429.9,1722.68,0,3217.92,1233.2,1984.72,0,"organic",2016,"Indianapolis"
16,2017-09-10,1.69,8687.85,136.58,1330.54,0,7212.8,4741.31,2471.49,0,"organic",2017,"Indianapolis"
26,2016-06-26,1.39,4164.06,414.49,1463.24,0,2286.33,1288.33,998,0,"organic",2016,"Indianapolis"
41,2015-03-15,1.78,1313.43,97.1,905.1,0,311.23,121.72,189.51,0,"organic",2015,"Indianapolis"
34,2017-05-07,1.7,4734.57,137.53,2384.2,0,2212.84,423.62,1789.22,0,"organic",2017,"Indianapolis"
9,2017-10-29,1.54,6531.55,143.58,1167.86,0,5191.42,3953.63,1237.79,0,"organic",2017,"Indianapolis"
11,2018-01-07,1.46,9885.05,205.23,1460.83,0,8204.03,5889.7,2314.33,0,"organic",2018,"Indianapolis"
48,2016-01-24,1.13,3585.33,334.99,1406.09,9.92,1834.33,553.33,1281,0,"organic",2016,"Indianapolis"
18,2017-08-27,1.62,8228.93,106.71,1378.46,0,6743.76,4350.93,2392.83,0,"organic",2017,"Indianapolis"
21,2017-08-06,1.45,8573.19,132.01,1644.3,0,6770.01,3840.62,2929.39,0,"organic",2017,"Indianapolis"
2,2016-12-11,1.09,6248.59,112.62,1368.33,0,4767.64,881.26,3886.38,0,"organic",2016,"Indianapolis"
42,2015-03-08,1.69,2205.12,70.33,949.01,0,1185.78,1026.67,159.11,0,"organic",2015,"Indianapolis"
44,2017-02-26,0.9,6549.33,107.56,1165.45,0,5276.32,972.23,4304.09,0,"organic",2017,"Indianapolis"
23,2017-07-23,1.6,10430.79,102.46,2950.41,0,7360.84,2825.97,4534.87,0,"organic",2017,"Indianapolis"
28,2017-06-18,1.27,9207.8,135.37,1892.44,0,7179.99,421.08,6758.91,0,"organic",2017,"Indianapolis"
19,2015-08-16,1.79,2309.83,70.92,1510.47,0,728.44,420,308.44,0,"organic",2015,"Indianapolis"
31,2015-05-24,1.65,2362.64,81.97,1193.4,0,1087.27,853.88,233.39,0,"organic",2015,"Indianapolis"
46,2015-02-08,1.68,2086.14,41.71,778.93,0,1265.5,1226.67,38.83,0,"organic",2015,"Indianapolis"
6,2017-11-19,1.42,6294.98,96.95,999.16,0,5158.34,3917.63,1240.71,0,"organic",2017,"Indianapolis"
7,2017-11-12,1.49,8255.79,186.3,1175.14,0,6861.81,4912.09,1949.72,0,"organic",2017,"Indianapolis"
15,2017-09-17,1.73,8437.05,125.46,1242.04,0,7066.78,4410.62,2656.16,0,"organic",2017,"Indianapolis"
40,2015-03-22,1.95,964.25,76.53,841.88,0,45.84,3.33,42.51,0,"organic",2015,"Indianapolis"
7,2016-11-06,1.81,4057.85,203.83,1663.45,0,2190.57,1264.44,926.13,0,"organic",2016,"Indianapolis"
17,2016-08-28,1.25,6033.01,528.46,1507.87,0,3996.68,1002.92,2993.76,0,"organic",2016,"Indianapolis"
36,2017-04-23,1.62,4590.91,174.77,1385.03,0,3031.11,2357.22,673.89,0,"organic",2017,"Indianapolis"
52,2017-01-01,1.4,321941.32,12767.25,217447.76,3090.37,88635.94,83428.92,5163.19,43.83,"conventional",2017,"Philadelphia"
31,2015-05-24,1.4,440574.33,15940.65,277233.41,1055.58,146344.69,129470.64,16871.38,2.67,"conventional",2015,"Philadelphia"
47,2017-02-05,1.28,645655.16,77182.34,383060.06,58041.56,127371.2,111889.17,13700.39,1781.64,"conventional",2017,"Philadelphia"
38,2016-04-03,1.28,370753.84,17215.14,231664.58,409.68,121464.44,112323.24,9141.2,0,"conventional",2016,"Philadelphia"
22,2017-07-30,1.47,404029.77,36123.33,238811.54,1343.6,127751.3,117153.23,9611.12,986.95,"conventional",2017,"Philadelphia"
19,2016-08-14,1.43,415099.81,21070.06,201588.04,5607.24,186834.47,176028.76,9698.25,1107.46,"conventional",2016,"Philadelphia"
42,2015-03-08,1.4,349609.78,19780.09,207010.01,1051.07,121768.61,106813.89,14953.22,1.5,"conventional",2015,"Philadelphia"
30,2015-05-31,1.43,436027.81,18200.08,270397.51,1068.66,146361.56,130734.4,15496.02,131.14,"conventional",2015,"Philadelphia"
7,2018-02-04,1.12,819224.3,62044.22,467927.8,645.87,288606.41,254149.59,33540.82,916,"conventional",2018,"Philadelphia"
21,2016-07-31,1.57,376353.23,15974.97,180678.21,12676.62,167023.43,161291.97,3766.46,1965,"conventional",2016,"Philadelphia"
11,2016-10-09,1.71,355667.75,16118.58,203203.51,964.8,135380.86,127432.28,7948.58,0,"conventional",2016,"Philadelphia"
13,2015-09-27,1.25,368779.77,14983.22,255352.91,497.49,97946.15,82669.93,15276.22,0,"conventional",2015,"Philadelphia"
38,2017-04-09,1.7,398600.32,30725.04,213528.19,566.18,153780.91,143053.85,10506.23,220.83,"conventional",2017,"Philadelphia"
46,2015-02-08,1.09,477875.71,26219.21,336509.39,1353.94,113793.17,100107.79,13683.87,1.51,"conventional",2015,"Philadelphia"
17,2016-08-28,1.49,418742.8,21609.9,200120.82,13529.45,183482.63,171925.6,10097.85,1459.18,"conventional",2016,"Philadelphia"
8,2018-01-28,1.23,537883.88,90381.5,256525.12,390.07,190587.19,183977.34,6289.85,320,"conventional",2018,"Philadelphia"
5,2016-11-20,1.57,328557.17,13380.98,207065.15,1486.67,106624.37,101912.73,4632.47,79.17,"conventional",2016,"Philadelphia"
39,2016-03-27,1.29,417870.83,17180.94,254821.3,500.98,145367.61,135645.71,9721.9,0,"conventional",2016,"Philadelphia"
29,2015-06-07,1.35,476827.34,17117.86,325420.87,1339.88,132948.73,116932.41,15941,75.32,"conventional",2015,"Philadelphia"
47,2015-02-01,1.14,569304.8,30263.22,417993.89,1722.1,119325.59,104365.66,14959.93,0,"conventional",2015,"Philadelphia"
29,2017-06-11,1.73,379927.26,38042.56,205769.8,620.68,135494.22,101707.26,31846.4,1940.56,"conventional",2017,"Philadelphia"
1,2016-12-18,1.38,336267.19,11534.6,231497.95,2123.6,91111.04,84390.74,6638.08,82.22,"conventional",2016,"Philadelphia"
12,2015-10-04,1.28,388205.8,14121.46,268719.03,754.42,104610.89,91635.61,12975.28,0,"conventional",2015,"Philadelphia"
44,2015-02-22,1.36,348215.37,14876.71,214953.17,1353.67,117031.82,105513.5,11518.32,0,"conventional",2015,"Philadelphia"
32,2017-05-21,1.75,385075.85,39609.47,214417.22,619.72,130429.44,118137.44,12100.33,191.67,"conventional",2017,"Philadelphia"
50,2016-01-10,1.23,413224.5,14091.36,271291.13,700.17,127141.84,115949.34,11192.5,0,"conventional",2016,"Philadelphia"
24,2015-07-12,1.38,372062.3,15106.58,233808.22,1885.79,121261.71,109196.16,11757.42,308.13,"conventional",2015,"Philadelphia"
21,2015-08-02,1.21,399212.29,15487.29,288809.36,955.95,93959.69,85344.81,8614.88,0,"conventional",2015,"Philadelphia"
4,2017-12-03,1.35,379540,20978,209391,293,148879,128086,20793,0,"conventional",2017,"Philadelphia"
0,2015-12-27,1.25,308546.88,9778.07,208945.03,530.89,89292.89,82776.35,6513.36,3.18,"conventional",2015,"Philadelphia"
48,2016-01-24,1.34,448784.3,12982.99,287750.87,692.47,147357.97,134138.57,13219.4,0,"conventional",2016,"Philadelphia"
12,2017-10-08,1.67,331169.67,43189.77,163922.46,336.6,123720.84,117136.44,6584.4,0,"conventional",2017,"Philadelphia"
40,2015-03-22,1.18,449261.63,27380.04,322071,1104.04,98706.55,85471.81,13234.74,0,"conventional",2015,"Philadelphia"
17,2016-08-28,2.38,24143.51,879.59,20543.36,0,2720.56,2703.89,16.67,0,"organic",2016,"SanFrancisco"
38,2016-04-03,2.3,24055.14,1124.32,21364.15,0,1566.67,1566.67,0,0,"organic",2016,"SanFrancisco"
49,2017-01-22,2.03,20441.93,8435.86,9045.98,2.86,2957.23,2957.23,0,0,"organic",2017,"SanFrancisco"
28,2015-06-14,1.95,23972.69,15257.42,8712.16,0,3.11,3.11,0,0,"organic",2015,"SanFrancisco"
38,2015-04-05,1.55,26530.7,17104.69,9426.01,0,0,0,0,0,"organic",2015,"SanFrancisco"
10,2017-10-22,2.08,18852.58,9739.13,7981.22,0,1132.23,1132.23,0,0,"organic",2017,"SanFrancisco"
18,2015-08-23,2.71,15111.33,1808.29,13252.57,0,50.47,50.47,0,0,"organic",2015,"SanFrancisco"
50,2017-01-15,2.7,17202.67,5875.7,8476.23,0,2850.74,2841.2,9.54,0,"organic",2017,"SanFrancisco"
52,2017-01-01,2.54,19910.51,7268.66,10452.56,0,2189.29,2189.29,0,0,"organic",2017,"SanFrancisco"
5,2018-02-18,2.25,21551.76,9721.38,9543.71,0,2286.67,2283.34,3.33,0,"organic",2018,"SanFrancisco"
38,2017-04-09,2.54,21231.88,7773.14,9709.29,0,3749.45,3727.93,21.52,0,"organic",2017,"SanFrancisco"
34,2016-05-01,1.33,47035.36,1480.41,43790.32,0,1764.63,1764.63,0,0,"organic",2016,"SanFrancisco"
7,2015-11-08,1.98,17886.78,1285.58,16543.45,0,57.75,51.08,6.67,0,"organic",2015,"SanFrancisco"
22,2016-07-24,2.37,22083.85,1599.49,18771.61,0,1712.75,1709.42,3.33,0,"organic",2016,"SanFrancisco"
33,2015-05-10,1.48,33676.05,23021.28,10608.04,0,46.73,46.73,0,0,"organic",2015,"SanFrancisco"
31,2017-05-28,2.73,24852.33,10640.43,10979.17,8.75,3223.98,3201.3,22.68,0,"organic",2017,"SanFrancisco"
5,2017-11-26,2.06,15701.21,8640.78,6277.06,0,783.37,783.37,0,0,"organic",2017,"SanFrancisco"
27,2016-06-19,2.31,26991.7,1610.48,23719.15,0,1662.07,1658.74,3.33,0,"organic",2016,"SanFrancisco"
31,2015-05-24,1.52,29319.95,19270.32,10024.67,0,24.96,24.96,0,0,"organic",2015,"SanFrancisco"
0,2018-03-25,1.64,34687.2,10102.62,10778.96,0,13805.62,13802.29,3.33,0,"organic",2018,"SanFrancisco"
6,2017-11-19,2.06,17621.85,9956.34,6931.07,0,734.44,734.44,0,0,"organic",2017,"SanFrancisco"
8,2016-10-30,3.25,16700.94,2325.93,11142.85,0,3232.16,3232.16,0,0,"organic",2016,"SanFrancisco"
16,2015-09-06,2.73,15510.69,1413.91,14090.42,0,6.36,6.36,0,0,"organic",2015,"SanFrancisco"
35,2017-04-30,2.58,22792.24,9036.95,10350.79,2.91,3401.59,3391.48,10.11,0,"organic",2017,"SanFrancisco"
2,2017-12-17,2.1,17850.72,7411.52,8344.76,0,2094.44,2094.44,0,0,"organic",2017,"SanFrancisco"
45,2017-02-19,2.58,19202.54,7333.07,8809.03,0,3060.44,3060.44,0,0,"organic",2017,"SanFrancisco"
13,2015-09-27,2.74,11798.62,1220.59,10523.68,0,54.35,54.35,0,0,"organic",2015,"SanFrancisco"
40,2016-03-20,2.33,24714.55,1130.34,21871.99,0,1712.22,1712.22,0,0,"organic",2016,"SanFrancisco"
14,2015-09-20,2.79,15197.42,1209.92,13971.53,0,15.97,15.97,0,0,"organic",2015,"SanFrancisco"
14,2017-09-24,2.06,19095.21,10381.1,8026.03,0,688.08,688.08,0,0,"organic",2017,"SanFrancisco"
51,2016-01-03,1.93,18894.27,1153.15,17249.32,0,491.8,382.86,108.94,0,"organic",2016,"SanFrancisco"
47,2015-02-01,1.06,57802.02,38413.44,19160.87,0,227.71,227.71,0,0,"organic",2015,"SanFrancisco"
7,2016-11-06,3.12,19043.8,5898.49,10039.34,0,3105.97,3079.3,26.67,0,"organic",2016,"SanFrancisco"
6,2018-02-11,2.22,21708.65,9960.19,9215.13,0,2533.33,2533.33,0,0,"organic",2018,"SanFrancisco"
26,2015-06-28,1.96,19868.9,12195.44,7667.22,0,6.24,6.24,0,0,"organic",2015,"SanFrancisco"
29,2015-06-07,1.96,22886.87,14837.87,8027.21,0,21.79,21.79,0,0,"organic",2015,"SanFrancisco"
9,2016-10-23,2.93,11252.48,522.51,7911.64,0,2818.33,2818.33,0,0,"organic",2016,"SanFrancisco"
36,2016-04-17,2.33,25486.1,1308.2,22553.45,0,1624.45,1624.45,0,0,"organic",2016,"SanFrancisco"
