Lab Assignments/Lab-tidyr-Avocados/avocado.csv
"X1","Date","AveragePrice","Total Volume","4046","4225","4770","Total Bags","Small Bags","Large Bags","XLarge Bags","type","year","region"
43,2015-03-01,1.01,3633174.13,2682065.6,281502.89,19429.67,650175.97,396512.64,253660.35,2.98,"conventional",2015,"Southeast"
46,2015-02-08,1.11,2573973.63,1871661.73,226039.73,18310.04,457962.13,272767.32,185194.81,0,"conventional",2015,"Southeast"
15,2016-09-11,1.08,3431698.41,1673305.36,497550.12,10177.7,1250665.23,791919.62,455458.67,3286.94,"conventional",2016,"Southeast"
19,2016-08-14,1.09,4230674.67,2241425,738177.11,15287.26,1235785.3,745879.1,467642.03,22264.17,"conventional",2016,"Southeast"
5,2016-11-20,1.38,2670425.59,1054588.13,480430.32,8082.2,1127324.94,592607.45,532645.82,2071.67,"conventional",2016,"Southeast"
7,2018-02-04,0.95,7516415.07,4492704.7,625805.92,17920.43,2379984.02,1405622.59,963895.82,10465.61,"conventional",2018,"Southeast"
8,2015-11-01,0.98,3227049.19,2058754.3,472310.67,31277.37,664706.85,353188.52,311503.15,15.18,"conventional",2015,"Southeast"
9,2018-01-21,1.14,4954059.33,2925027.75,461260.99,15728.65,1552041.94,879462.33,647625.95,24953.66,"conventional",2018,"Southeast"
16,2017-09-10,1.61,2707005.49,1511637.28,383131.2,4113.88,808123.13,537849.67,238131.35,32142.11,"conventional",2017,"Southeast"
13,2016-09-25,1.32,3266161.45,1398879.9,588359.56,9605.99,1269316,691449.32,573138.62,4728.06,"conventional",2016,"Southeast"
23,2016-07-17,1.15,3408142.71,1466379.21,813315.42,20301.82,1108146.26,705840.64,335918.68,66386.94,"conventional",2016,"Southeast"
6,2018-02-11,0.97,5141310.45,3028127.72,399356.06,16907.18,1696919.49,1077827.17,608625.73,10466.59,"conventional",2018,"Southeast"
29,2015-06-07,0.99,4003121.77,2862823.58,294519.59,26236.45,819542.15,551432.71,268100.73,8.71,"conventional",2015,"Southeast"
19,2015-08-16,1.16,2766391.11,1615209.93,431016.1,55158.31,665006.77,529013.85,135887.51,105.41,"conventional",2015,"Southeast"
50,2017-01-15,1.17,3843139.76,1686737.9,724373.09,5637.4,1426391.37,784077.42,641123.95,1190,"conventional",2017,"Southeast"
1,2017-12-24,1.31,3077843.09,1732070.28,277003.33,14230.23,1054539.25,708818.41,322895.28,22825.56,"conventional",2017,"Southeast"
37,2015-04-12,1,3781504.91,2801179.62,292733.49,23471.11,664120.69,371569.32,292551.37,0,"conventional",2015,"Southeast"
39,2015-03-29,1.16,2558925.23,1804282.66,205041.11,23224.7,526376.76,379305.43,147071.33,0,"conventional",2015,"Southeast"
33,2016-05-08,0.86,4651540.06,2196754.82,933112.56,10776.46,1510896.22,712577.48,795541.26,2777.48,"conventional",2016,"Southeast"
50,2016-01-10,0.93,4132191.54,2536173.86,558424.29,17017.65,1020575.74,489927.14,530648.6,0,"conventional",2016,"Southeast"
11,2017-10-15,1.71,2896732.11,1662424.55,323402.58,3543.74,907361.24,595753.34,311512.94,94.96,"conventional",2017,"Southeast"
45,2015-02-15,1.16,2558563.78,1820564.15,219336.78,21706.04,496956.81,295183.36,201773.45,0,"conventional",2015,"Southeast"
30,2017-06-04,1.34,4237221.91,2520206.31,473205.61,4226.6,1239583.39,719958.99,474483.44,45140.96,"conventional",2017,"Southeast"
36,2015-04-19,1.14,2857156.51,2014443.63,214218.14,23684.96,604809.78,455795.5,149014.28,0,"conventional",2015,"Southeast"
15,2015-09-13,1.15,2486654.71,1317283.12,534412.71,26776.37,608182.51,397112.08,211033.9,36.53,"conventional",2015,"Southeast"
10,2018-01-14,1.31,4198992.14,2371136.88,403224.01,17012.38,1407618.87,845928.49,540110.99,21579.39,"conventional",2018,"Southeast"
21,2016-07-31,1.18,3329108.94,1502915.49,710445.49,18938.44,1096809.52,724983.8,322569.05,49256.67,"conventional",2016,"Southeast"
31,2015-05-24,1,4298514.96,3209533.78,311176.56,30510.18,747294.44,457338.88,289932.34,23.22,"conventional",2015,"Southeast"
14,2016-09-18,1.11,3403999.22,1501212.7,566389.42,9444.29,1326952.81,706832.05,617002.43,3118.33,"conventional",2016,"Southeast"
21,2015-08-02,1.18,2674633.13,1539272.45,430133.96,81144.7,624082.02,502278.3,121708.26,95.46,"conventional",2015,"Southeast"
32,2016-05-15,0.82,5002102.24,2115292.19,1218469.25,10065.75,1658275.05,610050.97,1029088.05,19136.03,"conventional",2016,"Southeast"
44,2015-02-22,0.8,1116600.76,695493.39,305788.6,12580.26,102738.51,85321.83,17416.68,0,"conventional",2015,"DallasFtWorth"
51,2016-01-03,0.78,1191927.54,551921.61,411340.37,80184.39,148481.17,144358.85,3764.81,357.51,"conventional",2016,"DallasFtWorth"
11,2015-10-11,0.81,1100679.15,543166.98,349743.64,99900.94,107867.59,101828.12,5967.19,72.28,"conventional",2015,"DallasFtWorth"
50,2016-01-10,0.85,1145736.97,558567.39,394770.34,54920.09,137479.15,127168.82,10290.52,19.81,"conventional",2016,"DallasFtWorth"
40,2016-03-20,0.74,1347884.14,620848.72,317080.41,134806.08,275148.93,254808.07,20317.54,23.32,"conventional",2016,"DallasFtWorth"
11,2016-10-09,0.93,1162334.53,546920.62,283336.68,5584.96,326492.27,322925.72,2677.15,889.4,"conventional",2016,"DallasFtWorth"
49,2015-01-18,0.76,1091677.29,627090.61,374230.89,15550.56,74805.23,62375.69,12416.71,12.83,"conventional",2015,"DallasFtWorth"
12,2017-10-08,1.29,919708.71,488695.54,194837.09,1217.6,234958.48,149960.64,84717.46,280.38,"conventional",2017,"DallasFtWorth"
29,2017-06-11,0.9,1361774.87,734135.94,231555.96,2332.57,393750.4,390320.25,3337.58,92.57,"conventional",2017,"DallasFtWorth"
3,2015-12-06,0.74,1054849.97,514160.41,412692.22,8533.47,119463.87,108772.12,10525.27,166.48,"conventional",2015,"DallasFtWorth"
5,2015-11-22,0.78,885067.49,494872.79,264820.58,9913.68,115460.44,102317.99,13138.76,3.69,"conventional",2015,"DallasFtWorth"
39,2017-04-02,0.83,1372247.8,798833.39,216633.21,4975.58,351805.62,347585.31,3931.26,289.05,"conventional",2017,"DallasFtWorth"
37,2015-04-12,0.72,1266899.55,871511.12,288420.79,12596.79,94370.85,85100.44,9261.6,8.81,"conventional",2015,"DallasFtWorth"
19,2015-08-16,0.88,1122668.33,718594.72,287298.98,7090.26,109684.37,100806.9,8864.44,13.03,"conventional",2015,"DallasFtWorth"
9,2017-10-29,1.05,1071345.81,548902.52,213645.56,2639.97,306157.76,180681.23,125267.43,209.1,"conventional",2017,"DallasFtWorth"
0,2016-12-25,0.76,1199636.75,503168.52,313572.54,3069.14,379826.55,374905.48,2661.1,2259.97,"conventional",2016,"DallasFtWorth"
9,2016-10-23,1.08,993986.41,420151.75,240421.45,3183.27,330229.94,323804.52,4850.5,1574.92,"conventional",2016,"DallasFtWorth"
4,2016-11-27,0.9,851579.21,445308.37,158734.01,2459.77,245077.06,242623.82,2390.64,62.6,"conventional",2016,"DallasFtWorth"
31,2015-05-24,0.81,1184131.34,775365.99,299938.43,6833.07,101993.85,96860.23,5117.65,15.97,"conventional",2015,"DallasFtWorth"
1,2018-03-18,0.87,1362250.25,656842.99,247599.72,4978.69,452828.85,329530.61,103951.68,19346.56,"conventional",2018,"DallasFtWorth"
18,2017-08-27,1.13,1090966.44,631381.37,186107.13,1463.79,272014.15,192595.16,78351.76,1067.23,"conventional",2017,"DallasFtWorth"
27,2016-06-19,0.87,1236820.38,633636,250585.11,61508.01,291091.26,272250.37,12776.78,6064.11,"conventional",2016,"DallasFtWorth"
23,2016-07-17,0.96,1070350.11,542103.44,210287.21,7622.87,310336.59,303925.61,2984.62,3426.36,"conventional",2016,"DallasFtWorth"
42,2015-03-08,0.75,1218684.28,724775.83,371564.05,11201.82,111142.58,97450.44,13677.78,14.36,"conventional",2015,"DallasFtWorth"
44,2017-02-26,0.73,1372811.19,821922.48,198567.11,32790.32,319531.28,292306.27,27130.14,94.87,"conventional",2017,"DallasFtWorth"
50,2017-01-15,0.7,1389716.89,750093.63,313392.54,2775.58,323455.14,319826.47,3521.23,107.44,"conventional",2017,"DallasFtWorth"
19,2016-08-14,0.88,1132112.24,612988.24,240643.34,3600.78,274879.88,270626.46,3256.28,997.14,"conventional",2016,"DallasFtWorth"
13,2017-10-01,1.3,893387.5,492841.54,170718.08,876.26,228951.62,147483.78,81358.86,108.98,"conventional",2017,"DallasFtWorth"
41,2015-03-15,0.72,1211158.55,726176.09,368421.28,14065.99,102495.19,90708.11,11780,7.08,"conventional",2015,"DallasFtWorth"
36,2017-04-23,0.85,1496361.87,673961.13,338732.54,5109.09,478559.11,474435.77,3842.99,280.35,"conventional",2017,"DallasFtWorth"
16,2016-09-04,0.74,1390891.44,719597.17,256376.46,2742.25,412175.56,401417.41,5723.11,5035.04,"conventional",2016,"DallasFtWorth"
27,2016-06-19,0.89,1153583.3,627217.28,228843.15,74763.08,222759.79,139198.33,70961.46,12600,"conventional",2016,"Houston"
36,2017-04-23,0.68,1776220.69,665435.93,352920.48,5646.02,752218.26,224693.22,527525.04,0,"conventional",2017,"Houston"
28,2016-06-12,0.83,1209996.42,589477.04,236621.03,110054.59,273843.76,114672.48,149147.95,10023.33,"conventional",2016,"Houston"
3,2017-12-10,0.79,1266364.71,459265.36,294180.18,6828.23,506090.94,416839.01,89251.93,0,"conventional",2017,"Houston"
37,2015-04-12,0.79,1096074.97,631292.63,353794.42,3936.53,107051.39,97144.19,9907.2,0,"conventional",2015,"Houston"
3,2018-03-04,0.71,1501699.41,701418.48,176206.5,3827.34,620247.09,528247.89,91441.42,557.78,"conventional",2018,"Houston"
3,2015-12-06,0.74,989676.85,368528.91,490805,7041.19,123301.75,61020.31,62281.44,0,"conventional",2015,"Houston"
50,2015-01-11,0.78,1062071.65,463272.52,441785.8,4094.47,152918.86,126995.76,25923.1,0,"conventional",2015,"Houston"
45,2016-02-14,0.67,1191352.2,518192.1,334137.36,210029.3,128993.44,67726.6,55041.28,6225.56,"conventional",2016,"Houston"
9,2015-10-25,0.88,933623.58,437329.85,313129.29,81274.85,101889.59,57577.21,44260.6,51.78,"conventional",2015,"Houston"
27,2017-06-25,0.82,1352318.9,569850.04,285476.88,2928.68,494063.3,188282.06,305777.91,3.33,"conventional",2017,"Houston"
45,2017-02-19,0.67,1190708.83,565042.04,142847.65,63757.91,419061.23,291927.39,127089.4,44.44,"conventional",2017,"Houston"
4,2015-11-29,0.79,783225.98,391616.95,289533.68,4334.89,97740.46,67880.28,29860.18,0,"conventional",2015,"Houston"
34,2015-05-03,0.74,1296308.05,651055.45,502617.22,4521.86,138113.52,55875.33,82238.19,0,"conventional",2015,"Houston"
1,2016-12-18,0.63,1212933.22,576578.21,258779.48,2885.86,374689.67,155393.61,219296.06,0,"conventional",2016,"Houston"
15,2016-09-11,0.76,1217346.73,729949.45,188318.97,2466.22,296612.09,216413.98,79968.11,230,"conventional",2016,"Houston"
50,2016-01-10,0.84,1095287.56,434471.89,437751.47,85368.8,137695.4,78471.38,58067.35,1156.67,"conventional",2016,"Houston"
24,2017-07-16,1.01,1143310.87,475986.48,251487.71,4545.5,411291.18,279519.76,131771.42,0,"conventional",2017,"Houston"
12,2017-10-08,1.29,1042700.75,491561.89,146966.38,1449.29,402723.19,320849.72,81873.47,0,"conventional",2017,"Houston"
50,2017-01-15,0.53,1613159.67,1134750.48,184545.5,2711.5,291152.19,242009.67,49139.19,3.33,"conventional",2017,"Houston"
29,2017-06-11,0.89,1240308.02,627610.5,201534.03,5451.76,405711.73,200221.42,205490.31,0,"conventional",2017,"Houston"
23,2017-07-23,1.02,1088792.51,510127.52,214165.71,3006.89,361492.39,240331.25,121091.14,70,"conventional",2017,"Houston"
23,2015-07-19,0.78,1093424.59,517797.01,424786.53,4233.66,146607.39,73695.03,72912.36,0,"conventional",2015,"Houston"
42,2015-03-08,0.78,1166055.83,507328.95,517669.77,5321.52,135735.59,60498.92,75236.67,0,"conventional",2015,"Houston"
33,2017-05-14,0.79,1444023.34,625728.18,231431.19,3248.89,583615.08,262815.2,320799.88,0,"conventional",2017,"Houston"
30,2016-05-29,0.82,1128598.95,554092.01,247279.64,116263.41,210963.89,91661.86,110662.03,8640,"conventional",2016,"Houston"
9,2018-01-21,0.78,1584416.56,651432.75,153445.45,10598.32,768940.04,683790.27,85149.77,0,"conventional",2018,"Houston"
43,2017-03-05,0.74,1110895.97,697103.02,161909.48,40611.87,211271.6,209810.16,1458.11,3.33,"conventional",2017,"Houston"
41,2017-03-19,1.47,9927.4,800.41,22.38,0,9104.61,8530.84,573.77,0,"organic",2017,"Pittsburgh"
32,2015-05-17,1.53,2614.93,1092.58,64.46,0,1457.89,1378.92,78.97,0,"organic",2015,"Pittsburgh"
11,2017-10-15,1.39,13004.97,1168.25,81.55,0,11755.17,11748.5,6.67,0,"organic",2017,"Pittsburgh"
46,2016-02-07,1.45,992.32,161.37,191.14,0,639.81,538.85,100.96,0,"organic",2016,"Pittsburgh"
23,2016-07-17,1.44,5896.38,608.4,197.45,0,5090.53,5069.15,21.38,0,"organic",2016,"Pittsburgh"
43,2017-03-05,1.43,6643.48,817.44,29.79,0,5796.25,5282.48,513.77,0,"organic",2017,"Pittsburgh"
4,2017-12-03,1.36,12342.47,1017.69,52.82,0,11271.96,11265.3,6.66,0,"organic",2017,"Pittsburgh"
23,2017-07-23,1.28,11391.33,388.46,22.35,0,10980.52,10980.52,0,0,"organic",2017,"Pittsburgh"
0,2018-03-25,1.38,16411.89,956.73,10.91,0,15444.25,15430.91,13.34,0,"organic",2018,"Pittsburgh"
37,2017-04-16,1.51,12174.58,981.59,14.6,0,11178.39,10521.57,656.82,0,"organic",2017,"Pittsburgh"
22,2015-07-26,1.46,1190.83,533.17,38.93,0,618.73,80.85,537.88,0,"organic",2015,"Pittsburgh"
51,2015-01-04,1.81,1339.36,754,124.33,0,461.03,447.01,14.02,0,"organic",2015,"Pittsburgh"
2,2015-12-13,1.56,852.98,283.91,46.87,0,522.2,354.8,167.4,0,"organic",2015,"Pittsburgh"
32,2016-05-15,1.41,2139.33,181.27,240.6,14.83,1702.63,1702.63,0,0,"organic",2016,"Pittsburgh"
24,2016-07-10,1.49,2672.71,332.96,537.09,0,1802.66,1698.55,104.11,0,"organic",2016,"Pittsburgh"
13,2016-09-25,1.53,8814.22,1032.78,128.66,0,7652.78,7151.55,501.23,0,"organic",2016,"Pittsburgh"
15,2016-09-11,1.49,6094.84,1073.85,114.5,0,4906.49,4522.54,383.95,0,"organic",2016,"Pittsburgh"
17,2017-09-03,1.5,8523.79,1233.77,22.88,0,7267.14,7267.14,0,0,"organic",2017,"Pittsburgh"
19,2015-08-16,1.57,1531.14,677.2,34.03,0,819.91,426.67,393.24,0,"organic",2015,"Pittsburgh"
49,2015-01-18,1.55,3448.42,312.68,709.27,0,2426.47,257.86,2168.61,0,"organic",2015,"Pittsburgh"
7,2018-02-04,1.4,11077.99,1053.22,25.24,0,9999.53,9999.53,0,0,"organic",2018,"Pittsburgh"
38,2016-04-03,1.43,1015.29,99.42,322.24,0,593.63,590.15,3.48,0,"organic",2016,"Pittsburgh"
25,2016-07-03,1.47,3486.32,252.15,525.74,0,2708.43,2617.74,90.69,0,"organic",2016,"Pittsburgh"
23,2015-07-19,1.83,753.64,516.18,46.15,0,191.31,153.33,37.98,0,"organic",2015,"Pittsburgh"
17,2015-08-30,1.52,2181.39,790.6,61.61,0,1329.18,713.13,616.05,0,"organic",2015,"Pittsburgh"
10,2016-10-16,1.53,9213.3,968.87,133.4,0,8111.03,7685.88,425.15,0,"organic",2016,"Pittsburgh"
26,2017-07-02,1.58,8002.38,865.57,36.1,0,7100.71,7094.05,6.66,0,"organic",2017,"Pittsburgh"
44,2017-02-26,1.41,3584.79,844.97,9.94,0,2729.88,2247.72,482.16,0,"organic",2017,"Pittsburgh"
10,2017-10-22,1.43,11539.28,1240.6,10.63,0,10288.05,10281.38,6.67,0,"organic",2017,"Pittsburgh"
16,2017-09-10,1.48,9267.69,1076.06,21.1,0,8170.53,8167.2,3.33,0,"organic",2017,"Pittsburgh"
3,2016-12-04,1.53,7908.69,893.1,8.76,0,7006.83,6547.63,459.2,0,"organic",2016,"Pittsburgh"
48,2017-01-29,1.43,8952.16,940.32,19.9,0,7991.94,7464.93,527.01,0,"organic",2017,"Pittsburgh"
5,2018-02-18,1.36,15123.96,963.42,32.46,0,14128.08,14124.75,3.33,0,"organic",2018,"Pittsburgh"
8,2017-11-05,1.43,11678.95,1191.23,12.41,0,10475.31,10463.09,12.22,0,"organic",2017,"Pittsburgh"
12,2017-10-08,1.35,15900.88,1108.27,24.83,0,14767.78,14761.11,6.67,0,"organic",2017,"Pittsburgh"
47,2015-02-01,1.77,1427.11,760.33,74.32,0,592.46,585.38,7.08,0,"organic",2015,"Pittsburgh"
20,2017-08-13,1.44,9150.32,833.85,36.67,0,8279.8,8273.14,6.66,0,"organic",2017,"Pittsburgh"
38,2017-04-09,1.51,9893.97,923.93,5.47,0,8964.57,8364.69,599.88,0,"organic",2017,"Pittsburgh"
0,2015-12-27,1.5,749.03,199.16,29.63,0,520.24,450.74,69.5,0,"organic",2015,"Pittsburgh"
