Lab Assignments/Lab-tidyr-Avocados/avocado.csv
"X1","Date","AveragePrice","Total Volume","4046","4225","4770","Total Bags","Small Bags","Large Bags","XLarge Bags","type","year","region"
21,2017-08-06,1.42,3357719.29,574437.85,1199617.75,327392.03,1256271.66,832554.71,340048.81,83668.14,"conventional",2017,"GreatLakes"
28,2017-06-18,1.12,4668135.31,707122.82,1685604.76,403401.16,1872006.57,1345931,448086.41,77989.16,"conventional",2017,"GreatLakes"
8,2017-11-05,1.26,3225071.95,696600.38,1043530.21,144063.19,1340878.17,823843.88,510854.52,6179.77,"conventional",2017,"GreatLakes"
16,2017-09-10,1.81,2589499.71,441483.65,913391.31,215802.18,1018822.57,687077.09,288380.16,43365.32,"conventional",2017,"GreatLakes"
30,2015-05-31,1.2,3151714,667193.97,1478975.82,280464.92,725079.29,593192.94,119920.22,11966.13,"conventional",2015,"GreatLakes"
52,2017-01-01,0.88,4225245.4,636277.7,2157249.6,189356.95,1242361.15,885769.21,349032.8,7559.14,"conventional",2017,"GreatLakes"
38,2015-04-05,1.18,2938918.81,504487.79,1595354.39,221603.31,617473.32,552075.78,61643.12,3754.42,"conventional",2015,"GreatLakes"
36,2015-04-19,1.06,3857605.11,615564.03,2140254.41,383840.98,717945.69,609139.49,84879.59,23926.61,"conventional",2015,"GreatLakes"
44,2015-02-22,1.16,2730224.03,391400.93,1482033.31,246541.13,610248.66,512270.39,88536.91,9441.36,"conventional",2015,"GreatLakes"
30,2016-05-29,1.05,3925300.14,583307.07,1952011.72,280608.56,1109372.79,868963.09,210973.46,29436.24,"conventional",2016,"GreatLakes"
21,2016-07-31,1.34,3013426.04,448128.25,1374844.51,207792.14,982661.14,742994.62,212638.07,27028.45,"conventional",2016,"GreatLakes"
27,2016-06-19,1.1,3955098.89,608467.47,1766243.34,431784.45,1148603.63,804836.17,242409.56,101357.9,"conventional",2016,"GreatLakes"
16,2015-09-06,1.07,3272555.01,432770.76,1876392.91,348448.68,614942.66,468148.29,121209.44,25584.93,"conventional",2015,"GreatLakes"
19,2016-08-14,1.3,3134414.15,459026.42,1316694.09,217555.14,1141138.5,875058.46,239773.16,26306.88,"conventional",2016,"GreatLakes"
45,2015-02-15,1.15,2610004.41,390973.21,1331420.43,237030.33,650580.44,561485.4,81172.24,7922.8,"conventional",2015,"GreatLakes"
31,2016-05-22,1,3705262.31,565308.46,1785951.31,285242.59,1068759.95,777740.27,252029.83,38989.85,"conventional",2016,"GreatLakes"
0,2016-12-25,1.11,2954314.99,446144.28,1256639.93,146507.02,1105023.76,789983.43,306951.98,8088.35,"conventional",2016,"GreatLakes"
19,2015-08-16,1.03,3653376.07,414756.68,2087149.52,475383.38,676086.49,486209.97,129683.8,60192.72,"conventional",2015,"GreatLakes"
43,2015-03-01,1.02,3566752.43,353818.94,2135517.89,478701.64,598713.96,462539.26,88541.92,47632.78,"conventional",2015,"GreatLakes"
8,2018-01-28,1.18,3857262.14,818434.82,1243174.16,259671.42,1535981.74,1200021.74,312985.52,22974.48,"conventional",2018,"GreatLakes"
49,2016-01-17,1.05,3166941.66,364949.96,1695887.65,357831.91,748272.14,554459.07,167786.33,26026.74,"conventional",2016,"GreatLakes"
16,2016-09-04,1.3,3084199.23,512921.31,1430594.08,158776.84,981907,779092.84,197492.55,5321.61,"conventional",2016,"GreatLakes"
46,2016-02-07,0.85,4865296.26,652666.36,2644419.02,704466.56,863744.32,516542.03,238503.11,108699.18,"conventional",2016,"GreatLakes"
28,2016-06-12,1.15,3443333.94,593779.04,1519607.27,285261.84,1044685.79,858070.55,135926.11,50689.13,"conventional",2016,"GreatLakes"
31,2017-05-28,1.37,3562841.46,580440.94,1365403.08,269625.44,1347372,776304.5,523114.36,47953.14,"conventional",2017,"GreatLakes"
20,2017-08-13,1.57,2971011.18,504445.27,1051826.5,264838.37,1149901.04,733843.21,352853.24,63204.59,"conventional",2017,"GreatLakes"
14,2015-09-20,1.02,3336245.24,460475.95,1887110.85,418235.21,570423.23,406010.16,109268.58,55144.49,"conventional",2015,"GreatLakes"
11,2016-10-09,1.35,2624202.9,419930.06,1162528.89,129381.16,912362.79,571072.59,325870.37,15419.83,"conventional",2016,"GreatLakes"
12,2017-10-08,1.98,2063573.51,419515.35,658131.8,166808.35,819118.01,531466.43,263131.15,24520.43,"conventional",2017,"GreatLakes"
39,2017-04-02,1.46,239412.64,53424.06,110824.96,74.27,75089.35,73919.09,1170.26,0,"conventional",2017,"HarrisburgScranton"
12,2015-10-04,1.16,188436.91,32554.49,95392.4,323.79,60166.23,59227.5,938.73,0,"conventional",2015,"HarrisburgScranton"
24,2017-07-16,1.38,224434.92,42951.31,120360.02,131.85,60991.74,53141.81,3621.04,4228.89,"conventional",2017,"HarrisburgScranton"
50,2015-01-11,1.26,178735.25,34535.57,78778.96,582.3,64838.42,63840.09,998.33,0,"conventional",2015,"HarrisburgScranton"
26,2016-06-26,1.24,277479.27,38571.49,141142.92,592.96,97171.9,91756.81,984.7,4430.39,"conventional",2016,"HarrisburgScranton"
47,2017-02-05,1.14,348380.9,117876.11,153442.16,4525.24,72537.39,67100.41,5107.7,329.28,"conventional",2017,"HarrisburgScranton"
34,2015-05-03,1.17,255913.63,46183.27,130134.66,527.56,79068.14,76930.85,2137.29,0,"conventional",2015,"HarrisburgScranton"
18,2015-08-23,1.1,222637.15,37213.9,128402.42,584.81,56436.02,54580.78,1140.14,715.1,"conventional",2015,"HarrisburgScranton"
36,2017-04-23,1.49,225681.54,53508.78,103642.1,52.7,68477.96,61430.73,7047.23,0,"conventional",2017,"HarrisburgScranton"
2,2015-12-13,1.14,187058.65,27053.78,107144.99,229.97,52629.91,51752.86,877.05,0,"conventional",2015,"HarrisburgScranton"
2,2016-12-11,1.26,202600.72,27491.67,115422.37,112.85,59573.83,57170.42,2403.41,0,"conventional",2016,"HarrisburgScranton"
35,2015-04-26,1.21,234322.13,45102.26,118533.62,415.14,70271.11,68210.88,2022.73,37.5,"conventional",2015,"HarrisburgScranton"
8,2018-01-28,1.15,299069.36,101247.63,112796.55,129.6,84895.58,84111.58,447.33,336.67,"conventional",2018,"HarrisburgScranton"
37,2016-04-10,1.05,237139.23,42096.16,116591.89,168.03,78283.15,75903.63,2379.52,0,"conventional",2016,"HarrisburgScranton"
15,2017-09-17,1.46,189035.91,32973.74,107531.22,54.93,48476.02,47545.72,763.63,166.67,"conventional",2017,"HarrisburgScranton"
4,2017-12-03,1.27,231977,39382,127730,91,64773,57036,7738,0,"conventional",2017,"HarrisburgScranton"
34,2016-05-01,0.99,316410.59,52276.59,185445.08,362.87,78326.05,76346.78,1979.27,0,"conventional",2016,"HarrisburgScranton"
5,2018-02-18,1.25,277022.82,67138.92,129856.77,111.37,79915.76,71649,6605.65,1661.11,"conventional",2018,"HarrisburgScranton"
9,2017-10-29,1.47,203026.62,30541.03,117170.48,36.92,55278.19,54995.56,282.63,0,"conventional",2017,"HarrisburgScranton"
7,2016-11-06,1.55,174837.42,40523.19,82049.79,151.56,52112.88,51326.63,756.25,30,"conventional",2016,"HarrisburgScranton"
29,2016-06-05,1.23,267225.88,40843.23,134735.41,191.75,91455.49,84588.68,5236.81,1630,"conventional",2016,"HarrisburgScranton"
27,2017-06-25,1.46,222447.25,40132.56,121032.8,92.67,61189.22,52906.18,2108.04,6175,"conventional",2017,"HarrisburgScranton"
9,2018-01-21,1.14,345436.84,125847.54,136876.39,168.16,82544.75,79398.89,3142.53,3.33,"conventional",2018,"HarrisburgScranton"
48,2015-01-25,1.17,206074.14,33193.27,89075.29,426.35,83379.23,79720.85,3658.38,0,"conventional",2015,"HarrisburgScranton"
3,2017-12-10,1.13,274939,43089.18,163729.22,84.84,68035.76,62282.56,5753.2,0,"conventional",2017,"HarrisburgScranton"
25,2017-07-09,1.47,237446.62,41065.78,129466.37,176.98,66737.49,49614.54,8987.95,8135,"conventional",2017,"HarrisburgScranton"
13,2015-09-27,1.15,192478.26,30410.27,108385.85,294.6,53387.54,51731.16,1656.38,0,"conventional",2015,"HarrisburgScranton"
13,2016-09-25,1.37,222019.37,68045.46,89410.32,183.69,64379.9,63530.59,771.53,77.78,"conventional",2016,"HarrisburgScranton"
36,2015-04-19,1.17,237429.16,45693.41,112023.17,501.77,79210.81,77244.93,1965.88,0,"conventional",2015,"HarrisburgScranton"
27,2016-06-19,1.26,267235.79,41124.61,132642.19,298.49,93170.5,86477.48,1092.3,5600.72,"conventional",2016,"HarrisburgScranton"
50,2016-01-10,1.14,231258.4,38270.32,113995.58,142.14,78850.36,77645.09,1205.27,0,"conventional",2016,"HarrisburgScranton"
22,2015-07-26,1.17,225227.57,39346.13,123455.52,480.44,61945.48,60632.24,1271.5,41.74,"conventional",2015,"HarrisburgScranton"
28,2017-06-04,1.59,25886.3,3305.88,3706.22,0,18874.2,8654.49,10219.71,0,"organic",2017,"WestTexNewMexico"
20,2017-08-13,2.01,8435.52,1182.39,3688.93,11.24,3552.96,3403.12,149.84,0,"organic",2017,"WestTexNewMexico"
19,2015-08-09,1.86,10167.7,3994.02,3545.8,0,2627.88,2516.67,111.21,0,"organic",2015,"WestTexNewMexico"
44,2017-02-12,1.4,28191.45,2248.71,9177.71,37.92,16727.11,16570.14,156.97,0,"organic",2017,"WestTexNewMexico"
43,2016-02-28,1.36,16034.56,2064.7,5044.66,7.17,8918.03,8879.53,38.5,0,"organic",2016,"WestTexNewMexico"
49,2017-01-08,1.18,14375.39,1327.98,2617.2,5.75,10424.46,10283.85,140.61,0,"organic",2017,"WestTexNewMexico"
11,2016-10-09,2.35,6223.98,1319.88,2864.97,8.55,2030.58,1993.91,36.67,0,"organic",2016,"WestTexNewMexico"
51,2016-01-03,1.58,9667.05,1820.39,2783.11,16.41,5047.14,4651.16,395.98,0,"organic",2016,"WestTexNewMexico"
29,2017-05-28,1.65,18798.8,2703.95,4148.35,11.11,11935.39,5244.73,6690.66,0,"organic",2017,"WestTexNewMexico"
37,2015-04-05,1.8,9073.21,2827.97,3353.79,0,2891.45,2619.58,271.87,0,"organic",2015,"WestTexNewMexico"
29,2016-06-05,1.29,24167.8,6253.6,7313.37,1359.7,9241.13,5613.33,3627.8,0,"organic",2016,"WestTexNewMexico"
32,2016-05-15,1.25,50809.3,6329.81,28751.94,572.18,15155.37,5948.7,9206.67,0,"organic",2016,"WestTexNewMexico"
2,2015-12-13,1.8,7836.65,2194.49,2981.01,25.97,2635.18,2598.45,36.73,0,"organic",2015,"WestTexNewMexico"
21,2016-07-31,1.84,16389.34,3381.02,3234.02,28.27,9746.03,5696.67,4049.36,0,"organic",2016,"WestTexNewMexico"
5,2018-02-18,1.56,17597.12,1892.05,1928.36,0,13776.71,13553.53,223.18,0,"organic",2018,"WestTexNewMexico"
13,2016-09-25,2.83,4984.76,652.27,3047.02,8.54,1276.93,1231.67,45.26,0,"organic",2016,"WestTexNewMexico"
33,2017-04-30,1.76,15686.98,1763.36,5824.8,2.82,8096,4515.13,3580.87,0,"organic",2017,"WestTexNewMexico"
3,2017-12-10,1.65,14628.7,1220.08,2293.05,0,11115.57,10928.4,187.17,0,"organic",2017,"WestTexNewMexico"
45,2016-02-14,1.39,15805.58,1483.39,4975.83,38.02,9308.34,6330.13,2978.21,0,"organic",2016,"WestTexNewMexico"
27,2016-06-19,1.37,18402.19,6836.26,6446.18,14.24,5105.51,2193.34,2912.17,0,"organic",2016,"WestTexNewMexico"
48,2015-01-18,1.71,5508.2,1793.64,2078.72,0,1635.84,1620,15.84,0,"organic",2015,"WestTexNewMexico"
18,2016-08-21,1.76,15357.93,3349,3122.34,17,8869.59,4720,4149.59,0,"organic",2016,"WestTexNewMexico"
38,2016-04-03,1.29,20698.7,2278.61,6800.76,58.05,11561.28,10538.62,1022.66,0,"organic",2016,"WestTexNewMexico"
8,2018-01-28,1.71,13888.04,1191.7,3431.5,0,9264.84,8940.04,324.8,0,"organic",2018,"WestTexNewMexico"
12,2016-10-02,2.79,5562,790.45,3627.36,14.25,1129.94,1116.94,13,0,"organic",2016,"WestTexNewMexico"
8,2016-10-30,2.57,5647.48,593.81,4865.11,8.56,180,176.67,3.33,0,"organic",2016,"WestTexNewMexico"
4,2017-12-03,1.92,2575.42,120.24,813.79,0,1641.39,398.89,1240.11,2.39,"organic",2017,"Spokane"
49,2015-01-18,1.44,4363.13,582.64,3132.56,0,647.93,146.67,501.26,0,"organic",2015,"Spokane"
1,2018-03-18,1.6,5793.89,242.52,1753.53,0,3797.84,837.78,2947.85,12.21,"organic",2018,"Spokane"
3,2018-03-04,1.6,5305.01,461.71,2076.61,0,2766.69,755.97,2010.72,0,"organic",2018,"Spokane"
0,2018-03-25,1.59,5750.56,266.92,1707.42,2.21,3774.01,638.89,3105.71,29.41,"organic",2018,"Spokane"
42,2017-03-12,1.19,5020.91,169.93,1599.48,11.68,3239.82,30,3209.82,0,"organic",2017,"Spokane"
13,2015-09-27,1.91,1992.05,333.19,1381.73,0,277.13,0,277.13,0,"organic",2015,"Spokane"
4,2018-02-25,1.64,4720.69,269.06,1496.26,0,2955.37,747.5,2207.87,0,"organic",2018,"Spokane"
13,2016-09-25,2.27,1737.7,299.91,912.38,0,525.41,54.5,470.91,0,"organic",2016,"Spokane"
6,2016-11-13,2.35,1795.08,38.49,1229.53,1.01,526.05,43.33,482.72,0,"organic",2016,"Spokane"
27,2015-06-21,1.59,4436.79,872.72,3564.07,0,0,0,0,0,"organic",2015,"Spokane"
41,2016-03-13,1.28,4036.93,51.54,1563.44,0,2421.95,237.26,2184.69,0,"organic",2016,"Spokane"
40,2015-03-22,1.47,6982.04,1522.43,5302.25,0,157.36,0,157.36,0,"organic",2015,"Spokane"
26,2017-07-02,2.56,3959.98,305.84,2579.83,0,1074.31,83.89,990.42,0,"organic",2017,"Spokane"
39,2017-04-02,1.32,5923.05,234.46,1746.63,0,3941.96,36.67,3905.29,0,"organic",2017,"Spokane"
40,2017-03-26,1.02,8348.5,347.42,1704.92,0,6296.16,23.33,6272.83,0,"organic",2017,"Spokane"
45,2017-02-19,2.34,2274.09,121.18,1042.15,0,1110.76,784.25,326.51,0,"organic",2017,"Spokane"
2,2017-12-17,2.14,2675.19,181.95,1028.88,0,1464.36,911.92,552.44,0,"organic",2017,"Spokane"
22,2017-07-30,2.38,3374.92,127.96,1619.38,0,1627.58,587.08,1040.5,0,"organic",2017,"Spokane"
43,2015-03-01,1.58,3505.54,1237.7,2113.94,7.28,146.62,0,146.62,0,"organic",2015,"Spokane"
31,2017-05-28,1.48,5870.75,349.55,1639.55,16.65,3865,66.66,3798.34,0,"organic",2017,"Spokane"
3,2017-12-10,2.06,2721.99,256.63,832.45,0,1632.91,612.23,1020.68,0,"organic",2017,"Spokane"
22,2016-07-24,2.16,1760.07,286.36,1281.97,0,191.74,7.37,184.37,0,"organic",2016,"Spokane"
6,2017-11-19,2.2,2838.6,184.35,1208.98,0,1445.27,367.77,1034.63,42.87,"organic",2017,"Spokane"
29,2017-06-11,1.45,6065.6,231.58,1649.99,0,4184.03,54.46,4129.57,0,"organic",2017,"Spokane"
20,2015-08-09,2.07,2290.54,400.3,1609.65,0,280.59,0,280.59,0,"organic",2015,"Spokane"
32,2017-05-21,1.53,4711.98,319.75,1148.21,68.52,3175.5,91.01,3084.49,0,"organic",2017,"Spokane"
8,2016-10-30,1.65,71163.53,1130.02,56077.13,81.81,13874.57,13874.57,0,0,"conventional",2016,"BuffaloRochester"
40,2015-03-22,1.4,119902.96,3090.55,45420.06,48.2,71344.15,71288.59,55.56,0,"conventional",2015,"BuffaloRochester"
22,2015-07-26,1.39,91825.07,1679.28,45615.48,741.77,43788.54,43788.54,0,0,"conventional",2015,"BuffaloRochester"
13,2017-10-01,1.53,96291.55,22791.7,42861.77,36.62,30601.46,16985.8,13615.66,0,"conventional",2017,"BuffaloRochester"
37,2017-04-16,1.54,166089.23,3103.77,70001.59,36.44,92947.43,87097.48,5849.95,0,"conventional",2017,"BuffaloRochester"
25,2015-07-05,1.47,140413.9,1503.1,56925.46,6707.85,75277.49,74370.82,906.67,0,"conventional",2015,"BuffaloRochester"
45,2016-02-14,1.29,137984.28,1921.88,60453.06,40.49,75568.85,73328.85,2240,0,"conventional",2016,"BuffaloRochester"
7,2017-11-12,1.37,118434,10402,55305,48,52678,45324,7354,0,"conventional",2017,"BuffaloRochester"
5,2017-11-26,1.23,102658,6353,50509,26,45769,40451,5319,0,"conventional",2017,"BuffaloRochester"
27,2016-06-19,1.23,169756.02,1776.91,80406.95,57.85,87514.31,84829.31,0,2685,"conventional",2016,"BuffaloRochester"
2,2017-12-17,1.26,108352.42,7563.23,57326.4,39.68,43423.11,38800.9,4622.21,0,"conventional",2017,"BuffaloRochester"
46,2016-02-07,1.3,177910.41,2262.36,76308.98,123.88,99215.19,97444.08,1771.11,0,"conventional",2016,"BuffaloRochester"
38,2016-04-03,1.04,154802,1164.29,72025.38,18.55,81593.78,81542.67,51.11,0,"conventional",2016,"BuffaloRochester"
22,2017-07-30,1.32,146069.4,1769.04,65452.36,40.32,78807.68,76952.12,592.23,1263.33,"conventional",2017,"BuffaloRochester"
32,2017-05-21,1.71,139635.02,1486.31,72163.62,56.41,65928.68,63239.7,2270.93,418.05,"conventional",2017,"BuffaloRochester"
9,2017-10-29,1.36,121815.11,11383.36,53894.54,38.11,56499.1,15584.79,40914.31,0,"conventional",2017,"BuffaloRochester"
26,2015-06-28,1.36,137246.7,1235.69,51801.73,5397.32,78811.96,78749.74,62.22,0,"conventional",2015,"BuffaloRochester"
34,2017-05-07,1.71,174746.25,1772.26,87260.23,209.65,85504.11,84212.76,1291.35,0,"conventional",2017,"BuffaloRochester"
18,2016-08-21,1.33,119865.41,1543.34,70785.26,43.73,47493.08,46013.08,0,1480,"conventional",2016,"BuffaloRochester"
43,2015-03-01,1.43,112363.86,1032.92,41685.04,104.16,69541.74,69479.52,62.22,0,"conventional",2015,"BuffaloRochester"
10,2015-10-18,1.29,106083.75,1536.35,40701.65,58.28,63787.47,62627.47,1160,0,"conventional",2015,"BuffaloRochester"
26,2016-06-26,1.26,160806.44,1326.74,74746.95,83.37,84649.38,81949.38,0,2700,"conventional",2016,"BuffaloRochester"
46,2017-02-12,1.56,135286.7,1773.3,71050.71,110.87,62351.82,58032.13,4319.69,0,"conventional",2017,"BuffaloRochester"
6,2018-02-11,1.27,151057.53,12749.59,74595.11,84.21,63628.62,41236.05,21391.46,1001.11,"conventional",2018,"BuffaloRochester"
34,2015-05-03,1.42,136771.79,946.38,50266.22,81.86,85477.33,84332.05,1102.22,43.06,"conventional",2015,"BuffaloRochester"
30,2015-05-31,1.4,130841.08,1039.49,54249.06,79.38,75473.15,75473.15,0,0,"conventional",2015,"BuffaloRochester"
