Lab Assignments/Lab-tidyr-Avocados/avocado.csv
"X1","Date","AveragePrice","Total Volume","4046","4225","4770","Total Bags","Small Bags","Large Bags","XLarge Bags","type","year","region"
30,2016-05-29,1.01,210386.61,13152.88,109784.28,12495.73,74953.72,47279.19,24844.19,2830.34,"conventional",2016,"Indianapolis"
7,2018-02-04,0.79,335442.41,90305.67,110035.27,12010.66,123090.81,95765.52,25974.12,1351.17,"conventional",2018,"Indianapolis"
20,2015-08-09,1.2,148384.89,3553.34,91631.6,12389.35,40810.6,24883.56,14289.69,1637.35,"conventional",2015,"Indianapolis"
17,2016-08-28,1.27,167401.86,13732.36,78138.81,2802.01,72728.68,49838.22,21877.06,1013.4,"conventional",2016,"Indianapolis"
10,2018-01-14,1.2,188231.39,42103.61,39886.19,14213.38,92028.21,87576.92,4431.35,19.94,"conventional",2018,"Indianapolis"
40,2016-03-20,1.12,168886.56,12095.89,91015.53,16824.67,48950.47,27044.14,18685.21,3221.12,"conventional",2016,"Indianapolis"
2,2015-12-13,1.03,125342.89,4904.51,69984.32,11398.44,39055.62,21259.82,15580.08,2215.72,"conventional",2015,"Indianapolis"
38,2017-04-09,1.3,160389.47,11776.2,69900.7,1133.76,77578.81,41688.75,35858.77,31.29,"conventional",2017,"Indianapolis"
20,2016-08-07,1.33,163338.94,20926.28,77899.46,5741.75,58771.45,36453.98,21522.19,795.28,"conventional",2016,"Indianapolis"
8,2017-11-05,1.26,194103.11,8575.56,86633.97,752.93,98140.65,35477.95,62594.13,68.57,"conventional",2017,"Indianapolis"
6,2015-11-15,1.08,124218.61,3478.99,71346.37,12795.08,36598.17,22294.87,11753.19,2550.11,"conventional",2015,"Indianapolis"
8,2018-01-28,0.92,265600.2,64276.57,83870.54,8592.12,108860.97,93966.39,14884.55,10.03,"conventional",2018,"Indianapolis"
10,2016-10-16,1.27,138921.48,10968.01,60049.75,1952.54,65951.18,35703.64,30247.54,0,"conventional",2016,"Indianapolis"
11,2018-01-07,0.95,241296.05,77536.48,52880.27,15323.48,95555.82,88828.8,6694.44,32.58,"conventional",2018,"Indianapolis"
8,2015-11-01,1.01,147459.62,5224.61,84968.04,16933.14,40333.83,20800.04,16206.13,3327.66,"conventional",2015,"Indianapolis"
43,2017-03-05,1.35,150301.8,12865.79,66251.59,1756.45,69427.97,40647.4,28640.13,140.44,"conventional",2017,"Indianapolis"
13,2015-09-27,1.04,139490.52,2961.25,85578.17,16176.43,34774.67,19742.24,12078.24,2954.19,"conventional",2015,"Indianapolis"
40,2017-03-26,1.27,181489.14,12342.94,68119.93,1326.07,99700.2,42285.27,57404.1,10.83,"conventional",2017,"Indianapolis"
5,2017-11-26,1.4,115688,7132,51923,608,56024,25102,30900,23,"conventional",2017,"Indianapolis"
38,2015-04-05,1.17,151260.15,12623.45,95213.63,2843.96,40579.11,33761.92,6720.88,96.31,"conventional",2015,"Indianapolis"
40,2015-03-22,1.11,160557.81,3961,102319.13,15542.64,38735.04,19721.51,16305.28,2708.25,"conventional",2015,"Indianapolis"
18,2015-08-23,1.22,131935.23,4293.59,77251.43,10288.24,40101.97,23701.08,14786.36,1614.53,"conventional",2015,"Indianapolis"
4,2018-02-25,1.06,196615.34,37683.05,50954.95,6621.44,101355.9,74496.52,21698.04,5161.34,"conventional",2018,"Indianapolis"
17,2015-08-30,1.17,147066.48,3709.1,86767.95,15531.08,41058.35,23305.32,15000.54,2752.49,"conventional",2015,"Indianapolis"
18,2016-08-21,1.65,119045.99,6118.03,69626.28,41.27,43260.41,18251.44,25008.97,0,"organic",2016,"GreatLakes"
6,2016-11-13,1.58,123515.34,4040.88,58221.76,0,61252.7,21907.65,39345.05,0,"organic",2016,"GreatLakes"
46,2015-02-08,1.64,58545.6,3711.76,35512.66,0,19321.18,17758.89,1562.29,0,"organic",2015,"GreatLakes"
38,2017-04-09,1.36,201552.43,4791.02,90048.62,0,106712.79,28412.98,78299.81,0,"organic",2017,"GreatLakes"
6,2018-02-11,1.44,175088.87,4475.83,46711.13,1.63,123641.16,109613.32,14027.84,0,"organic",2018,"GreatLakes"
21,2015-08-02,1.64,82380.97,4097.55,68639.13,4.73,9639.56,5115.58,4523.98,0,"organic",2015,"GreatLakes"
9,2016-10-23,1.43,139337.29,4248,62788.25,0,72301.04,19601.23,52699.81,0,"organic",2016,"GreatLakes"
47,2016-01-31,1.45,89574.32,8791.51,58433.15,0,22349.66,6581.99,15767.67,0,"organic",2016,"GreatLakes"
26,2016-06-26,1.34,129807.8,3994.35,71081.68,24.15,54707.62,20982.99,33724.63,0,"organic",2016,"GreatLakes"
2,2017-12-17,1.42,161673.33,4205.91,42009.63,1.63,114913.95,96928.45,17985.5,0,"organic",2017,"GreatLakes"
12,2017-10-08,1.7,191866.1,3603.46,56237.45,1.62,131818.51,124355.02,7463.49,0,"organic",2017,"GreatLakes"
44,2016-02-21,1.38,100551.65,11109.56,62267.01,0,27175.08,10529.77,16645.31,0,"organic",2016,"GreatLakes"
44,2017-02-26,0.94,253169.88,4551.23,80014.82,0,168603.83,31222.06,137381.77,0,"organic",2017,"GreatLakes"
41,2015-03-15,1.55,65534.87,3884.91,47489.47,0,14160.49,8669.15,5491.34,0,"organic",2015,"GreatLakes"
7,2017-11-12,1.64,159071.48,3624.05,45966.15,0,109173.25,96907,12266.25,0,"organic",2017,"GreatLakes"
47,2017-02-05,1.14,149650.5,4548.46,70014.08,0,75087.96,20170.52,54917.44,0,"organic",2017,"GreatLakes"
37,2015-04-12,1.42,149583.28,3254.92,135705.27,0,10623.09,8421.24,2201.85,0,"organic",2015,"GreatLakes"
46,2016-02-07,1.41,94983.64,9750.65,64417.17,9.18,20806.64,6395.71,14410.93,0,"organic",2016,"GreatLakes"
34,2017-05-07,1.74,146983.33,3712.17,80827.19,1.64,62442.33,21373.63,41068.7,0,"organic",2017,"GreatLakes"
13,2015-09-27,1.66,70809.98,7925.81,55025.02,0,7859.15,4464.32,3394.83,0,"organic",2015,"GreatLakes"
36,2015-04-19,1.57,85825.52,3155.93,68315.02,1.54,14353.03,10861.1,3491.93,0,"organic",2015,"GreatLakes"
3,2018-03-04,1.33,222950.32,6008.33,68134.36,0,147949.04,119193.36,28755.68,0,"organic",2018,"GreatLakes"
49,2016-01-17,1.46,91071.06,11712.29,60713.76,12.29,18632.72,8031.93,10600.79,0,"organic",2016,"GreatLakes"
30,2015-05-31,1.65,79819.77,3599.67,58929.65,0,17290.45,12356.85,4933.6,0,"organic",2015,"GreatLakes"
42,2017-03-12,1.08,206958.43,4366.07,65744.45,0,136847.91,26522.69,110325.22,0,"organic",2017,"GreatLakes"
43,2017-03-05,0.83,318890.26,4497.87,85819.87,0,228572.52,30235.13,198337.39,0,"organic",2017,"GreatLakes"
2,2015-12-13,1.53,65341.66,7762.24,46066.59,0,11512.83,4150.64,7362.19,0,"organic",2015,"GreatLakes"
24,2015-07-12,1.4,88179.72,2857.11,56288.88,0,29033.73,5550.17,23483.56,0,"organic",2015,"GreatLakes"
28,2015-06-14,1.58,80790.46,3599.24,60044.76,0,17146.46,11975.99,5170.47,0,"organic",2015,"GreatLakes"
13,2017-10-01,1.72,180253.26,3467.06,52244.98,0,124087.1,109113,14974.1,0,"organic",2017,"GreatLakes"
45,2016-02-14,1.34,100217.44,9506.17,61569.33,0,29141.94,9377.96,19763.98,0,"organic",2016,"GreatLakes"
10,2017-10-22,1.68,190579.53,3616.94,45789.71,0,140986.71,121946.19,19040.52,0,"organic",2017,"GreatLakes"
13,2015-09-27,1.68,2137.67,849.13,835.21,0,453.33,453.33,0,0,"organic",2015,"GrandRapids"
47,2015-02-01,1.98,769.05,52.14,620.24,0,96.67,96.67,0,0,"organic",2015,"GrandRapids"
6,2017-11-19,1.27,6745.48,14.35,611.5,0,6119.63,6119.63,0,0,"organic",2017,"GrandRapids"
4,2016-11-27,2.08,979.74,58.63,714.71,0,206.4,150.56,55.84,0,"organic",2016,"GrandRapids"
6,2015-11-15,1.65,1663.16,958.54,531.29,0,173.33,173.33,0,0,"organic",2015,"GrandRapids"
4,2017-12-03,1.31,6184.48,14.31,758.19,0,5411.98,5411.98,0,0,"organic",2017,"GrandRapids"
7,2015-11-08,1.64,1629.69,981.27,485.09,0,163.33,163.33,0,0,"organic",2015,"GrandRapids"
21,2016-07-31,1.86,1853.41,885.09,214.99,0,753.33,753.33,0,0,"organic",2016,"GrandRapids"
27,2017-06-25,2.73,1034.32,7.12,891.16,0,136.04,6.33,129.71,0,"organic",2017,"GrandRapids"
34,2015-05-03,1.61,1377.24,7.07,1053.5,0,316.67,316.67,0,0,"organic",2015,"GrandRapids"
39,2015-03-29,1.87,1005.21,46.7,631.84,0,326.67,326.67,0,0,"organic",2015,"GrandRapids"
31,2017-05-28,2.44,1388.02,2.91,943.6,0,441.51,418.89,22.62,0,"organic",2017,"GrandRapids"
23,2017-07-23,1.27,6483.93,4.15,667.54,0,5812.24,5767.7,44.54,0,"organic",2017,"GrandRapids"
5,2018-02-18,1.29,7658.93,5.81,858.31,0,6794.81,6794.81,0,0,"organic",2018,"GrandRapids"
15,2017-09-17,1.4,8378.17,44.49,818.97,0,7514.71,7514.71,0,0,"organic",2017,"GrandRapids"
11,2015-10-11,1.74,1653.86,517.94,835.92,0,300,300,0,0,"organic",2015,"GrandRapids"
33,2017-05-14,2.11,1569.19,0,1013.74,0,555.45,555.45,0,0,"organic",2017,"GrandRapids"
41,2016-03-13,1.33,1643.43,258.14,916.85,0,468.44,450,18.44,0,"organic",2016,"GrandRapids"
33,2016-05-08,1.56,1750.18,50.8,1364.24,0,335.14,335.14,0,0,"organic",2016,"GrandRapids"
0,2015-12-27,1.67,2010.73,822.95,941.11,0,246.67,246.67,0,0,"organic",2015,"GrandRapids"
23,2016-07-17,1.82,1222.54,345.52,308.85,0,568.17,513.33,54.84,0,"organic",2016,"GrandRapids"
16,2015-09-06,1.68,2320.11,1050.73,866.05,0,403.33,403.33,0,0,"organic",2015,"GrandRapids"
47,2016-01-31,1.54,2267.22,1297.07,733.48,0,236.67,236.67,0,0,"organic",2016,"GrandRapids"
0,2018-03-25,1.34,8539.23,73.78,1301.09,0,7164.36,7162.69,1.67,0,"organic",2018,"GrandRapids"
43,2015-03-01,1.84,849.44,32.69,506.75,0,310,310,0,0,"organic",2015,"GrandRapids"
30,2015-05-31,1.85,1082.52,22.99,722.86,0,336.67,336.67,0,0,"organic",2015,"GrandRapids"
31,2015-05-24,1.83,1417.63,10.03,983.02,0,424.58,418.21,6.37,0,"organic",2015,"GrandRapids"
12,2017-10-08,1.51,8806.63,42.25,1218.07,0,7546.31,7546.31,0,0,"organic",2017,"GrandRapids"
24,2015-07-12,1.86,1328.38,5.73,999.76,0,322.89,313.34,9.55,0,"organic",2015,"GrandRapids"
3,2016-12-04,1.32,4005.73,232.21,3063.52,0,710,710,0,0,"organic",2016,"GrandRapids"
9,2015-10-25,1.57,1980.42,946.43,692.85,0,341.14,193.33,147.81,0,"organic",2015,"GrandRapids"
10,2015-10-18,1.61,2146,1156.71,650.48,0,338.81,283.33,55.48,0,"organic",2015,"GrandRapids"
36,2015-04-19,1.59,1377.1,0,963.77,0,413.33,413.33,0,0,"organic",2015,"GrandRapids"
36,2016-04-17,0.8,621350.28,219230.99,155882.34,22416.32,223820.63,199325.34,24495.29,0,"conventional",2016,"SanDiego"
22,2016-07-24,1.18,526657.41,168729.48,168789.85,22671.76,166466.32,147604.25,18132.07,730,"conventional",2016,"SanDiego"
6,2016-11-13,1.37,353828.79,120524.26,126173.1,18445.16,88686.27,74992.87,13258.4,435,"conventional",2016,"SanDiego"
36,2017-04-23,1.18,500367.63,156330.7,132449.49,25784.78,185802.66,184124.34,1068.32,610,"conventional",2017,"SanDiego"
46,2015-02-08,0.98,448394.83,229118.81,162856.34,14251.47,42168.21,36417.77,5526.46,223.98,"conventional",2015,"SanDiego"
29,2015-06-07,0.89,607468.04,378749.86,164367.13,13914.85,50436.2,46211.78,4224.42,0,"conventional",2015,"SanDiego"
2,2015-12-13,0.84,462548.3,155111.21,118664.89,16726.87,172045.33,128053.44,43991.89,0,"conventional",2015,"SanDiego"
1,2018-03-18,0.92,643491.07,159346.7,256098.92,13404.8,214640.65,201973.65,9993.67,2673.33,"conventional",2018,"SanDiego"
17,2015-08-30,1.04,490268.77,277305.27,145974.51,19843.62,47145.37,45500.19,1645.18,0,"conventional",2015,"SanDiego"
50,2015-01-11,0.82,544667.18,303369.02,192913.11,12900.65,35484.4,31807.96,3271.85,404.59,"conventional",2015,"SanDiego"
43,2016-02-28,0.8,585693.61,143189.43,144667.93,25138.48,272697.77,201892.8,70804.97,0,"conventional",2016,"SanDiego"
39,2015-03-29,1.08,450370.85,234361.38,155583.39,14998.04,45428.04,25798.74,19629.3,0,"conventional",2015,"SanDiego"
8,2018-01-28,1.07,566134.81,168171.75,256042.84,16669.82,125250.4,118366.92,4446.82,2436.66,"conventional",2018,"SanDiego"
24,2017-07-16,1.48,449543.62,181912.69,134913.99,22438.5,110278.44,102399.17,4884.6,2994.67,"conventional",2017,"SanDiego"
3,2015-12-06,0.67,565516.62,196490.3,209350.93,17406.01,142269.38,114044.25,28225.13,0,"conventional",2015,"SanDiego"
26,2017-07-02,1.23,584480.72,200562.02,165727.23,23222.54,194968.93,191413.75,47.57,3507.61,"conventional",2017,"SanDiego"
9,2018-01-21,1.26,460708.82,192219.39,122174.21,17624.92,128690.3,121675.53,4729.22,2285.55,"conventional",2018,"SanDiego"
0,2017-12-31,0.98,619699.65,199514.36,268431.96,15509.5,136243.83,129566.1,4704.4,1973.33,"conventional",2017,"SanDiego"
52,2017-01-01,0.93,560310.35,149666.2,206181.12,15014.45,189448.58,150517.04,37802.65,1128.89,"conventional",2017,"SanDiego"
5,2015-11-22,0.98,385300.75,163396.83,129579.32,18973.9,73350.7,59945.93,13404.77,0,"conventional",2015,"SanDiego"
17,2017-09-03,1.52,402400.31,146612.09,158752.15,22496.54,74539.53,68847.07,5456.55,235.91,"conventional",2017,"SanDiego"
6,2015-11-15,0.85,501838.1,264103.11,150523.33,15638.32,71573.34,63091,8482.34,0,"conventional",2015,"SanDiego"
35,2017-04-30,1.18,498381.64,166863.56,136882.96,26022.53,168612.59,166655.47,128.23,1828.89,"conventional",2017,"SanDiego"
28,2016-06-12,0.88,596634.56,216162.48,144195.74,26931.15,209345.19,189261.8,19728.39,355,"conventional",2016,"SanDiego"
37,2016-04-10,0.84,589694.67,190244.17,158653.72,21394.47,219402.31,175064.61,44337.7,0,"conventional",2016,"SanDiego"
20,2017-08-13,1.24,499110.51,188851.61,165179.35,23999.56,121079.99,113037.67,7028.31,1014.01,"conventional",2017,"SanDiego"
51,2016-01-03,0.65,719749.77,204145.28,256691.54,22617.47,236295.48,138815.05,97480.43,0,"conventional",2016,"SanDiego"
42,2017-03-12,1.24,445311.34,157513.94,139859.05,22386,125552.35,122585.47,1039.66,1927.22,"conventional",2017,"SanDiego"
18,2015-08-23,1.15,459471.05,250163.47,153378.68,20782.84,35146.06,33582.95,1563.11,0,"conventional",2015,"SanDiego"
47,2017-02-05,0.63,892740.87,260418.91,290223.93,20313.95,321784.08,318872.23,2886.85,25,"conventional",2017,"SanDiego"
32,2015-05-17,1.02,458191.52,283530.1,131772.59,9903.23,32985.6,29400.09,3585.51,0,"conventional",2015,"SanDiego"
22,2016-07-24,1.31,279159.58,52638.44,114295.77,26360.8,85864.57,77643.01,3640.73,4580.83,"conventional",2016,"RaleighGreensboro"
0,2016-12-25,1.24,208041,57636.61,63983.54,6997.22,79423.63,76469.05,2793.47,161.11,"conventional",2016,"RaleighGreensboro"
5,2017-11-26,1.36,225495,64578,73321,3144,84452,82420,2032,0,"conventional",2017,"RaleighGreensboro"
36,2016-04-17,1.11,284896.14,47754.46,137649.89,17999.41,81492.38,80748.86,733.64,9.88,"conventional",2016,"RaleighGreensboro"
44,2015-02-22,1.11,258728.48,65910.74,69081.33,69371.34,54365.07,53806.04,559.03,0,"conventional",2015,"RaleighGreensboro"
0,2017-12-31,0.92,419590.58,90432.19,134861.05,5994.91,188302.43,178330.99,9970.33,1.11,"conventional",2017,"RaleighGreensboro"
23,2015-07-19,1.2,246513.23,46281.36,63762.88,45046.22,91422.77,90363.6,1059.17,0,"conventional",2015,"RaleighGreensboro"
13,2017-10-01,1.63,249920.93,67533.05,96920.94,4787.85,80679.09,76700.96,3978.13,0,"conventional",2017,"RaleighGreensboro"
34,2016-05-01,1.06,326468.57,77783.94,143133.66,17389.45,88161.52,86752.27,1406.78,2.47,"conventional",2016,"RaleighGreensboro"
24,2015-07-12,1.19,247167.15,38293.85,78845.11,42204.73,87823.46,86455.56,1367.9,0,"conventional",2015,"RaleighGreensboro"
31,2015-05-24,1.21,267022.77,58855.6,80893.32,50072.71,77201.14,76580.12,621.02,0,"conventional",2015,"RaleighGreensboro"
18,2015-08-23,1.13,277977.73,50939.49,68496.4,46614,111927.84,111602.1,325.74,0,"conventional",2015,"RaleighGreensboro"
28,2016-06-12,1.09,298517.24,61649.07,111257.49,47593.7,78016.98,75397.66,408.21,2211.11,"conventional",2016,"RaleighGreensboro"
51,2015-01-04,1.2,221086.46,53316.16,72178.46,39928.01,55663.83,44040.64,11623.19,0,"conventional",2015,"RaleighGreensboro"
15,2016-09-11,1.31,248257.02,55464.08,81087.7,19102.71,92602.53,88122.17,4475.36,5,"conventional",2016,"RaleighGreensboro"
48,2016-01-24,0.96,242512.95,20211.55,135264.31,26788.14,60248.95,59121.7,1127.25,0,"conventional",2016,"RaleighGreensboro"
20,2017-08-13,1.39,275406.02,63759.04,102293.95,5709.16,103643.87,95749.54,5384.33,2510,"conventional",2017,"RaleighGreensboro"
22,2017-07-30,1.31,289052.93,88828.86,96173.17,5723.72,98327.18,93129.14,4554.7,643.34,"conventional",2017,"RaleighGreensboro"
12,2016-10-02,1.36,261886.32,81422.14,79271.53,17415.97,83776.68,79781.02,3059.55,936.11,"conventional",2016,"RaleighGreensboro"
11,2018-01-07,1.3,317209.9,113445.48,103827.25,5071.98,94865.19,90848.07,4017.12,0,"conventional",2018,"RaleighGreensboro"
13,2016-09-25,1.35,255043.21,88405.04,70494.6,15699.74,80443.83,77829.34,2614.49,0,"conventional",2016,"RaleighGreensboro"
40,2016-03-20,1.13,288866.22,57433.83,140113.93,17215.48,74102.98,73376.76,726.22,0,"conventional",2016,"RaleighGreensboro"
49,2016-01-17,1,272248.84,47604.07,140274.99,27591.48,56778.3,56176.96,601.34,0,"conventional",2016,"RaleighGreensboro"
9,2017-10-29,1.48,251521.91,76356.75,82013.34,4266.3,88885.52,85668.09,3216.32,1.11,"conventional",2017,"RaleighGreensboro"
39,2016-03-27,1.14,260487.14,44251.14,129664.47,15425.72,71145.81,70533.29,612.52,0,"conventional",2016,"RaleighGreensboro"
29,2016-06-05,1.11,308049.48,69779.42,115207.29,42240.01,80822.76,78796.85,800.08,1225.83,"conventional",2016,"RaleighGreensboro"
4,2015-11-29,0.98,185733.81,49084.79,72843.91,21863.66,41941.45,41606.59,334.86,0,"conventional",2015,"RaleighGreensboro"
16,2017-09-10,1.57,250327.75,58910.8,97907.87,5296.91,88212.17,85481.76,1770.41,960,"conventional",2017,"RaleighGreensboro"
38,2016-04-03,1.13,262808.03,60612.1,113708.37,14035.04,74452.52,73697.13,755.39,0,"conventional",2016,"RaleighGreensboro"
17,2016-08-28,1.29,281758.14,88767.63,100303.08,13156.44,79530.99,77895.51,434.09,1201.39,"conventional",2016,"RaleighGreensboro"
44,2017-02-26,1.21,329592.25,75319.8,154834.96,11165.32,88272.17,86960.95,1311.22,0,"conventional",2017,"RaleighGreensboro"
31,2017-05-28,1.41,318497.15,85122.51,112526.54,7817.12,113030.98,109210.63,3820.35,0,"conventional",2017,"RaleighGreensboro"
45,2015-02-15,1.21,230632.14,66005.8,55126.76,48502.71,60996.87,49618.45,11378.42,0,"conventional",2015,"RaleighGreensboro"
25,2015-07-05,1.16,275670.52,42042.96,103086.21,40891.64,89649.71,88239.15,1410.56,0,"conventional",2015,"RaleighGreensboro"
