Lab Assignments/Lab-tidyr-Avocados/avocado.csv
"X1","Date","AveragePrice","Total Volume","4046","4225","4770","Total Bags","Small Bags","Large Bags","XLarge Bags","type","year","region"
2,2018-03-11,1.42,514742.18,96728.68,134993.6,920.6,282099.3,165320.5,116481.78,297.02,"conventional",2018,"Seattle"
24,2016-07-10,1.11,628610.41,103864.49,163811.75,6528.3,354405.87,354205.83,146.27,53.77,"conventional",2016,"Seattle"
2,2015-12-13,1.05,454428.03,114813.13,156347.74,9650.5,173616.66,173537.66,35.61,43.39,"conventional",2015,"Seattle"
23,2016-07-17,1.03,639853.23,94220.24,165714,1624.49,378294.5,378187.17,78.06,29.27,"conventional",2016,"Seattle"
12,2015-10-04,1.06,513268.88,103495.71,281914.21,11368.07,116490.89,115646.75,0,844.14,"conventional",2015,"Seattle"
8,2017-11-05,1.37,503544.6,119514.34,114867.45,6037.11,263125.7,222651.89,40236.49,237.32,"conventional",2017,"Seattle"
14,2016-09-18,1.03,586212.19,121884.72,150306.52,2273.45,311747.5,264786.31,46367.39,593.8,"conventional",2016,"Seattle"
3,2016-12-04,1.23,531803.4,75095.01,131322.74,196.84,325188.81,324725.56,191.83,271.42,"conventional",2016,"Seattle"
38,2015-04-05,1.26,466120.48,148128.23,238612.85,9791.26,69588.14,69293.36,210.54,84.24,"conventional",2015,"Seattle"
36,2017-04-23,1.11,653100.77,135560.01,203465.08,670.42,313405.26,313046.46,250.26,108.54,"conventional",2017,"Seattle"
10,2017-10-22,1.48,468703.71,115638.44,168488.4,10445.22,174131.65,134104.55,39747.32,279.78,"conventional",2017,"Seattle"
9,2017-10-29,1.53,452358.05,109352.84,121941.84,14722.61,206340.76,169263.24,36815.75,261.77,"conventional",2017,"Seattle"
18,2016-08-21,1.11,605652.82,111362.57,140739.28,2503.09,351047.88,350689.25,135.1,223.53,"conventional",2016,"Seattle"
26,2017-07-02,1.21,682920.51,125597.17,179521.36,840.48,376961.5,376182.03,56.47,723,"conventional",2017,"Seattle"
28,2015-06-14,1.18,615500.43,207290.74,274970.73,13480.42,119758.54,119723.88,17.89,16.77,"conventional",2015,"Seattle"
33,2015-05-10,1.08,638696.86,263440.86,242012.13,9484.24,123759.63,111289.42,12415.67,54.54,"conventional",2015,"Seattle"
13,2016-09-25,1.03,655426.45,101292.91,130310.43,3243.02,420580.09,304494.27,115510.78,575.04,"conventional",2016,"Seattle"
0,2018-03-25,1.4,524265.69,103573.88,149867.07,998.53,269826.21,155866.8,113666.7,292.71,"conventional",2018,"Seattle"
21,2016-07-31,1.12,595856.48,93422.28,157723.11,2598.83,342112.26,341834.97,241.87,35.42,"conventional",2016,"Seattle"
14,2015-09-20,1.02,590721.74,158198.44,242849.81,11283.42,178390.07,178374.58,8.85,6.64,"conventional",2015,"Seattle"
40,2016-03-20,1.02,596110.62,76059.35,193206.73,9181.87,317662.67,317318.4,61.11,283.16,"conventional",2016,"Seattle"
49,2017-01-22,0.85,865893.82,102662.26,256663.56,556.69,506011.31,393137.4,112547.31,326.6,"conventional",2017,"Seattle"
32,2017-05-21,1.25,628075.85,126440.43,172836.79,745.56,328053.07,327052.45,154.61,846.01,"conventional",2017,"Seattle"
38,2017-04-09,0.96,838359.35,196844.45,228960.5,209.25,412345.15,411247.99,280.09,817.07,"conventional",2017,"Seattle"
1,2018-03-18,1.21,685505.57,91648.17,191972.39,1244.44,400640.57,180451.72,219003.18,1185.67,"conventional",2018,"Seattle"
39,2016-03-27,0.85,781581.62,91025.18,192539.97,10623.82,487392.65,486972.2,87.14,333.31,"conventional",2016,"Seattle"
10,2018-01-14,1.26,709903.13,109322.06,214002.35,1034.16,385544.56,136005.01,248487.47,1052.08,"conventional",2018,"Seattle"
43,2015-03-01,1.07,613535.33,162940.98,327299.85,12576.63,110717.87,110637.01,62.51,18.35,"conventional",2015,"Seattle"
14,2017-09-24,1.99,367468.92,78736.2,129549.89,781.61,158401.22,104351.01,53318.88,731.33,"conventional",2017,"Seattle"
5,2018-02-18,1.06,101522.07,21211.55,21287.42,197.27,58825.83,33930.79,24059.49,835.55,"conventional",2018,"Louisville"
32,2015-05-17,1.2,73537.14,2114.98,48390.37,4737.13,18294.66,8983.07,8235.74,1075.85,"conventional",2015,"Louisville"
43,2017-03-05,0.99,101061.01,1914.78,49340.2,183.87,49622.16,12670.72,36951.44,0,"conventional",2017,"Louisville"
47,2015-02-01,0.9,125504.98,5378.31,83854.56,5155.25,31116.86,8618.05,21296.75,1202.06,"conventional",2015,"Louisville"
2,2018-03-11,1.08,117108.97,26859.44,26636.99,263.3,63349.24,46121.81,16452.99,774.44,"conventional",2018,"Louisville"
32,2017-05-21,1.1,104440.16,2090.74,51642.32,225.38,50481.72,14518.52,35959.83,3.37,"conventional",2017,"Louisville"
47,2016-01-31,0.92,101620.12,2539.14,70021.38,4774.82,24284.78,10918.75,12100.16,1265.87,"conventional",2016,"Louisville"
17,2015-08-30,1.13,70164.74,4909.59,40377.06,5962.35,18915.74,10816.15,6584.54,1515.05,"conventional",2015,"Louisville"
8,2016-10-30,1.28,70137.79,1769.84,35446.19,162.17,32759.59,7816.19,24943.4,0,"conventional",2016,"Louisville"
6,2018-02-11,0.87,130566.55,37508.86,30307.97,307.16,62442.56,42692.52,19050.04,700,"conventional",2018,"Louisville"
13,2015-09-27,1.18,60980.52,1456.28,40352.61,4205.02,14966.61,8797.15,5225.48,943.98,"conventional",2015,"Louisville"
43,2015-03-01,1.02,78626.99,1553.83,53158.82,6909.13,17005.21,7537.07,7839.58,1628.56,"conventional",2015,"Louisville"
27,2017-06-25,0.97,114003.27,2137.42,43420.23,203.5,68242.12,20546.42,47643.48,52.22,"conventional",2017,"Louisville"
9,2015-10-25,1.06,64602.5,2031.83,36450.26,4127.43,21992.98,11226.36,9879.33,887.29,"conventional",2015,"Louisville"
20,2016-08-07,1.3,80997.55,3573.85,53453.99,1058.22,22911.49,13895.19,8739.63,276.67,"conventional",2016,"Louisville"
24,2016-07-10,1.15,94591.67,2784.81,62213.99,2084.03,27508.84,15928.78,8353.96,3226.1,"conventional",2016,"Louisville"
18,2017-08-27,1.62,80466.47,3038.11,33674.56,103.73,43650.07,17157.17,26001.79,491.11,"conventional",2017,"Louisville"
35,2017-04-30,1.26,93663.48,2431.03,48499.45,203.94,42529.06,18452.22,23931.06,145.78,"conventional",2017,"Louisville"
12,2017-10-08,1.98,52865.97,4093.28,17191.2,71.23,31510.26,11687.9,19822.36,0,"conventional",2017,"Louisville"
44,2015-02-22,1.01,107443.35,3122.61,77315.21,1217.83,25787.7,9789.94,15762.59,235.17,"conventional",2015,"Louisville"
34,2015-05-03,1.03,95550.51,2031.68,66286.54,2641.74,24590.55,8761.52,15348.83,480.2,"conventional",2015,"Louisville"
50,2017-01-15,1.06,89361.43,2069.09,43683.9,281.29,43327.15,17644.78,25682.37,0,"conventional",2017,"Louisville"
51,2015-01-04,0.92,101162.98,1991.63,75090.16,283.88,23797.31,7769.36,16027.95,0,"conventional",2015,"Louisville"
30,2015-05-31,1,92345.33,7195.55,58910.38,1622.81,24616.59,11607.93,12647.23,361.43,"conventional",2015,"Louisville"
48,2016-01-24,0.89,120304.63,1672.67,72603.22,9688.49,36340.25,14236.98,20197.82,1905.45,"conventional",2016,"Louisville"
3,2016-12-04,0.83,127200.91,1234.09,60677.07,664.79,64624.96,11670.33,52954.63,0,"conventional",2016,"Louisville"
23,2016-07-17,1.13,101963.67,2414.28,60191.48,2110.74,37247.17,14971.4,19863.67,2412.1,"conventional",2016,"Louisville"
28,2017-06-18,1.06,104369.68,2581.61,49620.17,541.77,51626.13,21822.14,29725.7,78.29,"conventional",2017,"Louisville"
46,2016-02-07,0.85,148704.27,2805.31,98136.23,10193.62,37569.11,12782.1,22422.61,2364.4,"conventional",2016,"Louisville"
3,2017-12-10,1.01,100072.52,6065.04,37048.51,147.89,56811.08,26607.95,30198.81,4.32,"conventional",2017,"Louisville"
40,2016-03-20,0.95,123442.1,1893.15,76888.63,6365.83,38294.49,12950.94,23671.52,1672.03,"conventional",2016,"Louisville"
38,2015-04-05,1.08,75626.3,1833.31,49893.14,565.69,23334.16,15903.95,7424.19,6.02,"conventional",2015,"Louisville"
24,2017-07-16,1.44,87217.2,3058.87,41177.44,211.13,42769.76,15204.43,26375.34,1189.99,"conventional",2017,"Louisville"
33,2016-05-08,0.86,139475.75,2523.81,87801.48,6925.3,42225.16,12978.51,27788.83,1457.82,"conventional",2016,"Louisville"
22,2017-07-30,1.3,90428.76,2384.77,33397.53,133.88,54512.58,29280.49,24102.09,1130,"conventional",2017,"Louisville"
15,2016-09-11,1.21,90086.4,3359.11,51733.48,634.74,34359.07,13618.85,20735.22,5,"conventional",2016,"Louisville"
